[0.006s] Invoking command in '/home/pc/soomac_ws/build/dongsoo_interfaces': CMAKE_PREFIX_PATH=${CMAKE_PREFIX_PATH}:/home/pc/soomac_ws/install/dongsoo_py_pkg:/opt/ros/humble /usr/bin/cmake --build /home/pc/soomac_ws/build/dongsoo_interfaces -- -j32 -l32
[0.024s] -- Found ament_cmake: 1.3.12 (/opt/ros/humble/share/ament_cmake/cmake)
[0.091s] -- Found rosidl_default_generators: 1.2.0 (/opt/ros/humble/share/rosidl_default_generators/cmake)
[0.092s] -- Using all available rosidl_typesupport_c: rosidl_typesupport_fastrtps_c;rosidl_typesupport_introspection_c
[0.093s] -- Found rosidl_adapter: 3.1.7 (/opt/ros/humble/share/rosidl_adapter/cmake)
[0.107s] -- Using all available rosidl_typesupport_cpp: rosidl_typesupport_fastrtps_cpp;rosidl_typesupport_introspection_cpp
[0.251s] -- Found ament_cmake_ros: 0.10.0 (/opt/ros/humble/share/ament_cmake_ros/cmake)
[0.348s] -- Using all available rosidl_typesupport_c: rosidl_typesupport_fastrtps_c;rosidl_typesupport_introspection_c
[0.477s] -- Using all available rosidl_typesupport_cpp: rosidl_typesupport_fastrtps_cpp;rosidl_typesupport_introspection_cpp
[0.489s] -- Found python_cmake_module: 0.10.0 (/opt/ros/humble/share/python_cmake_module/cmake)
[0.502s] -- Using PYTHON_EXECUTABLE: /usr/bin/python3
[0.502s] -- Using PYTHON_INCLUDE_DIRS: /usr/include/python3.10
[0.502s] -- Using PYTHON_LIBRARIES: /usr/lib/x86_64-linux-gnu/libpython3.10.so
[0.508s] -- Configuring done
[0.519s] -- Generating done
[0.524s] -- Build files have been written to: /home/pc/soomac_ws/build/dongsoo_interfaces
[0.538s] [  2%] [34m[1mGenerating C code for ROS interfaces[0m
[0.545s] [  5%] [34m[1mGenerating C++ code for ROS interfaces[0m
[0.552s] [  5%] Built target ament_cmake_python_copy_dongsoo_interfaces
[0.674s] running egg_info
[0.674s] writing dongsoo_interfaces.egg-info/PKG-INFO
[0.674s] writing dependency_links to dongsoo_interfaces.egg-info/dependency_links.txt
[0.674s] writing top-level names to dongsoo_interfaces.egg-info/top_level.txt
[0.675s] reading manifest file 'dongsoo_interfaces.egg-info/SOURCES.txt'
[0.676s] writing manifest file 'dongsoo_interfaces.egg-info/SOURCES.txt'
[0.691s] [  5%] Built target ament_cmake_python_build_dongsoo_interfaces_egg
[0.711s] [35m[1mConsolidate compiler generated dependencies of target dongsoo_interfaces__rosidl_generator_c[0m
[0.715s] [  5%] Built target dongsoo_interfaces__cpp
[0.718s] [  7%] [32mBuilding C object CMakeFiles/dongsoo_interfaces__rosidl_generator_c.dir/rosidl_generator_c/dongsoo_interfaces/msg/detail/dong_soo_command__functions.c.o[0m
[0.719s] [ 10%] [32mBuilding C object CMakeFiles/dongsoo_interfaces__rosidl_generator_c.dir/rosidl_generator_c/dongsoo_interfaces/srv/detail/dong_soo_executor__functions.c.o[0m
[0.720s] [ 12%] [34m[1mGenerating C++ type support dispatch for ROS interfaces[0m
[0.722s] [ 15%] [34m[1mGenerating C++ type support for eProsima Fast-RTPS[0m
[0.722s] [ 17%] [34m[1mGenerating C++ introspection for ROS interfaces[0m
[0.751s] [ 20%] [32m[1mLinking C shared library libdongsoo_interfaces__rosidl_generator_c.so[0m
[0.775s] [ 20%] Built target dongsoo_interfaces__rosidl_generator_c
[0.783s] [ 23%] [34m[1mGenerating C introspection for ROS interfaces[0m
[0.783s] [ 25%] [34m[1mGenerating C type support for eProsima Fast-RTPS[0m
[0.783s] [ 28%] [34m[1mGenerating C type support dispatch for ROS interfaces[0m
[0.869s] [35m[1mConsolidate compiler generated dependencies of target dongsoo_interfaces__rosidl_typesupport_cpp[0m
[0.877s] [ 30%] [32mBuilding CXX object CMakeFiles/dongsoo_interfaces__rosidl_typesupport_cpp.dir/rosidl_typesupport_cpp/dongsoo_interfaces/srv/dong_soo_executor__type_support.cpp.o[0m
[0.879s] [ 33%] [32mBuilding CXX object CMakeFiles/dongsoo_interfaces__rosidl_typesupport_cpp.dir/rosidl_typesupport_cpp/dongsoo_interfaces/msg/dong_soo_command__type_support.cpp.o[0m
[0.879s] [35m[1mConsolidate compiler generated dependencies of target dongsoo_interfaces__rosidl_typesupport_introspection_cpp[0m
[0.889s] [ 35%] [32mBuilding CXX object CMakeFiles/dongsoo_interfaces__rosidl_typesupport_introspection_cpp.dir/rosidl_typesupport_introspection_cpp/dongsoo_interfaces/msg/detail/dong_soo_command__type_support.cpp.o[0m
[0.889s] [ 38%] [32mBuilding CXX object CMakeFiles/dongsoo_interfaces__rosidl_typesupport_introspection_cpp.dir/rosidl_typesupport_introspection_cpp/dongsoo_interfaces/srv/detail/dong_soo_executor__type_support.cpp.o[0m
[0.891s] [35m[1mConsolidate compiler generated dependencies of target dongsoo_interfaces__rosidl_typesupport_fastrtps_cpp[0m
[0.901s] [ 43%] [32mBuilding CXX object CMakeFiles/dongsoo_interfaces__rosidl_typesupport_fastrtps_cpp.dir/rosidl_typesupport_fastrtps_cpp/dongsoo_interfaces/srv/detail/dds_fastrtps/dong_soo_executor__type_support.cpp.o[0m
[0.901s] [ 43%] [32mBuilding CXX object CMakeFiles/dongsoo_interfaces__rosidl_typesupport_fastrtps_cpp.dir/rosidl_typesupport_fastrtps_cpp/dongsoo_interfaces/msg/detail/dds_fastrtps/dong_soo_command__type_support.cpp.o[0m
[0.935s] [35m[1mConsolidate compiler generated dependencies of target dongsoo_interfaces__rosidl_typesupport_c[0m
[0.944s] [ 48%] [32mBuilding CXX object CMakeFiles/dongsoo_interfaces__rosidl_typesupport_c.dir/rosidl_typesupport_c/dongsoo_interfaces/srv/dong_soo_executor__type_support.cpp.o[0m
[0.944s] [ 48%] [32mBuilding CXX object CMakeFiles/dongsoo_interfaces__rosidl_typesupport_c.dir/rosidl_typesupport_c/dongsoo_interfaces/msg/dong_soo_command__type_support.cpp.o[0m
[0.953s] [35m[1mConsolidate compiler generated dependencies of target dongsoo_interfaces__rosidl_typesupport_introspection_c[0m
[0.957s] [35m[1mConsolidate compiler generated dependencies of target dongsoo_interfaces__rosidl_typesupport_fastrtps_c[0m
[0.962s] [ 53%] [32mBuilding C object CMakeFiles/dongsoo_interfaces__rosidl_typesupport_introspection_c.dir/rosidl_typesupport_introspection_c/dongsoo_interfaces/srv/detail/dong_soo_executor__type_support.c.o[0m
[0.962s] [ 53%] [32mBuilding C object CMakeFiles/dongsoo_interfaces__rosidl_typesupport_introspection_c.dir/rosidl_typesupport_introspection_c/dongsoo_interfaces/msg/detail/dong_soo_command__type_support.c.o[0m
[0.967s] [ 61%] [32m[1mLinking CXX shared library libdongsoo_interfaces__rosidl_typesupport_c.so[0m
[0.967s] [ 61%] [32mBuilding CXX object CMakeFiles/dongsoo_interfaces__rosidl_typesupport_fastrtps_c.dir/rosidl_typesupport_fastrtps_c/dongsoo_interfaces/msg/detail/dong_soo_command__type_support_c.cpp.o[0m
[0.967s] [ 61%] [32mBuilding CXX object CMakeFiles/dongsoo_interfaces__rosidl_typesupport_fastrtps_c.dir/rosidl_typesupport_fastrtps_c/dongsoo_interfaces/srv/detail/dong_soo_executor__type_support_c.cpp.o[0m
[0.990s] [ 64%] [32m[1mLinking C shared library libdongsoo_interfaces__rosidl_typesupport_introspection_c.so[0m
[0.999s] [ 64%] Built target dongsoo_interfaces__rosidl_typesupport_c
[1.014s] [ 66%] [32m[1mLinking CXX shared library libdongsoo_interfaces__rosidl_typesupport_cpp.so[0m
[1.015s] [ 66%] Built target dongsoo_interfaces__rosidl_typesupport_introspection_c
[1.044s] [ 66%] Built target dongsoo_interfaces__rosidl_typesupport_cpp
[1.086s] [ 69%] [32m[1mLinking CXX shared library libdongsoo_interfaces__rosidl_typesupport_introspection_cpp.so[0m
[1.101s] [ 71%] [32m[1mLinking CXX shared library libdongsoo_interfaces__rosidl_typesupport_fastrtps_cpp.so[0m
[1.131s] [ 71%] Built target dongsoo_interfaces__rosidl_typesupport_introspection_cpp
[1.139s] [ 71%] Built target dongsoo_interfaces__rosidl_typesupport_fastrtps_cpp
[1.171s] [ 74%] [32m[1mLinking CXX shared library libdongsoo_interfaces__rosidl_typesupport_fastrtps_c.so[0m
[1.214s] [ 74%] Built target dongsoo_interfaces__rosidl_typesupport_fastrtps_c
[1.228s] [ 74%] Built target dongsoo_interfaces
[1.242s] [ 76%] [34m[1mGenerating Python code for ROS interfaces[0m
[1.470s] [ 76%] Built target dongsoo_interfaces__py
[1.475s] [35m[1mConsolidate compiler generated dependencies of target dongsoo_interfaces__rosidl_generator_py[0m
[1.483s] [ 79%] [32mBuilding C object CMakeFiles/dongsoo_interfaces__rosidl_generator_py.dir/rosidl_generator_py/dongsoo_interfaces/msg/_dong_soo_command_s.c.o[0m
[1.484s] [ 82%] [32mBuilding C object CMakeFiles/dongsoo_interfaces__rosidl_generator_py.dir/rosidl_generator_py/dongsoo_interfaces/srv/_dong_soo_executor_s.c.o[0m
[1.537s] [ 84%] [32m[1mLinking C shared library rosidl_generator_py/dongsoo_interfaces/libdongsoo_interfaces__rosidl_generator_py.so[0m
[1.560s] [ 84%] Built target dongsoo_interfaces__rosidl_generator_py
[1.566s] [35m[1mConsolidate compiler generated dependencies of target dongsoo_interfaces__rosidl_typesupport_introspection_c__pyext[0m
[1.566s] [35m[1mConsolidate compiler generated dependencies of target dongsoo_interfaces__rosidl_typesupport_c__pyext[0m
[1.567s] [35m[1mConsolidate compiler generated dependencies of target dongsoo_interfaces__rosidl_typesupport_fastrtps_c__pyext[0m
[1.574s] [ 87%] [32mBuilding C object CMakeFiles/dongsoo_interfaces__rosidl_typesupport_introspection_c__pyext.dir/rosidl_generator_py/dongsoo_interfaces/_dongsoo_interfaces_s.ep.rosidl_typesupport_introspection_c.c.o[0m
[1.574s] [ 89%] [32mBuilding C object CMakeFiles/dongsoo_interfaces__rosidl_typesupport_c__pyext.dir/rosidl_generator_py/dongsoo_interfaces/_dongsoo_interfaces_s.ep.rosidl_typesupport_c.c.o[0m
[1.575s] [ 92%] [32mBuilding C object CMakeFiles/dongsoo_interfaces__rosidl_typesupport_fastrtps_c__pyext.dir/rosidl_generator_py/dongsoo_interfaces/_dongsoo_interfaces_s.ep.rosidl_typesupport_fastrtps_c.c.o[0m
[1.623s] [ 94%] [32m[1mLinking C shared library rosidl_generator_py/dongsoo_interfaces/dongsoo_interfaces_s__rosidl_typesupport_introspection_c.cpython-310-x86_64-linux-gnu.so[0m
[1.623s] [ 97%] [32m[1mLinking C shared library rosidl_generator_py/dongsoo_interfaces/dongsoo_interfaces_s__rosidl_typesupport_c.cpython-310-x86_64-linux-gnu.so[0m
[1.625s] [100%] [32m[1mLinking C shared library rosidl_generator_py/dongsoo_interfaces/dongsoo_interfaces_s__rosidl_typesupport_fastrtps_c.cpython-310-x86_64-linux-gnu.so[0m
[1.643s] [100%] Built target dongsoo_interfaces__rosidl_typesupport_introspection_c__pyext
[1.644s] [100%] Built target dongsoo_interfaces__rosidl_typesupport_c__pyext
[1.646s] [100%] Built target dongsoo_interfaces__rosidl_typesupport_fastrtps_c__pyext
[1.653s] Invoked command in '/home/pc/soomac_ws/build/dongsoo_interfaces' returned '0': CMAKE_PREFIX_PATH=${CMAKE_PREFIX_PATH}:/home/pc/soomac_ws/install/dongsoo_py_pkg:/opt/ros/humble /usr/bin/cmake --build /home/pc/soomac_ws/build/dongsoo_interfaces -- -j32 -l32
[1.659s] Invoking command in '/home/pc/soomac_ws/build/dongsoo_interfaces': CMAKE_PREFIX_PATH=${CMAKE_PREFIX_PATH}:/home/pc/soomac_ws/install/dongsoo_py_pkg:/opt/ros/humble /usr/bin/cmake --install /home/pc/soomac_ws/build/dongsoo_interfaces
[1.664s] -- Install configuration: ""
[1.665s] -- Up-to-date: /home/pc/soomac_ws/install/dongsoo_interfaces/share/ament_index/resource_index/rosidl_interfaces/dongsoo_interfaces
[1.665s] -- Up-to-date: /home/pc/soomac_ws/install/dongsoo_interfaces/include/dongsoo_interfaces/dongsoo_interfaces
[1.665s] -- Up-to-date: /home/pc/soomac_ws/install/dongsoo_interfaces/include/dongsoo_interfaces/dongsoo_interfaces/srv
[1.665s] -- Up-to-date: /home/pc/soomac_ws/install/dongsoo_interfaces/include/dongsoo_interfaces/dongsoo_interfaces/srv/detail
[1.665s] -- Installing: /home/pc/soomac_ws/install/dongsoo_interfaces/include/dongsoo_interfaces/dongsoo_interfaces/srv/detail/dong_soo_executor__functions.h
[1.665s] -- Installing: /home/pc/soomac_ws/install/dongsoo_interfaces/include/dongsoo_interfaces/dongsoo_interfaces/srv/detail/dong_soo_executor__struct.h
[1.665s] -- Installing: /home/pc/soomac_ws/install/dongsoo_interfaces/include/dongsoo_interfaces/dongsoo_interfaces/srv/detail/dong_soo_executor__type_support.h
[1.665s] -- Installing: /home/pc/soomac_ws/install/dongsoo_interfaces/include/dongsoo_interfaces/dongsoo_interfaces/srv/detail/dong_soo_executor__functions.c
[1.665s] -- Installing: /home/pc/soomac_ws/install/dongsoo_interfaces/include/dongsoo_interfaces/dongsoo_interfaces/srv/dong_soo_executor.h
[1.665s] -- Up-to-date: /home/pc/soomac_ws/install/dongsoo_interfaces/include/dongsoo_interfaces/dongsoo_interfaces/msg
[1.665s] -- Up-to-date: /home/pc/soomac_ws/install/dongsoo_interfaces/include/dongsoo_interfaces/dongsoo_interfaces/msg/detail
[1.665s] -- Installing: /home/pc/soomac_ws/install/dongsoo_interfaces/include/dongsoo_interfaces/dongsoo_interfaces/msg/detail/dong_soo_command__functions.h
[1.665s] -- Installing: /home/pc/soomac_ws/install/dongsoo_interfaces/include/dongsoo_interfaces/dongsoo_interfaces/msg/detail/dong_soo_command__type_support.h
[1.665s] -- Installing: /home/pc/soomac_ws/install/dongsoo_interfaces/include/dongsoo_interfaces/dongsoo_interfaces/msg/detail/dong_soo_command__struct.h
[1.665s] -- Installing: /home/pc/soomac_ws/install/dongsoo_interfaces/include/dongsoo_interfaces/dongsoo_interfaces/msg/detail/dong_soo_command__functions.c
[1.665s] -- Up-to-date: /home/pc/soomac_ws/install/dongsoo_interfaces/include/dongsoo_interfaces/dongsoo_interfaces/msg/rosidl_generator_c__visibility_control.h
[1.665s] -- Installing: /home/pc/soomac_ws/install/dongsoo_interfaces/include/dongsoo_interfaces/dongsoo_interfaces/msg/dong_soo_command.h
[1.665s] -- Up-to-date: /home/pc/soomac_ws/install/dongsoo_interfaces/share/dongsoo_interfaces/environment/library_path.sh
[1.665s] -- Installing: /home/pc/soomac_ws/install/dongsoo_interfaces/share/dongsoo_interfaces/environment/library_path.dsv
[1.665s] -- Installing: /home/pc/soomac_ws/install/dongsoo_interfaces/lib/libdongsoo_interfaces__rosidl_generator_c.so
[1.665s] -- Set runtime path of "/home/pc/soomac_ws/install/dongsoo_interfaces/lib/libdongsoo_interfaces__rosidl_generator_c.so" to ""
[1.665s] -- Up-to-date: /home/pc/soomac_ws/install/dongsoo_interfaces/include/dongsoo_interfaces/dongsoo_interfaces
[1.665s] -- Up-to-date: /home/pc/soomac_ws/install/dongsoo_interfaces/include/dongsoo_interfaces/dongsoo_interfaces/srv
[1.665s] -- Up-to-date: /home/pc/soomac_ws/install/dongsoo_interfaces/include/dongsoo_interfaces/dongsoo_interfaces/srv/detail
[1.665s] -- Installing: /home/pc/soomac_ws/install/dongsoo_interfaces/include/dongsoo_interfaces/dongsoo_interfaces/srv/detail/dong_soo_executor__rosidl_typesupport_fastrtps_c.h
[1.665s] -- Up-to-date: /home/pc/soomac_ws/install/dongsoo_interfaces/include/dongsoo_interfaces/dongsoo_interfaces/msg
[1.665s] -- Up-to-date: /home/pc/soomac_ws/install/dongsoo_interfaces/include/dongsoo_interfaces/dongsoo_interfaces/msg/detail
[1.665s] -- Installing: /home/pc/soomac_ws/install/dongsoo_interfaces/include/dongsoo_interfaces/dongsoo_interfaces/msg/detail/dong_soo_command__rosidl_typesupport_fastrtps_c.h
[1.665s] -- Up-to-date: /home/pc/soomac_ws/install/dongsoo_interfaces/include/dongsoo_interfaces/dongsoo_interfaces/msg/rosidl_typesupport_fastrtps_c__visibility_control.h
[1.666s] -- Installing: /home/pc/soomac_ws/install/dongsoo_interfaces/lib/libdongsoo_interfaces__rosidl_typesupport_fastrtps_c.so
[1.666s] -- Set runtime path of "/home/pc/soomac_ws/install/dongsoo_interfaces/lib/libdongsoo_interfaces__rosidl_typesupport_fastrtps_c.so" to ""
[1.666s] -- Up-to-date: /home/pc/soomac_ws/install/dongsoo_interfaces/include/dongsoo_interfaces/dongsoo_interfaces
[1.666s] -- Up-to-date: /home/pc/soomac_ws/install/dongsoo_interfaces/include/dongsoo_interfaces/dongsoo_interfaces/srv
[1.666s] -- Up-to-date: /home/pc/soomac_ws/install/dongsoo_interfaces/include/dongsoo_interfaces/dongsoo_interfaces/srv/detail
[1.666s] -- Installing: /home/pc/soomac_ws/install/dongsoo_interfaces/include/dongsoo_interfaces/dongsoo_interfaces/srv/detail/dong_soo_executor__type_support.c
[1.666s] -- Installing: /home/pc/soomac_ws/install/dongsoo_interfaces/include/dongsoo_interfaces/dongsoo_interfaces/srv/detail/dong_soo_executor__rosidl_typesupport_introspection_c.h
[1.666s] -- Up-to-date: /home/pc/soomac_ws/install/dongsoo_interfaces/include/dongsoo_interfaces/dongsoo_interfaces/msg
[1.666s] -- Up-to-date: /home/pc/soomac_ws/install/dongsoo_interfaces/include/dongsoo_interfaces/dongsoo_interfaces/msg/detail
[1.666s] -- Installing: /home/pc/soomac_ws/install/dongsoo_interfaces/include/dongsoo_interfaces/dongsoo_interfaces/msg/detail/dong_soo_command__type_support.c
[1.666s] -- Installing: /home/pc/soomac_ws/install/dongsoo_interfaces/include/dongsoo_interfaces/dongsoo_interfaces/msg/detail/dong_soo_command__rosidl_typesupport_introspection_c.h
[1.666s] -- Up-to-date: /home/pc/soomac_ws/install/dongsoo_interfaces/include/dongsoo_interfaces/dongsoo_interfaces/msg/rosidl_typesupport_introspection_c__visibility_control.h
[1.666s] -- Installing: /home/pc/soomac_ws/install/dongsoo_interfaces/lib/libdongsoo_interfaces__rosidl_typesupport_introspection_c.so
[1.666s] -- Set runtime path of "/home/pc/soomac_ws/install/dongsoo_interfaces/lib/libdongsoo_interfaces__rosidl_typesupport_introspection_c.so" to ""
[1.666s] -- Installing: /home/pc/soomac_ws/install/dongsoo_interfaces/lib/libdongsoo_interfaces__rosidl_typesupport_c.so
[1.666s] -- Set runtime path of "/home/pc/soomac_ws/install/dongsoo_interfaces/lib/libdongsoo_interfaces__rosidl_typesupport_c.so" to ""
[1.666s] -- Up-to-date: /home/pc/soomac_ws/install/dongsoo_interfaces/include/dongsoo_interfaces/dongsoo_interfaces
[1.666s] -- Up-to-date: /home/pc/soomac_ws/install/dongsoo_interfaces/include/dongsoo_interfaces/dongsoo_interfaces/srv
[1.666s] -- Up-to-date: /home/pc/soomac_ws/install/dongsoo_interfaces/include/dongsoo_interfaces/dongsoo_interfaces/srv/detail
[1.666s] -- Installing: /home/pc/soomac_ws/install/dongsoo_interfaces/include/dongsoo_interfaces/dongsoo_interfaces/srv/detail/dong_soo_executor__traits.hpp
[1.666s] -- Installing: /home/pc/soomac_ws/install/dongsoo_interfaces/include/dongsoo_interfaces/dongsoo_interfaces/srv/detail/dong_soo_executor__builder.hpp
[1.666s] -- Installing: /home/pc/soomac_ws/install/dongsoo_interfaces/include/dongsoo_interfaces/dongsoo_interfaces/srv/detail/dong_soo_executor__type_support.hpp
[1.666s] -- Installing: /home/pc/soomac_ws/install/dongsoo_interfaces/include/dongsoo_interfaces/dongsoo_interfaces/srv/detail/dong_soo_executor__struct.hpp
[1.666s] -- Installing: /home/pc/soomac_ws/install/dongsoo_interfaces/include/dongsoo_interfaces/dongsoo_interfaces/srv/dong_soo_executor.hpp
[1.666s] -- Up-to-date: /home/pc/soomac_ws/install/dongsoo_interfaces/include/dongsoo_interfaces/dongsoo_interfaces/msg
[1.666s] -- Up-to-date: /home/pc/soomac_ws/install/dongsoo_interfaces/include/dongsoo_interfaces/dongsoo_interfaces/msg/detail
[1.666s] -- Installing: /home/pc/soomac_ws/install/dongsoo_interfaces/include/dongsoo_interfaces/dongsoo_interfaces/msg/detail/dong_soo_command__type_support.hpp
[1.666s] -- Installing: /home/pc/soomac_ws/install/dongsoo_interfaces/include/dongsoo_interfaces/dongsoo_interfaces/msg/detail/dong_soo_command__builder.hpp
[1.666s] -- Installing: /home/pc/soomac_ws/install/dongsoo_interfaces/include/dongsoo_interfaces/dongsoo_interfaces/msg/detail/dong_soo_command__traits.hpp
[1.666s] -- Installing: /home/pc/soomac_ws/install/dongsoo_interfaces/include/dongsoo_interfaces/dongsoo_interfaces/msg/detail/dong_soo_command__struct.hpp
[1.666s] -- Up-to-date: /home/pc/soomac_ws/install/dongsoo_interfaces/include/dongsoo_interfaces/dongsoo_interfaces/msg/rosidl_generator_cpp__visibility_control.hpp
[1.666s] -- Installing: /home/pc/soomac_ws/install/dongsoo_interfaces/include/dongsoo_interfaces/dongsoo_interfaces/msg/dong_soo_command.hpp
[1.666s] -- Up-to-date: /home/pc/soomac_ws/install/dongsoo_interfaces/include/dongsoo_interfaces/dongsoo_interfaces
[1.666s] -- Up-to-date: /home/pc/soomac_ws/install/dongsoo_interfaces/include/dongsoo_interfaces/dongsoo_interfaces/srv
[1.666s] -- Up-to-date: /home/pc/soomac_ws/install/dongsoo_interfaces/include/dongsoo_interfaces/dongsoo_interfaces/srv/detail
[1.666s] -- Up-to-date: /home/pc/soomac_ws/install/dongsoo_interfaces/include/dongsoo_interfaces/dongsoo_interfaces/srv/detail/dds_fastrtps
[1.666s] -- Installing: /home/pc/soomac_ws/install/dongsoo_interfaces/include/dongsoo_interfaces/dongsoo_interfaces/srv/detail/dong_soo_executor__rosidl_typesupport_fastrtps_cpp.hpp
[1.666s] -- Up-to-date: /home/pc/soomac_ws/install/dongsoo_interfaces/include/dongsoo_interfaces/dongsoo_interfaces/msg
[1.666s] -- Up-to-date: /home/pc/soomac_ws/install/dongsoo_interfaces/include/dongsoo_interfaces/dongsoo_interfaces/msg/detail
[1.666s] -- Up-to-date: /home/pc/soomac_ws/install/dongsoo_interfaces/include/dongsoo_interfaces/dongsoo_interfaces/msg/detail/dds_fastrtps
[1.666s] -- Installing: /home/pc/soomac_ws/install/dongsoo_interfaces/include/dongsoo_interfaces/dongsoo_interfaces/msg/detail/dong_soo_command__rosidl_typesupport_fastrtps_cpp.hpp
[1.666s] -- Up-to-date: /home/pc/soomac_ws/install/dongsoo_interfaces/include/dongsoo_interfaces/dongsoo_interfaces/msg/rosidl_typesupport_fastrtps_cpp__visibility_control.h
[1.667s] -- Installing: /home/pc/soomac_ws/install/dongsoo_interfaces/lib/libdongsoo_interfaces__rosidl_typesupport_fastrtps_cpp.so
[1.667s] -- Set runtime path of "/home/pc/soomac_ws/install/dongsoo_interfaces/lib/libdongsoo_interfaces__rosidl_typesupport_fastrtps_cpp.so" to ""
[1.667s] -- Up-to-date: /home/pc/soomac_ws/install/dongsoo_interfaces/include/dongsoo_interfaces/dongsoo_interfaces
[1.667s] -- Up-to-date: /home/pc/soomac_ws/install/dongsoo_interfaces/include/dongsoo_interfaces/dongsoo_interfaces/srv
[1.667s] -- Up-to-date: /home/pc/soomac_ws/install/dongsoo_interfaces/include/dongsoo_interfaces/dongsoo_interfaces/srv/detail
[1.667s] -- Installing: /home/pc/soomac_ws/install/dongsoo_interfaces/include/dongsoo_interfaces/dongsoo_interfaces/srv/detail/dong_soo_executor__type_support.cpp
[1.667s] -- Installing: /home/pc/soomac_ws/install/dongsoo_interfaces/include/dongsoo_interfaces/dongsoo_interfaces/srv/detail/dong_soo_executor__rosidl_typesupport_introspection_cpp.hpp
[1.667s] -- Up-to-date: /home/pc/soomac_ws/install/dongsoo_interfaces/include/dongsoo_interfaces/dongsoo_interfaces/msg
[1.667s] -- Up-to-date: /home/pc/soomac_ws/install/dongsoo_interfaces/include/dongsoo_interfaces/dongsoo_interfaces/msg/detail
[1.667s] -- Installing: /home/pc/soomac_ws/install/dongsoo_interfaces/include/dongsoo_interfaces/dongsoo_interfaces/msg/detail/dong_soo_command__rosidl_typesupport_introspection_cpp.hpp
[1.667s] -- Installing: /home/pc/soomac_ws/install/dongsoo_interfaces/include/dongsoo_interfaces/dongsoo_interfaces/msg/detail/dong_soo_command__type_support.cpp
[1.667s] -- Installing: /home/pc/soomac_ws/install/dongsoo_interfaces/lib/libdongsoo_interfaces__rosidl_typesupport_introspection_cpp.so
[1.667s] -- Set runtime path of "/home/pc/soomac_ws/install/dongsoo_interfaces/lib/libdongsoo_interfaces__rosidl_typesupport_introspection_cpp.so" to ""
[1.667s] -- Installing: /home/pc/soomac_ws/install/dongsoo_interfaces/lib/libdongsoo_interfaces__rosidl_typesupport_cpp.so
[1.667s] -- Set runtime path of "/home/pc/soomac_ws/install/dongsoo_interfaces/lib/libdongsoo_interfaces__rosidl_typesupport_cpp.so" to ""
[1.667s] -- Up-to-date: /home/pc/soomac_ws/install/dongsoo_interfaces/share/dongsoo_interfaces/environment/pythonpath.sh
[1.667s] -- Installing: /home/pc/soomac_ws/install/dongsoo_interfaces/share/dongsoo_interfaces/environment/pythonpath.dsv
[1.667s] -- Up-to-date: /home/pc/soomac_ws/install/dongsoo_interfaces/local/lib/python3.10/dist-packages/dongsoo_interfaces-0.0.0-py3.10.egg-info
[1.667s] -- Installing: /home/pc/soomac_ws/install/dongsoo_interfaces/local/lib/python3.10/dist-packages/dongsoo_interfaces-0.0.0-py3.10.egg-info/top_level.txt
[1.667s] -- Installing: /home/pc/soomac_ws/install/dongsoo_interfaces/local/lib/python3.10/dist-packages/dongsoo_interfaces-0.0.0-py3.10.egg-info/SOURCES.txt
[1.667s] -- Installing: /home/pc/soomac_ws/install/dongsoo_interfaces/local/lib/python3.10/dist-packages/dongsoo_interfaces-0.0.0-py3.10.egg-info/dependency_links.txt
[1.667s] -- Installing: /home/pc/soomac_ws/install/dongsoo_interfaces/local/lib/python3.10/dist-packages/dongsoo_interfaces-0.0.0-py3.10.egg-info/PKG-INFO
[1.667s] -- Up-to-date: /home/pc/soomac_ws/install/dongsoo_interfaces/local/lib/python3.10/dist-packages/dongsoo_interfaces
[1.667s] -- Installing: /home/pc/soomac_ws/install/dongsoo_interfaces/local/lib/python3.10/dist-packages/dongsoo_interfaces/dongsoo_interfaces_s__rosidl_typesupport_c.cpython-310-x86_64-linux-gnu.so
[1.667s] -- Up-to-date: /home/pc/soomac_ws/install/dongsoo_interfaces/local/lib/python3.10/dist-packages/dongsoo_interfaces/srv
[1.667s] -- Installing: /home/pc/soomac_ws/install/dongsoo_interfaces/local/lib/python3.10/dist-packages/dongsoo_interfaces/srv/_dong_soo_executor_s.c
[1.667s] -- Installing: /home/pc/soomac_ws/install/dongsoo_interfaces/local/lib/python3.10/dist-packages/dongsoo_interfaces/srv/__init__.py
[1.667s] -- Installing: /home/pc/soomac_ws/install/dongsoo_interfaces/local/lib/python3.10/dist-packages/dongsoo_interfaces/srv/_dong_soo_executor.py
[1.667s] -- Installing: /home/pc/soomac_ws/install/dongsoo_interfaces/local/lib/python3.10/dist-packages/dongsoo_interfaces/_dongsoo_interfaces_s.ep.rosidl_typesupport_fastrtps_c.c
[1.667s] -- Installing: /home/pc/soomac_ws/install/dongsoo_interfaces/local/lib/python3.10/dist-packages/dongsoo_interfaces/dongsoo_interfaces_s__rosidl_typesupport_introspection_c.cpython-310-x86_64-linux-gnu.so
[1.667s] -- Installing: /home/pc/soomac_ws/install/dongsoo_interfaces/local/lib/python3.10/dist-packages/dongsoo_interfaces/_dongsoo_interfaces_s.ep.rosidl_typesupport_c.c
[1.667s] -- Installing: /home/pc/soomac_ws/install/dongsoo_interfaces/local/lib/python3.10/dist-packages/dongsoo_interfaces/libdongsoo_interfaces__rosidl_generator_py.so
[1.667s] -- Up-to-date: /home/pc/soomac_ws/install/dongsoo_interfaces/local/lib/python3.10/dist-packages/dongsoo_interfaces/msg
[1.667s] -- Installing: /home/pc/soomac_ws/install/dongsoo_interfaces/local/lib/python3.10/dist-packages/dongsoo_interfaces/msg/_dong_soo_command_s.c
[1.667s] -- Installing: /home/pc/soomac_ws/install/dongsoo_interfaces/local/lib/python3.10/dist-packages/dongsoo_interfaces/msg/_dong_soo_command.py
[1.667s] -- Installing: /home/pc/soomac_ws/install/dongsoo_interfaces/local/lib/python3.10/dist-packages/dongsoo_interfaces/msg/__init__.py
[1.667s] -- Installing: /home/pc/soomac_ws/install/dongsoo_interfaces/local/lib/python3.10/dist-packages/dongsoo_interfaces/__init__.py
[1.668s] -- Installing: /home/pc/soomac_ws/install/dongsoo_interfaces/local/lib/python3.10/dist-packages/dongsoo_interfaces/dongsoo_interfaces_s__rosidl_typesupport_fastrtps_c.cpython-310-x86_64-linux-gnu.so
[1.668s] -- Installing: /home/pc/soomac_ws/install/dongsoo_interfaces/local/lib/python3.10/dist-packages/dongsoo_interfaces/_dongsoo_interfaces_s.ep.rosidl_typesupport_introspection_c.c
[1.687s] Listing '/home/pc/soomac_ws/install/dongsoo_interfaces/local/lib/python3.10/dist-packages/dongsoo_interfaces'...
[1.687s] Compiling '/home/pc/soomac_ws/install/dongsoo_interfaces/local/lib/python3.10/dist-packages/dongsoo_interfaces/__init__.py'...
[1.687s] Listing '/home/pc/soomac_ws/install/dongsoo_interfaces/local/lib/python3.10/dist-packages/dongsoo_interfaces/msg'...
[1.687s] Compiling '/home/pc/soomac_ws/install/dongsoo_interfaces/local/lib/python3.10/dist-packages/dongsoo_interfaces/msg/__init__.py'...
[1.687s] Compiling '/home/pc/soomac_ws/install/dongsoo_interfaces/local/lib/python3.10/dist-packages/dongsoo_interfaces/msg/_dong_soo_command.py'...
[1.687s] Listing '/home/pc/soomac_ws/install/dongsoo_interfaces/local/lib/python3.10/dist-packages/dongsoo_interfaces/srv'...
[1.687s] Compiling '/home/pc/soomac_ws/install/dongsoo_interfaces/local/lib/python3.10/dist-packages/dongsoo_interfaces/srv/__init__.py'...
[1.687s] Compiling '/home/pc/soomac_ws/install/dongsoo_interfaces/local/lib/python3.10/dist-packages/dongsoo_interfaces/srv/_dong_soo_executor.py'...
[1.689s] -- Installing: /home/pc/soomac_ws/install/dongsoo_interfaces/local/lib/python3.10/dist-packages/dongsoo_interfaces/dongsoo_interfaces_s__rosidl_typesupport_fastrtps_c.cpython-310-x86_64-linux-gnu.so
[1.689s] -- Set runtime path of "/home/pc/soomac_ws/install/dongsoo_interfaces/local/lib/python3.10/dist-packages/dongsoo_interfaces/dongsoo_interfaces_s__rosidl_typesupport_fastrtps_c.cpython-310-x86_64-linux-gnu.so" to ""
[1.689s] -- Installing: /home/pc/soomac_ws/install/dongsoo_interfaces/local/lib/python3.10/dist-packages/dongsoo_interfaces/dongsoo_interfaces_s__rosidl_typesupport_introspection_c.cpython-310-x86_64-linux-gnu.so
[1.689s] -- Set runtime path of "/home/pc/soomac_ws/install/dongsoo_interfaces/local/lib/python3.10/dist-packages/dongsoo_interfaces/dongsoo_interfaces_s__rosidl_typesupport_introspection_c.cpython-310-x86_64-linux-gnu.so" to ""
[1.689s] -- Installing: /home/pc/soomac_ws/install/dongsoo_interfaces/local/lib/python3.10/dist-packages/dongsoo_interfaces/dongsoo_interfaces_s__rosidl_typesupport_c.cpython-310-x86_64-linux-gnu.so
[1.689s] -- Set runtime path of "/home/pc/soomac_ws/install/dongsoo_interfaces/local/lib/python3.10/dist-packages/dongsoo_interfaces/dongsoo_interfaces_s__rosidl_typesupport_c.cpython-310-x86_64-linux-gnu.so" to ""
[1.689s] -- Installing: /home/pc/soomac_ws/install/dongsoo_interfaces/lib/libdongsoo_interfaces__rosidl_generator_py.so
[1.689s] -- Set runtime path of "/home/pc/soomac_ws/install/dongsoo_interfaces/lib/libdongsoo_interfaces__rosidl_generator_py.so" to ""
[1.689s] -- Installing: /home/pc/soomac_ws/install/dongsoo_interfaces/share/dongsoo_interfaces/srv/DongSooExecutor.idl
[1.689s] -- Up-to-date: /home/pc/soomac_ws/install/dongsoo_interfaces/share/dongsoo_interfaces/msg/DongSooCommand.idl
[1.689s] -- Installing: /home/pc/soomac_ws/install/dongsoo_interfaces/share/dongsoo_interfaces/srv/DongSooExecutor.srv
[1.689s] -- Installing: /home/pc/soomac_ws/install/dongsoo_interfaces/share/dongsoo_interfaces/srv/DongSooExecutor_Request.msg
[1.689s] -- Up-to-date: /home/pc/soomac_ws/install/dongsoo_interfaces/share/dongsoo_interfaces/srv/DongSooExecutor_Response.msg
[1.689s] -- Up-to-date: /home/pc/soomac_ws/install/dongsoo_interfaces/share/dongsoo_interfaces/msg/DongSooCommand.msg
[1.689s] -- Up-to-date: /home/pc/soomac_ws/install/dongsoo_interfaces/share/ament_index/resource_index/package_run_dependencies/dongsoo_interfaces
[1.689s] -- Up-to-date: /home/pc/soomac_ws/install/dongsoo_interfaces/share/ament_index/resource_index/parent_prefix_path/dongsoo_interfaces
[1.689s] -- Up-to-date: /home/pc/soomac_ws/install/dongsoo_interfaces/share/dongsoo_interfaces/environment/ament_prefix_path.sh
[1.689s] -- Installing: /home/pc/soomac_ws/install/dongsoo_interfaces/share/dongsoo_interfaces/environment/ament_prefix_path.dsv
[1.689s] -- Up-to-date: /home/pc/soomac_ws/install/dongsoo_interfaces/share/dongsoo_interfaces/environment/path.sh
[1.689s] -- Installing: /home/pc/soomac_ws/install/dongsoo_interfaces/share/dongsoo_interfaces/environment/path.dsv
[1.690s] -- Up-to-date: /home/pc/soomac_ws/install/dongsoo_interfaces/share/dongsoo_interfaces/local_setup.bash
[1.690s] -- Up-to-date: /home/pc/soomac_ws/install/dongsoo_interfaces/share/dongsoo_interfaces/local_setup.sh
[1.690s] -- Up-to-date: /home/pc/soomac_ws/install/dongsoo_interfaces/share/dongsoo_interfaces/local_setup.zsh
[1.690s] -- Installing: /home/pc/soomac_ws/install/dongsoo_interfaces/share/dongsoo_interfaces/local_setup.dsv
[1.690s] -- Installing: /home/pc/soomac_ws/install/dongsoo_interfaces/share/dongsoo_interfaces/package.dsv
[1.690s] -- Up-to-date: /home/pc/soomac_ws/install/dongsoo_interfaces/share/ament_index/resource_index/packages/dongsoo_interfaces
[1.690s] -- Up-to-date: /home/pc/soomac_ws/install/dongsoo_interfaces/share/dongsoo_interfaces/cmake/export_dongsoo_interfaces__rosidl_generator_cExport.cmake
[1.690s] -- Up-to-date: /home/pc/soomac_ws/install/dongsoo_interfaces/share/dongsoo_interfaces/cmake/export_dongsoo_interfaces__rosidl_generator_cExport-noconfig.cmake
[1.690s] -- Up-to-date: /home/pc/soomac_ws/install/dongsoo_interfaces/share/dongsoo_interfaces/cmake/export_dongsoo_interfaces__rosidl_typesupport_fastrtps_cExport.cmake
[1.690s] -- Up-to-date: /home/pc/soomac_ws/install/dongsoo_interfaces/share/dongsoo_interfaces/cmake/export_dongsoo_interfaces__rosidl_typesupport_fastrtps_cExport-noconfig.cmake
[1.690s] -- Up-to-date: /home/pc/soomac_ws/install/dongsoo_interfaces/share/dongsoo_interfaces/cmake/dongsoo_interfaces__rosidl_typesupport_introspection_cExport.cmake
[1.690s] -- Up-to-date: /home/pc/soomac_ws/install/dongsoo_interfaces/share/dongsoo_interfaces/cmake/dongsoo_interfaces__rosidl_typesupport_introspection_cExport-noconfig.cmake
[1.690s] -- Up-to-date: /home/pc/soomac_ws/install/dongsoo_interfaces/share/dongsoo_interfaces/cmake/dongsoo_interfaces__rosidl_typesupport_cExport.cmake
[1.690s] -- Up-to-date: /home/pc/soomac_ws/install/dongsoo_interfaces/share/dongsoo_interfaces/cmake/dongsoo_interfaces__rosidl_typesupport_cExport-noconfig.cmake
[1.690s] -- Up-to-date: /home/pc/soomac_ws/install/dongsoo_interfaces/share/dongsoo_interfaces/cmake/export_dongsoo_interfaces__rosidl_generator_cppExport.cmake
[1.690s] -- Up-to-date: /home/pc/soomac_ws/install/dongsoo_interfaces/share/dongsoo_interfaces/cmake/export_dongsoo_interfaces__rosidl_typesupport_fastrtps_cppExport.cmake
[1.690s] -- Up-to-date: /home/pc/soomac_ws/install/dongsoo_interfaces/share/dongsoo_interfaces/cmake/export_dongsoo_interfaces__rosidl_typesupport_fastrtps_cppExport-noconfig.cmake
[1.690s] -- Up-to-date: /home/pc/soomac_ws/install/dongsoo_interfaces/share/dongsoo_interfaces/cmake/dongsoo_interfaces__rosidl_typesupport_introspection_cppExport.cmake
[1.690s] -- Up-to-date: /home/pc/soomac_ws/install/dongsoo_interfaces/share/dongsoo_interfaces/cmake/dongsoo_interfaces__rosidl_typesupport_introspection_cppExport-noconfig.cmake
[1.690s] -- Up-to-date: /home/pc/soomac_ws/install/dongsoo_interfaces/share/dongsoo_interfaces/cmake/dongsoo_interfaces__rosidl_typesupport_cppExport.cmake
[1.690s] -- Up-to-date: /home/pc/soomac_ws/install/dongsoo_interfaces/share/dongsoo_interfaces/cmake/dongsoo_interfaces__rosidl_typesupport_cppExport-noconfig.cmake
[1.690s] -- Up-to-date: /home/pc/soomac_ws/install/dongsoo_interfaces/share/dongsoo_interfaces/cmake/export_dongsoo_interfaces__rosidl_generator_pyExport.cmake
[1.690s] -- Up-to-date: /home/pc/soomac_ws/install/dongsoo_interfaces/share/dongsoo_interfaces/cmake/export_dongsoo_interfaces__rosidl_generator_pyExport-noconfig.cmake
[1.690s] -- Up-to-date: /home/pc/soomac_ws/install/dongsoo_interfaces/share/dongsoo_interfaces/cmake/rosidl_cmake-extras.cmake
[1.690s] -- Up-to-date: /home/pc/soomac_ws/install/dongsoo_interfaces/share/dongsoo_interfaces/cmake/ament_cmake_export_include_directories-extras.cmake
[1.690s] -- Up-to-date: /home/pc/soomac_ws/install/dongsoo_interfaces/share/dongsoo_interfaces/cmake/ament_cmake_export_libraries-extras.cmake
[1.690s] -- Up-to-date: /home/pc/soomac_ws/install/dongsoo_interfaces/share/dongsoo_interfaces/cmake/ament_cmake_export_targets-extras.cmake
[1.690s] -- Up-to-date: /home/pc/soomac_ws/install/dongsoo_interfaces/share/dongsoo_interfaces/cmake/rosidl_cmake_export_typesupport_targets-extras.cmake
[1.690s] -- Up-to-date: /home/pc/soomac_ws/install/dongsoo_interfaces/share/dongsoo_interfaces/cmake/ament_cmake_export_dependencies-extras.cmake
[1.690s] -- Up-to-date: /home/pc/soomac_ws/install/dongsoo_interfaces/share/dongsoo_interfaces/cmake/rosidl_cmake_export_typesupport_libraries-extras.cmake
[1.690s] -- Up-to-date: /home/pc/soomac_ws/install/dongsoo_interfaces/share/dongsoo_interfaces/cmake/dongsoo_interfacesConfig.cmake
[1.690s] -- Up-to-date: /home/pc/soomac_ws/install/dongsoo_interfaces/share/dongsoo_interfaces/cmake/dongsoo_interfacesConfig-version.cmake
[1.690s] -- Up-to-date: /home/pc/soomac_ws/install/dongsoo_interfaces/share/dongsoo_interfaces/package.xml
[1.691s] Invoked command in '/home/pc/soomac_ws/build/dongsoo_interfaces' returned '0': CMAKE_PREFIX_PATH=${CMAKE_PREFIX_PATH}:/home/pc/soomac_ws/install/dongsoo_py_pkg:/opt/ros/humble /usr/bin/cmake --install /home/pc/soomac_ws/build/dongsoo_interfaces
