[0.007s] Invoking command in '/home/pc/soomac_ws/build/dongsoo_cpp_pkg': CMAKE_PREFIX_PATH=${CMAKE_PREFIX_PATH}:/opt/ros/humble /usr/bin/cmake /home/pc/soomac_ws/src/dongsoo_cpp_pkg -DCMAKE_INSTALL_PREFIX=/home/pc/soomac_ws/install/dongsoo_cpp_pkg
[0.019s] -- Found ament_cmake: 1.3.12 (/opt/ros/humble/share/ament_cmake/cmake)
[0.101s] -- Found rclcpp: 16.0.15 (/opt/ros/humble/share/rclcpp/cmake)
[0.121s] -- Found rosidl_generator_c: 3.1.7 (/opt/ros/humble/share/rosidl_generator_c/cmake)
[0.122s] -- Found rosidl_adapter: 3.1.7 (/opt/ros/humble/share/rosidl_adapter/cmake)
[0.127s] -- Found rosidl_generator_cpp: 3.1.7 (/opt/ros/humble/share/rosidl_generator_cpp/cmake)
[0.134s] -- Using all available rosidl_typesupport_c: rosidl_typesupport_fastrtps_c;rosidl_typesupport_introspection_c
[0.141s] -- Using all available rosidl_typesupport_cpp: rosidl_typesupport_fastrtps_cpp;rosidl_typesupport_introspection_cpp
[0.161s] -- Found rmw_implementation_cmake: 6.1.2 (/opt/ros/humble/share/rmw_implementation_cmake/cmake)
[0.162s] -- Found rmw_fastrtps_cpp: 6.2.8 (/opt/ros/humble/share/rmw_fastrtps_cpp/cmake)
[0.219s] -- Using RMW implementation 'rmw_fastrtps_cpp' as default
[0.255s] -- Configuring incomplete, errors occurred!
[0.255s] See also "/home/pc/soomac_ws/build/dongsoo_cpp_pkg/CMakeFiles/CMakeOutput.log".
[0.255s] [31mCMake Error at CMakeLists.txt:16 (find_package):
[0.255s]   By not providing "Finddynamixel_sdk.cmake" in CMAKE_MODULE_PATH this
[0.255s]   project has asked CMake to find a package configuration file provided by
[0.255s]   "dynamixel_sdk", but CMake did not find one.
[0.255s] 
[0.255s]   Could not find a package configuration file provided by "dynamixel_sdk"
[0.255s]   with any of the following names:
[0.255s] 
[0.255s]     dynamixel_sdkConfig.cmake
[0.255s]     dynamixel_sdk-config.cmake
[0.255s] 
[0.255s]   Add the installation prefix of "dynamixel_sdk" to CMAKE_PREFIX_PATH or set
[0.255s]   "dynamixel_sdk_DIR" to a directory containing one of the above files.  If
[0.255s]   "dynamixel_sdk" provides a separate development package or SDK, be sure it
[0.255s]   has been installed.
[0.255s] 
[0.255s] [0m
[0.258s] Invoked command in '/home/pc/soomac_ws/build/dongsoo_cpp_pkg' returned '1': CMAKE_PREFIX_PATH=${CMAKE_PREFIX_PATH}:/opt/ros/humble /usr/bin/cmake /home/pc/soomac_ws/src/dongsoo_cpp_pkg -DCMAKE_INSTALL_PREFIX=/home/pc/soomac_ws/install/dongsoo_cpp_pkg
