[0.005s] Invoking command in '/home/pc/soomac_ws/build/zeus_description': CMAKE_PREFIX_PATH=${CMAKE_PREFIX_PATH}:/home/pc/soomac_ws/install/zeus_dxl:/home/pc/soomac_ws/install/zeus_controller:/home/pc/mg_motor_ws/install/mg_test_pkg:/home/pc/mg_motor_ws/install/mg_motor_test:/home/pc/mg_motor_ws/install/homework_pkg:/home/pc/mg_motor_ws/install/head_moving:/home/pc/cont_ws/install/torque_test_pkg:/home/pc/cont_ws/install/finger_pkg:/home/pc/cont_ws/install/control_continuum:/opt/ros/humble /usr/bin/cmake /home/pc/soomac_ws/src/zeus_description -DAMENT_CMAKE_SYMLINK_INSTALL=1 -DCMAKE_INSTALL_PREFIX=/home/pc/soomac_ws/install/zeus_description
[0.081s] -- The C compiler identification is GNU 11.4.0
[0.134s] -- The CXX compiler identification is GNU 11.4.0
[0.139s] -- Detecting C compiler ABI info
[0.180s] -- Detecting C compiler ABI info - done
[0.183s] -- Check for working C compiler: /usr/bin/cc - skipped
[0.184s] -- Detecting C compile features
[0.184s] -- Detecting C compile features - done
[0.186s] -- Detecting CXX compiler ABI info
[0.225s] -- Detecting CXX compiler ABI info - done
[0.229s] -- Check for working CXX compiler: /usr/bin/c++ - skipped
[0.229s] -- Detecting CXX compile features
[0.229s] -- Detecting CXX compile features - done
[0.230s] -- Found ament_cmake: 1.3.12 (/opt/ros/humble/share/ament_cmake/cmake)
[0.315s] -- Found Python3: /usr/bin/python3 (found version "3.10.12") found components: Interpreter 
[0.348s] -- Override CMake install command with custom implementation using symlinks instead of copying resources
[0.363s] -- Found ament_lint_auto: 0.12.14 (/opt/ros/humble/share/ament_lint_auto/cmake)
[0.403s] -- Added test 'lint_cmake' to check CMake code style
[0.403s] -- Added test 'xmllint' to check XML markup files
[0.404s] -- Configuring done
[0.405s] -- Generating done
[0.405s] -- Build files have been written to: /home/pc/soomac_ws/build/zeus_description
[0.407s] Invoked command in '/home/pc/soomac_ws/build/zeus_description' returned '0': CMAKE_PREFIX_PATH=${CMAKE_PREFIX_PATH}:/home/pc/soomac_ws/install/zeus_dxl:/home/pc/soomac_ws/install/zeus_controller:/home/pc/mg_motor_ws/install/mg_test_pkg:/home/pc/mg_motor_ws/install/mg_motor_test:/home/pc/mg_motor_ws/install/homework_pkg:/home/pc/mg_motor_ws/install/head_moving:/home/pc/cont_ws/install/torque_test_pkg:/home/pc/cont_ws/install/finger_pkg:/home/pc/cont_ws/install/control_continuum:/opt/ros/humble /usr/bin/cmake /home/pc/soomac_ws/src/zeus_description -DAMENT_CMAKE_SYMLINK_INSTALL=1 -DCMAKE_INSTALL_PREFIX=/home/pc/soomac_ws/install/zeus_description
[0.408s] Invoking command in '/home/pc/soomac_ws/build/zeus_description': CMAKE_PREFIX_PATH=${CMAKE_PREFIX_PATH}:/home/pc/soomac_ws/install/zeus_dxl:/home/pc/soomac_ws/install/zeus_controller:/home/pc/mg_motor_ws/install/mg_test_pkg:/home/pc/mg_motor_ws/install/mg_motor_test:/home/pc/mg_motor_ws/install/homework_pkg:/home/pc/mg_motor_ws/install/head_moving:/home/pc/cont_ws/install/torque_test_pkg:/home/pc/cont_ws/install/finger_pkg:/home/pc/cont_ws/install/control_continuum:/opt/ros/humble /usr/bin/cmake --build /home/pc/soomac_ws/build/zeus_description -- -j32 -l32
[0.429s] Invoked command in '/home/pc/soomac_ws/build/zeus_description' returned '0': CMAKE_PREFIX_PATH=${CMAKE_PREFIX_PATH}:/home/pc/soomac_ws/install/zeus_dxl:/home/pc/soomac_ws/install/zeus_controller:/home/pc/mg_motor_ws/install/mg_test_pkg:/home/pc/mg_motor_ws/install/mg_motor_test:/home/pc/mg_motor_ws/install/homework_pkg:/home/pc/mg_motor_ws/install/head_moving:/home/pc/cont_ws/install/torque_test_pkg:/home/pc/cont_ws/install/finger_pkg:/home/pc/cont_ws/install/control_continuum:/opt/ros/humble /usr/bin/cmake --build /home/pc/soomac_ws/build/zeus_description -- -j32 -l32
[0.433s] Invoking command in '/home/pc/soomac_ws/build/zeus_description': CMAKE_PREFIX_PATH=${CMAKE_PREFIX_PATH}:/home/pc/soomac_ws/install/zeus_dxl:/home/pc/soomac_ws/install/zeus_controller:/home/pc/mg_motor_ws/install/mg_test_pkg:/home/pc/mg_motor_ws/install/mg_motor_test:/home/pc/mg_motor_ws/install/homework_pkg:/home/pc/mg_motor_ws/install/head_moving:/home/pc/cont_ws/install/torque_test_pkg:/home/pc/cont_ws/install/finger_pkg:/home/pc/cont_ws/install/control_continuum:/opt/ros/humble /usr/bin/cmake --install /home/pc/soomac_ws/build/zeus_description
[0.437s] -- Install configuration: ""
[0.437s] -- Execute custom install script
[0.437s] -- Symlinking: /home/pc/soomac_ws/install/zeus_description/share/zeus_description/config/base_to_camera_dh.json
[0.441s] -- Symlinking: /home/pc/soomac_ws/install/zeus_description/share/ament_index/resource_index/package_run_dependencies/zeus_description
[0.446s] -- Symlinking: /home/pc/soomac_ws/install/zeus_description/share/ament_index/resource_index/parent_prefix_path/zeus_description
[0.450s] -- Symlinking: /home/pc/soomac_ws/install/zeus_description/share/zeus_description/environment/ament_prefix_path.sh
[0.454s] -- Symlinking: /home/pc/soomac_ws/install/zeus_description/share/zeus_description/environment/ament_prefix_path.dsv
[0.457s] -- Symlinking: /home/pc/soomac_ws/install/zeus_description/share/zeus_description/environment/path.sh
[0.461s] -- Symlinking: /home/pc/soomac_ws/install/zeus_description/share/zeus_description/environment/path.dsv
[0.465s] -- Symlinking: /home/pc/soomac_ws/install/zeus_description/share/zeus_description/local_setup.bash
[0.469s] -- Symlinking: /home/pc/soomac_ws/install/zeus_description/share/zeus_description/local_setup.sh
[0.473s] -- Symlinking: /home/pc/soomac_ws/install/zeus_description/share/zeus_description/local_setup.zsh
[0.478s] -- Symlinking: /home/pc/soomac_ws/install/zeus_description/share/zeus_description/local_setup.dsv
[0.483s] -- Symlinking: /home/pc/soomac_ws/install/zeus_description/share/zeus_description/package.dsv
[0.489s] -- Symlinking: /home/pc/soomac_ws/install/zeus_description/share/ament_index/resource_index/packages/zeus_description
[0.495s] -- Symlinking: /home/pc/soomac_ws/install/zeus_description/share/zeus_description/cmake/zeus_descriptionConfig.cmake
[0.501s] -- Symlinking: /home/pc/soomac_ws/install/zeus_description/share/zeus_description/cmake/zeus_descriptionConfig-version.cmake
[0.506s] -- Symlinking: /home/pc/soomac_ws/install/zeus_description/share/zeus_description/package.xml
[0.511s] Invoked command in '/home/pc/soomac_ws/build/zeus_description' returned '0': CMAKE_PREFIX_PATH=${CMAKE_PREFIX_PATH}:/home/pc/soomac_ws/install/zeus_dxl:/home/pc/soomac_ws/install/zeus_controller:/home/pc/mg_motor_ws/install/mg_test_pkg:/home/pc/mg_motor_ws/install/mg_motor_test:/home/pc/mg_motor_ws/install/homework_pkg:/home/pc/mg_motor_ws/install/head_moving:/home/pc/cont_ws/install/torque_test_pkg:/home/pc/cont_ws/install/finger_pkg:/home/pc/cont_ws/install/control_continuum:/opt/ros/humble /usr/bin/cmake --install /home/pc/soomac_ws/build/zeus_description
