-- The C compiler identification is GNU 11.4.0
-- The CXX compiler identification is GNU 11.4.0
-- Detecting C compiler ABI info
-- Detecting C compiler ABI info - done
-- Check for working C compiler: /usr/bin/cc - skipped
-- Detecting C compile features
-- Detecting C compile features - done
-- Detecting CXX compiler ABI info
-- Detecting CXX compiler ABI info - done
-- Check for working CXX compiler: /usr/bin/c++ - skipped
-- Detecting CXX compile features
-- Detecting CXX compile features - done
-- Found ament_cmake: 1.3.12 (/opt/ros/humble/share/ament_cmake/cmake)
-- Found Python3: /usr/bin/python3 (found version "3.10.12") found components: Interpreter 
-- Override CMake install command with custom implementation using symlinks instead of copying resources
-- Found rosidl_default_generators: 1.2.0 (/opt/ros/humble/share/rosidl_default_generators/cmake)
-- Using all available rosidl_typesupport_c: rosidl_typesupport_fastrtps_c;rosidl_typesupport_introspection_c
-- Found rosidl_adapter: 3.1.7 (/opt/ros/humble/share/rosidl_adapter/cmake)
-- Using all available rosidl_typesupport_cpp: rosidl_typesupport_fastrtps_cpp;rosidl_typesupport_introspection_cpp
-- Found ament_cmake_ros: 0.10.0 (/opt/ros/humble/share/ament_cmake_ros/cmake)
-- Using all available rosidl_typesupport_c: rosidl_typesupport_fastrtps_c;rosidl_typesupport_introspection_c
-- Using all available rosidl_typesupport_cpp: rosidl_typesupport_fastrtps_cpp;rosidl_typesupport_introspection_cpp
-- Found PythonInterp: /usr/bin/python3 (found suitable version "3.10.12", minimum required is "3.6") 
-- Found python_cmake_module: 0.10.0 (/opt/ros/humble/share/python_cmake_module/cmake)
-- Found PythonLibs: /usr/lib/x86_64-linux-gnu/libpython3.10.so (found suitable version "3.10.12", minimum required is "3.5") 
-- Using PYTHON_EXECUTABLE: /usr/bin/python3
-- Using PYTHON_INCLUDE_DIRS: /usr/include/python3.10
-- Using PYTHON_LIBRARIES: /usr/lib/x86_64-linux-gnu/libpython3.10.so
-- Found PythonExtra: .so  
-- Configuring done
-- Generating done
-- Build files have been written to: /home/pc/soomac_ws/build/zeus_interfaces
[  2%] [34m[1mGenerating C code for ROS interfaces[0m
[  5%] [34m[1mGenerating C++ code for ROS interfaces[0m
[  5%] Built target ament_cmake_python_symlink_zeus_interfaces
running egg_info
creating zeus_interfaces.egg-info
writing zeus_interfaces.egg-info/PKG-INFO
writing dependency_links to zeus_interfaces.egg-info/dependency_links.txt
writing top-level names to zeus_interfaces.egg-info/top_level.txt
writing manifest file 'zeus_interfaces.egg-info/SOURCES.txt'
reading manifest file 'zeus_interfaces.egg-info/SOURCES.txt'
writing manifest file 'zeus_interfaces.egg-info/SOURCES.txt'
[  5%] Built target ament_cmake_python_build_zeus_interfaces_egg
[  7%] [32mBuilding C object CMakeFiles/zeus_interfaces__rosidl_generator_c.dir/rosidl_generator_c/zeus_interfaces/msg/detail/zeus_main_command__functions.c.o[0m
[ 10%] [32mBuilding C object CMakeFiles/zeus_interfaces__rosidl_generator_c.dir/rosidl_generator_c/zeus_interfaces/srv/detail/zeus_executor__functions.c.o[0m
[ 10%] Built target zeus_interfaces__cpp
[ 12%] [34m[1mGenerating C++ type support dispatch for ROS interfaces[0m
[ 17%] [34m[1mGenerating C++ introspection for ROS interfaces[0m
[ 17%] [34m[1mGenerating C++ type support for eProsima Fast-RTPS[0m
[ 20%] [32m[1mLinking C shared library libzeus_interfaces__rosidl_generator_c.so[0m
[ 20%] Built target zeus_interfaces__rosidl_generator_c
[ 23%] [34m[1mGenerating C type support for eProsima Fast-RTPS[0m
[ 28%] [34m[1mGenerating C type support dispatch for ROS interfaces[0m
[ 28%] [34m[1mGenerating C introspection for ROS interfaces[0m
[ 30%] [32mBuilding CXX object CMakeFiles/zeus_interfaces__rosidl_typesupport_cpp.dir/rosidl_typesupport_cpp/zeus_interfaces/srv/zeus_executor__type_support.cpp.o[0m
[ 33%] [32mBuilding CXX object CMakeFiles/zeus_interfaces__rosidl_typesupport_cpp.dir/rosidl_typesupport_cpp/zeus_interfaces/msg/zeus_main_command__type_support.cpp.o[0m
[ 35%] [32mBuilding CXX object CMakeFiles/zeus_interfaces__rosidl_typesupport_introspection_cpp.dir/rosidl_typesupport_introspection_cpp/zeus_interfaces/srv/detail/zeus_executor__type_support.cpp.o[0m
[ 38%] [32mBuilding CXX object CMakeFiles/zeus_interfaces__rosidl_typesupport_introspection_cpp.dir/rosidl_typesupport_introspection_cpp/zeus_interfaces/msg/detail/zeus_main_command__type_support.cpp.o[0m
[ 41%] [32mBuilding CXX object CMakeFiles/zeus_interfaces__rosidl_typesupport_fastrtps_cpp.dir/rosidl_typesupport_fastrtps_cpp/zeus_interfaces/msg/detail/dds_fastrtps/zeus_main_command__type_support.cpp.o[0m
[ 43%] [32mBuilding CXX object CMakeFiles/zeus_interfaces__rosidl_typesupport_fastrtps_cpp.dir/rosidl_typesupport_fastrtps_cpp/zeus_interfaces/srv/detail/dds_fastrtps/zeus_executor__type_support.cpp.o[0m
[ 46%] [32mBuilding CXX object CMakeFiles/zeus_interfaces__rosidl_typesupport_c.dir/rosidl_typesupport_c/zeus_interfaces/srv/zeus_executor__type_support.cpp.o[0m
[ 48%] [32mBuilding CXX object CMakeFiles/zeus_interfaces__rosidl_typesupport_c.dir/rosidl_typesupport_c/zeus_interfaces/msg/zeus_main_command__type_support.cpp.o[0m
[ 53%] [32mBuilding CXX object CMakeFiles/zeus_interfaces__rosidl_typesupport_fastrtps_c.dir/rosidl_typesupport_fastrtps_c/zeus_interfaces/msg/detail/zeus_main_command__type_support_c.cpp.o[0m
[ 53%] [32mBuilding CXX object CMakeFiles/zeus_interfaces__rosidl_typesupport_fastrtps_c.dir/rosidl_typesupport_fastrtps_c/zeus_interfaces/srv/detail/zeus_executor__type_support_c.cpp.o[0m
[ 56%] [32mBuilding C object CMakeFiles/zeus_interfaces__rosidl_typesupport_introspection_c.dir/rosidl_typesupport_introspection_c/zeus_interfaces/srv/detail/zeus_executor__type_support.c.o[0m
[ 58%] [32mBuilding C object CMakeFiles/zeus_interfaces__rosidl_typesupport_introspection_c.dir/rosidl_typesupport_introspection_c/zeus_interfaces/msg/detail/zeus_main_command__type_support.c.o[0m
[ 61%] [32m[1mLinking CXX shared library libzeus_interfaces__rosidl_typesupport_c.so[0m
[ 64%] [32m[1mLinking C shared library libzeus_interfaces__rosidl_typesupport_introspection_c.so[0m
[ 64%] Built target zeus_interfaces__rosidl_typesupport_c
[ 64%] Built target zeus_interfaces__rosidl_typesupport_introspection_c
[ 66%] [32m[1mLinking CXX shared library libzeus_interfaces__rosidl_typesupport_cpp.so[0m
[ 69%] [32m[1mLinking CXX shared library libzeus_interfaces__rosidl_typesupport_fastrtps_cpp.so[0m
[ 71%] [32m[1mLinking CXX shared library libzeus_interfaces__rosidl_typesupport_introspection_cpp.so[0m
[ 71%] Built target zeus_interfaces__rosidl_typesupport_cpp
[ 74%] [32m[1mLinking CXX shared library libzeus_interfaces__rosidl_typesupport_fastrtps_c.so[0m
[ 74%] Built target zeus_interfaces__rosidl_typesupport_fastrtps_cpp
[ 74%] Built target zeus_interfaces__rosidl_typesupport_introspection_cpp
[ 74%] Built target zeus_interfaces__rosidl_typesupport_fastrtps_c
[ 74%] Built target zeus_interfaces
[ 76%] [34m[1mGenerating Python code for ROS interfaces[0m
[ 76%] Built target zeus_interfaces__py
[ 79%] [32mBuilding C object CMakeFiles/zeus_interfaces__rosidl_generator_py.dir/rosidl_generator_py/zeus_interfaces/srv/_zeus_executor_s.c.o[0m
[ 82%] [32mBuilding C object CMakeFiles/zeus_interfaces__rosidl_generator_py.dir/rosidl_generator_py/zeus_interfaces/msg/_zeus_main_command_s.c.o[0m
[ 84%] [32m[1mLinking C shared library rosidl_generator_py/zeus_interfaces/libzeus_interfaces__rosidl_generator_py.so[0m
[ 84%] Built target zeus_interfaces__rosidl_generator_py
[ 87%] [32mBuilding C object CMakeFiles/zeus_interfaces__rosidl_typesupport_fastrtps_c__pyext.dir/rosidl_generator_py/zeus_interfaces/_zeus_interfaces_s.ep.rosidl_typesupport_fastrtps_c.c.o[0m
[ 89%] [32mBuilding C object CMakeFiles/zeus_interfaces__rosidl_typesupport_introspection_c__pyext.dir/rosidl_generator_py/zeus_interfaces/_zeus_interfaces_s.ep.rosidl_typesupport_introspection_c.c.o[0m
[ 92%] [32mBuilding C object CMakeFiles/zeus_interfaces__rosidl_typesupport_c__pyext.dir/rosidl_generator_py/zeus_interfaces/_zeus_interfaces_s.ep.rosidl_typesupport_c.c.o[0m
[ 94%] [32m[1mLinking C shared library rosidl_generator_py/zeus_interfaces/zeus_interfaces_s__rosidl_typesupport_c.cpython-310-x86_64-linux-gnu.so[0m
[ 97%] [32m[1mLinking C shared library rosidl_generator_py/zeus_interfaces/zeus_interfaces_s__rosidl_typesupport_introspection_c.cpython-310-x86_64-linux-gnu.so[0m
[100%] [32m[1mLinking C shared library rosidl_generator_py/zeus_interfaces/zeus_interfaces_s__rosidl_typesupport_fastrtps_c.cpython-310-x86_64-linux-gnu.so[0m
[100%] Built target zeus_interfaces__rosidl_typesupport_c__pyext
[100%] Built target zeus_interfaces__rosidl_typesupport_introspection_c__pyext
[100%] Built target zeus_interfaces__rosidl_typesupport_fastrtps_c__pyext
-- Install configuration: ""
-- Execute custom install script
-- Symlinking: /home/pc/soomac_ws/install/zeus_interfaces/share/ament_index/resource_index/rosidl_interfaces/zeus_interfaces
-- Symlinking: /home/pc/soomac_ws/install/zeus_interfaces/include/zeus_interfaces/zeus_interfaces/msg/detail/zeus_main_command__functions.h
-- Symlinking: /home/pc/soomac_ws/install/zeus_interfaces/include/zeus_interfaces/zeus_interfaces/msg/detail/zeus_main_command__struct.h
-- Symlinking: /home/pc/soomac_ws/install/zeus_interfaces/include/zeus_interfaces/zeus_interfaces/msg/detail/zeus_main_command__type_support.h
-- Symlinking: /home/pc/soomac_ws/install/zeus_interfaces/include/zeus_interfaces/zeus_interfaces/msg/rosidl_generator_c__visibility_control.h
-- Symlinking: /home/pc/soomac_ws/install/zeus_interfaces/include/zeus_interfaces/zeus_interfaces/msg/zeus_main_command.h
-- Symlinking: /home/pc/soomac_ws/install/zeus_interfaces/include/zeus_interfaces/zeus_interfaces/srv/detail/zeus_executor__functions.h
-- Symlinking: /home/pc/soomac_ws/install/zeus_interfaces/include/zeus_interfaces/zeus_interfaces/srv/detail/zeus_executor__struct.h
-- Symlinking: /home/pc/soomac_ws/install/zeus_interfaces/include/zeus_interfaces/zeus_interfaces/srv/detail/zeus_executor__type_support.h
-- Symlinking: /home/pc/soomac_ws/install/zeus_interfaces/include/zeus_interfaces/zeus_interfaces/srv/zeus_executor.h
-- Symlinking: /home/pc/soomac_ws/install/zeus_interfaces/share/zeus_interfaces/environment/library_path.sh
-- Symlinking: /home/pc/soomac_ws/install/zeus_interfaces/share/zeus_interfaces/environment/library_path.dsv
-- Symlinking: /home/pc/soomac_ws/install/zeus_interfaces/include/zeus_interfaces/zeus_interfaces/msg/detail/zeus_main_command__rosidl_typesupport_fastrtps_c.h
-- Symlinking: /home/pc/soomac_ws/install/zeus_interfaces/include/zeus_interfaces/zeus_interfaces/msg/rosidl_typesupport_fastrtps_c__visibility_control.h
-- Symlinking: /home/pc/soomac_ws/install/zeus_interfaces/include/zeus_interfaces/zeus_interfaces/srv/detail/zeus_executor__rosidl_typesupport_fastrtps_c.h
-- Symlinking: /home/pc/soomac_ws/install/zeus_interfaces/include/zeus_interfaces/zeus_interfaces/msg/detail/zeus_main_command__rosidl_typesupport_introspection_c.h
-- Symlinking: /home/pc/soomac_ws/install/zeus_interfaces/include/zeus_interfaces/zeus_interfaces/msg/rosidl_typesupport_introspection_c__visibility_control.h
-- Symlinking: /home/pc/soomac_ws/install/zeus_interfaces/include/zeus_interfaces/zeus_interfaces/srv/detail/zeus_executor__rosidl_typesupport_introspection_c.h
-- Symlinking: /home/pc/soomac_ws/install/zeus_interfaces/include/zeus_interfaces/zeus_interfaces/msg/detail/zeus_main_command__builder.hpp
-- Symlinking: /home/pc/soomac_ws/install/zeus_interfaces/include/zeus_interfaces/zeus_interfaces/msg/detail/zeus_main_command__struct.hpp
-- Symlinking: /home/pc/soomac_ws/install/zeus_interfaces/include/zeus_interfaces/zeus_interfaces/msg/detail/zeus_main_command__traits.hpp
-- Symlinking: /home/pc/soomac_ws/install/zeus_interfaces/include/zeus_interfaces/zeus_interfaces/msg/detail/zeus_main_command__type_support.hpp
-- Symlinking: /home/pc/soomac_ws/install/zeus_interfaces/include/zeus_interfaces/zeus_interfaces/msg/rosidl_generator_cpp__visibility_control.hpp
-- Symlinking: /home/pc/soomac_ws/install/zeus_interfaces/include/zeus_interfaces/zeus_interfaces/msg/zeus_main_command.hpp
-- Symlinking: /home/pc/soomac_ws/install/zeus_interfaces/include/zeus_interfaces/zeus_interfaces/srv/detail/zeus_executor__builder.hpp
-- Symlinking: /home/pc/soomac_ws/install/zeus_interfaces/include/zeus_interfaces/zeus_interfaces/srv/detail/zeus_executor__struct.hpp
-- Symlinking: /home/pc/soomac_ws/install/zeus_interfaces/include/zeus_interfaces/zeus_interfaces/srv/detail/zeus_executor__traits.hpp
-- Symlinking: /home/pc/soomac_ws/install/zeus_interfaces/include/zeus_interfaces/zeus_interfaces/srv/detail/zeus_executor__type_support.hpp
-- Symlinking: /home/pc/soomac_ws/install/zeus_interfaces/include/zeus_interfaces/zeus_interfaces/srv/zeus_executor.hpp
-- Symlinking: /home/pc/soomac_ws/install/zeus_interfaces/include/zeus_interfaces/zeus_interfaces/msg/detail/zeus_main_command__rosidl_typesupport_fastrtps_cpp.hpp
-- Symlinking: /home/pc/soomac_ws/install/zeus_interfaces/include/zeus_interfaces/zeus_interfaces/msg/rosidl_typesupport_fastrtps_cpp__visibility_control.h
-- Symlinking: /home/pc/soomac_ws/install/zeus_interfaces/include/zeus_interfaces/zeus_interfaces/srv/detail/zeus_executor__rosidl_typesupport_fastrtps_cpp.hpp
-- Symlinking: /home/pc/soomac_ws/install/zeus_interfaces/include/zeus_interfaces/zeus_interfaces/msg/detail/zeus_main_command__rosidl_typesupport_introspection_cpp.hpp
-- Symlinking: /home/pc/soomac_ws/install/zeus_interfaces/include/zeus_interfaces/zeus_interfaces/srv/detail/zeus_executor__rosidl_typesupport_introspection_cpp.hpp
-- Symlinking: /home/pc/soomac_ws/install/zeus_interfaces/share/zeus_interfaces/environment/pythonpath.sh
-- Symlinking: /home/pc/soomac_ws/install/zeus_interfaces/share/zeus_interfaces/environment/pythonpath.dsv
-- Symlinking: /home/pc/soomac_ws/install/zeus_interfaces/local/lib/python3.10/dist-packages/zeus_interfaces-0.0.0-py3.10.egg-info/PKG-INFO
-- Symlinking: /home/pc/soomac_ws/install/zeus_interfaces/local/lib/python3.10/dist-packages/zeus_interfaces-0.0.0-py3.10.egg-info/SOURCES.txt
-- Symlinking: /home/pc/soomac_ws/install/zeus_interfaces/local/lib/python3.10/dist-packages/zeus_interfaces-0.0.0-py3.10.egg-info/dependency_links.txt
-- Symlinking: /home/pc/soomac_ws/install/zeus_interfaces/local/lib/python3.10/dist-packages/zeus_interfaces-0.0.0-py3.10.egg-info/top_level.txt
-- Symlinking: /home/pc/soomac_ws/install/zeus_interfaces/local/lib/python3.10/dist-packages/zeus_interfaces/__init__.py
-- Symlinking: /home/pc/soomac_ws/install/zeus_interfaces/local/lib/python3.10/dist-packages/zeus_interfaces/_zeus_interfaces_s.ep.rosidl_typesupport_c.c
-- Symlinking: /home/pc/soomac_ws/install/zeus_interfaces/local/lib/python3.10/dist-packages/zeus_interfaces/_zeus_interfaces_s.ep.rosidl_typesupport_fastrtps_c.c
-- Symlinking: /home/pc/soomac_ws/install/zeus_interfaces/local/lib/python3.10/dist-packages/zeus_interfaces/_zeus_interfaces_s.ep.rosidl_typesupport_introspection_c.c
-- Symlinking: /home/pc/soomac_ws/install/zeus_interfaces/local/lib/python3.10/dist-packages/zeus_interfaces/libzeus_interfaces__rosidl_generator_py.so
-- Symlinking: /home/pc/soomac_ws/install/zeus_interfaces/local/lib/python3.10/dist-packages/zeus_interfaces/msg/__init__.py
-- Symlinking: /home/pc/soomac_ws/install/zeus_interfaces/local/lib/python3.10/dist-packages/zeus_interfaces/msg/_zeus_main_command.py
-- Symlinking: /home/pc/soomac_ws/install/zeus_interfaces/local/lib/python3.10/dist-packages/zeus_interfaces/msg/_zeus_main_command_s.c
-- Symlinking: /home/pc/soomac_ws/install/zeus_interfaces/local/lib/python3.10/dist-packages/zeus_interfaces/srv/__init__.py
-- Symlinking: /home/pc/soomac_ws/install/zeus_interfaces/local/lib/python3.10/dist-packages/zeus_interfaces/srv/_zeus_executor.py
-- Symlinking: /home/pc/soomac_ws/install/zeus_interfaces/local/lib/python3.10/dist-packages/zeus_interfaces/srv/_zeus_executor_s.c
-- Symlinking: /home/pc/soomac_ws/install/zeus_interfaces/local/lib/python3.10/dist-packages/zeus_interfaces/zeus_interfaces_s__rosidl_typesupport_c.cpython-310-x86_64-linux-gnu.so
-- Symlinking: /home/pc/soomac_ws/install/zeus_interfaces/local/lib/python3.10/dist-packages/zeus_interfaces/zeus_interfaces_s__rosidl_typesupport_fastrtps_c.cpython-310-x86_64-linux-gnu.so
-- Symlinking: /home/pc/soomac_ws/install/zeus_interfaces/local/lib/python3.10/dist-packages/zeus_interfaces/zeus_interfaces_s__rosidl_typesupport_introspection_c.cpython-310-x86_64-linux-gnu.so
-- Up-to-date symlink: /home/pc/soomac_ws/install/zeus_interfaces/local/lib/python3.10/dist-packages/zeus_interfaces/zeus_interfaces_s__rosidl_typesupport_fastrtps_c.cpython-310-x86_64-linux-gnu.so
-- Up-to-date symlink: /home/pc/soomac_ws/install/zeus_interfaces/local/lib/python3.10/dist-packages/zeus_interfaces/zeus_interfaces_s__rosidl_typesupport_introspection_c.cpython-310-x86_64-linux-gnu.so
-- Up-to-date symlink: /home/pc/soomac_ws/install/zeus_interfaces/local/lib/python3.10/dist-packages/zeus_interfaces/zeus_interfaces_s__rosidl_typesupport_c.cpython-310-x86_64-linux-gnu.so
-- Symlinking: /home/pc/soomac_ws/install/zeus_interfaces/share/zeus_interfaces/srv/ZeusExecutor.idl
-- Symlinking: /home/pc/soomac_ws/install/zeus_interfaces/share/zeus_interfaces/msg/ZeusMainCommand.idl
-- Symlinking: /home/pc/soomac_ws/install/zeus_interfaces/share/zeus_interfaces/srv/ZeusExecutor.srv
-- Symlinking: /home/pc/soomac_ws/install/zeus_interfaces/share/zeus_interfaces/srv/ZeusExecutor_Request.msg
-- Symlinking: /home/pc/soomac_ws/install/zeus_interfaces/share/zeus_interfaces/srv/ZeusExecutor_Response.msg
-- Symlinking: /home/pc/soomac_ws/install/zeus_interfaces/share/zeus_interfaces/msg/ZeusMainCommand.msg
-- Symlinking: /home/pc/soomac_ws/install/zeus_interfaces/share/ament_index/resource_index/package_run_dependencies/zeus_interfaces
-- Symlinking: /home/pc/soomac_ws/install/zeus_interfaces/share/ament_index/resource_index/parent_prefix_path/zeus_interfaces
-- Symlinking: /home/pc/soomac_ws/install/zeus_interfaces/share/zeus_interfaces/environment/ament_prefix_path.sh
-- Symlinking: /home/pc/soomac_ws/install/zeus_interfaces/share/zeus_interfaces/environment/ament_prefix_path.dsv
-- Symlinking: /home/pc/soomac_ws/install/zeus_interfaces/share/zeus_interfaces/environment/path.sh
-- Symlinking: /home/pc/soomac_ws/install/zeus_interfaces/share/zeus_interfaces/environment/path.dsv
-- Symlinking: /home/pc/soomac_ws/install/zeus_interfaces/share/zeus_interfaces/local_setup.bash
-- Symlinking: /home/pc/soomac_ws/install/zeus_interfaces/share/zeus_interfaces/local_setup.sh
-- Symlinking: /home/pc/soomac_ws/install/zeus_interfaces/share/zeus_interfaces/local_setup.zsh
-- Symlinking: /home/pc/soomac_ws/install/zeus_interfaces/share/zeus_interfaces/local_setup.dsv
-- Symlinking: /home/pc/soomac_ws/install/zeus_interfaces/share/zeus_interfaces/package.dsv
-- Symlinking: /home/pc/soomac_ws/install/zeus_interfaces/share/ament_index/resource_index/packages/zeus_interfaces
-- Symlinking: /home/pc/soomac_ws/install/zeus_interfaces/share/zeus_interfaces/cmake/rosidl_cmake-extras.cmake
-- Symlinking: /home/pc/soomac_ws/install/zeus_interfaces/share/zeus_interfaces/cmake/ament_cmake_export_include_directories-extras.cmake
-- Symlinking: /home/pc/soomac_ws/install/zeus_interfaces/share/zeus_interfaces/cmake/ament_cmake_export_libraries-extras.cmake
-- Symlinking: /home/pc/soomac_ws/install/zeus_interfaces/share/zeus_interfaces/cmake/ament_cmake_export_targets-extras.cmake
-- Symlinking: /home/pc/soomac_ws/install/zeus_interfaces/share/zeus_interfaces/cmake/rosidl_cmake_export_typesupport_targets-extras.cmake
-- Symlinking: /home/pc/soomac_ws/install/zeus_interfaces/share/zeus_interfaces/cmake/ament_cmake_export_dependencies-extras.cmake
-- Symlinking: /home/pc/soomac_ws/install/zeus_interfaces/share/zeus_interfaces/cmake/rosidl_cmake_export_typesupport_libraries-extras.cmake
-- Symlinking: /home/pc/soomac_ws/install/zeus_interfaces/share/zeus_interfaces/cmake/zeus_interfacesConfig.cmake
-- Symlinking: /home/pc/soomac_ws/install/zeus_interfaces/share/zeus_interfaces/cmake/zeus_interfacesConfig-version.cmake
-- Symlinking: /home/pc/soomac_ws/install/zeus_interfaces/share/zeus_interfaces/package.xml
-- Installing: /home/pc/soomac_ws/install/zeus_interfaces/lib/libzeus_interfaces__rosidl_generator_c.so
-- Set runtime path of "/home/pc/soomac_ws/install/zeus_interfaces/lib/libzeus_interfaces__rosidl_generator_c.so" to ""
-- Installing: /home/pc/soomac_ws/install/zeus_interfaces/lib/libzeus_interfaces__rosidl_typesupport_fastrtps_c.so
-- Set runtime path of "/home/pc/soomac_ws/install/zeus_interfaces/lib/libzeus_interfaces__rosidl_typesupport_fastrtps_c.so" to ""
-- Installing: /home/pc/soomac_ws/install/zeus_interfaces/lib/libzeus_interfaces__rosidl_typesupport_introspection_c.so
-- Set runtime path of "/home/pc/soomac_ws/install/zeus_interfaces/lib/libzeus_interfaces__rosidl_typesupport_introspection_c.so" to ""
-- Installing: /home/pc/soomac_ws/install/zeus_interfaces/lib/libzeus_interfaces__rosidl_typesupport_c.so
-- Set runtime path of "/home/pc/soomac_ws/install/zeus_interfaces/lib/libzeus_interfaces__rosidl_typesupport_c.so" to ""
-- Installing: /home/pc/soomac_ws/install/zeus_interfaces/lib/libzeus_interfaces__rosidl_typesupport_fastrtps_cpp.so
-- Set runtime path of "/home/pc/soomac_ws/install/zeus_interfaces/lib/libzeus_interfaces__rosidl_typesupport_fastrtps_cpp.so" to ""
-- Installing: /home/pc/soomac_ws/install/zeus_interfaces/lib/libzeus_interfaces__rosidl_typesupport_introspection_cpp.so
-- Set runtime path of "/home/pc/soomac_ws/install/zeus_interfaces/lib/libzeus_interfaces__rosidl_typesupport_introspection_cpp.so" to ""
-- Installing: /home/pc/soomac_ws/install/zeus_interfaces/lib/libzeus_interfaces__rosidl_typesupport_cpp.so
-- Set runtime path of "/home/pc/soomac_ws/install/zeus_interfaces/lib/libzeus_interfaces__rosidl_typesupport_cpp.so" to ""
Listing '/home/pc/soomac_ws/install/zeus_interfaces/local/lib/python3.10/dist-packages/zeus_interfaces'...
Compiling '/home/pc/soomac_ws/install/zeus_interfaces/local/lib/python3.10/dist-packages/zeus_interfaces/__init__.py'...
Listing '/home/pc/soomac_ws/install/zeus_interfaces/local/lib/python3.10/dist-packages/zeus_interfaces/msg'...
Compiling '/home/pc/soomac_ws/install/zeus_interfaces/local/lib/python3.10/dist-packages/zeus_interfaces/msg/__init__.py'...
Compiling '/home/pc/soomac_ws/install/zeus_interfaces/local/lib/python3.10/dist-packages/zeus_interfaces/msg/_zeus_main_command.py'...
Listing '/home/pc/soomac_ws/install/zeus_interfaces/local/lib/python3.10/dist-packages/zeus_interfaces/srv'...
Compiling '/home/pc/soomac_ws/install/zeus_interfaces/local/lib/python3.10/dist-packages/zeus_interfaces/srv/__init__.py'...
Compiling '/home/pc/soomac_ws/install/zeus_interfaces/local/lib/python3.10/dist-packages/zeus_interfaces/srv/_zeus_executor.py'...
-- Installing: /home/pc/soomac_ws/install/zeus_interfaces/lib/libzeus_interfaces__rosidl_generator_py.so
-- Set runtime path of "/home/pc/soomac_ws/install/zeus_interfaces/lib/libzeus_interfaces__rosidl_generator_py.so" to ""
-- Installing: /home/pc/soomac_ws/install/zeus_interfaces/share/zeus_interfaces/cmake/export_zeus_interfaces__rosidl_generator_cExport.cmake
-- Installing: /home/pc/soomac_ws/install/zeus_interfaces/share/zeus_interfaces/cmake/export_zeus_interfaces__rosidl_generator_cExport-noconfig.cmake
-- Installing: /home/pc/soomac_ws/install/zeus_interfaces/share/zeus_interfaces/cmake/export_zeus_interfaces__rosidl_typesupport_fastrtps_cExport.cmake
-- Installing: /home/pc/soomac_ws/install/zeus_interfaces/share/zeus_interfaces/cmake/export_zeus_interfaces__rosidl_typesupport_fastrtps_cExport-noconfig.cmake
-- Installing: /home/pc/soomac_ws/install/zeus_interfaces/share/zeus_interfaces/cmake/zeus_interfaces__rosidl_typesupport_introspection_cExport.cmake
-- Installing: /home/pc/soomac_ws/install/zeus_interfaces/share/zeus_interfaces/cmake/zeus_interfaces__rosidl_typesupport_introspection_cExport-noconfig.cmake
-- Installing: /home/pc/soomac_ws/install/zeus_interfaces/share/zeus_interfaces/cmake/zeus_interfaces__rosidl_typesupport_cExport.cmake
-- Installing: /home/pc/soomac_ws/install/zeus_interfaces/share/zeus_interfaces/cmake/zeus_interfaces__rosidl_typesupport_cExport-noconfig.cmake
-- Installing: /home/pc/soomac_ws/install/zeus_interfaces/share/zeus_interfaces/cmake/export_zeus_interfaces__rosidl_generator_cppExport.cmake
-- Installing: /home/pc/soomac_ws/install/zeus_interfaces/share/zeus_interfaces/cmake/export_zeus_interfaces__rosidl_typesupport_fastrtps_cppExport.cmake
-- Installing: /home/pc/soomac_ws/install/zeus_interfaces/share/zeus_interfaces/cmake/export_zeus_interfaces__rosidl_typesupport_fastrtps_cppExport-noconfig.cmake
-- Installing: /home/pc/soomac_ws/install/zeus_interfaces/share/zeus_interfaces/cmake/zeus_interfaces__rosidl_typesupport_introspection_cppExport.cmake
-- Installing: /home/pc/soomac_ws/install/zeus_interfaces/share/zeus_interfaces/cmake/zeus_interfaces__rosidl_typesupport_introspection_cppExport-noconfig.cmake
-- Installing: /home/pc/soomac_ws/install/zeus_interfaces/share/zeus_interfaces/cmake/zeus_interfaces__rosidl_typesupport_cppExport.cmake
-- Installing: /home/pc/soomac_ws/install/zeus_interfaces/share/zeus_interfaces/cmake/zeus_interfaces__rosidl_typesupport_cppExport-noconfig.cmake
-- Installing: /home/pc/soomac_ws/install/zeus_interfaces/share/zeus_interfaces/cmake/export_zeus_interfaces__rosidl_generator_pyExport.cmake
-- Installing: /home/pc/soomac_ws/install/zeus_interfaces/share/zeus_interfaces/cmake/export_zeus_interfaces__rosidl_generator_pyExport-noconfig.cmake
