-- Found ament_cmake: 1.3.12 (/opt/ros/humble/share/ament_cmake/cmake)
-- Found rclcpp: 16.0.15 (/opt/ros/humble/share/rclcpp/cmake)
-- Found rosidl_generator_c: 3.1.7 (/opt/ros/humble/share/rosidl_generator_c/cmake)
-- Found rosidl_adapter: 3.1.7 (/opt/ros/humble/share/rosidl_adapter/cmake)
-- Found rosidl_generator_cpp: 3.1.7 (/opt/ros/humble/share/rosidl_generator_cpp/cmake)
-- Using all available rosidl_typesupport_c: rosidl_typesupport_fastrtps_c;rosidl_typesupport_introspection_c
-- Using all available rosidl_typesupport_cpp: rosidl_typesupport_fastrtps_cpp;rosidl_typesupport_introspection_cpp
-- Found rmw_implementation_cmake: 6.1.2 (/opt/ros/humble/share/rmw_implementation_cmake/cmake)
-- Found rmw_fastrtps_cpp: 6.2.8 (/opt/ros/humble/share/rmw_fastrtps_cpp/cmake)
-- Using RMW implementation 'rmw_fastrtps_cpp' as default
-- Found dynamixel_sdk: 3.8.4 (/opt/ros/humble/share/dynamixel_sdk/cmake)
-- Configuring done
-- Generating done
-- Build files have been written to: /home/pc/soomac_ws/build/dongsoo_cpp_pkg
[ 25%] [32mBuilding CXX object CMakeFiles/test_motor_connect.dir/src/test_motor_connect.cpp.o[0m
[ 50%] [32mBuilding CXX object CMakeFiles/motor_connect.dir/src/motor_connect.cpp.o[0m
[01m[K/home/pc/soomac_ws/src/dongsoo_cpp_pkg/src/motor_connect.cpp:19:10:[m[K [01;31m[Kfatal error: [m[Knlohmann/json.hpp: No such file or directory
   19 | #include [01;31m[K<nlohmann/json.hpp>[m[K  // nlohmann JSON library
      |          [01;31m[K^~~~~~~~~~~~~~~~~~~[m[K
[01m[K/home/pc/soomac_ws/src/dongsoo_cpp_pkg/src/test_motor_connect.cpp:20:10:[m[K [01;31m[Kfatal error: [m[Knlohmann/json.hpp: No such file or directory
   20 | #include [01;31m[K<nlohmann/json.hpp>[m[K  // nlohmann JSON library
      |          [01;31m[K^~~~~~~~~~~~~~~~~~~[m[K
compilation terminated.
compilation terminated.
gmake[2]: *** [CMakeFiles/motor_connect.dir/build.make:76: CMakeFiles/motor_connect.dir/src/motor_connect.cpp.o] Error 1
gmake[2]: *** [CMakeFiles/test_motor_connect.dir/build.make:76: CMakeFiles/test_motor_connect.dir/src/test_motor_connect.cpp.o] Error 1
gmake[1]: *** [CMakeFiles/Makefile2:139: CMakeFiles/motor_connect.dir/all] Error 2
gmake[1]: *** Waiting for unfinished jobs....
gmake[1]: *** [CMakeFiles/Makefile2:165: CMakeFiles/test_motor_connect.dir/all] Error 2
gmake: *** [Makefile:146: all] Error 2
