[0.006s] Invoking command in '/home/pc/soomac_ws/build/dongsoo_cpp_pkg': CMAKE_PREFIX_PATH=${CMAKE_PREFIX_PATH}:/opt/ros/humble /usr/bin/cmake /home/pc/soomac_ws/src/dongsoo_cpp_pkg -DCMAKE_INSTALL_PREFIX=/home/pc/soomac_ws/install/dongsoo_cpp_pkg
[0.012s] -- Found ament_cmake: 1.3.12 (/opt/ros/humble/share/ament_cmake/cmake)
[0.077s] -- Found rclcpp: 16.0.15 (/opt/ros/humble/share/rclcpp/cmake)
[0.090s] -- Found rosidl_generator_c: 3.1.7 (/opt/ros/humble/share/rosidl_generator_c/cmake)
[0.091s] -- Found rosidl_adapter: 3.1.7 (/opt/ros/humble/share/rosidl_adapter/cmake)
[0.093s] -- Found rosidl_generator_cpp: 3.1.7 (/opt/ros/humble/share/rosidl_generator_cpp/cmake)
[0.097s] -- Using all available rosidl_typesupport_c: rosidl_typesupport_fastrtps_c;rosidl_typesupport_introspection_c
[0.103s] -- Using all available rosidl_typesupport_cpp: rosidl_typesupport_fastrtps_cpp;rosidl_typesupport_introspection_cpp
[0.117s] -- Found rmw_implementation_cmake: 6.1.2 (/opt/ros/humble/share/rmw_implementation_cmake/cmake)
[0.117s] -- Found rmw_fastrtps_cpp: 6.2.8 (/opt/ros/humble/share/rmw_fastrtps_cpp/cmake)
[0.170s] -- Using RMW implementation 'rmw_fastrtps_cpp' as default
[0.193s] -- Found dynamixel_sdk: 3.8.4 (/opt/ros/humble/share/dynamixel_sdk/cmake)
[0.245s] -- Configuring done
[0.251s] -- Generating done
[0.252s] -- Build files have been written to: /home/pc/soomac_ws/build/dongsoo_cpp_pkg
[0.256s] Invoked command in '/home/pc/soomac_ws/build/dongsoo_cpp_pkg' returned '0': CMAKE_PREFIX_PATH=${CMAKE_PREFIX_PATH}:/opt/ros/humble /usr/bin/cmake /home/pc/soomac_ws/src/dongsoo_cpp_pkg -DCMAKE_INSTALL_PREFIX=/home/pc/soomac_ws/install/dongsoo_cpp_pkg
[0.258s] Invoking command in '/home/pc/soomac_ws/build/dongsoo_cpp_pkg': CMAKE_PREFIX_PATH=${CMAKE_PREFIX_PATH}:/opt/ros/humble /usr/bin/cmake --build /home/pc/soomac_ws/build/dongsoo_cpp_pkg -- -j32 -l32
[0.288s] [ 25%] [32mBuilding CXX object CMakeFiles/test_motor_connect.dir/src/test_motor_connect.cpp.o[0m
[0.288s] [ 50%] [32mBuilding CXX object CMakeFiles/motor_connect.dir/src/motor_connect.cpp.o[0m
[0.379s] [01m[K/home/pc/soomac_ws/src/dongsoo_cpp_pkg/src/motor_connect.cpp:19:10:[m[K [01;31m[Kfatal error: [m[Knlohmann/json.hpp: No such file or directory
[0.379s]    19 | #include [01;31m[K<nlohmann/json.hpp>[m[K  // nlohmann JSON library
[0.379s]       |          [01;31m[K^~~~~~~~~~~~~~~~~~~[m[K
[0.379s] [01m[K/home/pc/soomac_ws/src/dongsoo_cpp_pkg/src/test_motor_connect.cpp:20:10:[m[K [01;31m[Kfatal error: [m[Knlohmann/json.hpp: No such file or directory
[0.379s]    20 | #include [01;31m[K<nlohmann/json.hpp>[m[K  // nlohmann JSON library
[0.379s]       |          [01;31m[K^~~~~~~~~~~~~~~~~~~[m[K
[0.379s] compilation terminated.
[0.379s] compilation terminated.
[0.380s] gmake[2]: *** [CMakeFiles/motor_connect.dir/build.make:76: CMakeFiles/motor_connect.dir/src/motor_connect.cpp.o] Error 1
[0.380s] gmake[2]: *** [CMakeFiles/test_motor_connect.dir/build.make:76: CMakeFiles/test_motor_connect.dir/src/test_motor_connect.cpp.o] Error 1
[0.380s] gmake[1]: *** [CMakeFiles/Makefile2:139: CMakeFiles/motor_connect.dir/all] Error 2
[0.380s] gmake[1]: *** Waiting for unfinished jobs....
[0.380s] gmake[1]: *** [CMakeFiles/Makefile2:165: CMakeFiles/test_motor_connect.dir/all] Error 2
[0.380s] gmake: *** [Makefile:146: all] Error 2
[0.382s] Invoked command in '/home/pc/soomac_ws/build/dongsoo_cpp_pkg' returned '2': CMAKE_PREFIX_PATH=${CMAKE_PREFIX_PATH}:/opt/ros/humble /usr/bin/cmake --build /home/pc/soomac_ws/build/dongsoo_cpp_pkg -- -j32 -l32
