[0.283s] Invoking command in '/home/pc/soomac_ws/build/dongsoo_py_pkg': PYTHONPATH=/home/pc/soomac_ws/build/dongsoo_py_pkg/prefix_override:/usr/lib/python3/dist-packages/colcon_core/task/python/colcon_distutils_commands:/home/pc/soomac_ws/install/dongsoo_py_pkg/lib/python3.10/site-packages:${PYTHONPATH} /usr/bin/python3 -W ignore:setup.py install is deprecated -W ignore:easy_install command is deprecated setup.py develop --editable --build-directory /home/pc/soomac_ws/build/dongsoo_py_pkg/build --no-deps symlink_data
[0.405s] running develop
[0.469s] running egg_info
[0.469s] writing dongsoo_py_pkg.egg-info/PKG-INFO
[0.469s] writing dependency_links to dongsoo_py_pkg.egg-info/dependency_links.txt
[0.469s] writing entry points to dongsoo_py_pkg.egg-info/entry_points.txt
[0.469s] writing requirements to dongsoo_py_pkg.egg-info/requires.txt
[0.469s] writing top-level names to dongsoo_py_pkg.egg-info/top_level.txt
[0.470s] reading manifest file 'dongsoo_py_pkg.egg-info/SOURCES.txt'
[0.470s] writing manifest file 'dongsoo_py_pkg.egg-info/SOURCES.txt'
[0.471s] running build_ext
[0.471s] Creating /home/pc/soomac_ws/install/dongsoo_py_pkg/lib/python3.10/site-packages/dongsoo-py-pkg.egg-link (link to .)
[0.471s] Installing data_hub_py script to /home/pc/soomac_ws/install/dongsoo_py_pkg/lib/dongsoo_py_pkg
[0.471s] Installing monitoring_hub script to /home/pc/soomac_ws/install/dongsoo_py_pkg/lib/dongsoo_py_pkg
[0.471s] Installing motor_dummy script to /home/pc/soomac_ws/install/dongsoo_py_pkg/lib/dongsoo_py_pkg
[0.472s] Installing one_way_trajectory script to /home/pc/soomac_ws/install/dongsoo_py_pkg/lib/dongsoo_py_pkg
[0.472s] Installing trajectory_test script to /home/pc/soomac_ws/install/dongsoo_py_pkg/lib/dongsoo_py_pkg
[0.472s] 
[0.472s] Installed /home/pc/soomac_ws/build/dongsoo_py_pkg
[0.472s] running symlink_data
[0.483s] Invoked command in '/home/pc/soomac_ws/build/dongsoo_py_pkg' returned '0': PYTHONPATH=/home/pc/soomac_ws/build/dongsoo_py_pkg/prefix_override:/usr/lib/python3/dist-packages/colcon_core/task/python/colcon_distutils_commands:/home/pc/soomac_ws/install/dongsoo_py_pkg/lib/python3.10/site-packages:${PYTHONPATH} /usr/bin/python3 -W ignore:setup.py install is deprecated -W ignore:easy_install command is deprecated setup.py develop --editable --build-directory /home/pc/soomac_ws/build/dongsoo_py_pkg/build --no-deps symlink_data
