running egg_info
writing ../../build/zeus_controller/zeus_controller.egg-info/PKG-INFO
writing dependency_links to ../../build/zeus_controller/zeus_controller.egg-info/dependency_links.txt
writing entry points to ../../build/zeus_controller/zeus_controller.egg-info/entry_points.txt
writing requirements to ../../build/zeus_controller/zeus_controller.egg-info/requires.txt
writing top-level names to ../../build/zeus_controller/zeus_controller.egg-info/top_level.txt
reading manifest file '../../build/zeus_controller/zeus_controller.egg-info/SOURCES.txt'
writing manifest file '../../build/zeus_controller/zeus_controller.egg-info/SOURCES.txt'
running build
running build_py
copying zeus_controller/zeus_main.py -> /home/pc/soomac_ws/build/zeus_controller/build/lib/zeus_controller
running install
running install_lib
copying /home/pc/soomac_ws/build/zeus_controller/build/lib/zeus_controller/zeus_main.py -> /home/pc/soomac_ws/install/zeus_controller/lib/python3.10/site-packages/zeus_controller
byte-compiling /home/pc/soomac_ws/install/zeus_controller/lib/python3.10/site-packages/zeus_controller/zeus_main.py to zeus_main.cpython-310.pyc
running install_data
running install_egg_info
removing '/home/pc/soomac_ws/install/zeus_controller/lib/python3.10/site-packages/zeus_controller-0.0.0-py3.10.egg-info' (and everything under it)
Copying ../../build/zeus_controller/zeus_controller.egg-info to /home/pc/soomac_ws/install/zeus_controller/lib/python3.10/site-packages/zeus_controller-0.0.0-py3.10.egg-info
running install_scripts
Installing connect_zeus script to /home/pc/soomac_ws/install/zeus_controller/lib/zeus_controller
writing list of installed files to '/home/pc/soomac_ws/build/zeus_controller/install.log'
