[0.264s] Invoking command in '/home/pc/soomac_ws/src/zeus_controller': PYTHONPATH=/home/pc/soomac_ws/build/zeus_controller/prefix_override:/usr/lib/python3/dist-packages/colcon_core/task/python/colcon_distutils_commands:/home/pc/soomac_ws/install/zeus_controller/lib/python3.10/site-packages:${PYTHONPATH} /usr/bin/python3 -W ignore:setup.py install is deprecated -W ignore:easy_install command is deprecated setup.py egg_info --egg-base ../../build/zeus_controller build --build-base /home/pc/soomac_ws/build/zeus_controller/build install --record /home/pc/soomac_ws/build/zeus_controller/install.log --single-version-externally-managed install_data
[0.368s] running egg_info
[0.368s] writing ../../build/zeus_controller/zeus_controller.egg-info/PKG-INFO
[0.368s] writing dependency_links to ../../build/zeus_controller/zeus_controller.egg-info/dependency_links.txt
[0.368s] writing entry points to ../../build/zeus_controller/zeus_controller.egg-info/entry_points.txt
[0.368s] writing requirements to ../../build/zeus_controller/zeus_controller.egg-info/requires.txt
[0.368s] writing top-level names to ../../build/zeus_controller/zeus_controller.egg-info/top_level.txt
[0.369s] reading manifest file '../../build/zeus_controller/zeus_controller.egg-info/SOURCES.txt'
[0.369s] writing manifest file '../../build/zeus_controller/zeus_controller.egg-info/SOURCES.txt'
[0.369s] running build
[0.369s] running build_py
[0.369s] copying zeus_controller/zeus_main.py -> /home/pc/soomac_ws/build/zeus_controller/build/lib/zeus_controller
[0.369s] running install
[0.369s] running install_lib
[0.370s] copying /home/pc/soomac_ws/build/zeus_controller/build/lib/zeus_controller/zeus_main.py -> /home/pc/soomac_ws/install/zeus_controller/lib/python3.10/site-packages/zeus_controller
[0.370s] byte-compiling /home/pc/soomac_ws/install/zeus_controller/lib/python3.10/site-packages/zeus_controller/zeus_main.py to zeus_main.cpython-310.pyc
[0.371s] running install_data
[0.371s] running install_egg_info
[0.371s] removing '/home/pc/soomac_ws/install/zeus_controller/lib/python3.10/site-packages/zeus_controller-0.0.0-py3.10.egg-info' (and everything under it)
[0.372s] Copying ../../build/zeus_controller/zeus_controller.egg-info to /home/pc/soomac_ws/install/zeus_controller/lib/python3.10/site-packages/zeus_controller-0.0.0-py3.10.egg-info
[0.372s] running install_scripts
[0.381s] Installing connect_zeus script to /home/pc/soomac_ws/install/zeus_controller/lib/zeus_controller
[0.381s] writing list of installed files to '/home/pc/soomac_ws/build/zeus_controller/install.log'
[0.391s] Invoked command in '/home/pc/soomac_ws/src/zeus_controller' returned '0': PYTHONPATH=/home/pc/soomac_ws/build/zeus_controller/prefix_override:/usr/lib/python3/dist-packages/colcon_core/task/python/colcon_distutils_commands:/home/pc/soomac_ws/install/zeus_controller/lib/python3.10/site-packages:${PYTHONPATH} /usr/bin/python3 -W ignore:setup.py install is deprecated -W ignore:easy_install command is deprecated setup.py egg_info --egg-base ../../build/zeus_controller build --build-base /home/pc/soomac_ws/build/zeus_controller/build install --record /home/pc/soomac_ws/build/zeus_controller/install.log --single-version-externally-managed install_data
