[0.262s] Invoking command in '/home/pc/soomac_ws/build/dongsoo_control_pkg': CMAKE_PREFIX_PATH=/home/pc/soomac_ws/install/dongsoo_interfaces:/home/pc/soomac_ws/install/dongsoo_description:/usr/local PYTHONPATH=/home/pc/soomac_ws/build/dongsoo_control_pkg/prefix_override:/usr/lib/python3/dist-packages/colcon_core/task/python/colcon_distutils_commands:/home/pc/soomac_ws/install/dongsoo_control_pkg/lib/python3.10/site-packages:${PYTHONPATH} /usr/bin/python3 -W ignore:setup.py install is deprecated -W ignore:easy_install command is deprecated setup.py develop --editable --build-directory /home/pc/soomac_ws/build/dongsoo_control_pkg/build --no-deps symlink_data
[0.373s] running develop
[0.434s] running egg_info
[0.434s] writing dongsoo_control_pkg.egg-info/PKG-INFO
[0.434s] writing dependency_links to dongsoo_control_pkg.egg-info/dependency_links.txt
[0.435s] writing entry points to dongsoo_control_pkg.egg-info/entry_points.txt
[0.435s] writing requirements to dongsoo_control_pkg.egg-info/requires.txt
[0.435s] writing top-level names to dongsoo_control_pkg.egg-info/top_level.txt
[0.435s] reading manifest file 'dongsoo_control_pkg.egg-info/SOURCES.txt'
[0.436s] writing manifest file 'dongsoo_control_pkg.egg-info/SOURCES.txt'
[0.436s] running build_ext
[0.436s] Creating /home/pc/soomac_ws/install/dongsoo_control_pkg/lib/python3.10/site-packages/dongsoo-control-pkg.egg-link (link to .)
[0.437s] Installing client_node script to /home/pc/soomac_ws/install/dongsoo_control_pkg/lib/dongsoo_control_pkg
[0.437s] Installing command_centor_node script to /home/pc/soomac_ws/install/dongsoo_control_pkg/lib/dongsoo_control_pkg
[0.437s] Installing data_hub script to /home/pc/soomac_ws/install/dongsoo_control_pkg/lib/dongsoo_control_pkg
[0.437s] Installing gripper_node script to /home/pc/soomac_ws/install/dongsoo_control_pkg/lib/dongsoo_control_pkg
[0.437s] Installing monitoring_node script to /home/pc/soomac_ws/install/dongsoo_control_pkg/lib/dongsoo_control_pkg
[0.437s] Installing motor_connect script to /home/pc/soomac_ws/install/dongsoo_control_pkg/lib/dongsoo_control_pkg
[0.437s] Installing server_node script to /home/pc/soomac_ws/install/dongsoo_control_pkg/lib/dongsoo_control_pkg
[0.437s] 
[0.437s] Installed /home/pc/soomac_ws/build/dongsoo_control_pkg
[0.437s] running symlink_data
[0.447s] Invoked command in '/home/pc/soomac_ws/build/dongsoo_control_pkg' returned '0': CMAKE_PREFIX_PATH=/home/pc/soomac_ws/install/dongsoo_interfaces:/home/pc/soomac_ws/install/dongsoo_description:/usr/local PYTHONPATH=/home/pc/soomac_ws/build/dongsoo_control_pkg/prefix_override:/usr/lib/python3/dist-packages/colcon_core/task/python/colcon_distutils_commands:/home/pc/soomac_ws/install/dongsoo_control_pkg/lib/python3.10/site-packages:${PYTHONPATH} /usr/bin/python3 -W ignore:setup.py install is deprecated -W ignore:easy_install command is deprecated setup.py develop --editable --build-directory /home/pc/soomac_ws/build/dongsoo_control_pkg/build --no-deps symlink_data
