[0.280s] Invoking command in '/home/pc/soomac_ws/src/dongsoo_py_pkg': PYTHONPATH=/home/pc/soomac_ws/build/dongsoo_py_pkg/prefix_override:/usr/lib/python3/dist-packages/colcon_core/task/python/colcon_distutils_commands:/home/pc/soomac_ws/install/dongsoo_py_pkg/lib/python3.10/site-packages:${PYTHONPATH} /usr/bin/python3 -W ignore:setup.py install is deprecated -W ignore:easy_install command is deprecated setup.py egg_info --egg-base ../../build/dongsoo_py_pkg build --build-base /home/pc/soomac_ws/build/dongsoo_py_pkg/build install --record /home/pc/soomac_ws/build/dongsoo_py_pkg/install.log --single-version-externally-managed install_data
[0.387s] running egg_info
[0.387s] writing ../../build/dongsoo_py_pkg/dongsoo_py_pkg.egg-info/PKG-INFO
[0.387s] writing dependency_links to ../../build/dongsoo_py_pkg/dongsoo_py_pkg.egg-info/dependency_links.txt
[0.387s] writing entry points to ../../build/dongsoo_py_pkg/dongsoo_py_pkg.egg-info/entry_points.txt
[0.387s] writing requirements to ../../build/dongsoo_py_pkg/dongsoo_py_pkg.egg-info/requires.txt
[0.387s] writing top-level names to ../../build/dongsoo_py_pkg/dongsoo_py_pkg.egg-info/top_level.txt
[0.388s] reading manifest file '../../build/dongsoo_py_pkg/dongsoo_py_pkg.egg-info/SOURCES.txt'
[0.388s] writing manifest file '../../build/dongsoo_py_pkg/dongsoo_py_pkg.egg-info/SOURCES.txt'
[0.389s] running build
[0.389s] running build_py
[0.389s] copying dongsoo_py_pkg/monitoring_hub.py -> /home/pc/soomac_ws/build/dongsoo_py_pkg/build/lib/dongsoo_py_pkg
[0.389s] copying dongsoo_py_pkg/memo.py -> /home/pc/soomac_ws/build/dongsoo_py_pkg/build/lib/dongsoo_py_pkg
[0.389s] running install
[0.389s] running install_lib
[0.389s] copying /home/pc/soomac_ws/build/dongsoo_py_pkg/build/lib/dongsoo_py_pkg/monitoring_hub.py -> /home/pc/soomac_ws/install/dongsoo_py_pkg/lib/python3.10/site-packages/dongsoo_py_pkg
[0.389s] copying /home/pc/soomac_ws/build/dongsoo_py_pkg/build/lib/dongsoo_py_pkg/memo.py -> /home/pc/soomac_ws/install/dongsoo_py_pkg/lib/python3.10/site-packages/dongsoo_py_pkg
[0.390s] byte-compiling /home/pc/soomac_ws/install/dongsoo_py_pkg/lib/python3.10/site-packages/dongsoo_py_pkg/monitoring_hub.py to monitoring_hub.cpython-310.pyc
[0.390s] byte-compiling /home/pc/soomac_ws/install/dongsoo_py_pkg/lib/python3.10/site-packages/dongsoo_py_pkg/memo.py to memo.cpython-310.pyc
[0.391s] running install_data
[0.391s] running install_egg_info
[0.391s] removing '/home/pc/soomac_ws/install/dongsoo_py_pkg/lib/python3.10/site-packages/dongsoo_py_pkg-0.0.0-py3.10.egg-info' (and everything under it)
[0.392s] Copying ../../build/dongsoo_py_pkg/dongsoo_py_pkg.egg-info to /home/pc/soomac_ws/install/dongsoo_py_pkg/lib/python3.10/site-packages/dongsoo_py_pkg-0.0.0-py3.10.egg-info
[0.392s] running install_scripts
[0.401s] Installing data_hub_py script to /home/pc/soomac_ws/install/dongsoo_py_pkg/lib/dongsoo_py_pkg
[0.401s] Installing monitoring_hub script to /home/pc/soomac_ws/install/dongsoo_py_pkg/lib/dongsoo_py_pkg
[0.401s] Installing motor_dummy script to /home/pc/soomac_ws/install/dongsoo_py_pkg/lib/dongsoo_py_pkg
[0.402s] Installing one_way_trajectory script to /home/pc/soomac_ws/install/dongsoo_py_pkg/lib/dongsoo_py_pkg
[0.402s] Installing trajectory_test script to /home/pc/soomac_ws/install/dongsoo_py_pkg/lib/dongsoo_py_pkg
[0.402s] writing list of installed files to '/home/pc/soomac_ws/build/dongsoo_py_pkg/install.log'
[0.413s] Invoked command in '/home/pc/soomac_ws/src/dongsoo_py_pkg' returned '0': PYTHONPATH=/home/pc/soomac_ws/build/dongsoo_py_pkg/prefix_override:/usr/lib/python3/dist-packages/colcon_core/task/python/colcon_distutils_commands:/home/pc/soomac_ws/install/dongsoo_py_pkg/lib/python3.10/site-packages:${PYTHONPATH} /usr/bin/python3 -W ignore:setup.py install is deprecated -W ignore:easy_install command is deprecated setup.py egg_info --egg-base ../../build/dongsoo_py_pkg build --build-base /home/pc/soomac_ws/build/dongsoo_py_pkg/build install --record /home/pc/soomac_ws/build/dongsoo_py_pkg/install.log --single-version-externally-managed install_data
