[0.656s] Invoking command in '/home/wt/zeus_ws/src/vision_node': CONDA_PROMPT_MODIFIER=(base) PYTHONPATH=/home/wt/zeus_ws/build/vision_node/prefix_override:/usr/lib/python3/dist-packages/colcon_core/task/python/colcon_distutils_commands:/home/wt/zeus_ws/install/vision_node/lib/python3.10/site-packages:${PYTHONPATH} /usr/bin/python3 -W ignore:setup.py install is deprecated -W ignore:easy_install command is deprecated setup.py egg_info --egg-base ../../build/vision_node build --build-base /home/wt/zeus_ws/build/vision_node/build install --record /home/wt/zeus_ws/build/vision_node/install.log --single-version-externally-managed install_data
[0.820s] running egg_info
[0.820s] writing ../../build/vision_node/vision_node.egg-info/PKG-INFO
[0.820s] writing dependency_links to ../../build/vision_node/vision_node.egg-info/dependency_links.txt
[0.820s] writing entry points to ../../build/vision_node/vision_node.egg-info/entry_points.txt
[0.820s] writing requirements to ../../build/vision_node/vision_node.egg-info/requires.txt
[0.820s] writing top-level names to ../../build/vision_node/vision_node.egg-info/top_level.txt
[0.822s] reading manifest file '../../build/vision_node/vision_node.egg-info/SOURCES.txt'
[0.822s] adding license file 'LICENSE'
[0.823s] writing manifest file '../../build/vision_node/vision_node.egg-info/SOURCES.txt'
[0.823s] running build
[0.823s] running build_py
[0.823s] running install
[0.823s] running install_lib
[0.824s] running install_data
[0.824s] running install_egg_info
[0.825s] removing '/home/wt/zeus_ws/install/vision_node/lib/python3.10/site-packages/vision_node-0.0.0-py3.10.egg-info' (and everything under it)
[0.825s] Copying ../../build/vision_node/vision_node.egg-info to /home/wt/zeus_ws/install/vision_node/lib/python3.10/site-packages/vision_node-0.0.0-py3.10.egg-info
[0.826s] running install_scripts
[0.839s] Installing block_detect script to /home/wt/zeus_ws/install/vision_node/lib/vision_node
[0.839s] Installing block_detect_node script to /home/wt/zeus_ws/install/vision_node/lib/vision_node
[0.839s] Installing vision_node script to /home/wt/zeus_ws/install/vision_node/lib/vision_node
[0.839s] writing list of installed files to '/home/wt/zeus_ws/build/vision_node/install.log'
[0.862s] Invoked command in '/home/wt/zeus_ws/src/vision_node' returned '0': CONDA_PROMPT_MODIFIER=(base) PYTHONPATH=/home/wt/zeus_ws/build/vision_node/prefix_override:/usr/lib/python3/dist-packages/colcon_core/task/python/colcon_distutils_commands:/home/wt/zeus_ws/install/vision_node/lib/python3.10/site-packages:${PYTHONPATH} /usr/bin/python3 -W ignore:setup.py install is deprecated -W ignore:easy_install command is deprecated setup.py egg_info --egg-base ../../build/vision_node build --build-base /home/wt/zeus_ws/build/vision_node/build install --record /home/wt/zeus_ws/build/vision_node/install.log --single-version-externally-managed install_data
