[0.005s] Invoking command in '/home/pc/soomac_ws/build/dongsoo_interfaces': CMAKE_PREFIX_PATH=${CMAKE_PREFIX_PATH}:/home/pc/soomac_ws/install/homework_pkg:/home/pc/soomac_ws/install/finger_test:/home/pc/soomac_ws/install/dx_motor_control:/home/pc/soomac_ws/install/dongsoo_py_pkg:/home/pc/cont_ws/install/torque_test_pkg:/home/pc/cont_ws/install/finger_pkg:/home/pc/cont_ws/install/control_continuum:/home/pc/mg_motor_ws/install/mg_test_pkg:/home/pc/mg_motor_ws/install/mg_motor_test:/home/pc/mg_motor_ws/install/homework_pkg:/home/pc/mg_motor_ws/install/head_moving:/opt/ros/humble /usr/bin/cmake --build /home/pc/soomac_ws/build/dongsoo_interfaces -- -j32 -l32
[0.020s] -- Found ament_cmake: 1.3.12 (/opt/ros/humble/share/ament_cmake/cmake)
[0.107s] -- Found rosidl_default_generators: 1.2.0 (/opt/ros/humble/share/rosidl_default_generators/cmake)
[0.109s] -- Using all available rosidl_typesupport_c: rosidl_typesupport_fastrtps_c;rosidl_typesupport_introspection_c
[0.110s] -- Found rosidl_adapter: 3.1.7 (/opt/ros/humble/share/rosidl_adapter/cmake)
[0.123s] -- Using all available rosidl_typesupport_cpp: rosidl_typesupport_fastrtps_cpp;rosidl_typesupport_introspection_cpp
[0.284s] -- Found ament_cmake_ros: 0.10.0 (/opt/ros/humble/share/ament_cmake_ros/cmake)
[0.436s] -- Using all available rosidl_typesupport_c: rosidl_typesupport_fastrtps_c;rosidl_typesupport_introspection_c
[0.610s] -- Using all available rosidl_typesupport_cpp: rosidl_typesupport_fastrtps_cpp;rosidl_typesupport_introspection_cpp
[0.631s] -- Found python_cmake_module: 0.10.0 (/opt/ros/humble/share/python_cmake_module/cmake)
[0.652s] -- Using PYTHON_EXECUTABLE: /usr/bin/python3
[0.652s] -- Using PYTHON_INCLUDE_DIRS: /usr/include/python3.10
[0.652s] -- Using PYTHON_LIBRARIES: /usr/lib/x86_64-linux-gnu/libpython3.10.so
[0.666s] -- Configuring done
[0.676s] -- Generating done
[0.680s] -- Build files have been written to: /home/pc/soomac_ws/build/dongsoo_interfaces
[0.693s] [  3%] [34m[1mGenerating C code for ROS interfaces[0m
[0.699s] [  6%] [34m[1mGenerating C++ code for ROS interfaces[0m
[0.703s] [  6%] Built target ament_cmake_python_copy_dongsoo_interfaces
[0.813s] running egg_info
[0.813s] writing dongsoo_interfaces.egg-info/PKG-INFO
[0.813s] writing dependency_links to dongsoo_interfaces.egg-info/dependency_links.txt
[0.813s] writing top-level names to dongsoo_interfaces.egg-info/top_level.txt
[0.814s] reading manifest file 'dongsoo_interfaces.egg-info/SOURCES.txt'
[0.815s] writing manifest file 'dongsoo_interfaces.egg-info/SOURCES.txt'
[0.822s] [35m[1mConsolidate compiler generated dependencies of target dongsoo_interfaces__rosidl_generator_c[0m
[0.826s] [  6%] Built target dongsoo_interfaces__cpp
[0.829s] [  6%] Built target ament_cmake_python_build_dongsoo_interfaces_egg
[0.829s] [  9%] [32mBuilding C object CMakeFiles/dongsoo_interfaces__rosidl_generator_c.dir/rosidl_generator_c/dongsoo_interfaces/srv/detail/dong_soo_executor__functions.c.o[0m
[0.832s] [ 12%] [34m[1mGenerating C++ type support dispatch for ROS interfaces[0m
[0.832s] [ 16%] [34m[1mGenerating C++ type support for eProsima Fast-RTPS[0m
[0.832s] [ 19%] [34m[1mGenerating C++ introspection for ROS interfaces[0m
[0.857s] [ 22%] [32m[1mLinking C shared library libdongsoo_interfaces__rosidl_generator_c.so[0m
[0.878s] [ 22%] Built target dongsoo_interfaces__rosidl_generator_c
[0.883s] [ 25%] [34m[1mGenerating C type support for eProsima Fast-RTPS[0m
[0.884s] [ 32%] [34m[1mGenerating C introspection for ROS interfaces[0m
[0.884s] [ 32%] [34m[1mGenerating C type support dispatch for ROS interfaces[0m
[0.943s] [35m[1mConsolidate compiler generated dependencies of target dongsoo_interfaces__rosidl_typesupport_cpp[0m
[0.949s] [ 35%] [32mBuilding CXX object CMakeFiles/dongsoo_interfaces__rosidl_typesupport_cpp.dir/rosidl_typesupport_cpp/dongsoo_interfaces/srv/dong_soo_executor__type_support.cpp.o[0m
[0.951s] [35m[1mConsolidate compiler generated dependencies of target dongsoo_interfaces__rosidl_typesupport_introspection_cpp[0m
[0.956s] [35m[1mConsolidate compiler generated dependencies of target dongsoo_interfaces__rosidl_typesupport_fastrtps_cpp[0m
[0.959s] [ 38%] [32mBuilding CXX object CMakeFiles/dongsoo_interfaces__rosidl_typesupport_introspection_cpp.dir/rosidl_typesupport_introspection_cpp/dongsoo_interfaces/srv/detail/dong_soo_executor__type_support.cpp.o[0m
[0.964s] [ 41%] [32mBuilding CXX object CMakeFiles/dongsoo_interfaces__rosidl_typesupport_fastrtps_cpp.dir/rosidl_typesupport_fastrtps_cpp/dongsoo_interfaces/srv/detail/dds_fastrtps/dong_soo_executor__type_support.cpp.o[0m
[1.000s] [35m[1mConsolidate compiler generated dependencies of target dongsoo_interfaces__rosidl_typesupport_c[0m
[1.006s] [35m[1mConsolidate compiler generated dependencies of target dongsoo_interfaces__rosidl_typesupport_fastrtps_c[0m
[1.006s] [ 45%] [32mBuilding CXX object CMakeFiles/dongsoo_interfaces__rosidl_typesupport_c.dir/rosidl_typesupport_c/dongsoo_interfaces/srv/dong_soo_executor__type_support.cpp.o[0m
[1.013s] [35m[1mConsolidate compiler generated dependencies of target dongsoo_interfaces__rosidl_typesupport_introspection_c[0m
[1.014s] [ 48%] [32mBuilding CXX object CMakeFiles/dongsoo_interfaces__rosidl_typesupport_fastrtps_c.dir/rosidl_typesupport_fastrtps_c/dongsoo_interfaces/srv/detail/dong_soo_executor__type_support_c.cpp.o[0m
[1.021s] [ 51%] [32mBuilding C object CMakeFiles/dongsoo_interfaces__rosidl_typesupport_introspection_c.dir/rosidl_typesupport_introspection_c/dongsoo_interfaces/srv/detail/dong_soo_executor__type_support.c.o[0m
[1.027s] [ 54%] [32m[1mLinking CXX shared library libdongsoo_interfaces__rosidl_typesupport_c.so[0m
[1.040s] [ 58%] [32m[1mLinking C shared library libdongsoo_interfaces__rosidl_typesupport_introspection_c.so[0m
[1.049s] [ 58%] Built target dongsoo_interfaces__rosidl_typesupport_c
[1.055s] [ 61%] [32m[1mLinking CXX shared library libdongsoo_interfaces__rosidl_typesupport_cpp.so[0m
[1.058s] [ 61%] Built target dongsoo_interfaces__rosidl_typesupport_introspection_c
[1.078s] [ 61%] Built target dongsoo_interfaces__rosidl_typesupport_cpp
[1.118s] [ 64%] [32m[1mLinking CXX shared library libdongsoo_interfaces__rosidl_typesupport_introspection_cpp.so[0m
[1.124s] [ 67%] [32m[1mLinking CXX shared library libdongsoo_interfaces__rosidl_typesupport_fastrtps_cpp.so[0m
[1.154s] [ 70%] [32m[1mLinking CXX shared library libdongsoo_interfaces__rosidl_typesupport_fastrtps_c.so[0m
[1.161s] [ 70%] Built target dongsoo_interfaces__rosidl_typesupport_introspection_cpp
[1.163s] [ 70%] Built target dongsoo_interfaces__rosidl_typesupport_fastrtps_cpp
[1.190s] [ 70%] Built target dongsoo_interfaces__rosidl_typesupport_fastrtps_c
[1.202s] [ 70%] Built target dongsoo_interfaces
[1.212s] [ 74%] [34m[1mGenerating Python code for ROS interfaces[0m
[1.375s] [ 74%] Built target dongsoo_interfaces__py
[1.379s] [35m[1mConsolidate compiler generated dependencies of target dongsoo_interfaces__rosidl_generator_py[0m
[1.385s] [ 77%] [32mBuilding C object CMakeFiles/dongsoo_interfaces__rosidl_generator_py.dir/rosidl_generator_py/dongsoo_interfaces/srv/_dong_soo_executor_s.c.o[0m
[1.435s] [ 80%] [32m[1mLinking C shared library rosidl_generator_py/dongsoo_interfaces/libdongsoo_interfaces__rosidl_generator_py.so[0m
[1.458s] [ 80%] Built target dongsoo_interfaces__rosidl_generator_py
[1.463s] [35m[1mConsolidate compiler generated dependencies of target dongsoo_interfaces__rosidl_typesupport_introspection_c__pyext[0m
[1.464s] [35m[1mConsolidate compiler generated dependencies of target dongsoo_interfaces__rosidl_typesupport_fastrtps_c__pyext[0m
[1.465s] [35m[1mConsolidate compiler generated dependencies of target dongsoo_interfaces__rosidl_typesupport_c__pyext[0m
[1.470s] [ 83%] [32mBuilding C object CMakeFiles/dongsoo_interfaces__rosidl_typesupport_introspection_c__pyext.dir/rosidl_generator_py/dongsoo_interfaces/_dongsoo_interfaces_s.ep.rosidl_typesupport_introspection_c.c.o[0m
[1.472s] [ 90%] [32mBuilding C object CMakeFiles/dongsoo_interfaces__rosidl_typesupport_c__pyext.dir/rosidl_generator_py/dongsoo_interfaces/_dongsoo_interfaces_s.ep.rosidl_typesupport_c.c.o[0m
[1.472s] [ 90%] [32mBuilding C object CMakeFiles/dongsoo_interfaces__rosidl_typesupport_fastrtps_c__pyext.dir/rosidl_generator_py/dongsoo_interfaces/_dongsoo_interfaces_s.ep.rosidl_typesupport_fastrtps_c.c.o[0m
[1.511s] [ 93%] [32m[1mLinking C shared library rosidl_generator_py/dongsoo_interfaces/dongsoo_interfaces_s__rosidl_typesupport_introspection_c.cpython-310-x86_64-linux-gnu.so[0m
[1.515s] [ 96%] [32m[1mLinking C shared library rosidl_generator_py/dongsoo_interfaces/dongsoo_interfaces_s__rosidl_typesupport_c.cpython-310-x86_64-linux-gnu.so[0m
[1.515s] [100%] [32m[1mLinking C shared library rosidl_generator_py/dongsoo_interfaces/dongsoo_interfaces_s__rosidl_typesupport_fastrtps_c.cpython-310-x86_64-linux-gnu.so[0m
[1.527s] [100%] Built target dongsoo_interfaces__rosidl_typesupport_introspection_c__pyext
[1.531s] [100%] Built target dongsoo_interfaces__rosidl_typesupport_c__pyext
[1.532s] [100%] Built target dongsoo_interfaces__rosidl_typesupport_fastrtps_c__pyext
[1.538s] Invoked command in '/home/pc/soomac_ws/build/dongsoo_interfaces' returned '0': CMAKE_PREFIX_PATH=${CMAKE_PREFIX_PATH}:/home/pc/soomac_ws/install/homework_pkg:/home/pc/soomac_ws/install/finger_test:/home/pc/soomac_ws/install/dx_motor_control:/home/pc/soomac_ws/install/dongsoo_py_pkg:/home/pc/cont_ws/install/torque_test_pkg:/home/pc/cont_ws/install/finger_pkg:/home/pc/cont_ws/install/control_continuum:/home/pc/mg_motor_ws/install/mg_test_pkg:/home/pc/mg_motor_ws/install/mg_motor_test:/home/pc/mg_motor_ws/install/homework_pkg:/home/pc/mg_motor_ws/install/head_moving:/opt/ros/humble /usr/bin/cmake --build /home/pc/soomac_ws/build/dongsoo_interfaces -- -j32 -l32
[1.542s] Invoking command in '/home/pc/soomac_ws/build/dongsoo_interfaces': CMAKE_PREFIX_PATH=${CMAKE_PREFIX_PATH}:/home/pc/soomac_ws/install/homework_pkg:/home/pc/soomac_ws/install/finger_test:/home/pc/soomac_ws/install/dx_motor_control:/home/pc/soomac_ws/install/dongsoo_py_pkg:/home/pc/cont_ws/install/torque_test_pkg:/home/pc/cont_ws/install/finger_pkg:/home/pc/cont_ws/install/control_continuum:/home/pc/mg_motor_ws/install/mg_test_pkg:/home/pc/mg_motor_ws/install/mg_motor_test:/home/pc/mg_motor_ws/install/homework_pkg:/home/pc/mg_motor_ws/install/head_moving:/opt/ros/humble /usr/bin/cmake --install /home/pc/soomac_ws/build/dongsoo_interfaces
[1.547s] -- Install configuration: ""
[1.547s] -- Up-to-date: /home/pc/soomac_ws/install/dongsoo_interfaces/share/ament_index/resource_index/rosidl_interfaces/dongsoo_interfaces
[1.547s] -- Up-to-date: /home/pc/soomac_ws/install/dongsoo_interfaces/include/dongsoo_interfaces/dongsoo_interfaces
[1.547s] -- Up-to-date: /home/pc/soomac_ws/install/dongsoo_interfaces/include/dongsoo_interfaces/dongsoo_interfaces/msg
[1.547s] -- Up-to-date: /home/pc/soomac_ws/install/dongsoo_interfaces/include/dongsoo_interfaces/dongsoo_interfaces/msg/rosidl_generator_c__visibility_control.h
[1.547s] -- Up-to-date: /home/pc/soomac_ws/install/dongsoo_interfaces/include/dongsoo_interfaces/dongsoo_interfaces/srv
[1.547s] -- Installing: /home/pc/soomac_ws/install/dongsoo_interfaces/include/dongsoo_interfaces/dongsoo_interfaces/srv/dong_soo_executor.h
[1.547s] -- Up-to-date: /home/pc/soomac_ws/install/dongsoo_interfaces/include/dongsoo_interfaces/dongsoo_interfaces/srv/detail
[1.547s] -- Installing: /home/pc/soomac_ws/install/dongsoo_interfaces/include/dongsoo_interfaces/dongsoo_interfaces/srv/detail/dong_soo_executor__functions.h
[1.547s] -- Installing: /home/pc/soomac_ws/install/dongsoo_interfaces/include/dongsoo_interfaces/dongsoo_interfaces/srv/detail/dong_soo_executor__type_support.h
[1.547s] -- Installing: /home/pc/soomac_ws/install/dongsoo_interfaces/include/dongsoo_interfaces/dongsoo_interfaces/srv/detail/dong_soo_executor__functions.c
[1.548s] -- Installing: /home/pc/soomac_ws/install/dongsoo_interfaces/include/dongsoo_interfaces/dongsoo_interfaces/srv/detail/dong_soo_executor__struct.h
[1.548s] -- Up-to-date: /home/pc/soomac_ws/install/dongsoo_interfaces/share/dongsoo_interfaces/environment/library_path.sh
[1.548s] -- Installing: /home/pc/soomac_ws/install/dongsoo_interfaces/share/dongsoo_interfaces/environment/library_path.dsv
[1.548s] -- Installing: /home/pc/soomac_ws/install/dongsoo_interfaces/lib/libdongsoo_interfaces__rosidl_generator_c.so
[1.548s] -- Set runtime path of "/home/pc/soomac_ws/install/dongsoo_interfaces/lib/libdongsoo_interfaces__rosidl_generator_c.so" to ""
[1.548s] -- Up-to-date: /home/pc/soomac_ws/install/dongsoo_interfaces/include/dongsoo_interfaces/dongsoo_interfaces
[1.548s] -- Up-to-date: /home/pc/soomac_ws/install/dongsoo_interfaces/include/dongsoo_interfaces/dongsoo_interfaces/msg
[1.548s] -- Up-to-date: /home/pc/soomac_ws/install/dongsoo_interfaces/include/dongsoo_interfaces/dongsoo_interfaces/msg/rosidl_typesupport_fastrtps_c__visibility_control.h
[1.548s] -- Up-to-date: /home/pc/soomac_ws/install/dongsoo_interfaces/include/dongsoo_interfaces/dongsoo_interfaces/srv
[1.548s] -- Up-to-date: /home/pc/soomac_ws/install/dongsoo_interfaces/include/dongsoo_interfaces/dongsoo_interfaces/srv/detail
[1.548s] -- Installing: /home/pc/soomac_ws/install/dongsoo_interfaces/include/dongsoo_interfaces/dongsoo_interfaces/srv/detail/dong_soo_executor__rosidl_typesupport_fastrtps_c.h
[1.548s] -- Installing: /home/pc/soomac_ws/install/dongsoo_interfaces/lib/libdongsoo_interfaces__rosidl_typesupport_fastrtps_c.so
[1.549s] -- Set runtime path of "/home/pc/soomac_ws/install/dongsoo_interfaces/lib/libdongsoo_interfaces__rosidl_typesupport_fastrtps_c.so" to ""
[1.549s] -- Up-to-date: /home/pc/soomac_ws/install/dongsoo_interfaces/include/dongsoo_interfaces/dongsoo_interfaces
[1.549s] -- Up-to-date: /home/pc/soomac_ws/install/dongsoo_interfaces/include/dongsoo_interfaces/dongsoo_interfaces/msg
[1.549s] -- Up-to-date: /home/pc/soomac_ws/install/dongsoo_interfaces/include/dongsoo_interfaces/dongsoo_interfaces/msg/rosidl_typesupport_introspection_c__visibility_control.h
[1.549s] -- Up-to-date: /home/pc/soomac_ws/install/dongsoo_interfaces/include/dongsoo_interfaces/dongsoo_interfaces/srv
[1.549s] -- Up-to-date: /home/pc/soomac_ws/install/dongsoo_interfaces/include/dongsoo_interfaces/dongsoo_interfaces/srv/detail
[1.549s] -- Installing: /home/pc/soomac_ws/install/dongsoo_interfaces/include/dongsoo_interfaces/dongsoo_interfaces/srv/detail/dong_soo_executor__type_support.c
[1.549s] -- Installing: /home/pc/soomac_ws/install/dongsoo_interfaces/include/dongsoo_interfaces/dongsoo_interfaces/srv/detail/dong_soo_executor__rosidl_typesupport_introspection_c.h
[1.549s] -- Installing: /home/pc/soomac_ws/install/dongsoo_interfaces/lib/libdongsoo_interfaces__rosidl_typesupport_introspection_c.so
[1.549s] -- Set runtime path of "/home/pc/soomac_ws/install/dongsoo_interfaces/lib/libdongsoo_interfaces__rosidl_typesupport_introspection_c.so" to ""
[1.549s] -- Installing: /home/pc/soomac_ws/install/dongsoo_interfaces/lib/libdongsoo_interfaces__rosidl_typesupport_c.so
[1.549s] -- Set runtime path of "/home/pc/soomac_ws/install/dongsoo_interfaces/lib/libdongsoo_interfaces__rosidl_typesupport_c.so" to ""
[1.549s] -- Up-to-date: /home/pc/soomac_ws/install/dongsoo_interfaces/include/dongsoo_interfaces/dongsoo_interfaces
[1.549s] -- Up-to-date: /home/pc/soomac_ws/install/dongsoo_interfaces/include/dongsoo_interfaces/dongsoo_interfaces/msg
[1.549s] -- Up-to-date: /home/pc/soomac_ws/install/dongsoo_interfaces/include/dongsoo_interfaces/dongsoo_interfaces/msg/rosidl_generator_cpp__visibility_control.hpp
[1.549s] -- Up-to-date: /home/pc/soomac_ws/install/dongsoo_interfaces/include/dongsoo_interfaces/dongsoo_interfaces/srv
[1.550s] -- Up-to-date: /home/pc/soomac_ws/install/dongsoo_interfaces/include/dongsoo_interfaces/dongsoo_interfaces/srv/detail
[1.550s] -- Installing: /home/pc/soomac_ws/install/dongsoo_interfaces/include/dongsoo_interfaces/dongsoo_interfaces/srv/detail/dong_soo_executor__struct.hpp
[1.550s] -- Installing: /home/pc/soomac_ws/install/dongsoo_interfaces/include/dongsoo_interfaces/dongsoo_interfaces/srv/detail/dong_soo_executor__type_support.hpp
[1.550s] -- Installing: /home/pc/soomac_ws/install/dongsoo_interfaces/include/dongsoo_interfaces/dongsoo_interfaces/srv/detail/dong_soo_executor__builder.hpp
[1.550s] -- Installing: /home/pc/soomac_ws/install/dongsoo_interfaces/include/dongsoo_interfaces/dongsoo_interfaces/srv/detail/dong_soo_executor__traits.hpp
[1.550s] -- Installing: /home/pc/soomac_ws/install/dongsoo_interfaces/include/dongsoo_interfaces/dongsoo_interfaces/srv/dong_soo_executor.hpp
[1.550s] -- Up-to-date: /home/pc/soomac_ws/install/dongsoo_interfaces/include/dongsoo_interfaces/dongsoo_interfaces
[1.550s] -- Up-to-date: /home/pc/soomac_ws/install/dongsoo_interfaces/include/dongsoo_interfaces/dongsoo_interfaces/msg
[1.550s] -- Up-to-date: /home/pc/soomac_ws/install/dongsoo_interfaces/include/dongsoo_interfaces/dongsoo_interfaces/msg/rosidl_typesupport_fastrtps_cpp__visibility_control.h
[1.550s] -- Up-to-date: /home/pc/soomac_ws/install/dongsoo_interfaces/include/dongsoo_interfaces/dongsoo_interfaces/srv
[1.550s] -- Up-to-date: /home/pc/soomac_ws/install/dongsoo_interfaces/include/dongsoo_interfaces/dongsoo_interfaces/srv/detail
[1.550s] -- Up-to-date: /home/pc/soomac_ws/install/dongsoo_interfaces/include/dongsoo_interfaces/dongsoo_interfaces/srv/detail/dds_fastrtps
[1.550s] -- Installing: /home/pc/soomac_ws/install/dongsoo_interfaces/include/dongsoo_interfaces/dongsoo_interfaces/srv/detail/dong_soo_executor__rosidl_typesupport_fastrtps_cpp.hpp
[1.550s] -- Installing: /home/pc/soomac_ws/install/dongsoo_interfaces/lib/libdongsoo_interfaces__rosidl_typesupport_fastrtps_cpp.so
[1.550s] -- Set runtime path of "/home/pc/soomac_ws/install/dongsoo_interfaces/lib/libdongsoo_interfaces__rosidl_typesupport_fastrtps_cpp.so" to ""
[1.550s] -- Up-to-date: /home/pc/soomac_ws/install/dongsoo_interfaces/include/dongsoo_interfaces/dongsoo_interfaces
[1.550s] -- Up-to-date: /home/pc/soomac_ws/install/dongsoo_interfaces/include/dongsoo_interfaces/dongsoo_interfaces/srv
[1.550s] -- Up-to-date: /home/pc/soomac_ws/install/dongsoo_interfaces/include/dongsoo_interfaces/dongsoo_interfaces/srv/detail
[1.550s] -- Installing: /home/pc/soomac_ws/install/dongsoo_interfaces/include/dongsoo_interfaces/dongsoo_interfaces/srv/detail/dong_soo_executor__type_support.cpp
[1.550s] -- Installing: /home/pc/soomac_ws/install/dongsoo_interfaces/include/dongsoo_interfaces/dongsoo_interfaces/srv/detail/dong_soo_executor__rosidl_typesupport_introspection_cpp.hpp
[1.550s] -- Installing: /home/pc/soomac_ws/install/dongsoo_interfaces/lib/libdongsoo_interfaces__rosidl_typesupport_introspection_cpp.so
[1.550s] -- Set runtime path of "/home/pc/soomac_ws/install/dongsoo_interfaces/lib/libdongsoo_interfaces__rosidl_typesupport_introspection_cpp.so" to ""
[1.550s] -- Installing: /home/pc/soomac_ws/install/dongsoo_interfaces/lib/libdongsoo_interfaces__rosidl_typesupport_cpp.so
[1.550s] -- Set runtime path of "/home/pc/soomac_ws/install/dongsoo_interfaces/lib/libdongsoo_interfaces__rosidl_typesupport_cpp.so" to ""
[1.550s] -- Up-to-date: /home/pc/soomac_ws/install/dongsoo_interfaces/share/dongsoo_interfaces/environment/pythonpath.sh
[1.550s] -- Installing: /home/pc/soomac_ws/install/dongsoo_interfaces/share/dongsoo_interfaces/environment/pythonpath.dsv
[1.550s] -- Up-to-date: /home/pc/soomac_ws/install/dongsoo_interfaces/local/lib/python3.10/dist-packages/dongsoo_interfaces-0.0.0-py3.10.egg-info
[1.550s] -- Installing: /home/pc/soomac_ws/install/dongsoo_interfaces/local/lib/python3.10/dist-packages/dongsoo_interfaces-0.0.0-py3.10.egg-info/top_level.txt
[1.550s] -- Installing: /home/pc/soomac_ws/install/dongsoo_interfaces/local/lib/python3.10/dist-packages/dongsoo_interfaces-0.0.0-py3.10.egg-info/dependency_links.txt
[1.550s] -- Installing: /home/pc/soomac_ws/install/dongsoo_interfaces/local/lib/python3.10/dist-packages/dongsoo_interfaces-0.0.0-py3.10.egg-info/SOURCES.txt
[1.551s] -- Installing: /home/pc/soomac_ws/install/dongsoo_interfaces/local/lib/python3.10/dist-packages/dongsoo_interfaces-0.0.0-py3.10.egg-info/PKG-INFO
[1.551s] -- Up-to-date: /home/pc/soomac_ws/install/dongsoo_interfaces/local/lib/python3.10/dist-packages/dongsoo_interfaces
[1.551s] -- Installing: /home/pc/soomac_ws/install/dongsoo_interfaces/local/lib/python3.10/dist-packages/dongsoo_interfaces/libdongsoo_interfaces__rosidl_generator_py.so
[1.551s] -- Installing: /home/pc/soomac_ws/install/dongsoo_interfaces/local/lib/python3.10/dist-packages/dongsoo_interfaces/_dongsoo_interfaces_s.ep.rosidl_typesupport_introspection_c.c
[1.551s] -- Installing: /home/pc/soomac_ws/install/dongsoo_interfaces/local/lib/python3.10/dist-packages/dongsoo_interfaces/_dongsoo_interfaces_s.ep.rosidl_typesupport_c.c
[1.551s] -- Installing: /home/pc/soomac_ws/install/dongsoo_interfaces/local/lib/python3.10/dist-packages/dongsoo_interfaces/__init__.py
[1.551s] -- Installing: /home/pc/soomac_ws/install/dongsoo_interfaces/local/lib/python3.10/dist-packages/dongsoo_interfaces/_dongsoo_interfaces_s.ep.rosidl_typesupport_fastrtps_c.c
[1.551s] -- Up-to-date: /home/pc/soomac_ws/install/dongsoo_interfaces/local/lib/python3.10/dist-packages/dongsoo_interfaces/srv
[1.551s] -- Installing: /home/pc/soomac_ws/install/dongsoo_interfaces/local/lib/python3.10/dist-packages/dongsoo_interfaces/srv/_dong_soo_executor_s.c
[1.551s] -- Installing: /home/pc/soomac_ws/install/dongsoo_interfaces/local/lib/python3.10/dist-packages/dongsoo_interfaces/srv/__init__.py
[1.551s] -- Installing: /home/pc/soomac_ws/install/dongsoo_interfaces/local/lib/python3.10/dist-packages/dongsoo_interfaces/srv/_dong_soo_executor.py
[1.551s] -- Installing: /home/pc/soomac_ws/install/dongsoo_interfaces/local/lib/python3.10/dist-packages/dongsoo_interfaces/dongsoo_interfaces_s__rosidl_typesupport_fastrtps_c.cpython-310-x86_64-linux-gnu.so
[1.551s] -- Installing: /home/pc/soomac_ws/install/dongsoo_interfaces/local/lib/python3.10/dist-packages/dongsoo_interfaces/dongsoo_interfaces_s__rosidl_typesupport_introspection_c.cpython-310-x86_64-linux-gnu.so
[1.551s] -- Installing: /home/pc/soomac_ws/install/dongsoo_interfaces/local/lib/python3.10/dist-packages/dongsoo_interfaces/dongsoo_interfaces_s__rosidl_typesupport_c.cpython-310-x86_64-linux-gnu.so
[1.573s] Listing '/home/pc/soomac_ws/install/dongsoo_interfaces/local/lib/python3.10/dist-packages/dongsoo_interfaces'...
[1.573s] Compiling '/home/pc/soomac_ws/install/dongsoo_interfaces/local/lib/python3.10/dist-packages/dongsoo_interfaces/__init__.py'...
[1.573s] Listing '/home/pc/soomac_ws/install/dongsoo_interfaces/local/lib/python3.10/dist-packages/dongsoo_interfaces/srv'...
[1.573s] Compiling '/home/pc/soomac_ws/install/dongsoo_interfaces/local/lib/python3.10/dist-packages/dongsoo_interfaces/srv/__init__.py'...
[1.573s] Compiling '/home/pc/soomac_ws/install/dongsoo_interfaces/local/lib/python3.10/dist-packages/dongsoo_interfaces/srv/_dong_soo_executor.py'...
[1.575s] -- Installing: /home/pc/soomac_ws/install/dongsoo_interfaces/local/lib/python3.10/dist-packages/dongsoo_interfaces/dongsoo_interfaces_s__rosidl_typesupport_fastrtps_c.cpython-310-x86_64-linux-gnu.so
[1.576s] -- Set runtime path of "/home/pc/soomac_ws/install/dongsoo_interfaces/local/lib/python3.10/dist-packages/dongsoo_interfaces/dongsoo_interfaces_s__rosidl_typesupport_fastrtps_c.cpython-310-x86_64-linux-gnu.so" to ""
[1.576s] -- Installing: /home/pc/soomac_ws/install/dongsoo_interfaces/local/lib/python3.10/dist-packages/dongsoo_interfaces/dongsoo_interfaces_s__rosidl_typesupport_introspection_c.cpython-310-x86_64-linux-gnu.so
[1.576s] -- Set runtime path of "/home/pc/soomac_ws/install/dongsoo_interfaces/local/lib/python3.10/dist-packages/dongsoo_interfaces/dongsoo_interfaces_s__rosidl_typesupport_introspection_c.cpython-310-x86_64-linux-gnu.so" to ""
[1.576s] -- Installing: /home/pc/soomac_ws/install/dongsoo_interfaces/local/lib/python3.10/dist-packages/dongsoo_interfaces/dongsoo_interfaces_s__rosidl_typesupport_c.cpython-310-x86_64-linux-gnu.so
[1.576s] -- Set runtime path of "/home/pc/soomac_ws/install/dongsoo_interfaces/local/lib/python3.10/dist-packages/dongsoo_interfaces/dongsoo_interfaces_s__rosidl_typesupport_c.cpython-310-x86_64-linux-gnu.so" to ""
[1.576s] -- Installing: /home/pc/soomac_ws/install/dongsoo_interfaces/lib/libdongsoo_interfaces__rosidl_generator_py.so
[1.576s] -- Set runtime path of "/home/pc/soomac_ws/install/dongsoo_interfaces/lib/libdongsoo_interfaces__rosidl_generator_py.so" to ""
[1.576s] -- Installing: /home/pc/soomac_ws/install/dongsoo_interfaces/share/dongsoo_interfaces/srv/DongSooExecutor.idl
[1.576s] -- Installing: /home/pc/soomac_ws/install/dongsoo_interfaces/share/dongsoo_interfaces/srv/DongSooExecutor.srv
[1.576s] -- Installing: /home/pc/soomac_ws/install/dongsoo_interfaces/share/dongsoo_interfaces/srv/DongSooExecutor_Request.msg
[1.576s] -- Up-to-date: /home/pc/soomac_ws/install/dongsoo_interfaces/share/dongsoo_interfaces/srv/DongSooExecutor_Response.msg
[1.576s] -- Up-to-date: /home/pc/soomac_ws/install/dongsoo_interfaces/share/ament_index/resource_index/package_run_dependencies/dongsoo_interfaces
[1.576s] -- Up-to-date: /home/pc/soomac_ws/install/dongsoo_interfaces/share/ament_index/resource_index/parent_prefix_path/dongsoo_interfaces
[1.576s] -- Up-to-date: /home/pc/soomac_ws/install/dongsoo_interfaces/share/dongsoo_interfaces/environment/ament_prefix_path.sh
[1.576s] -- Installing: /home/pc/soomac_ws/install/dongsoo_interfaces/share/dongsoo_interfaces/environment/ament_prefix_path.dsv
[1.576s] -- Up-to-date: /home/pc/soomac_ws/install/dongsoo_interfaces/share/dongsoo_interfaces/environment/path.sh
[1.576s] -- Installing: /home/pc/soomac_ws/install/dongsoo_interfaces/share/dongsoo_interfaces/environment/path.dsv
[1.576s] -- Up-to-date: /home/pc/soomac_ws/install/dongsoo_interfaces/share/dongsoo_interfaces/local_setup.bash
[1.576s] -- Up-to-date: /home/pc/soomac_ws/install/dongsoo_interfaces/share/dongsoo_interfaces/local_setup.sh
[1.576s] -- Up-to-date: /home/pc/soomac_ws/install/dongsoo_interfaces/share/dongsoo_interfaces/local_setup.zsh
[1.576s] -- Installing: /home/pc/soomac_ws/install/dongsoo_interfaces/share/dongsoo_interfaces/local_setup.dsv
[1.576s] -- Installing: /home/pc/soomac_ws/install/dongsoo_interfaces/share/dongsoo_interfaces/package.dsv
[1.576s] -- Up-to-date: /home/pc/soomac_ws/install/dongsoo_interfaces/share/ament_index/resource_index/packages/dongsoo_interfaces
[1.576s] -- Up-to-date: /home/pc/soomac_ws/install/dongsoo_interfaces/share/dongsoo_interfaces/cmake/export_dongsoo_interfaces__rosidl_generator_cExport.cmake
[1.577s] -- Up-to-date: /home/pc/soomac_ws/install/dongsoo_interfaces/share/dongsoo_interfaces/cmake/export_dongsoo_interfaces__rosidl_generator_cExport-noconfig.cmake
[1.577s] -- Up-to-date: /home/pc/soomac_ws/install/dongsoo_interfaces/share/dongsoo_interfaces/cmake/export_dongsoo_interfaces__rosidl_typesupport_fastrtps_cExport.cmake
[1.577s] -- Up-to-date: /home/pc/soomac_ws/install/dongsoo_interfaces/share/dongsoo_interfaces/cmake/export_dongsoo_interfaces__rosidl_typesupport_fastrtps_cExport-noconfig.cmake
[1.577s] -- Up-to-date: /home/pc/soomac_ws/install/dongsoo_interfaces/share/dongsoo_interfaces/cmake/dongsoo_interfaces__rosidl_typesupport_introspection_cExport.cmake
[1.577s] -- Up-to-date: /home/pc/soomac_ws/install/dongsoo_interfaces/share/dongsoo_interfaces/cmake/dongsoo_interfaces__rosidl_typesupport_introspection_cExport-noconfig.cmake
[1.577s] -- Up-to-date: /home/pc/soomac_ws/install/dongsoo_interfaces/share/dongsoo_interfaces/cmake/dongsoo_interfaces__rosidl_typesupport_cExport.cmake
[1.577s] -- Up-to-date: /home/pc/soomac_ws/install/dongsoo_interfaces/share/dongsoo_interfaces/cmake/dongsoo_interfaces__rosidl_typesupport_cExport-noconfig.cmake
[1.577s] -- Up-to-date: /home/pc/soomac_ws/install/dongsoo_interfaces/share/dongsoo_interfaces/cmake/export_dongsoo_interfaces__rosidl_generator_cppExport.cmake
[1.577s] -- Up-to-date: /home/pc/soomac_ws/install/dongsoo_interfaces/share/dongsoo_interfaces/cmake/export_dongsoo_interfaces__rosidl_typesupport_fastrtps_cppExport.cmake
[1.577s] -- Up-to-date: /home/pc/soomac_ws/install/dongsoo_interfaces/share/dongsoo_interfaces/cmake/export_dongsoo_interfaces__rosidl_typesupport_fastrtps_cppExport-noconfig.cmake
[1.577s] -- Up-to-date: /home/pc/soomac_ws/install/dongsoo_interfaces/share/dongsoo_interfaces/cmake/dongsoo_interfaces__rosidl_typesupport_introspection_cppExport.cmake
[1.577s] -- Up-to-date: /home/pc/soomac_ws/install/dongsoo_interfaces/share/dongsoo_interfaces/cmake/dongsoo_interfaces__rosidl_typesupport_introspection_cppExport-noconfig.cmake
[1.577s] -- Up-to-date: /home/pc/soomac_ws/install/dongsoo_interfaces/share/dongsoo_interfaces/cmake/dongsoo_interfaces__rosidl_typesupport_cppExport.cmake
[1.577s] -- Up-to-date: /home/pc/soomac_ws/install/dongsoo_interfaces/share/dongsoo_interfaces/cmake/dongsoo_interfaces__rosidl_typesupport_cppExport-noconfig.cmake
[1.577s] -- Up-to-date: /home/pc/soomac_ws/install/dongsoo_interfaces/share/dongsoo_interfaces/cmake/export_dongsoo_interfaces__rosidl_generator_pyExport.cmake
[1.577s] -- Up-to-date: /home/pc/soomac_ws/install/dongsoo_interfaces/share/dongsoo_interfaces/cmake/export_dongsoo_interfaces__rosidl_generator_pyExport-noconfig.cmake
[1.577s] -- Up-to-date: /home/pc/soomac_ws/install/dongsoo_interfaces/share/dongsoo_interfaces/cmake/rosidl_cmake-extras.cmake
[1.577s] -- Up-to-date: /home/pc/soomac_ws/install/dongsoo_interfaces/share/dongsoo_interfaces/cmake/ament_cmake_export_include_directories-extras.cmake
[1.577s] -- Up-to-date: /home/pc/soomac_ws/install/dongsoo_interfaces/share/dongsoo_interfaces/cmake/ament_cmake_export_libraries-extras.cmake
[1.577s] -- Up-to-date: /home/pc/soomac_ws/install/dongsoo_interfaces/share/dongsoo_interfaces/cmake/ament_cmake_export_targets-extras.cmake
[1.577s] -- Up-to-date: /home/pc/soomac_ws/install/dongsoo_interfaces/share/dongsoo_interfaces/cmake/rosidl_cmake_export_typesupport_targets-extras.cmake
[1.577s] -- Up-to-date: /home/pc/soomac_ws/install/dongsoo_interfaces/share/dongsoo_interfaces/cmake/ament_cmake_export_dependencies-extras.cmake
[1.577s] -- Up-to-date: /home/pc/soomac_ws/install/dongsoo_interfaces/share/dongsoo_interfaces/cmake/rosidl_cmake_export_typesupport_libraries-extras.cmake
[1.577s] -- Up-to-date: /home/pc/soomac_ws/install/dongsoo_interfaces/share/dongsoo_interfaces/cmake/dongsoo_interfacesConfig.cmake
[1.577s] -- Up-to-date: /home/pc/soomac_ws/install/dongsoo_interfaces/share/dongsoo_interfaces/cmake/dongsoo_interfacesConfig-version.cmake
[1.577s] -- Up-to-date: /home/pc/soomac_ws/install/dongsoo_interfaces/share/dongsoo_interfaces/package.xml
[1.578s] Invoked command in '/home/pc/soomac_ws/build/dongsoo_interfaces' returned '0': CMAKE_PREFIX_PATH=${CMAKE_PREFIX_PATH}:/home/pc/soomac_ws/install/homework_pkg:/home/pc/soomac_ws/install/finger_test:/home/pc/soomac_ws/install/dx_motor_control:/home/pc/soomac_ws/install/dongsoo_py_pkg:/home/pc/cont_ws/install/torque_test_pkg:/home/pc/cont_ws/install/finger_pkg:/home/pc/cont_ws/install/control_continuum:/home/pc/mg_motor_ws/install/mg_test_pkg:/home/pc/mg_motor_ws/install/mg_motor_test:/home/pc/mg_motor_ws/install/homework_pkg:/home/pc/mg_motor_ws/install/head_moving:/opt/ros/humble /usr/bin/cmake --install /home/pc/soomac_ws/build/dongsoo_interfaces
