/home/pc/soomac_ws/install/zeus_controller/lib/python3.10/site-packages/zeus_controller/__init__.py
/home/pc/soomac_ws/install/zeus_controller/lib/python3.10/site-packages/zeus_controller/read_json.py
/home/pc/soomac_ws/install/zeus_controller/lib/python3.10/site-packages/zeus_controller/gripper_controller.py
/home/pc/soomac_ws/install/zeus_controller/lib/python3.10/site-packages/zeus_controller/zeus_server.py
/home/pc/soomac_ws/install/zeus_controller/lib/python3.10/site-packages/zeus_controller/zeus_connect.py
/home/pc/soomac_ws/install/zeus_controller/lib/python3.10/site-packages/zeus_controller/zeus_client.py
/home/pc/soomac_ws/install/zeus_controller/lib/python3.10/site-packages/zeus_controller/__pycache__/__init__.cpython-310.pyc
/home/pc/soomac_ws/install/zeus_controller/lib/python3.10/site-packages/zeus_controller/__pycache__/read_json.cpython-310.pyc
/home/pc/soomac_ws/install/zeus_controller/lib/python3.10/site-packages/zeus_controller/__pycache__/gripper_controller.cpython-310.pyc
/home/pc/soomac_ws/install/zeus_controller/lib/python3.10/site-packages/zeus_controller/__pycache__/zeus_server.cpython-310.pyc
/home/pc/soomac_ws/install/zeus_controller/lib/python3.10/site-packages/zeus_controller/__pycache__/zeus_connect.cpython-310.pyc
/home/pc/soomac_ws/install/zeus_controller/lib/python3.10/site-packages/zeus_controller/__pycache__/zeus_client.cpython-310.pyc
/home/pc/soomac_ws/install/zeus_controller/share/ament_index/resource_index/packages/zeus_controller
/home/pc/soomac_ws/install/zeus_controller/share/zeus_controller/package.xml
/home/pc/soomac_ws/install/zeus_controller/lib/python3.10/site-packages/zeus_controller-0.0.0-py3.10.egg-info/top_level.txt
/home/pc/soomac_ws/install/zeus_controller/lib/python3.10/site-packages/zeus_controller-0.0.0-py3.10.egg-info/requires.txt
/home/pc/soomac_ws/install/zeus_controller/lib/python3.10/site-packages/zeus_controller-0.0.0-py3.10.egg-info/entry_points.txt
/home/pc/soomac_ws/install/zeus_controller/lib/python3.10/site-packages/zeus_controller-0.0.0-py3.10.egg-info/zip-safe
/home/pc/soomac_ws/install/zeus_controller/lib/python3.10/site-packages/zeus_controller-0.0.0-py3.10.egg-info/dependency_links.txt
/home/pc/soomac_ws/install/zeus_controller/lib/python3.10/site-packages/zeus_controller-0.0.0-py3.10.egg-info/SOURCES.txt
/home/pc/soomac_ws/install/zeus_controller/lib/python3.10/site-packages/zeus_controller-0.0.0-py3.10.egg-info/PKG-INFO
/home/pc/soomac_ws/install/zeus_controller/lib/zeus_controller/client_zeus
/home/pc/soomac_ws/install/zeus_controller/lib/zeus_controller/connect_zeus
/home/pc/soomac_ws/install/zeus_controller/lib/zeus_controller/gripper_zeus
/home/pc/soomac_ws/install/zeus_controller/lib/zeus_controller/server_zeus
