[0.273s] Invoking command in '/home/pc/soomac_ws/build/dongsoo_py_pkg': CMAKE_PREFIX_PATH=/home/pc/soomac_ws/install/dongsoo_interfaces:/home/pc/soomac_ws/install/dxl_cpp_pkg:/home/pc/soomac_ws/install/dongsoo_description:/home/pc/soomac_ws/install/dongsoo_cpp_pkg:/home/pc/cont_ws/install/dxl_cpp_pkg:/home/pc/mg_motor_ws/install/brobot_interfaces PYTHONPATH=/home/pc/soomac_ws/build/dongsoo_py_pkg/prefix_override:/usr/lib/python3/dist-packages/colcon_core/task/python/colcon_distutils_commands:/home/pc/soomac_ws/install/dongsoo_py_pkg/lib/python3.10/site-packages:${PYTHONPATH} /usr/bin/python3 -W ignore:setup.py install is deprecated -W ignore:easy_install command is deprecated setup.py develop --editable --build-directory /home/pc/soomac_ws/build/dongsoo_py_pkg/build --no-deps symlink_data
[0.387s] running develop
[0.450s] running egg_info
[0.450s] writing dongsoo_py_pkg.egg-info/PKG-INFO
[0.451s] writing dependency_links to dongsoo_py_pkg.egg-info/dependency_links.txt
[0.451s] writing entry points to dongsoo_py_pkg.egg-info/entry_points.txt
[0.451s] writing requirements to dongsoo_py_pkg.egg-info/requires.txt
[0.451s] writing top-level names to dongsoo_py_pkg.egg-info/top_level.txt
[0.452s] reading manifest file 'dongsoo_py_pkg.egg-info/SOURCES.txt'
[0.452s] writing manifest file 'dongsoo_py_pkg.egg-info/SOURCES.txt'
[0.453s] running build_ext
[0.453s] Creating /home/pc/soomac_ws/install/dongsoo_py_pkg/lib/python3.10/site-packages/dongsoo-py-pkg.egg-link (link to .)
[0.453s] Installing client_dongsoo script to /home/pc/soomac_ws/install/dongsoo_py_pkg/lib/dongsoo_py_pkg
[0.453s] Installing data_hub_py script to /home/pc/soomac_ws/install/dongsoo_py_pkg/lib/dongsoo_py_pkg
[0.453s] Installing monitoring_hub script to /home/pc/soomac_ws/install/dongsoo_py_pkg/lib/dongsoo_py_pkg
[0.453s] Installing motor_dummy script to /home/pc/soomac_ws/install/dongsoo_py_pkg/lib/dongsoo_py_pkg
[0.453s] Installing one_way_trajectory script to /home/pc/soomac_ws/install/dongsoo_py_pkg/lib/dongsoo_py_pkg
[0.453s] Installing trajectory_test script to /home/pc/soomac_ws/install/dongsoo_py_pkg/lib/dongsoo_py_pkg
[0.453s] 
[0.453s] Installed /home/pc/soomac_ws/build/dongsoo_py_pkg
[0.453s] running symlink_data
[0.465s] Invoked command in '/home/pc/soomac_ws/build/dongsoo_py_pkg' returned '0': CMAKE_PREFIX_PATH=/home/pc/soomac_ws/install/dongsoo_interfaces:/home/pc/soomac_ws/install/dxl_cpp_pkg:/home/pc/soomac_ws/install/dongsoo_description:/home/pc/soomac_ws/install/dongsoo_cpp_pkg:/home/pc/cont_ws/install/dxl_cpp_pkg:/home/pc/mg_motor_ws/install/brobot_interfaces PYTHONPATH=/home/pc/soomac_ws/build/dongsoo_py_pkg/prefix_override:/usr/lib/python3/dist-packages/colcon_core/task/python/colcon_distutils_commands:/home/pc/soomac_ws/install/dongsoo_py_pkg/lib/python3.10/site-packages:${PYTHONPATH} /usr/bin/python3 -W ignore:setup.py install is deprecated -W ignore:easy_install command is deprecated setup.py develop --editable --build-directory /home/pc/soomac_ws/build/dongsoo_py_pkg/build --no-deps symlink_data
