[0.006s] Invoking command in '/home/pc/soomac_ws/build/dongsoo_description': CMAKE_PREFIX_PATH=${CMAKE_PREFIX_PATH}:/opt/ros/humble /usr/bin/cmake /home/pc/soomac_ws/src/dongsoo_description -DAMENT_CMAKE_SYMLINK_INSTALL=1 -DCMAKE_INSTALL_PREFIX=/home/pc/soomac_ws/install/dongsoo_description
[0.043s] -- The C compiler identification is GNU 11.4.0
[0.078s] -- The CXX compiler identification is GNU 11.4.0
[0.082s] -- Detecting C compiler ABI info
[0.131s] -- Detecting C compiler ABI info - done
[0.136s] -- Check for working C compiler: /usr/bin/cc - skipped
[0.136s] -- Detecting C compile features
[0.136s] -- Detecting C compile features - done
[0.138s] -- Detecting CXX compiler ABI info
[0.189s] -- Detecting CXX compiler ABI info - done
[0.194s] -- Check for working CXX compiler: /usr/bin/c++ - skipped
[0.194s] -- Detecting CXX compile features
[0.194s] -- Detecting CXX compile features - done
[0.195s] -- Found ament_cmake: 1.3.12 (/opt/ros/humble/share/ament_cmake/cmake)
[0.290s] -- Found Python3: /usr/bin/python3 (found version "3.10.12") found components: Interpreter 
[0.324s] -- Override CMake install command with custom implementation using symlinks instead of copying resources
[0.339s] -- Found ament_lint_auto: 0.12.14 (/opt/ros/humble/share/ament_lint_auto/cmake)
[0.387s] -- Added test 'lint_cmake' to check CMake code style
[0.387s] -- Added test 'xmllint' to check XML markup files
[0.388s] -- Configuring done
[0.390s] -- Generating done
[0.390s] -- Build files have been written to: /home/pc/soomac_ws/build/dongsoo_description
[0.394s] Invoked command in '/home/pc/soomac_ws/build/dongsoo_description' returned '0': CMAKE_PREFIX_PATH=${CMAKE_PREFIX_PATH}:/opt/ros/humble /usr/bin/cmake /home/pc/soomac_ws/src/dongsoo_description -DAMENT_CMAKE_SYMLINK_INSTALL=1 -DCMAKE_INSTALL_PREFIX=/home/pc/soomac_ws/install/dongsoo_description
[0.395s] Invoking command in '/home/pc/soomac_ws/build/dongsoo_description': CMAKE_PREFIX_PATH=${CMAKE_PREFIX_PATH}:/opt/ros/humble /usr/bin/cmake --build /home/pc/soomac_ws/build/dongsoo_description -- -j32 -l32
[0.420s] Invoked command in '/home/pc/soomac_ws/build/dongsoo_description' returned '0': CMAKE_PREFIX_PATH=${CMAKE_PREFIX_PATH}:/opt/ros/humble /usr/bin/cmake --build /home/pc/soomac_ws/build/dongsoo_description -- -j32 -l32
[0.426s] Invoking command in '/home/pc/soomac_ws/build/dongsoo_description': CMAKE_PREFIX_PATH=${CMAKE_PREFIX_PATH}:/opt/ros/humble /usr/bin/cmake --install /home/pc/soomac_ws/build/dongsoo_description
[0.431s] -- Install configuration: ""
[0.431s] -- Execute custom install script
[0.431s] -- Symlinking: /home/pc/soomac_ws/install/dongsoo_description/share/dongsoo_description/config/README.md
[0.437s] -- Symlinking: /home/pc/soomac_ws/install/dongsoo_description/share/dongsoo_description/config/base_to_camera_dh.json
[0.442s] -- Symlinking: /home/pc/soomac_ws/install/dongsoo_description/share/dongsoo_description/config/base_to_gripper_dh.json
[0.446s] -- Symlinking: /home/pc/soomac_ws/install/dongsoo_description/share/dongsoo_description/config/gravity_dh_param.json
[0.452s] -- Symlinking: /home/pc/soomac_ws/install/dongsoo_description/share/dongsoo_description/config/link_inertial.json
[0.458s] -- Symlinking: /home/pc/soomac_ws/install/dongsoo_description/share/ament_index/resource_index/package_run_dependencies/dongsoo_description
[0.464s] -- Symlinking: /home/pc/soomac_ws/install/dongsoo_description/share/ament_index/resource_index/parent_prefix_path/dongsoo_description
[0.471s] -- Symlinking: /home/pc/soomac_ws/install/dongsoo_description/share/dongsoo_description/environment/ament_prefix_path.sh
[0.476s] -- Symlinking: /home/pc/soomac_ws/install/dongsoo_description/share/dongsoo_description/environment/ament_prefix_path.dsv
[0.483s] -- Symlinking: /home/pc/soomac_ws/install/dongsoo_description/share/dongsoo_description/environment/path.sh
[0.488s] -- Symlinking: /home/pc/soomac_ws/install/dongsoo_description/share/dongsoo_description/environment/path.dsv
[0.494s] -- Symlinking: /home/pc/soomac_ws/install/dongsoo_description/share/dongsoo_description/local_setup.bash
[0.499s] -- Symlinking: /home/pc/soomac_ws/install/dongsoo_description/share/dongsoo_description/local_setup.sh
[0.504s] -- Symlinking: /home/pc/soomac_ws/install/dongsoo_description/share/dongsoo_description/local_setup.zsh
[0.510s] -- Symlinking: /home/pc/soomac_ws/install/dongsoo_description/share/dongsoo_description/local_setup.dsv
[0.516s] -- Symlinking: /home/pc/soomac_ws/install/dongsoo_description/share/dongsoo_description/package.dsv
[0.521s] -- Symlinking: /home/pc/soomac_ws/install/dongsoo_description/share/ament_index/resource_index/packages/dongsoo_description
[0.528s] -- Symlinking: /home/pc/soomac_ws/install/dongsoo_description/share/dongsoo_description/cmake/dongsoo_descriptionConfig.cmake
[0.533s] -- Symlinking: /home/pc/soomac_ws/install/dongsoo_description/share/dongsoo_description/cmake/dongsoo_descriptionConfig-version.cmake
[0.540s] -- Symlinking: /home/pc/soomac_ws/install/dongsoo_description/share/dongsoo_description/package.xml
[0.548s] Invoked command in '/home/pc/soomac_ws/build/dongsoo_description' returned '0': CMAKE_PREFIX_PATH=${CMAKE_PREFIX_PATH}:/opt/ros/humble /usr/bin/cmake --install /home/pc/soomac_ws/build/dongsoo_description
