[0.005s] Invoking command in '/home/pc/soomac_ws/build/zeus_interfaces': CMAKE_PREFIX_PATH=${CMAKE_PREFIX_PATH}:/home/pc/soomac_ws/install/zeus_controller:/home/pc/cont_ws/install/torque_test_pkg:/home/pc/cont_ws/install/finger_pkg:/home/pc/cont_ws/install/control_continuum:/home/pc/mg_motor_ws/install/mg_test_pkg:/home/pc/mg_motor_ws/install/mg_motor_test:/home/pc/mg_motor_ws/install/homework_pkg:/home/pc/mg_motor_ws/install/head_moving:/opt/ros/humble /usr/bin/cmake --build /home/pc/soomac_ws/build/zeus_interfaces -- -j32 -l32
[0.022s] -- Found ament_cmake: 1.3.12 (/opt/ros/humble/share/ament_cmake/cmake)
[0.093s] -- Found rosidl_default_generators: 1.2.0 (/opt/ros/humble/share/rosidl_default_generators/cmake)
[0.094s] -- Using all available rosidl_typesupport_c: rosidl_typesupport_fastrtps_c;rosidl_typesupport_introspection_c
[0.095s] -- Found rosidl_adapter: 3.1.7 (/opt/ros/humble/share/rosidl_adapter/cmake)
[0.108s] -- Using all available rosidl_typesupport_cpp: rosidl_typesupport_fastrtps_cpp;rosidl_typesupport_introspection_cpp
[0.249s] -- Found ament_cmake_ros: 0.10.0 (/opt/ros/humble/share/ament_cmake_ros/cmake)
[0.344s] -- Using all available rosidl_typesupport_c: rosidl_typesupport_fastrtps_c;rosidl_typesupport_introspection_c
[0.472s] -- Using all available rosidl_typesupport_cpp: rosidl_typesupport_fastrtps_cpp;rosidl_typesupport_introspection_cpp
[0.485s] -- Found python_cmake_module: 0.10.0 (/opt/ros/humble/share/python_cmake_module/cmake)
[0.501s] -- Using PYTHON_EXECUTABLE: /usr/bin/python3
[0.502s] -- Using PYTHON_INCLUDE_DIRS: /usr/include/python3.10
[0.502s] -- Using PYTHON_LIBRARIES: /usr/lib/x86_64-linux-gnu/libpython3.10.so
[0.509s] -- Configuring done
[0.519s] -- Generating done
[0.523s] -- Build files have been written to: /home/pc/soomac_ws/build/zeus_interfaces
[0.534s] [  3%] [34m[1mGenerating C code for ROS interfaces[0m
[0.540s] [  6%] [34m[1mGenerating C++ code for ROS interfaces[0m
[0.545s] [  6%] Built target ament_cmake_python_copy_zeus_interfaces
[0.652s] running egg_info
[0.652s] writing zeus_interfaces.egg-info/PKG-INFO
[0.652s] writing dependency_links to zeus_interfaces.egg-info/dependency_links.txt
[0.652s] writing top-level names to zeus_interfaces.egg-info/top_level.txt
[0.653s] reading manifest file 'zeus_interfaces.egg-info/SOURCES.txt'
[0.653s] writing manifest file 'zeus_interfaces.egg-info/SOURCES.txt'
[0.659s] [35m[1mConsolidate compiler generated dependencies of target zeus_interfaces__rosidl_generator_c[0m
[0.664s] [  6%] Built target zeus_interfaces__cpp
[0.665s] [  6%] Built target ament_cmake_python_build_zeus_interfaces_egg
[0.665s] [  9%] [32mBuilding C object CMakeFiles/zeus_interfaces__rosidl_generator_c.dir/rosidl_generator_c/zeus_interfaces/srv/detail/zeus_executor__functions.c.o[0m
[0.668s] [ 12%] [34m[1mGenerating C++ type support for eProsima Fast-RTPS[0m
[0.668s] [ 16%] [34m[1mGenerating C++ introspection for ROS interfaces[0m
[0.668s] [ 19%] [34m[1mGenerating C++ type support dispatch for ROS interfaces[0m
[0.692s] [ 22%] [32m[1mLinking C shared library libzeus_interfaces__rosidl_generator_c.so[0m
[0.711s] [ 22%] Built target zeus_interfaces__rosidl_generator_c
[0.717s] [ 32%] [34m[1mGenerating C introspection for ROS interfaces[0m
[0.717s] [ 32%] [34m[1mGenerating C type support dispatch for ROS interfaces[0m
[0.717s] [ 32%] [34m[1mGenerating C type support for eProsima Fast-RTPS[0m
[0.773s] [35m[1mConsolidate compiler generated dependencies of target zeus_interfaces__rosidl_typesupport_cpp[0m
[0.779s] [35m[1mConsolidate compiler generated dependencies of target zeus_interfaces__rosidl_typesupport_introspection_cpp[0m
[0.780s] [ 35%] [32mBuilding CXX object CMakeFiles/zeus_interfaces__rosidl_typesupport_cpp.dir/rosidl_typesupport_cpp/zeus_interfaces/srv/zeus_executor__type_support.cpp.o[0m
[0.786s] [ 38%] [32mBuilding CXX object CMakeFiles/zeus_interfaces__rosidl_typesupport_introspection_cpp.dir/rosidl_typesupport_introspection_cpp/zeus_interfaces/srv/detail/zeus_executor__type_support.cpp.o[0m
[0.786s] [35m[1mConsolidate compiler generated dependencies of target zeus_interfaces__rosidl_typesupport_fastrtps_cpp[0m
[0.792s] [ 41%] [32mBuilding CXX object CMakeFiles/zeus_interfaces__rosidl_typesupport_fastrtps_cpp.dir/rosidl_typesupport_fastrtps_cpp/zeus_interfaces/srv/detail/dds_fastrtps/zeus_executor__type_support.cpp.o[0m
[0.829s] [35m[1mConsolidate compiler generated dependencies of target zeus_interfaces__rosidl_typesupport_c[0m
[0.834s] [35m[1mConsolidate compiler generated dependencies of target zeus_interfaces__rosidl_typesupport_fastrtps_c[0m
[0.835s] [ 45%] [32mBuilding CXX object CMakeFiles/zeus_interfaces__rosidl_typesupport_c.dir/rosidl_typesupport_c/zeus_interfaces/srv/zeus_executor__type_support.cpp.o[0m
[0.839s] [35m[1mConsolidate compiler generated dependencies of target zeus_interfaces__rosidl_typesupport_introspection_c[0m
[0.840s] [ 48%] [32mBuilding CXX object CMakeFiles/zeus_interfaces__rosidl_typesupport_fastrtps_c.dir/rosidl_typesupport_fastrtps_c/zeus_interfaces/srv/detail/zeus_executor__type_support_c.cpp.o[0m
[0.846s] [ 51%] [32mBuilding C object CMakeFiles/zeus_interfaces__rosidl_typesupport_introspection_c.dir/rosidl_typesupport_introspection_c/zeus_interfaces/srv/detail/zeus_executor__type_support.c.o[0m
[0.853s] [ 54%] [32m[1mLinking CXX shared library libzeus_interfaces__rosidl_typesupport_c.so[0m
[0.871s] [ 58%] [32m[1mLinking C shared library libzeus_interfaces__rosidl_typesupport_introspection_c.so[0m
[0.872s] [ 58%] Built target zeus_interfaces__rosidl_typesupport_c
[0.886s] [ 61%] [32m[1mLinking CXX shared library libzeus_interfaces__rosidl_typesupport_cpp.so[0m
[0.889s] [ 61%] Built target zeus_interfaces__rosidl_typesupport_introspection_c
[0.908s] [ 61%] Built target zeus_interfaces__rosidl_typesupport_cpp
[0.939s] [ 64%] [32m[1mLinking CXX shared library libzeus_interfaces__rosidl_typesupport_introspection_cpp.so[0m
[0.952s] [ 67%] [32m[1mLinking CXX shared library libzeus_interfaces__rosidl_typesupport_fastrtps_cpp.so[0m
[0.976s] [ 67%] Built target zeus_interfaces__rosidl_typesupport_introspection_cpp
[0.980s] [ 70%] [32m[1mLinking CXX shared library libzeus_interfaces__rosidl_typesupport_fastrtps_c.so[0m
[0.988s] [ 70%] Built target zeus_interfaces__rosidl_typesupport_fastrtps_cpp
[1.017s] [ 70%] Built target zeus_interfaces__rosidl_typesupport_fastrtps_c
[1.029s] [ 70%] Built target zeus_interfaces
[1.044s] [ 74%] [34m[1mGenerating Python code for ROS interfaces[0m
[1.208s] [ 74%] Built target zeus_interfaces__py
[1.213s] [35m[1mConsolidate compiler generated dependencies of target zeus_interfaces__rosidl_generator_py[0m
[1.218s] [ 77%] [32mBuilding C object CMakeFiles/zeus_interfaces__rosidl_generator_py.dir/rosidl_generator_py/zeus_interfaces/srv/_zeus_executor_s.c.o[0m
[1.266s] [ 80%] [32m[1mLinking C shared library rosidl_generator_py/zeus_interfaces/libzeus_interfaces__rosidl_generator_py.so[0m
[1.288s] [ 80%] Built target zeus_interfaces__rosidl_generator_py
[1.294s] [35m[1mConsolidate compiler generated dependencies of target zeus_interfaces__rosidl_typesupport_c__pyext[0m
[1.294s] [35m[1mConsolidate compiler generated dependencies of target zeus_interfaces__rosidl_typesupport_introspection_c__pyext[0m
[1.294s] [35m[1mConsolidate compiler generated dependencies of target zeus_interfaces__rosidl_typesupport_fastrtps_c__pyext[0m
[1.300s] [ 83%] [32mBuilding C object CMakeFiles/zeus_interfaces__rosidl_typesupport_c__pyext.dir/rosidl_generator_py/zeus_interfaces/_zeus_interfaces_s.ep.rosidl_typesupport_c.c.o[0m
[1.300s] [ 87%] [32mBuilding C object CMakeFiles/zeus_interfaces__rosidl_typesupport_introspection_c__pyext.dir/rosidl_generator_py/zeus_interfaces/_zeus_interfaces_s.ep.rosidl_typesupport_introspection_c.c.o[0m
[1.301s] [ 90%] [32mBuilding C object CMakeFiles/zeus_interfaces__rosidl_typesupport_fastrtps_c__pyext.dir/rosidl_generator_py/zeus_interfaces/_zeus_interfaces_s.ep.rosidl_typesupport_fastrtps_c.c.o[0m
[1.340s] [ 93%] [32m[1mLinking C shared library rosidl_generator_py/zeus_interfaces/zeus_interfaces_s__rosidl_typesupport_introspection_c.cpython-310-x86_64-linux-gnu.so[0m
[1.340s] [100%] [32m[1mLinking C shared library rosidl_generator_py/zeus_interfaces/zeus_interfaces_s__rosidl_typesupport_c.cpython-310-x86_64-linux-gnu.so[0m
[1.340s] [100%] [32m[1mLinking C shared library rosidl_generator_py/zeus_interfaces/zeus_interfaces_s__rosidl_typesupport_fastrtps_c.cpython-310-x86_64-linux-gnu.so[0m
[1.355s] [100%] Built target zeus_interfaces__rosidl_typesupport_c__pyext
[1.358s] [100%] Built target zeus_interfaces__rosidl_typesupport_introspection_c__pyext
[1.358s] [100%] Built target zeus_interfaces__rosidl_typesupport_fastrtps_c__pyext
[1.363s] Invoked command in '/home/pc/soomac_ws/build/zeus_interfaces' returned '0': CMAKE_PREFIX_PATH=${CMAKE_PREFIX_PATH}:/home/pc/soomac_ws/install/zeus_controller:/home/pc/cont_ws/install/torque_test_pkg:/home/pc/cont_ws/install/finger_pkg:/home/pc/cont_ws/install/control_continuum:/home/pc/mg_motor_ws/install/mg_test_pkg:/home/pc/mg_motor_ws/install/mg_motor_test:/home/pc/mg_motor_ws/install/homework_pkg:/home/pc/mg_motor_ws/install/head_moving:/opt/ros/humble /usr/bin/cmake --build /home/pc/soomac_ws/build/zeus_interfaces -- -j32 -l32
[1.367s] Invoking command in '/home/pc/soomac_ws/build/zeus_interfaces': CMAKE_PREFIX_PATH=${CMAKE_PREFIX_PATH}:/home/pc/soomac_ws/install/zeus_controller:/home/pc/cont_ws/install/torque_test_pkg:/home/pc/cont_ws/install/finger_pkg:/home/pc/cont_ws/install/control_continuum:/home/pc/mg_motor_ws/install/mg_test_pkg:/home/pc/mg_motor_ws/install/mg_motor_test:/home/pc/mg_motor_ws/install/homework_pkg:/home/pc/mg_motor_ws/install/head_moving:/opt/ros/humble /usr/bin/cmake --install /home/pc/soomac_ws/build/zeus_interfaces
[1.370s] -- Install configuration: ""
[1.370s] -- Up-to-date: /home/pc/soomac_ws/install/zeus_interfaces/share/ament_index/resource_index/rosidl_interfaces/zeus_interfaces
[1.370s] -- Up-to-date: /home/pc/soomac_ws/install/zeus_interfaces/include/zeus_interfaces/zeus_interfaces
[1.370s] -- Up-to-date: /home/pc/soomac_ws/install/zeus_interfaces/include/zeus_interfaces/zeus_interfaces/msg
[1.370s] -- Up-to-date: /home/pc/soomac_ws/install/zeus_interfaces/include/zeus_interfaces/zeus_interfaces/msg/rosidl_generator_c__visibility_control.h
[1.371s] -- Up-to-date: /home/pc/soomac_ws/install/zeus_interfaces/include/zeus_interfaces/zeus_interfaces/srv
[1.371s] -- Installing: /home/pc/soomac_ws/install/zeus_interfaces/include/zeus_interfaces/zeus_interfaces/srv/zeus_executor.h
[1.371s] -- Up-to-date: /home/pc/soomac_ws/install/zeus_interfaces/include/zeus_interfaces/zeus_interfaces/srv/detail
[1.371s] -- Installing: /home/pc/soomac_ws/install/zeus_interfaces/include/zeus_interfaces/zeus_interfaces/srv/detail/zeus_executor__functions.h
[1.371s] -- Installing: /home/pc/soomac_ws/install/zeus_interfaces/include/zeus_interfaces/zeus_interfaces/srv/detail/zeus_executor__struct.h
[1.371s] -- Installing: /home/pc/soomac_ws/install/zeus_interfaces/include/zeus_interfaces/zeus_interfaces/srv/detail/zeus_executor__functions.c
[1.371s] -- Installing: /home/pc/soomac_ws/install/zeus_interfaces/include/zeus_interfaces/zeus_interfaces/srv/detail/zeus_executor__type_support.h
[1.371s] -- Up-to-date: /home/pc/soomac_ws/install/zeus_interfaces/share/zeus_interfaces/environment/library_path.sh
[1.371s] -- Installing: /home/pc/soomac_ws/install/zeus_interfaces/share/zeus_interfaces/environment/library_path.dsv
[1.371s] -- Installing: /home/pc/soomac_ws/install/zeus_interfaces/lib/libzeus_interfaces__rosidl_generator_c.so
[1.371s] -- Set runtime path of "/home/pc/soomac_ws/install/zeus_interfaces/lib/libzeus_interfaces__rosidl_generator_c.so" to ""
[1.371s] -- Up-to-date: /home/pc/soomac_ws/install/zeus_interfaces/include/zeus_interfaces/zeus_interfaces
[1.371s] -- Up-to-date: /home/pc/soomac_ws/install/zeus_interfaces/include/zeus_interfaces/zeus_interfaces/msg
[1.371s] -- Up-to-date: /home/pc/soomac_ws/install/zeus_interfaces/include/zeus_interfaces/zeus_interfaces/msg/rosidl_typesupport_fastrtps_c__visibility_control.h
[1.371s] -- Up-to-date: /home/pc/soomac_ws/install/zeus_interfaces/include/zeus_interfaces/zeus_interfaces/srv
[1.371s] -- Up-to-date: /home/pc/soomac_ws/install/zeus_interfaces/include/zeus_interfaces/zeus_interfaces/srv/detail
[1.371s] -- Installing: /home/pc/soomac_ws/install/zeus_interfaces/include/zeus_interfaces/zeus_interfaces/srv/detail/zeus_executor__rosidl_typesupport_fastrtps_c.h
[1.371s] -- Installing: /home/pc/soomac_ws/install/zeus_interfaces/lib/libzeus_interfaces__rosidl_typesupport_fastrtps_c.so
[1.371s] -- Set runtime path of "/home/pc/soomac_ws/install/zeus_interfaces/lib/libzeus_interfaces__rosidl_typesupport_fastrtps_c.so" to ""
[1.371s] -- Up-to-date: /home/pc/soomac_ws/install/zeus_interfaces/include/zeus_interfaces/zeus_interfaces
[1.371s] -- Up-to-date: /home/pc/soomac_ws/install/zeus_interfaces/include/zeus_interfaces/zeus_interfaces/msg
[1.371s] -- Up-to-date: /home/pc/soomac_ws/install/zeus_interfaces/include/zeus_interfaces/zeus_interfaces/msg/rosidl_typesupport_introspection_c__visibility_control.h
[1.371s] -- Up-to-date: /home/pc/soomac_ws/install/zeus_interfaces/include/zeus_interfaces/zeus_interfaces/srv
[1.371s] -- Up-to-date: /home/pc/soomac_ws/install/zeus_interfaces/include/zeus_interfaces/zeus_interfaces/srv/detail
[1.371s] -- Installing: /home/pc/soomac_ws/install/zeus_interfaces/include/zeus_interfaces/zeus_interfaces/srv/detail/zeus_executor__rosidl_typesupport_introspection_c.h
[1.371s] -- Installing: /home/pc/soomac_ws/install/zeus_interfaces/include/zeus_interfaces/zeus_interfaces/srv/detail/zeus_executor__type_support.c
[1.371s] -- Installing: /home/pc/soomac_ws/install/zeus_interfaces/lib/libzeus_interfaces__rosidl_typesupport_introspection_c.so
[1.371s] -- Set runtime path of "/home/pc/soomac_ws/install/zeus_interfaces/lib/libzeus_interfaces__rosidl_typesupport_introspection_c.so" to ""
[1.372s] -- Installing: /home/pc/soomac_ws/install/zeus_interfaces/lib/libzeus_interfaces__rosidl_typesupport_c.so
[1.372s] -- Set runtime path of "/home/pc/soomac_ws/install/zeus_interfaces/lib/libzeus_interfaces__rosidl_typesupport_c.so" to ""
[1.372s] -- Up-to-date: /home/pc/soomac_ws/install/zeus_interfaces/include/zeus_interfaces/zeus_interfaces
[1.372s] -- Up-to-date: /home/pc/soomac_ws/install/zeus_interfaces/include/zeus_interfaces/zeus_interfaces/msg
[1.372s] -- Up-to-date: /home/pc/soomac_ws/install/zeus_interfaces/include/zeus_interfaces/zeus_interfaces/msg/rosidl_generator_cpp__visibility_control.hpp
[1.372s] -- Up-to-date: /home/pc/soomac_ws/install/zeus_interfaces/include/zeus_interfaces/zeus_interfaces/srv
[1.372s] -- Installing: /home/pc/soomac_ws/install/zeus_interfaces/include/zeus_interfaces/zeus_interfaces/srv/zeus_executor.hpp
[1.372s] -- Up-to-date: /home/pc/soomac_ws/install/zeus_interfaces/include/zeus_interfaces/zeus_interfaces/srv/detail
[1.372s] -- Installing: /home/pc/soomac_ws/install/zeus_interfaces/include/zeus_interfaces/zeus_interfaces/srv/detail/zeus_executor__traits.hpp
[1.372s] -- Installing: /home/pc/soomac_ws/install/zeus_interfaces/include/zeus_interfaces/zeus_interfaces/srv/detail/zeus_executor__builder.hpp
[1.372s] -- Installing: /home/pc/soomac_ws/install/zeus_interfaces/include/zeus_interfaces/zeus_interfaces/srv/detail/zeus_executor__struct.hpp
[1.372s] -- Installing: /home/pc/soomac_ws/install/zeus_interfaces/include/zeus_interfaces/zeus_interfaces/srv/detail/zeus_executor__type_support.hpp
[1.372s] -- Up-to-date: /home/pc/soomac_ws/install/zeus_interfaces/include/zeus_interfaces/zeus_interfaces
[1.372s] -- Up-to-date: /home/pc/soomac_ws/install/zeus_interfaces/include/zeus_interfaces/zeus_interfaces/msg
[1.372s] -- Up-to-date: /home/pc/soomac_ws/install/zeus_interfaces/include/zeus_interfaces/zeus_interfaces/msg/rosidl_typesupport_fastrtps_cpp__visibility_control.h
[1.372s] -- Up-to-date: /home/pc/soomac_ws/install/zeus_interfaces/include/zeus_interfaces/zeus_interfaces/srv
[1.372s] -- Up-to-date: /home/pc/soomac_ws/install/zeus_interfaces/include/zeus_interfaces/zeus_interfaces/srv/detail
[1.372s] -- Up-to-date: /home/pc/soomac_ws/install/zeus_interfaces/include/zeus_interfaces/zeus_interfaces/srv/detail/dds_fastrtps
[1.372s] -- Installing: /home/pc/soomac_ws/install/zeus_interfaces/include/zeus_interfaces/zeus_interfaces/srv/detail/zeus_executor__rosidl_typesupport_fastrtps_cpp.hpp
[1.372s] -- Installing: /home/pc/soomac_ws/install/zeus_interfaces/lib/libzeus_interfaces__rosidl_typesupport_fastrtps_cpp.so
[1.372s] -- Set runtime path of "/home/pc/soomac_ws/install/zeus_interfaces/lib/libzeus_interfaces__rosidl_typesupport_fastrtps_cpp.so" to ""
[1.372s] -- Up-to-date: /home/pc/soomac_ws/install/zeus_interfaces/include/zeus_interfaces/zeus_interfaces
[1.372s] -- Up-to-date: /home/pc/soomac_ws/install/zeus_interfaces/include/zeus_interfaces/zeus_interfaces/srv
[1.372s] -- Up-to-date: /home/pc/soomac_ws/install/zeus_interfaces/include/zeus_interfaces/zeus_interfaces/srv/detail
[1.372s] -- Installing: /home/pc/soomac_ws/install/zeus_interfaces/include/zeus_interfaces/zeus_interfaces/srv/detail/zeus_executor__rosidl_typesupport_introspection_cpp.hpp
[1.372s] -- Installing: /home/pc/soomac_ws/install/zeus_interfaces/include/zeus_interfaces/zeus_interfaces/srv/detail/zeus_executor__type_support.cpp
[1.372s] -- Installing: /home/pc/soomac_ws/install/zeus_interfaces/lib/libzeus_interfaces__rosidl_typesupport_introspection_cpp.so
[1.372s] -- Set runtime path of "/home/pc/soomac_ws/install/zeus_interfaces/lib/libzeus_interfaces__rosidl_typesupport_introspection_cpp.so" to ""
[1.372s] -- Installing: /home/pc/soomac_ws/install/zeus_interfaces/lib/libzeus_interfaces__rosidl_typesupport_cpp.so
[1.373s] -- Set runtime path of "/home/pc/soomac_ws/install/zeus_interfaces/lib/libzeus_interfaces__rosidl_typesupport_cpp.so" to ""
[1.373s] -- Up-to-date: /home/pc/soomac_ws/install/zeus_interfaces/share/zeus_interfaces/environment/pythonpath.sh
[1.373s] -- Installing: /home/pc/soomac_ws/install/zeus_interfaces/share/zeus_interfaces/environment/pythonpath.dsv
[1.373s] -- Up-to-date: /home/pc/soomac_ws/install/zeus_interfaces/local/lib/python3.10/dist-packages/zeus_interfaces-0.0.0-py3.10.egg-info
[1.373s] -- Installing: /home/pc/soomac_ws/install/zeus_interfaces/local/lib/python3.10/dist-packages/zeus_interfaces-0.0.0-py3.10.egg-info/top_level.txt
[1.373s] -- Installing: /home/pc/soomac_ws/install/zeus_interfaces/local/lib/python3.10/dist-packages/zeus_interfaces-0.0.0-py3.10.egg-info/dependency_links.txt
[1.373s] -- Installing: /home/pc/soomac_ws/install/zeus_interfaces/local/lib/python3.10/dist-packages/zeus_interfaces-0.0.0-py3.10.egg-info/SOURCES.txt
[1.373s] -- Installing: /home/pc/soomac_ws/install/zeus_interfaces/local/lib/python3.10/dist-packages/zeus_interfaces-0.0.0-py3.10.egg-info/PKG-INFO
[1.373s] -- Up-to-date: /home/pc/soomac_ws/install/zeus_interfaces/local/lib/python3.10/dist-packages/zeus_interfaces
[1.373s] -- Installing: /home/pc/soomac_ws/install/zeus_interfaces/local/lib/python3.10/dist-packages/zeus_interfaces/__init__.py
[1.373s] -- Installing: /home/pc/soomac_ws/install/zeus_interfaces/local/lib/python3.10/dist-packages/zeus_interfaces/libzeus_interfaces__rosidl_generator_py.so
[1.373s] -- Up-to-date: /home/pc/soomac_ws/install/zeus_interfaces/local/lib/python3.10/dist-packages/zeus_interfaces/srv
[1.373s] -- Installing: /home/pc/soomac_ws/install/zeus_interfaces/local/lib/python3.10/dist-packages/zeus_interfaces/srv/__init__.py
[1.373s] -- Installing: /home/pc/soomac_ws/install/zeus_interfaces/local/lib/python3.10/dist-packages/zeus_interfaces/srv/_zeus_executor.py
[1.373s] -- Installing: /home/pc/soomac_ws/install/zeus_interfaces/local/lib/python3.10/dist-packages/zeus_interfaces/srv/_zeus_executor_s.c
[1.373s] -- Installing: /home/pc/soomac_ws/install/zeus_interfaces/local/lib/python3.10/dist-packages/zeus_interfaces/zeus_interfaces_s__rosidl_typesupport_fastrtps_c.cpython-310-x86_64-linux-gnu.so
[1.373s] -- Installing: /home/pc/soomac_ws/install/zeus_interfaces/local/lib/python3.10/dist-packages/zeus_interfaces/zeus_interfaces_s__rosidl_typesupport_introspection_c.cpython-310-x86_64-linux-gnu.so
[1.373s] -- Installing: /home/pc/soomac_ws/install/zeus_interfaces/local/lib/python3.10/dist-packages/zeus_interfaces/zeus_interfaces_s__rosidl_typesupport_c.cpython-310-x86_64-linux-gnu.so
[1.373s] -- Installing: /home/pc/soomac_ws/install/zeus_interfaces/local/lib/python3.10/dist-packages/zeus_interfaces/_zeus_interfaces_s.ep.rosidl_typesupport_introspection_c.c
[1.373s] -- Installing: /home/pc/soomac_ws/install/zeus_interfaces/local/lib/python3.10/dist-packages/zeus_interfaces/_zeus_interfaces_s.ep.rosidl_typesupport_c.c
[1.373s] -- Installing: /home/pc/soomac_ws/install/zeus_interfaces/local/lib/python3.10/dist-packages/zeus_interfaces/_zeus_interfaces_s.ep.rosidl_typesupport_fastrtps_c.c
[1.393s] Listing '/home/pc/soomac_ws/install/zeus_interfaces/local/lib/python3.10/dist-packages/zeus_interfaces'...
[1.393s] Compiling '/home/pc/soomac_ws/install/zeus_interfaces/local/lib/python3.10/dist-packages/zeus_interfaces/__init__.py'...
[1.393s] Listing '/home/pc/soomac_ws/install/zeus_interfaces/local/lib/python3.10/dist-packages/zeus_interfaces/srv'...
[1.393s] Compiling '/home/pc/soomac_ws/install/zeus_interfaces/local/lib/python3.10/dist-packages/zeus_interfaces/srv/__init__.py'...
[1.394s] Compiling '/home/pc/soomac_ws/install/zeus_interfaces/local/lib/python3.10/dist-packages/zeus_interfaces/srv/_zeus_executor.py'...
[1.395s] -- Installing: /home/pc/soomac_ws/install/zeus_interfaces/local/lib/python3.10/dist-packages/zeus_interfaces/zeus_interfaces_s__rosidl_typesupport_fastrtps_c.cpython-310-x86_64-linux-gnu.so
[1.396s] -- Set runtime path of "/home/pc/soomac_ws/install/zeus_interfaces/local/lib/python3.10/dist-packages/zeus_interfaces/zeus_interfaces_s__rosidl_typesupport_fastrtps_c.cpython-310-x86_64-linux-gnu.so" to ""
[1.396s] -- Installing: /home/pc/soomac_ws/install/zeus_interfaces/local/lib/python3.10/dist-packages/zeus_interfaces/zeus_interfaces_s__rosidl_typesupport_introspection_c.cpython-310-x86_64-linux-gnu.so
[1.396s] -- Set runtime path of "/home/pc/soomac_ws/install/zeus_interfaces/local/lib/python3.10/dist-packages/zeus_interfaces/zeus_interfaces_s__rosidl_typesupport_introspection_c.cpython-310-x86_64-linux-gnu.so" to ""
[1.396s] -- Installing: /home/pc/soomac_ws/install/zeus_interfaces/local/lib/python3.10/dist-packages/zeus_interfaces/zeus_interfaces_s__rosidl_typesupport_c.cpython-310-x86_64-linux-gnu.so
[1.396s] -- Set runtime path of "/home/pc/soomac_ws/install/zeus_interfaces/local/lib/python3.10/dist-packages/zeus_interfaces/zeus_interfaces_s__rosidl_typesupport_c.cpython-310-x86_64-linux-gnu.so" to ""
[1.396s] -- Installing: /home/pc/soomac_ws/install/zeus_interfaces/lib/libzeus_interfaces__rosidl_generator_py.so
[1.396s] -- Set runtime path of "/home/pc/soomac_ws/install/zeus_interfaces/lib/libzeus_interfaces__rosidl_generator_py.so" to ""
[1.396s] -- Installing: /home/pc/soomac_ws/install/zeus_interfaces/share/zeus_interfaces/srv/ZeusExecutor.idl
[1.396s] -- Installing: /home/pc/soomac_ws/install/zeus_interfaces/share/zeus_interfaces/srv/ZeusExecutor.srv
[1.396s] -- Installing: /home/pc/soomac_ws/install/zeus_interfaces/share/zeus_interfaces/srv/ZeusExecutor_Request.msg
[1.396s] -- Up-to-date: /home/pc/soomac_ws/install/zeus_interfaces/share/zeus_interfaces/srv/ZeusExecutor_Response.msg
[1.396s] -- Up-to-date: /home/pc/soomac_ws/install/zeus_interfaces/share/ament_index/resource_index/package_run_dependencies/zeus_interfaces
[1.396s] -- Installing: /home/pc/soomac_ws/install/zeus_interfaces/share/ament_index/resource_index/parent_prefix_path/zeus_interfaces
[1.396s] -- Up-to-date: /home/pc/soomac_ws/install/zeus_interfaces/share/zeus_interfaces/environment/ament_prefix_path.sh
[1.396s] -- Installing: /home/pc/soomac_ws/install/zeus_interfaces/share/zeus_interfaces/environment/ament_prefix_path.dsv
[1.396s] -- Up-to-date: /home/pc/soomac_ws/install/zeus_interfaces/share/zeus_interfaces/environment/path.sh
[1.396s] -- Installing: /home/pc/soomac_ws/install/zeus_interfaces/share/zeus_interfaces/environment/path.dsv
[1.396s] -- Up-to-date: /home/pc/soomac_ws/install/zeus_interfaces/share/zeus_interfaces/local_setup.bash
[1.396s] -- Up-to-date: /home/pc/soomac_ws/install/zeus_interfaces/share/zeus_interfaces/local_setup.sh
[1.396s] -- Up-to-date: /home/pc/soomac_ws/install/zeus_interfaces/share/zeus_interfaces/local_setup.zsh
[1.397s] -- Installing: /home/pc/soomac_ws/install/zeus_interfaces/share/zeus_interfaces/local_setup.dsv
[1.397s] -- Installing: /home/pc/soomac_ws/install/zeus_interfaces/share/zeus_interfaces/package.dsv
[1.397s] -- Up-to-date: /home/pc/soomac_ws/install/zeus_interfaces/share/ament_index/resource_index/packages/zeus_interfaces
[1.397s] -- Up-to-date: /home/pc/soomac_ws/install/zeus_interfaces/share/zeus_interfaces/cmake/export_zeus_interfaces__rosidl_generator_cExport.cmake
[1.397s] -- Up-to-date: /home/pc/soomac_ws/install/zeus_interfaces/share/zeus_interfaces/cmake/export_zeus_interfaces__rosidl_generator_cExport-noconfig.cmake
[1.397s] -- Up-to-date: /home/pc/soomac_ws/install/zeus_interfaces/share/zeus_interfaces/cmake/export_zeus_interfaces__rosidl_typesupport_fastrtps_cExport.cmake
[1.397s] -- Up-to-date: /home/pc/soomac_ws/install/zeus_interfaces/share/zeus_interfaces/cmake/export_zeus_interfaces__rosidl_typesupport_fastrtps_cExport-noconfig.cmake
[1.397s] -- Up-to-date: /home/pc/soomac_ws/install/zeus_interfaces/share/zeus_interfaces/cmake/zeus_interfaces__rosidl_typesupport_introspection_cExport.cmake
[1.397s] -- Up-to-date: /home/pc/soomac_ws/install/zeus_interfaces/share/zeus_interfaces/cmake/zeus_interfaces__rosidl_typesupport_introspection_cExport-noconfig.cmake
[1.397s] -- Up-to-date: /home/pc/soomac_ws/install/zeus_interfaces/share/zeus_interfaces/cmake/zeus_interfaces__rosidl_typesupport_cExport.cmake
[1.397s] -- Up-to-date: /home/pc/soomac_ws/install/zeus_interfaces/share/zeus_interfaces/cmake/zeus_interfaces__rosidl_typesupport_cExport-noconfig.cmake
[1.397s] -- Up-to-date: /home/pc/soomac_ws/install/zeus_interfaces/share/zeus_interfaces/cmake/export_zeus_interfaces__rosidl_generator_cppExport.cmake
[1.397s] -- Up-to-date: /home/pc/soomac_ws/install/zeus_interfaces/share/zeus_interfaces/cmake/export_zeus_interfaces__rosidl_typesupport_fastrtps_cppExport.cmake
[1.397s] -- Up-to-date: /home/pc/soomac_ws/install/zeus_interfaces/share/zeus_interfaces/cmake/export_zeus_interfaces__rosidl_typesupport_fastrtps_cppExport-noconfig.cmake
[1.397s] -- Up-to-date: /home/pc/soomac_ws/install/zeus_interfaces/share/zeus_interfaces/cmake/zeus_interfaces__rosidl_typesupport_introspection_cppExport.cmake
[1.397s] -- Up-to-date: /home/pc/soomac_ws/install/zeus_interfaces/share/zeus_interfaces/cmake/zeus_interfaces__rosidl_typesupport_introspection_cppExport-noconfig.cmake
[1.397s] -- Up-to-date: /home/pc/soomac_ws/install/zeus_interfaces/share/zeus_interfaces/cmake/zeus_interfaces__rosidl_typesupport_cppExport.cmake
[1.397s] -- Up-to-date: /home/pc/soomac_ws/install/zeus_interfaces/share/zeus_interfaces/cmake/zeus_interfaces__rosidl_typesupport_cppExport-noconfig.cmake
[1.397s] -- Up-to-date: /home/pc/soomac_ws/install/zeus_interfaces/share/zeus_interfaces/cmake/export_zeus_interfaces__rosidl_generator_pyExport.cmake
[1.397s] -- Up-to-date: /home/pc/soomac_ws/install/zeus_interfaces/share/zeus_interfaces/cmake/export_zeus_interfaces__rosidl_generator_pyExport-noconfig.cmake
[1.397s] -- Up-to-date: /home/pc/soomac_ws/install/zeus_interfaces/share/zeus_interfaces/cmake/rosidl_cmake-extras.cmake
[1.397s] -- Up-to-date: /home/pc/soomac_ws/install/zeus_interfaces/share/zeus_interfaces/cmake/ament_cmake_export_include_directories-extras.cmake
[1.397s] -- Up-to-date: /home/pc/soomac_ws/install/zeus_interfaces/share/zeus_interfaces/cmake/ament_cmake_export_libraries-extras.cmake
[1.397s] -- Up-to-date: /home/pc/soomac_ws/install/zeus_interfaces/share/zeus_interfaces/cmake/ament_cmake_export_targets-extras.cmake
[1.397s] -- Up-to-date: /home/pc/soomac_ws/install/zeus_interfaces/share/zeus_interfaces/cmake/rosidl_cmake_export_typesupport_targets-extras.cmake
[1.397s] -- Up-to-date: /home/pc/soomac_ws/install/zeus_interfaces/share/zeus_interfaces/cmake/ament_cmake_export_dependencies-extras.cmake
[1.397s] -- Up-to-date: /home/pc/soomac_ws/install/zeus_interfaces/share/zeus_interfaces/cmake/rosidl_cmake_export_typesupport_libraries-extras.cmake
[1.397s] -- Up-to-date: /home/pc/soomac_ws/install/zeus_interfaces/share/zeus_interfaces/cmake/zeus_interfacesConfig.cmake
[1.397s] -- Up-to-date: /home/pc/soomac_ws/install/zeus_interfaces/share/zeus_interfaces/cmake/zeus_interfacesConfig-version.cmake
[1.397s] -- Up-to-date: /home/pc/soomac_ws/install/zeus_interfaces/share/zeus_interfaces/package.xml
[1.398s] Invoked command in '/home/pc/soomac_ws/build/zeus_interfaces' returned '0': CMAKE_PREFIX_PATH=${CMAKE_PREFIX_PATH}:/home/pc/soomac_ws/install/zeus_controller:/home/pc/cont_ws/install/torque_test_pkg:/home/pc/cont_ws/install/finger_pkg:/home/pc/cont_ws/install/control_continuum:/home/pc/mg_motor_ws/install/mg_test_pkg:/home/pc/mg_motor_ws/install/mg_motor_test:/home/pc/mg_motor_ws/install/homework_pkg:/home/pc/mg_motor_ws/install/head_moving:/opt/ros/humble /usr/bin/cmake --install /home/pc/soomac_ws/build/zeus_interfaces
