running develop
Removing /home/pc/soomac_ws/install/zeus_vision/lib/python3.10/site-packages/zeus-vision.egg-link (link to .)
running egg_info
writing ../../build/zeus_vision/zeus_vision.egg-info/PKG-INFO
writing dependency_links to ../../build/zeus_vision/zeus_vision.egg-info/dependency_links.txt
writing entry points to ../../build/zeus_vision/zeus_vision.egg-info/entry_points.txt
writing requirements to ../../build/zeus_vision/zeus_vision.egg-info/requires.txt
writing top-level names to ../../build/zeus_vision/zeus_vision.egg-info/top_level.txt
reading manifest file '../../build/zeus_vision/zeus_vision.egg-info/SOURCES.txt'
writing manifest file '../../build/zeus_vision/zeus_vision.egg-info/SOURCES.txt'
running build
running build_py
creating /home/pc/soomac_ws/build/zeus_vision/build
creating /home/pc/soomac_ws/build/zeus_vision/build/lib
creating /home/pc/soomac_ws/build/zeus_vision/build/lib/zeus_vision
copying zeus_vision/__init__.py -> /home/pc/soomac_ws/build/zeus_vision/build/lib/zeus_vision
copying zeus_vision/block_detect.py -> /home/pc/soomac_ws/build/zeus_vision/build/lib/zeus_vision
copying zeus_vision/block_position.py -> /home/pc/soomac_ws/build/zeus_vision/build/lib/zeus_vision
running install
running install_lib
creating /home/pc/soomac_ws/install/zeus_vision/lib/python3.10/site-packages/zeus_vision
copying /home/pc/soomac_ws/build/zeus_vision/build/lib/zeus_vision/__init__.py -> /home/pc/soomac_ws/install/zeus_vision/lib/python3.10/site-packages/zeus_vision
copying /home/pc/soomac_ws/build/zeus_vision/build/lib/zeus_vision/block_detect.py -> /home/pc/soomac_ws/install/zeus_vision/lib/python3.10/site-packages/zeus_vision
copying /home/pc/soomac_ws/build/zeus_vision/build/lib/zeus_vision/block_position.py -> /home/pc/soomac_ws/install/zeus_vision/lib/python3.10/site-packages/zeus_vision
byte-compiling /home/pc/soomac_ws/install/zeus_vision/lib/python3.10/site-packages/zeus_vision/__init__.py to __init__.cpython-310.pyc
byte-compiling /home/pc/soomac_ws/install/zeus_vision/lib/python3.10/site-packages/zeus_vision/block_detect.py to block_detect.cpython-310.pyc
byte-compiling /home/pc/soomac_ws/install/zeus_vision/lib/python3.10/site-packages/zeus_vision/block_position.py to block_position.cpython-310.pyc
running install_data
copying resource/zeus_vision -> /home/pc/soomac_ws/install/zeus_vision/share/ament_index/resource_index/packages
copying package.xml -> /home/pc/soomac_ws/install/zeus_vision/share/zeus_vision
running install_egg_info
Copying ../../build/zeus_vision/zeus_vision.egg-info to /home/pc/soomac_ws/install/zeus_vision/lib/python3.10/site-packages/zeus_vision-0.0.0-py3.10.egg-info
running install_scripts
Installing detect script to /home/pc/soomac_ws/install/zeus_vision/lib/zeus_vision
Installing position script to /home/pc/soomac_ws/install/zeus_vision/lib/zeus_vision
writing list of installed files to '/home/pc/soomac_ws/build/zeus_vision/install.log'
