[0.275s] Invoking command in '/home/pc/soomac_ws/build/zeus_vision': PYTHONPATH=/home/pc/soomac_ws/build/zeus_vision/prefix_override:/usr/lib/python3/dist-packages/colcon_core/task/python/colcon_distutils_commands:/home/pc/soomac_ws/install/zeus_vision/lib/python3.10/site-packages:${PYTHONPATH} /usr/bin/python3 -W ignore:setup.py install is deprecated -W ignore:easy_install command is deprecated setup.py develop --editable --build-directory /home/pc/soomac_ws/build/zeus_vision/build --no-deps symlink_data
[0.392s] running develop
[0.465s] running egg_info
[0.465s] creating zeus_vision.egg-info
[0.465s] writing zeus_vision.egg-info/PKG-INFO
[0.465s] writing dependency_links to zeus_vision.egg-info/dependency_links.txt
[0.465s] writing entry points to zeus_vision.egg-info/entry_points.txt
[0.465s] writing requirements to zeus_vision.egg-info/requires.txt
[0.465s] writing top-level names to zeus_vision.egg-info/top_level.txt
[0.466s] writing manifest file 'zeus_vision.egg-info/SOURCES.txt'
[0.466s] reading manifest file 'zeus_vision.egg-info/SOURCES.txt'
[0.466s] writing manifest file 'zeus_vision.egg-info/SOURCES.txt'
[0.467s] running build_ext
[0.467s] Creating /home/pc/soomac_ws/install/zeus_vision/lib/python3.10/site-packages/zeus-vision.egg-link (link to .)
[0.467s] Installing detect script to /home/pc/soomac_ws/install/zeus_vision/lib/zeus_vision
[0.467s] Installing position script to /home/pc/soomac_ws/install/zeus_vision/lib/zeus_vision
[0.467s] 
[0.467s] Installed /home/pc/soomac_ws/build/zeus_vision
[0.468s] running symlink_data
[0.468s] creating /home/pc/soomac_ws/install/zeus_vision/share/ament_index
[0.468s] creating /home/pc/soomac_ws/install/zeus_vision/share/ament_index/resource_index
[0.468s] creating /home/pc/soomac_ws/install/zeus_vision/share/ament_index/resource_index/packages
[0.468s] symbolically linking /home/pc/soomac_ws/build/zeus_vision/resource/zeus_vision -> /home/pc/soomac_ws/install/zeus_vision/share/ament_index/resource_index/packages
[0.468s] symbolically linking /home/pc/soomac_ws/build/zeus_vision/package.xml -> /home/pc/soomac_ws/install/zeus_vision/share/zeus_vision
[0.478s] Invoked command in '/home/pc/soomac_ws/build/zeus_vision' returned '0': PYTHONPATH=/home/pc/soomac_ws/build/zeus_vision/prefix_override:/usr/lib/python3/dist-packages/colcon_core/task/python/colcon_distutils_commands:/home/pc/soomac_ws/install/zeus_vision/lib/python3.10/site-packages:${PYTHONPATH} /usr/bin/python3 -W ignore:setup.py install is deprecated -W ignore:easy_install command is deprecated setup.py develop --editable --build-directory /home/pc/soomac_ws/build/zeus_vision/build --no-deps symlink_data
