[0.006s] Invoking command in '/home/pc/soomac_ws/build/dongsoo_cpp_pkg': CMAKE_PREFIX_PATH=${CMAKE_PREFIX_PATH}:/home/pc/soomac_ws/install/homework_pkg:/home/pc/soomac_ws/install/finger_test:/home/pc/soomac_ws/install/dx_motor_control:/home/pc/soomac_ws/install/dongsoo_py_pkg:/home/pc/cont_ws/install/torque_test_pkg:/home/pc/cont_ws/install/finger_pkg:/home/pc/cont_ws/install/control_continuum:/home/pc/mg_motor_ws/install/mg_test_pkg:/home/pc/mg_motor_ws/install/mg_motor_test:/home/pc/mg_motor_ws/install/homework_pkg:/home/pc/mg_motor_ws/install/head_moving:/opt/ros/humble /usr/bin/cmake --build /home/pc/soomac_ws/build/dongsoo_cpp_pkg -- -j32 -l32
[0.042s] [35m[1mConsolidate compiler generated dependencies of target motor_connect[0m
[0.042s] [35m[1mConsolidate compiler generated dependencies of target test_motor_connect[0m
[0.058s] [ 25%] [32mBuilding CXX object CMakeFiles/test_motor_connect.dir/src/test_motor_connect.cpp.o[0m
[0.058s] [ 50%] [32mBuilding CXX object CMakeFiles/motor_connect.dir/src/motor_connect.cpp.o[0m
[1.605s] [01m[K/home/pc/soomac_ws/src/dongsoo_cpp_pkg/src/test_motor_connect.cpp:333:18:[m[K [01;31m[Kerror: [m[Kexpected class-name before ‘[01m[K([m[K’ token
[1.605s]   333 |   ~DxlCurrentNode[01;31m[K([m[K) {
[1.605s]       |                  [01;31m[K^[m[K
[1.648s] [01m[K/home/pc/soomac_ws/src/dongsoo_cpp_pkg/src/test_motor_connect.cpp:[m[K In constructor ‘[01m[KTestDxlCurrentNode::TestDxlCurrentNode()[m[K’:
[1.648s] [01m[K/home/pc/soomac_ws/src/dongsoo_cpp_pkg/src/test_motor_connect.cpp:317:18:[m[K [01;31m[Kerror: [m[K‘[01m[KDxlCurrentNode[m[K’ has not been declared
[1.648s]   317 |       std::bind(&[01;31m[KDxlCurrentNode[m[K::positionCallback, this, std::placeholders::_1)
[1.648s]       |                  [01;31m[K^~~~~~~~~~~~~~[m[K
[1.648s] [01m[K/home/pc/soomac_ws/src/dongsoo_cpp_pkg/src/test_motor_connect.cpp:323:18:[m[K [01;31m[Kerror: [m[K‘[01m[KDxlCurrentNode[m[K’ has not been declared
[1.648s]   323 |       std::bind(&[01;31m[KDxlCurrentNode[m[K::dxl5PositionCallback, this, std::placeholders::_1)
[1.648s]       |                  [01;31m[K^~~~~~~~~~~~~~[m[K
[1.648s] [01m[K/home/pc/soomac_ws/src/dongsoo_cpp_pkg/src/test_motor_connect.cpp:328:43:[m[K [01;31m[Kerror: [m[K‘[01m[KDxlCurrentNode[m[K’ has not been declared
[1.648s]   328 |                                std::bind(&[01;31m[KDxlCurrentNode[m[K::readAndPublish, this));
[1.648s]       |                                           [01;31m[K^~~~~~~~~~~~~~[m[K
[2.420s] gmake[2]: *** [CMakeFiles/test_motor_connect.dir/build.make:76: CMakeFiles/test_motor_connect.dir/src/test_motor_connect.cpp.o] Error 1
[2.420s] gmake[1]: *** [CMakeFiles/Makefile2:165: CMakeFiles/test_motor_connect.dir/all] Error 2
[2.420s] gmake[1]: *** Waiting for unfinished jobs....
[5.343s] [ 75%] [32m[1mLinking CXX executable motor_connect[0m
[5.575s] [ 75%] Built target motor_connect
[5.576s] gmake: *** [Makefile:146: all] Error 2
[5.578s] Invoked command in '/home/pc/soomac_ws/build/dongsoo_cpp_pkg' returned '2': CMAKE_PREFIX_PATH=${CMAKE_PREFIX_PATH}:/home/pc/soomac_ws/install/homework_pkg:/home/pc/soomac_ws/install/finger_test:/home/pc/soomac_ws/install/dx_motor_control:/home/pc/soomac_ws/install/dongsoo_py_pkg:/home/pc/cont_ws/install/torque_test_pkg:/home/pc/cont_ws/install/finger_pkg:/home/pc/cont_ws/install/control_continuum:/home/pc/mg_motor_ws/install/mg_test_pkg:/home/pc/mg_motor_ws/install/mg_motor_test:/home/pc/mg_motor_ws/install/homework_pkg:/home/pc/mg_motor_ws/install/head_moving:/opt/ros/humble /usr/bin/cmake --build /home/pc/soomac_ws/build/dongsoo_cpp_pkg -- -j32 -l32
