[0.086s] [34mcolcon[0m [1;30mDEBUG[0m [32mCommand line arguments: ['/usr/bin/colcon', 'build'][0m
[0.086s] [34mcolcon[0m [1;30mDEBUG[0m [32mParsed command line arguments: Namespace(log_base=None, log_level=None, verb_name='build', build_base='build', install_base='install', merge_install=False, symlink_install=False, test_result_base=None, continue_on_error=False, executor='parallel', parallel_workers=32, event_handlers=None, ignore_user_meta=False, metas=['./colcon.meta'], base_paths=['.'], packages_ignore=None, packages_ignore_regex=None, paths=None, packages_up_to=None, packages_up_to_regex=None, packages_above=None, packages_above_and_dependencies=None, packages_above_depth=None, packages_select_by_dep=None, packages_skip_by_dep=None, packages_skip_up_to=None, packages_select_build_failed=False, packages_skip_build_finished=False, packages_select_test_failures=False, packages_skip_test_passed=False, packages_select=None, packages_skip=None, packages_select_regex=None, packages_skip_regex=None, packages_start=None, packages_end=None, allow_overriding=[], cmake_args=None, cmake_target=None, cmake_target_skip_unavailable=False, cmake_clean_cache=False, cmake_clean_first=False, cmake_force_configure=False, ament_cmake_args=None, catkin_cmake_args=None, catkin_skip_building_tests=False, mixin_files=None, mixin=None, verb_parser=<colcon_mixin.mixin.mixin_argument.MixinArgumentDecorator object at 0x7f4137e4b610>, verb_extension=<colcon_core.verb.build.BuildVerb object at 0x7f4137e4aef0>, main=<bound method BuildVerb.main of <colcon_core.verb.build.BuildVerb object at 0x7f4137e4aef0>>, mixin_verb=('build',))[0m
[0.233s] [34mcolcon.colcon_core.package_discovery[0m [1;30mLevel 1[0m discover_packages(colcon_meta) check parameters
[0.233s] [34mcolcon.colcon_core.package_discovery[0m [1;30mLevel 1[0m discover_packages(recursive) check parameters
[0.233s] [34mcolcon.colcon_core.package_discovery[0m [1;30mLevel 1[0m discover_packages(ignore) check parameters
[0.233s] [34mcolcon.colcon_core.package_discovery[0m [1;30mLevel 1[0m discover_packages(path) check parameters
[0.233s] [34mcolcon.colcon_core.package_discovery[0m [1;30mLevel 1[0m discover_packages(colcon_meta) discover
[0.233s] [34mcolcon.colcon_core.package_discovery[0m [1;30mLevel 1[0m discover_packages(recursive) discover
[0.233s] [34mcolcon.colcon_core.package_discovery[0m [1;30mINFO[0m Crawling recursively for packages in '/home/temp_id/ros2_ws'
[0.233s] [34mcolcon.colcon_core.package_identification[0m [1;30mLevel 1[0m _identify(.) by extensions ['ignore', 'ignore_ament_install']
[0.233s] [34mcolcon.colcon_core.package_identification[0m [1;30mLevel 1[0m _identify(.) by extension 'ignore'
[0.233s] [34mcolcon.colcon_core.package_identification[0m [1;30mLevel 1[0m _identify(.) by extension 'ignore_ament_install'
[0.233s] [34mcolcon.colcon_core.package_identification[0m [1;30mLevel 1[0m _identify(.) by extensions ['colcon_pkg']
[0.233s] [34mcolcon.colcon_core.package_identification[0m [1;30mLevel 1[0m _identify(.) by extension 'colcon_pkg'
[0.233s] [34mcolcon.colcon_core.package_identification[0m [1;30mLevel 1[0m _identify(.) by extensions ['colcon_meta']
[0.233s] [34mcolcon.colcon_core.package_identification[0m [1;30mLevel 1[0m _identify(.) by extension 'colcon_meta'
[0.233s] [34mcolcon.colcon_core.package_identification[0m [1;30mLevel 1[0m _identify(.) by extensions ['ros']
[0.233s] [34mcolcon.colcon_core.package_identification[0m [1;30mLevel 1[0m _identify(.) by extension 'ros'
[0.241s] [34mcolcon.colcon_core.package_identification[0m [1;30mLevel 1[0m _identify(.) by extensions ['cmake', 'python']
[0.242s] [34mcolcon.colcon_core.package_identification[0m [1;30mLevel 1[0m _identify(.) by extension 'cmake'
[0.242s] [34mcolcon.colcon_core.package_identification[0m [1;30mLevel 1[0m _identify(.) by extension 'python'
[0.242s] [34mcolcon.colcon_core.package_identification[0m [1;30mLevel 1[0m _identify(.) by extensions ['python_setup_py']
[0.242s] [34mcolcon.colcon_core.package_identification[0m [1;30mLevel 1[0m _identify(.) by extension 'python_setup_py'
[0.242s] [34mcolcon.colcon_core.package_identification[0m [1;30mLevel 1[0m _identify(build) by extensions ['ignore', 'ignore_ament_install']
[0.242s] [34mcolcon.colcon_core.package_identification[0m [1;30mLevel 1[0m _identify(build) by extension 'ignore'
[0.242s] [34mcolcon.colcon_core.package_identification[0m [1;30mLevel 1[0m _identify(build) ignored
[0.242s] [34mcolcon.colcon_core.package_identification[0m [1;30mLevel 1[0m _identify(install) by extensions ['ignore', 'ignore_ament_install']
[0.242s] [34mcolcon.colcon_core.package_identification[0m [1;30mLevel 1[0m _identify(install) by extension 'ignore'
[0.242s] [34mcolcon.colcon_core.package_identification[0m [1;30mLevel 1[0m _identify(install) ignored
[0.242s] [34mcolcon.colcon_core.package_identification[0m [1;30mLevel 1[0m _identify(log) by extensions ['ignore', 'ignore_ament_install']
[0.242s] [34mcolcon.colcon_core.package_identification[0m [1;30mLevel 1[0m _identify(log) by extension 'ignore'
[0.242s] [34mcolcon.colcon_core.package_identification[0m [1;30mLevel 1[0m _identify(log) ignored
[0.242s] [34mcolcon.colcon_core.package_identification[0m [1;30mLevel 1[0m _identify(src) by extensions ['ignore', 'ignore_ament_install']
[0.242s] [34mcolcon.colcon_core.package_identification[0m [1;30mLevel 1[0m _identify(src) by extension 'ignore'
[0.242s] [34mcolcon.colcon_core.package_identification[0m [1;30mLevel 1[0m _identify(src) by extension 'ignore_ament_install'
[0.242s] [34mcolcon.colcon_core.package_identification[0m [1;30mLevel 1[0m _identify(src) by extensions ['colcon_pkg']
[0.242s] [34mcolcon.colcon_core.package_identification[0m [1;30mLevel 1[0m _identify(src) by extension 'colcon_pkg'
[0.242s] [34mcolcon.colcon_core.package_identification[0m [1;30mLevel 1[0m _identify(src) by extensions ['colcon_meta']
[0.242s] [34mcolcon.colcon_core.package_identification[0m [1;30mLevel 1[0m _identify(src) by extension 'colcon_meta'
[0.242s] [34mcolcon.colcon_core.package_identification[0m [1;30mLevel 1[0m _identify(src) by extensions ['ros']
[0.242s] [34mcolcon.colcon_core.package_identification[0m [1;30mLevel 1[0m _identify(src) by extension 'ros'
[0.242s] [34mcolcon.colcon_core.package_identification[0m [1;30mLevel 1[0m _identify(src) by extensions ['cmake', 'python']
[0.242s] [34mcolcon.colcon_core.package_identification[0m [1;30mLevel 1[0m _identify(src) by extension 'cmake'
[0.242s] [34mcolcon.colcon_core.package_identification[0m [1;30mLevel 1[0m _identify(src) by extension 'python'
[0.242s] [34mcolcon.colcon_core.package_identification[0m [1;30mLevel 1[0m _identify(src) by extensions ['python_setup_py']
[0.242s] [34mcolcon.colcon_core.package_identification[0m [1;30mLevel 1[0m _identify(src) by extension 'python_setup_py'
[0.243s] [34mcolcon.colcon_core.package_identification[0m [1;30mLevel 1[0m _identify(src/llm_node) by extensions ['ignore', 'ignore_ament_install']
[0.243s] [34mcolcon.colcon_core.package_identification[0m [1;30mLevel 1[0m _identify(src/llm_node) by extension 'ignore'
[0.243s] [34mcolcon.colcon_core.package_identification[0m [1;30mLevel 1[0m _identify(src/llm_node) by extension 'ignore_ament_install'
[0.243s] [34mcolcon.colcon_core.package_identification[0m [1;30mLevel 1[0m _identify(src/llm_node) by extensions ['colcon_pkg']
[0.243s] [34mcolcon.colcon_core.package_identification[0m [1;30mLevel 1[0m _identify(src/llm_node) by extension 'colcon_pkg'
[0.243s] [34mcolcon.colcon_core.package_identification[0m [1;30mLevel 1[0m _identify(src/llm_node) by extensions ['colcon_meta']
[0.243s] [34mcolcon.colcon_core.package_identification[0m [1;30mLevel 1[0m _identify(src/llm_node) by extension 'colcon_meta'
[0.243s] [34mcolcon.colcon_core.package_identification[0m [1;30mLevel 1[0m _identify(src/llm_node) by extensions ['ros']
[0.243s] [34mcolcon.colcon_core.package_identification[0m [1;30mLevel 1[0m _identify(src/llm_node) by extension 'ros'
[0.245s] [34mcolcon.colcon_core.package_identification[0m [1;30mDEBUG[0m [32mPackage 'src/llm_node' with type 'ros.ament_python' and name 'llm_node'[0m
[0.245s] [34mcolcon.colcon_core.package_identification[0m [1;30mLevel 1[0m _identify(src/vision_node) by extensions ['ignore', 'ignore_ament_install']
[0.245s] [34mcolcon.colcon_core.package_identification[0m [1;30mLevel 1[0m _identify(src/vision_node) by extension 'ignore'
[0.245s] [34mcolcon.colcon_core.package_identification[0m [1;30mLevel 1[0m _identify(src/vision_node) by extension 'ignore_ament_install'
[0.245s] [34mcolcon.colcon_core.package_identification[0m [1;30mLevel 1[0m _identify(src/vision_node) by extensions ['colcon_pkg']
[0.245s] [34mcolcon.colcon_core.package_identification[0m [1;30mLevel 1[0m _identify(src/vision_node) by extension 'colcon_pkg'
[0.245s] [34mcolcon.colcon_core.package_identification[0m [1;30mLevel 1[0m _identify(src/vision_node) by extensions ['colcon_meta']
[0.245s] [34mcolcon.colcon_core.package_identification[0m [1;30mLevel 1[0m _identify(src/vision_node) by extension 'colcon_meta'
[0.245s] [34mcolcon.colcon_core.package_identification[0m [1;30mLevel 1[0m _identify(src/vision_node) by extensions ['ros']
[0.245s] [34mcolcon.colcon_core.package_identification[0m [1;30mLevel 1[0m _identify(src/vision_node) by extension 'ros'
[0.246s] [34mcolcon.colcon_core.package_identification[0m [1;30mDEBUG[0m [32mPackage 'src/vision_node' with type 'ros.ament_python' and name 'vision_node'[0m
[0.246s] [34mcolcon.colcon_core.package_discovery[0m [1;30mLevel 1[0m discover_packages(recursive) using defaults
[0.246s] [34mcolcon.colcon_core.package_discovery[0m [1;30mLevel 1[0m discover_packages(ignore) discover
[0.246s] [34mcolcon.colcon_core.package_discovery[0m [1;30mLevel 1[0m discover_packages(ignore) using defaults
[0.246s] [34mcolcon.colcon_core.package_discovery[0m [1;30mLevel 1[0m discover_packages(path) discover
[0.246s] [34mcolcon.colcon_core.package_discovery[0m [1;30mLevel 1[0m discover_packages(path) using defaults
[0.259s] [34mcolcon.colcon_core.package_discovery[0m [1;30mLevel 1[0m discover_packages(prefix_path) check parameters
[0.259s] [34mcolcon.colcon_core.package_discovery[0m [1;30mLevel 1[0m discover_packages(prefix_path) discover
[0.260s] [34mcolcon.colcon_installed_package_information.package_discovery[0m [1;30mDEBUG[0m [32mFound 2 installed packages in /home/temp_id/ros2_ws/install[0m
[0.260s] [34mcolcon.colcon_installed_package_information.package_discovery[0m [1;30mDEBUG[0m [32mFound 271 installed packages in /opt/ros/humble[0m
[0.261s] [34mcolcon.colcon_core.package_discovery[0m [1;30mLevel 1[0m discover_packages(prefix_path) using defaults
[0.283s] [34mcolcon.colcon_core.verb[0m [1;30mLevel 5[0m set package 'llm_node' build argument 'cmake_args' from command line to 'None'
[0.283s] [34mcolcon.colcon_core.verb[0m [1;30mLevel 5[0m set package 'llm_node' build argument 'cmake_target' from command line to 'None'
[0.283s] [34mcolcon.colcon_core.verb[0m [1;30mLevel 5[0m set package 'llm_node' build argument 'cmake_target_skip_unavailable' from command line to 'False'
[0.283s] [34mcolcon.colcon_core.verb[0m [1;30mLevel 5[0m set package 'llm_node' build argument 'cmake_clean_cache' from command line to 'False'
[0.283s] [34mcolcon.colcon_core.verb[0m [1;30mLevel 5[0m set package 'llm_node' build argument 'cmake_clean_first' from command line to 'False'
[0.283s] [34mcolcon.colcon_core.verb[0m [1;30mLevel 5[0m set package 'llm_node' build argument 'cmake_force_configure' from command line to 'False'
[0.283s] [34mcolcon.colcon_core.verb[0m [1;30mLevel 5[0m set package 'llm_node' build argument 'ament_cmake_args' from command line to 'None'
[0.283s] [34mcolcon.colcon_core.verb[0m [1;30mLevel 5[0m set package 'llm_node' build argument 'catkin_cmake_args' from command line to 'None'
[0.283s] [34mcolcon.colcon_core.verb[0m [1;30mLevel 5[0m set package 'llm_node' build argument 'catkin_skip_building_tests' from command line to 'False'
[0.283s] [34mcolcon.colcon_core.verb[0m [1;30mDEBUG[0m [32mBuilding package 'llm_node' with the following arguments: {'ament_cmake_args': None, 'build_base': '/home/temp_id/ros2_ws/build/llm_node', 'catkin_cmake_args': None, 'catkin_skip_building_tests': False, 'cmake_args': None, 'cmake_clean_cache': False, 'cmake_clean_first': False, 'cmake_force_configure': False, 'cmake_target': None, 'cmake_target_skip_unavailable': False, 'install_base': '/home/temp_id/ros2_ws/install/llm_node', 'merge_install': False, 'path': '/home/temp_id/ros2_ws/src/llm_node', 'symlink_install': False, 'test_result_base': None}[0m
[0.283s] [34mcolcon.colcon_core.verb[0m [1;30mLevel 5[0m set package 'vision_node' build argument 'cmake_args' from command line to 'None'
[0.283s] [34mcolcon.colcon_core.verb[0m [1;30mLevel 5[0m set package 'vision_node' build argument 'cmake_target' from command line to 'None'
[0.283s] [34mcolcon.colcon_core.verb[0m [1;30mLevel 5[0m set package 'vision_node' build argument 'cmake_target_skip_unavailable' from command line to 'False'
[0.283s] [34mcolcon.colcon_core.verb[0m [1;30mLevel 5[0m set package 'vision_node' build argument 'cmake_clean_cache' from command line to 'False'
[0.283s] [34mcolcon.colcon_core.verb[0m [1;30mLevel 5[0m set package 'vision_node' build argument 'cmake_clean_first' from command line to 'False'
[0.283s] [34mcolcon.colcon_core.verb[0m [1;30mLevel 5[0m set package 'vision_node' build argument 'cmake_force_configure' from command line to 'False'
[0.283s] [34mcolcon.colcon_core.verb[0m [1;30mLevel 5[0m set package 'vision_node' build argument 'ament_cmake_args' from command line to 'None'
[0.283s] [34mcolcon.colcon_core.verb[0m [1;30mLevel 5[0m set package 'vision_node' build argument 'catkin_cmake_args' from command line to 'None'
[0.283s] [34mcolcon.colcon_core.verb[0m [1;30mLevel 5[0m set package 'vision_node' build argument 'catkin_skip_building_tests' from command line to 'False'
[0.284s] [34mcolcon.colcon_core.verb[0m [1;30mDEBUG[0m [32mBuilding package 'vision_node' with the following arguments: {'ament_cmake_args': None, 'build_base': '/home/temp_id/ros2_ws/build/vision_node', 'catkin_cmake_args': None, 'catkin_skip_building_tests': False, 'cmake_args': None, 'cmake_clean_cache': False, 'cmake_clean_first': False, 'cmake_force_configure': False, 'cmake_target': None, 'cmake_target_skip_unavailable': False, 'install_base': '/home/temp_id/ros2_ws/install/vision_node', 'merge_install': False, 'path': '/home/temp_id/ros2_ws/src/vision_node', 'symlink_install': False, 'test_result_base': None}[0m
[0.284s] [34mcolcon.colcon_core.executor[0m [1;30mINFO[0m Executing jobs using 'parallel' executor
[0.285s] [34mcolcon.colcon_parallel_executor.executor.parallel[0m [1;30mDEBUG[0m [32mrun_until_complete[0m
[0.285s] [34mcolcon.colcon_ros.task.ament_python.build[0m [1;30mINFO[0m Building ROS package in '/home/temp_id/ros2_ws/src/llm_node' with build type 'ament_python'
[0.285s] [34mcolcon.colcon_core.shell[0m [1;30mLevel 1[0m create_environment_hook('llm_node', 'ament_prefix_path')
[0.287s] [34mcolcon.colcon_core.plugin_system[0m [1;30mINFO[0m Skipping extension 'colcon_core.shell.bat': Not used on non-Windows systems
[0.287s] [34mcolcon.colcon_core.shell[0m [1;30mINFO[0m Creating environment hook '/home/temp_id/ros2_ws/install/llm_node/share/llm_node/hook/ament_prefix_path.ps1'
[0.288s] [34mcolcon.colcon_core.shell[0m [1;30mINFO[0m Creating environment descriptor '/home/temp_id/ros2_ws/install/llm_node/share/llm_node/hook/ament_prefix_path.dsv'
[0.288s] [34mcolcon.colcon_core.shell[0m [1;30mINFO[0m Creating environment hook '/home/temp_id/ros2_ws/install/llm_node/share/llm_node/hook/ament_prefix_path.sh'
[0.289s] [34mcolcon.colcon_core.shell[0m [1;30mINFO[0m Skip shell extension 'powershell' for command environment: Not usable outside of PowerShell
[0.289s] [34mcolcon.colcon_core.shell[0m [1;30mDEBUG[0m [32mSkip shell extension 'dsv' for command environment[0m
[0.291s] [34mcolcon.colcon_ros.task.ament_python.build[0m [1;30mINFO[0m Building ROS package in '/home/temp_id/ros2_ws/src/vision_node' with build type 'ament_python'
[0.291s] [34mcolcon.colcon_core.shell[0m [1;30mLevel 1[0m create_environment_hook('vision_node', 'ament_prefix_path')
[0.292s] [34mcolcon.colcon_core.shell[0m [1;30mINFO[0m Creating environment hook '/home/temp_id/ros2_ws/install/vision_node/share/vision_node/hook/ament_prefix_path.ps1'
[0.292s] [34mcolcon.colcon_core.shell[0m [1;30mINFO[0m Creating environment descriptor '/home/temp_id/ros2_ws/install/vision_node/share/vision_node/hook/ament_prefix_path.dsv'
[0.292s] [34mcolcon.colcon_core.shell[0m [1;30mINFO[0m Creating environment hook '/home/temp_id/ros2_ws/install/vision_node/share/vision_node/hook/ament_prefix_path.sh'
[0.292s] [34mcolcon.colcon_core.shell[0m [1;30mINFO[0m Skip shell extension 'powershell' for command environment: Not usable outside of PowerShell
[0.292s] [34mcolcon.colcon_core.shell[0m [1;30mDEBUG[0m [32mSkip shell extension 'dsv' for command environment[0m
[0.510s] [34mcolcon.colcon_core.task.python.build[0m [1;30mINFO[0m Building Python package in '/home/temp_id/ros2_ws/src/llm_node'
[0.511s] [34mcolcon.colcon_core.shell[0m [1;30mINFO[0m Skip shell extension 'powershell' for command environment: Not usable outside of PowerShell
[0.511s] [34mcolcon.colcon_core.shell[0m [1;30mDEBUG[0m [32mSkip shell extension 'dsv' for command environment[0m
[0.729s] [34mcolcon.colcon_core.task.python.build[0m [1;30mINFO[0m Building Python package in '/home/temp_id/ros2_ws/src/vision_node'
[0.730s] [34mcolcon.colcon_core.shell[0m [1;30mINFO[0m Skip shell extension 'powershell' for command environment: Not usable outside of PowerShell
[0.730s] [34mcolcon.colcon_core.shell[0m [1;30mDEBUG[0m [32mSkip shell extension 'dsv' for command environment[0m
[1.026s] [34mcolcon.colcon_core.event_handler.log_command[0m [1;30mDEBUG[0m [32mInvoking command in '/home/temp_id/ros2_ws/src/llm_node': HISTTIMEFORMAT=20%y/%m/%d %T PS1=\[\e[1;47;30m\][\u@\h:\W]\$\[\e[m\] PYTHONPATH=/home/temp_id/ros2_ws/build/llm_node/prefix_override:/usr/lib/python3/dist-packages/colcon_core/task/python/colcon_distutils_commands:/home/temp_id/ros2_ws/install/llm_node/lib/python3.10/site-packages:${PYTHONPATH} /usr/bin/python3 -W ignore:setup.py install is deprecated -W ignore:easy_install command is deprecated setup.py egg_info --egg-base ../../build/llm_node build --build-base /home/temp_id/ros2_ws/build/llm_node/build install --record /home/temp_id/ros2_ws/build/llm_node/install.log --single-version-externally-managed install_data[0m
[1.037s] [34mcolcon.colcon_core.event_handler.log_command[0m [1;30mDEBUG[0m [32mInvoking command in '/home/temp_id/ros2_ws/src/vision_node': HISTTIMEFORMAT=20%y/%m/%d %T PS1=\[\e[1;47;30m\][\u@\h:\W]\$\[\e[m\] PYTHONPATH=/home/temp_id/ros2_ws/build/vision_node/prefix_override:/usr/lib/python3/dist-packages/colcon_core/task/python/colcon_distutils_commands:/home/temp_id/ros2_ws/install/vision_node/lib/python3.10/site-packages:${PYTHONPATH} /usr/bin/python3 -W ignore:setup.py install is deprecated -W ignore:easy_install command is deprecated setup.py egg_info --egg-base ../../build/vision_node build --build-base /home/temp_id/ros2_ws/build/vision_node/build install --record /home/temp_id/ros2_ws/build/vision_node/install.log --single-version-externally-managed install_data[0m
[1.272s] [34mcolcon.colcon_core.event_handler.log_command[0m [1;30mDEBUG[0m [32mInvoked command in '/home/temp_id/ros2_ws/src/llm_node' returned '0': HISTTIMEFORMAT=20%y/%m/%d %T PS1=\[\e[1;47;30m\][\u@\h:\W]\$\[\e[m\] PYTHONPATH=/home/temp_id/ros2_ws/build/llm_node/prefix_override:/usr/lib/python3/dist-packages/colcon_core/task/python/colcon_distutils_commands:/home/temp_id/ros2_ws/install/llm_node/lib/python3.10/site-packages:${PYTHONPATH} /usr/bin/python3 -W ignore:setup.py install is deprecated -W ignore:easy_install command is deprecated setup.py egg_info --egg-base ../../build/llm_node build --build-base /home/temp_id/ros2_ws/build/llm_node/build install --record /home/temp_id/ros2_ws/build/llm_node/install.log --single-version-externally-managed install_data[0m
[1.274s] [34mcolcon.colcon_core.environment[0m [1;30mLevel 1[0m checking '/home/temp_id/ros2_ws/install/llm_node' for CMake module files
[1.275s] [34mcolcon.colcon_core.environment[0m [1;30mLevel 1[0m checking '/home/temp_id/ros2_ws/install/llm_node' for CMake config files
[1.275s] [34mcolcon.colcon_core.environment[0m [1;30mLevel 1[0m checking '/home/temp_id/ros2_ws/install/llm_node/lib'
[1.275s] [34mcolcon.colcon_core.environment[0m [1;30mLevel 1[0m checking '/home/temp_id/ros2_ws/install/llm_node/bin'
[1.275s] [34mcolcon.colcon_core.environment[0m [1;30mLevel 1[0m checking '/home/temp_id/ros2_ws/install/llm_node/lib/pkgconfig/llm_node.pc'
[1.276s] [34mcolcon.colcon_core.environment[0m [1;30mLevel 1[0m checking '/home/temp_id/ros2_ws/install/llm_node/lib/python3.10/site-packages'
[1.276s] [34mcolcon.colcon_core.shell[0m [1;30mLevel 1[0m create_environment_hook('llm_node', 'pythonpath')
[1.276s] [34mcolcon.colcon_core.shell[0m [1;30mINFO[0m Creating environment hook '/home/temp_id/ros2_ws/install/llm_node/share/llm_node/hook/pythonpath.ps1'
[1.276s] [34mcolcon.colcon_core.shell[0m [1;30mINFO[0m Creating environment descriptor '/home/temp_id/ros2_ws/install/llm_node/share/llm_node/hook/pythonpath.dsv'
[1.276s] [34mcolcon.colcon_core.shell[0m [1;30mINFO[0m Creating environment hook '/home/temp_id/ros2_ws/install/llm_node/share/llm_node/hook/pythonpath.sh'
[1.277s] [34mcolcon.colcon_core.environment[0m [1;30mLevel 1[0m checking '/home/temp_id/ros2_ws/install/llm_node/bin'
[1.277s] [34mcolcon.colcon_core.environment[0m [1;30mLevel 1[0m create_environment_scripts_only(llm_node)
[1.277s] [34mcolcon.colcon_core.shell[0m [1;30mINFO[0m Creating package script '/home/temp_id/ros2_ws/install/llm_node/share/llm_node/package.ps1'
[1.278s] [34mcolcon.colcon_core.shell[0m [1;30mINFO[0m Creating package descriptor '/home/temp_id/ros2_ws/install/llm_node/share/llm_node/package.dsv'
[1.278s] [34mcolcon.colcon_core.shell[0m [1;30mINFO[0m Creating package script '/home/temp_id/ros2_ws/install/llm_node/share/llm_node/package.sh'
[1.278s] [34mcolcon.colcon_core.shell[0m [1;30mINFO[0m Creating package script '/home/temp_id/ros2_ws/install/llm_node/share/llm_node/package.bash'
[1.279s] [34mcolcon.colcon_core.shell[0m [1;30mINFO[0m Creating package script '/home/temp_id/ros2_ws/install/llm_node/share/llm_node/package.zsh'
[1.279s] [34mcolcon.colcon_core.environment[0m [1;30mLevel 1[0m create_file_with_runtime_dependencies(/home/temp_id/ros2_ws/install/llm_node/share/colcon-core/packages/llm_node)
[1.291s] [34mcolcon.colcon_core.environment[0m [1;30mLevel 1[0m checking '/home/temp_id/ros2_ws/install/vision_node' for CMake module files
[1.292s] [34mcolcon.colcon_core.event_handler.log_command[0m [1;30mDEBUG[0m [32mInvoked command in '/home/temp_id/ros2_ws/src/vision_node' returned '0': HISTTIMEFORMAT=20%y/%m/%d %T PS1=\[\e[1;47;30m\][\u@\h:\W]\$\[\e[m\] PYTHONPATH=/home/temp_id/ros2_ws/build/vision_node/prefix_override:/usr/lib/python3/dist-packages/colcon_core/task/python/colcon_distutils_commands:/home/temp_id/ros2_ws/install/vision_node/lib/python3.10/site-packages:${PYTHONPATH} /usr/bin/python3 -W ignore:setup.py install is deprecated -W ignore:easy_install command is deprecated setup.py egg_info --egg-base ../../build/vision_node build --build-base /home/temp_id/ros2_ws/build/vision_node/build install --record /home/temp_id/ros2_ws/build/vision_node/install.log --single-version-externally-managed install_data[0m
[1.293s] [34mcolcon.colcon_core.environment[0m [1;30mLevel 1[0m checking '/home/temp_id/ros2_ws/install/vision_node' for CMake config files
[1.293s] [34mcolcon.colcon_core.environment[0m [1;30mLevel 1[0m checking '/home/temp_id/ros2_ws/install/vision_node/lib'
[1.293s] [34mcolcon.colcon_core.environment[0m [1;30mLevel 1[0m checking '/home/temp_id/ros2_ws/install/vision_node/bin'
[1.293s] [34mcolcon.colcon_core.environment[0m [1;30mLevel 1[0m checking '/home/temp_id/ros2_ws/install/vision_node/lib/pkgconfig/vision_node.pc'
[1.293s] [34mcolcon.colcon_core.environment[0m [1;30mLevel 1[0m checking '/home/temp_id/ros2_ws/install/vision_node/lib/python3.10/site-packages'
[1.293s] [34mcolcon.colcon_core.shell[0m [1;30mLevel 1[0m create_environment_hook('vision_node', 'pythonpath')
[1.294s] [34mcolcon.colcon_core.shell[0m [1;30mINFO[0m Creating environment hook '/home/temp_id/ros2_ws/install/vision_node/share/vision_node/hook/pythonpath.ps1'
[1.294s] [34mcolcon.colcon_core.shell[0m [1;30mINFO[0m Creating environment descriptor '/home/temp_id/ros2_ws/install/vision_node/share/vision_node/hook/pythonpath.dsv'
[1.294s] [34mcolcon.colcon_core.shell[0m [1;30mINFO[0m Creating environment hook '/home/temp_id/ros2_ws/install/vision_node/share/vision_node/hook/pythonpath.sh'
[1.295s] [34mcolcon.colcon_core.environment[0m [1;30mLevel 1[0m checking '/home/temp_id/ros2_ws/install/vision_node/bin'
[1.295s] [34mcolcon.colcon_core.environment[0m [1;30mLevel 1[0m create_environment_scripts_only(vision_node)
[1.295s] [34mcolcon.colcon_core.shell[0m [1;30mINFO[0m Creating package script '/home/temp_id/ros2_ws/install/vision_node/share/vision_node/package.ps1'
[1.295s] [34mcolcon.colcon_core.shell[0m [1;30mINFO[0m Creating package descriptor '/home/temp_id/ros2_ws/install/vision_node/share/vision_node/package.dsv'
[1.296s] [34mcolcon.colcon_core.shell[0m [1;30mINFO[0m Creating package script '/home/temp_id/ros2_ws/install/vision_node/share/vision_node/package.sh'
[1.296s] [34mcolcon.colcon_core.shell[0m [1;30mINFO[0m Creating package script '/home/temp_id/ros2_ws/install/vision_node/share/vision_node/package.bash'
[1.296s] [34mcolcon.colcon_core.shell[0m [1;30mINFO[0m Creating package script '/home/temp_id/ros2_ws/install/vision_node/share/vision_node/package.zsh'
[1.296s] [34mcolcon.colcon_core.environment[0m [1;30mLevel 1[0m create_file_with_runtime_dependencies(/home/temp_id/ros2_ws/install/vision_node/share/colcon-core/packages/vision_node)
[1.296s] [34mcolcon.colcon_parallel_executor.executor.parallel[0m [1;30mDEBUG[0m [32mclosing loop[0m
[1.297s] [34mcolcon.colcon_parallel_executor.executor.parallel[0m [1;30mDEBUG[0m [32mloop closed[0m
[1.297s] [34mcolcon.colcon_parallel_executor.executor.parallel[0m [1;30mDEBUG[0m [32mrun_until_complete finished with '0'[0m
[1.297s] [34mcolcon.colcon_core.event_reactor[0m [1;30mDEBUG[0m [32mjoining thread[0m
[1.301s] [34mcolcon.colcon_core.plugin_system[0m [1;30mINFO[0m Skipping extension 'colcon_notification.desktop_notification.terminal_notifier': Not used on non-Darwin systems
[1.302s] [34mcolcon.colcon_core.plugin_system[0m [1;30mINFO[0m Skipping extension 'colcon_notification.desktop_notification.win32': Not used on non-Windows systems
[1.302s] [34mcolcon.colcon_notification.desktop_notification[0m [1;30mINFO[0m Sending desktop notification using 'notify2'
[1.316s] [34mcolcon.colcon_core.event_reactor[0m [1;30mDEBUG[0m [32mjoined thread[0m
[1.316s] [34mcolcon.colcon_core.shell[0m [1;30mINFO[0m Creating prefix script '/home/temp_id/ros2_ws/install/local_setup.ps1'
[1.317s] [34mcolcon.colcon_core.shell[0m [1;30mINFO[0m Creating prefix util module '/home/temp_id/ros2_ws/install/_local_setup_util_ps1.py'
[1.318s] [34mcolcon.colcon_core.shell[0m [1;30mINFO[0m Creating prefix chain script '/home/temp_id/ros2_ws/install/setup.ps1'
[1.319s] [34mcolcon.colcon_core.shell[0m [1;30mINFO[0m Creating prefix script '/home/temp_id/ros2_ws/install/local_setup.sh'
[1.319s] [34mcolcon.colcon_core.shell[0m [1;30mINFO[0m Creating prefix util module '/home/temp_id/ros2_ws/install/_local_setup_util_sh.py'
[1.319s] [34mcolcon.colcon_core.shell[0m [1;30mINFO[0m Creating prefix chain script '/home/temp_id/ros2_ws/install/setup.sh'
[1.320s] [34mcolcon.colcon_core.shell[0m [1;30mINFO[0m Creating prefix script '/home/temp_id/ros2_ws/install/local_setup.bash'
[1.320s] [34mcolcon.colcon_core.shell[0m [1;30mINFO[0m Creating prefix chain script '/home/temp_id/ros2_ws/install/setup.bash'
[1.321s] [34mcolcon.colcon_core.shell[0m [1;30mINFO[0m Creating prefix script '/home/temp_id/ros2_ws/install/local_setup.zsh'
[1.321s] [34mcolcon.colcon_core.shell[0m [1;30mINFO[0m Creating prefix chain script '/home/temp_id/ros2_ws/install/setup.zsh'
