[0.851s] Invoking command in '/home/wt/zeus_ws/src/llm_node': CONDA_PROMPT_MODIFIER=(base) PYTHONPATH=/home/wt/zeus_ws/build/llm_node/prefix_override:/usr/lib/python3/dist-packages/colcon_core/task/python/colcon_distutils_commands:/home/wt/zeus_ws/install/llm_node/lib/python3.10/site-packages:${PYTHONPATH} /usr/bin/python3 -W ignore:setup.py install is deprecated -W ignore:easy_install command is deprecated setup.py egg_info --egg-base ../../build/llm_node build --build-base /home/wt/zeus_ws/build/llm_node/build install --record /home/wt/zeus_ws/build/llm_node/install.log --single-version-externally-managed install_data
[1.066s] running egg_info
[1.067s] creating ../../build/llm_node/llm_node.egg-info
[1.067s] writing ../../build/llm_node/llm_node.egg-info/PKG-INFO
[1.067s] writing dependency_links to ../../build/llm_node/llm_node.egg-info/dependency_links.txt
[1.067s] writing entry points to ../../build/llm_node/llm_node.egg-info/entry_points.txt
[1.067s] writing requirements to ../../build/llm_node/llm_node.egg-info/requires.txt
[1.067s] writing top-level names to ../../build/llm_node/llm_node.egg-info/top_level.txt
[1.067s] writing manifest file '../../build/llm_node/llm_node.egg-info/SOURCES.txt'
[1.068s] reading manifest file '../../build/llm_node/llm_node.egg-info/SOURCES.txt'
[1.070s] writing manifest file '../../build/llm_node/llm_node.egg-info/SOURCES.txt'
[1.070s] running build
[1.070s] running build_py
[1.070s] creating /home/wt/zeus_ws/build/llm_node/build
[1.070s] creating /home/wt/zeus_ws/build/llm_node/build/lib
[1.070s] creating /home/wt/zeus_ws/build/llm_node/build/lib/llm_node
[1.070s] copying llm_node/llm_inference.py -> /home/wt/zeus_ws/build/llm_node/build/lib/llm_node
[1.070s] copying llm_node/__init__.py -> /home/wt/zeus_ws/build/llm_node/build/lib/llm_node
[1.070s] copying llm_node/ros2_chat_node.py -> /home/wt/zeus_ws/build/llm_node/build/lib/llm_node
[1.071s] running install
[1.071s] running install_lib
[1.071s] creating /home/wt/zeus_ws/install/llm_node/lib/python3.10/site-packages/llm_node
[1.071s] copying /home/wt/zeus_ws/build/llm_node/build/lib/llm_node/llm_inference.py -> /home/wt/zeus_ws/install/llm_node/lib/python3.10/site-packages/llm_node
[1.071s] copying /home/wt/zeus_ws/build/llm_node/build/lib/llm_node/__init__.py -> /home/wt/zeus_ws/install/llm_node/lib/python3.10/site-packages/llm_node
[1.071s] copying /home/wt/zeus_ws/build/llm_node/build/lib/llm_node/ros2_chat_node.py -> /home/wt/zeus_ws/install/llm_node/lib/python3.10/site-packages/llm_node
[1.071s] byte-compiling /home/wt/zeus_ws/install/llm_node/lib/python3.10/site-packages/llm_node/llm_inference.py to llm_inference.cpython-310.pyc
[1.077s] byte-compiling /home/wt/zeus_ws/install/llm_node/lib/python3.10/site-packages/llm_node/__init__.py to __init__.cpython-310.pyc
[1.077s] byte-compiling /home/wt/zeus_ws/install/llm_node/lib/python3.10/site-packages/llm_node/ros2_chat_node.py to ros2_chat_node.cpython-310.pyc
[1.077s] running install_data
[1.077s] creating /home/wt/zeus_ws/install/llm_node/share/ament_index
[1.077s] creating /home/wt/zeus_ws/install/llm_node/share/ament_index/resource_index
[1.077s] creating /home/wt/zeus_ws/install/llm_node/share/ament_index/resource_index/packages
[1.077s] copying resource/llm_node -> /home/wt/zeus_ws/install/llm_node/share/ament_index/resource_index/packages
[1.078s] copying package.xml -> /home/wt/zeus_ws/install/llm_node/share/llm_node
[1.078s] running install_egg_info
[1.079s] Copying ../../build/llm_node/llm_node.egg-info to /home/wt/zeus_ws/install/llm_node/lib/python3.10/site-packages/llm_node-0.0.0-py3.10.egg-info
[1.080s] running install_scripts
[1.097s] Installing ros2_chat_node script to /home/wt/zeus_ws/install/llm_node/lib/llm_node
[1.097s] writing list of installed files to '/home/wt/zeus_ws/build/llm_node/install.log'
[1.116s] Invoked command in '/home/wt/zeus_ws/src/llm_node' returned '0': CONDA_PROMPT_MODIFIER=(base) PYTHONPATH=/home/wt/zeus_ws/build/llm_node/prefix_override:/usr/lib/python3/dist-packages/colcon_core/task/python/colcon_distutils_commands:/home/wt/zeus_ws/install/llm_node/lib/python3.10/site-packages:${PYTHONPATH} /usr/bin/python3 -W ignore:setup.py install is deprecated -W ignore:easy_install command is deprecated setup.py egg_info --egg-base ../../build/llm_node build --build-base /home/wt/zeus_ws/build/llm_node/build install --record /home/wt/zeus_ws/build/llm_node/install.log --single-version-externally-managed install_data
