running develop
running egg_info
writing dongsoo_control_pkg.egg-info/PKG-INFO
writing dependency_links to dongsoo_control_pkg.egg-info/dependency_links.txt
writing entry points to dongsoo_control_pkg.egg-info/entry_points.txt
writing requirements to dongsoo_control_pkg.egg-info/requires.txt
writing top-level names to dongsoo_control_pkg.egg-info/top_level.txt
reading manifest file 'dongsoo_control_pkg.egg-info/SOURCES.txt'
writing manifest file 'dongsoo_control_pkg.egg-info/SOURCES.txt'
running build_ext
Creating /home/pc/soomac_ws/install/dongsoo_control_pkg/lib/python3.10/site-packages/dongsoo-control-pkg.egg-link (link to .)
Installing client_node script to /home/pc/soomac_ws/install/dongsoo_control_pkg/lib/dongsoo_control_pkg
Installing command_centor_node script to /home/pc/soomac_ws/install/dongsoo_control_pkg/lib/dongsoo_control_pkg
Installing data_hub script to /home/pc/soomac_ws/install/dongsoo_control_pkg/lib/dongsoo_control_pkg
Installing gripper_node script to /home/pc/soomac_ws/install/dongsoo_control_pkg/lib/dongsoo_control_pkg
Installing monitoring_node script to /home/pc/soomac_ws/install/dongsoo_control_pkg/lib/dongsoo_control_pkg
Installing motor_connect script to /home/pc/soomac_ws/install/dongsoo_control_pkg/lib/dongsoo_control_pkg
Installing server_node script to /home/pc/soomac_ws/install/dongsoo_control_pkg/lib/dongsoo_control_pkg

Installed /home/pc/soomac_ws/build/dongsoo_control_pkg
running symlink_data
