[0.005s] Invoking command in '/home/pc/soomac_ws/build/dongsoo_cpp_pkg': CMAKE_PREFIX_PATH=${CMAKE_PREFIX_PATH}:/home/pc/soomac_ws/install/homework_pkg:/home/pc/soomac_ws/install/finger_test:/home/pc/soomac_ws/install/dx_motor_control:/home/pc/soomac_ws/install/dongsoo_py_pkg:/home/pc/cont_ws/install/torque_test_pkg:/home/pc/cont_ws/install/finger_pkg:/home/pc/cont_ws/install/control_continuum:/home/pc/mg_motor_ws/install/mg_test_pkg:/home/pc/mg_motor_ws/install/mg_motor_test:/home/pc/mg_motor_ws/install/homework_pkg:/home/pc/mg_motor_ws/install/head_moving:/opt/ros/humble /usr/bin/cmake --build /home/pc/soomac_ws/build/dongsoo_cpp_pkg -- -j32 -l32
[0.029s] [35m[1mConsolidate compiler generated dependencies of target data_hub[0m
[0.030s] [35m[1mConsolidate compiler generated dependencies of target motor_connect[0m
[0.038s] [ 25%] [32mBuilding CXX object CMakeFiles/data_hub.dir/src/data_hub.cpp.o[0m
[0.039s] [ 75%] Built target motor_connect
[1.982s] [100%] [32m[1mLinking CXX executable data_hub[0m
[2.077s] [100%] Built target data_hub
[2.084s] Invoked command in '/home/pc/soomac_ws/build/dongsoo_cpp_pkg' returned '0': CMAKE_PREFIX_PATH=${CMAKE_PREFIX_PATH}:/home/pc/soomac_ws/install/homework_pkg:/home/pc/soomac_ws/install/finger_test:/home/pc/soomac_ws/install/dx_motor_control:/home/pc/soomac_ws/install/dongsoo_py_pkg:/home/pc/cont_ws/install/torque_test_pkg:/home/pc/cont_ws/install/finger_pkg:/home/pc/cont_ws/install/control_continuum:/home/pc/mg_motor_ws/install/mg_test_pkg:/home/pc/mg_motor_ws/install/mg_motor_test:/home/pc/mg_motor_ws/install/homework_pkg:/home/pc/mg_motor_ws/install/head_moving:/opt/ros/humble /usr/bin/cmake --build /home/pc/soomac_ws/build/dongsoo_cpp_pkg -- -j32 -l32
[2.090s] Invoking command in '/home/pc/soomac_ws/build/dongsoo_cpp_pkg': CMAKE_PREFIX_PATH=${CMAKE_PREFIX_PATH}:/home/pc/soomac_ws/install/homework_pkg:/home/pc/soomac_ws/install/finger_test:/home/pc/soomac_ws/install/dx_motor_control:/home/pc/soomac_ws/install/dongsoo_py_pkg:/home/pc/cont_ws/install/torque_test_pkg:/home/pc/cont_ws/install/finger_pkg:/home/pc/cont_ws/install/control_continuum:/home/pc/mg_motor_ws/install/mg_test_pkg:/home/pc/mg_motor_ws/install/mg_motor_test:/home/pc/mg_motor_ws/install/homework_pkg:/home/pc/mg_motor_ws/install/head_moving:/opt/ros/humble /usr/bin/cmake --install /home/pc/soomac_ws/build/dongsoo_cpp_pkg
[2.096s] -- Install configuration: ""
[2.097s] -- Installing: /home/pc/soomac_ws/install/dongsoo_cpp_pkg/lib/dongsoo_cpp_pkg/motor_connect
[2.103s] -- Set runtime path of "/home/pc/soomac_ws/install/dongsoo_cpp_pkg/lib/dongsoo_cpp_pkg/motor_connect" to ""
[2.104s] -- Installing: /home/pc/soomac_ws/install/dongsoo_cpp_pkg/lib/dongsoo_cpp_pkg/data_hub
[2.106s] -- Set runtime path of "/home/pc/soomac_ws/install/dongsoo_cpp_pkg/lib/dongsoo_cpp_pkg/data_hub" to ""
[2.106s] -- Up-to-date: /home/pc/soomac_ws/install/dongsoo_cpp_pkg/share/ament_index/resource_index/package_run_dependencies/dongsoo_cpp_pkg
[2.106s] -- Up-to-date: /home/pc/soomac_ws/install/dongsoo_cpp_pkg/share/ament_index/resource_index/parent_prefix_path/dongsoo_cpp_pkg
[2.106s] -- Up-to-date: /home/pc/soomac_ws/install/dongsoo_cpp_pkg/share/dongsoo_cpp_pkg/environment/ament_prefix_path.sh
[2.107s] -- Up-to-date: /home/pc/soomac_ws/install/dongsoo_cpp_pkg/share/dongsoo_cpp_pkg/environment/ament_prefix_path.dsv
[2.107s] -- Up-to-date: /home/pc/soomac_ws/install/dongsoo_cpp_pkg/share/dongsoo_cpp_pkg/environment/path.sh
[2.107s] -- Up-to-date: /home/pc/soomac_ws/install/dongsoo_cpp_pkg/share/dongsoo_cpp_pkg/environment/path.dsv
[2.107s] -- Up-to-date: /home/pc/soomac_ws/install/dongsoo_cpp_pkg/share/dongsoo_cpp_pkg/local_setup.bash
[2.107s] -- Up-to-date: /home/pc/soomac_ws/install/dongsoo_cpp_pkg/share/dongsoo_cpp_pkg/local_setup.sh
[2.107s] -- Up-to-date: /home/pc/soomac_ws/install/dongsoo_cpp_pkg/share/dongsoo_cpp_pkg/local_setup.zsh
[2.107s] -- Up-to-date: /home/pc/soomac_ws/install/dongsoo_cpp_pkg/share/dongsoo_cpp_pkg/local_setup.dsv
[2.107s] -- Installing: /home/pc/soomac_ws/install/dongsoo_cpp_pkg/share/dongsoo_cpp_pkg/package.dsv
[2.108s] -- Up-to-date: /home/pc/soomac_ws/install/dongsoo_cpp_pkg/share/ament_index/resource_index/packages/dongsoo_cpp_pkg
[2.108s] -- Up-to-date: /home/pc/soomac_ws/install/dongsoo_cpp_pkg/share/dongsoo_cpp_pkg/cmake/dongsoo_cpp_pkgConfig.cmake
[2.108s] -- Up-to-date: /home/pc/soomac_ws/install/dongsoo_cpp_pkg/share/dongsoo_cpp_pkg/cmake/dongsoo_cpp_pkgConfig-version.cmake
[2.108s] -- Up-to-date: /home/pc/soomac_ws/install/dongsoo_cpp_pkg/share/dongsoo_cpp_pkg/package.xml
[2.109s] Invoked command in '/home/pc/soomac_ws/build/dongsoo_cpp_pkg' returned '0': CMAKE_PREFIX_PATH=${CMAKE_PREFIX_PATH}:/home/pc/soomac_ws/install/homework_pkg:/home/pc/soomac_ws/install/finger_test:/home/pc/soomac_ws/install/dx_motor_control:/home/pc/soomac_ws/install/dongsoo_py_pkg:/home/pc/cont_ws/install/torque_test_pkg:/home/pc/cont_ws/install/finger_pkg:/home/pc/cont_ws/install/control_continuum:/home/pc/mg_motor_ws/install/mg_test_pkg:/home/pc/mg_motor_ws/install/mg_motor_test:/home/pc/mg_motor_ws/install/homework_pkg:/home/pc/mg_motor_ws/install/head_moving:/opt/ros/humble /usr/bin/cmake --install /home/pc/soomac_ws/build/dongsoo_cpp_pkg
