running egg_info
writing ../../build/vision_node/vision_node.egg-info/PKG-INFO
writing dependency_links to ../../build/vision_node/vision_node.egg-info/dependency_links.txt
writing entry points to ../../build/vision_node/vision_node.egg-info/entry_points.txt
writing requirements to ../../build/vision_node/vision_node.egg-info/requires.txt
writing top-level names to ../../build/vision_node/vision_node.egg-info/top_level.txt
reading manifest file '../../build/vision_node/vision_node.egg-info/SOURCES.txt'
adding license file 'LICENSE'
writing manifest file '../../build/vision_node/vision_node.egg-info/SOURCES.txt'
running build
running build_py
copying vision_node/block_detect.py -> /home/wt/zeus_ws/build/vision_node/build/lib/vision_node
running install
running install_lib
copying /home/wt/zeus_ws/build/vision_node/build/lib/vision_node/block_detect.py -> /home/wt/zeus_ws/install/vision_node/lib/python3.10/site-packages/vision_node
byte-compiling /home/wt/zeus_ws/install/vision_node/lib/python3.10/site-packages/vision_node/block_detect.py to block_detect.cpython-310.pyc
running install_data
running install_egg_info
removing '/home/wt/zeus_ws/install/vision_node/lib/python3.10/site-packages/vision_node-0.0.0-py3.10.egg-info' (and everything under it)
Copying ../../build/vision_node/vision_node.egg-info to /home/wt/zeus_ws/install/vision_node/lib/python3.10/site-packages/vision_node-0.0.0-py3.10.egg-info
running install_scripts
Installing block_detect script to /home/wt/zeus_ws/install/vision_node/lib/vision_node
Installing block_detect_node script to /home/wt/zeus_ws/install/vision_node/lib/vision_node
Installing vision_node script to /home/wt/zeus_ws/install/vision_node/lib/vision_node
writing list of installed files to '/home/wt/zeus_ws/build/vision_node/install.log'
