running develop
Removing /home/pc/soomac_ws/install/dongsoo_py_pkg/lib/python3.10/site-packages/dongsoo-py-pkg.egg-link (link to .)
running egg_info
writing ../../build/dongsoo_py_pkg/dongsoo_py_pkg.egg-info/PKG-INFO
writing dependency_links to ../../build/dongsoo_py_pkg/dongsoo_py_pkg.egg-info/dependency_links.txt
writing entry points to ../../build/dongsoo_py_pkg/dongsoo_py_pkg.egg-info/entry_points.txt
writing requirements to ../../build/dongsoo_py_pkg/dongsoo_py_pkg.egg-info/requires.txt
writing top-level names to ../../build/dongsoo_py_pkg/dongsoo_py_pkg.egg-info/top_level.txt
reading manifest file '../../build/dongsoo_py_pkg/dongsoo_py_pkg.egg-info/SOURCES.txt'
writing manifest file '../../build/dongsoo_py_pkg/dongsoo_py_pkg.egg-info/SOURCES.txt'
running build
running build_py
copying dongsoo_py_pkg/monitoring_hub.py -> /home/pc/soomac_ws/build/dongsoo_py_pkg/build/lib/dongsoo_py_pkg
copying dongsoo_py_pkg/data_hub.py -> /home/pc/soomac_ws/build/dongsoo_py_pkg/build/lib/dongsoo_py_pkg
running install
running install_lib
copying /home/pc/soomac_ws/build/dongsoo_py_pkg/build/lib/dongsoo_py_pkg/monitoring_hub.py -> /home/pc/soomac_ws/install/dongsoo_py_pkg/lib/python3.10/site-packages/dongsoo_py_pkg
copying /home/pc/soomac_ws/build/dongsoo_py_pkg/build/lib/dongsoo_py_pkg/motor_dummy.py -> /home/pc/soomac_ws/install/dongsoo_py_pkg/lib/python3.10/site-packages/dongsoo_py_pkg
copying /home/pc/soomac_ws/build/dongsoo_py_pkg/build/lib/dongsoo_py_pkg/trajectory_test.py -> /home/pc/soomac_ws/install/dongsoo_py_pkg/lib/python3.10/site-packages/dongsoo_py_pkg
copying /home/pc/soomac_ws/build/dongsoo_py_pkg/build/lib/dongsoo_py_pkg/__init__.py -> /home/pc/soomac_ws/install/dongsoo_py_pkg/lib/python3.10/site-packages/dongsoo_py_pkg
copying /home/pc/soomac_ws/build/dongsoo_py_pkg/build/lib/dongsoo_py_pkg/read_json.py -> /home/pc/soomac_ws/install/dongsoo_py_pkg/lib/python3.10/site-packages/dongsoo_py_pkg
copying /home/pc/soomac_ws/build/dongsoo_py_pkg/build/lib/dongsoo_py_pkg/dongsoo_client.py -> /home/pc/soomac_ws/install/dongsoo_py_pkg/lib/python3.10/site-packages/dongsoo_py_pkg
copying /home/pc/soomac_ws/build/dongsoo_py_pkg/build/lib/dongsoo_py_pkg/one_way_trajectory.py -> /home/pc/soomac_ws/install/dongsoo_py_pkg/lib/python3.10/site-packages/dongsoo_py_pkg
copying /home/pc/soomac_ws/build/dongsoo_py_pkg/build/lib/dongsoo_py_pkg/dongsoo_server.py -> /home/pc/soomac_ws/install/dongsoo_py_pkg/lib/python3.10/site-packages/dongsoo_py_pkg
copying /home/pc/soomac_ws/build/dongsoo_py_pkg/build/lib/dongsoo_py_pkg/data_hub.py -> /home/pc/soomac_ws/install/dongsoo_py_pkg/lib/python3.10/site-packages/dongsoo_py_pkg
byte-compiling /home/pc/soomac_ws/install/dongsoo_py_pkg/lib/python3.10/site-packages/dongsoo_py_pkg/monitoring_hub.py to monitoring_hub.cpython-310.pyc
byte-compiling /home/pc/soomac_ws/install/dongsoo_py_pkg/lib/python3.10/site-packages/dongsoo_py_pkg/motor_dummy.py to motor_dummy.cpython-310.pyc
byte-compiling /home/pc/soomac_ws/install/dongsoo_py_pkg/lib/python3.10/site-packages/dongsoo_py_pkg/trajectory_test.py to trajectory_test.cpython-310.pyc
byte-compiling /home/pc/soomac_ws/install/dongsoo_py_pkg/lib/python3.10/site-packages/dongsoo_py_pkg/__init__.py to __init__.cpython-310.pyc
byte-compiling /home/pc/soomac_ws/install/dongsoo_py_pkg/lib/python3.10/site-packages/dongsoo_py_pkg/read_json.py to read_json.cpython-310.pyc
byte-compiling /home/pc/soomac_ws/install/dongsoo_py_pkg/lib/python3.10/site-packages/dongsoo_py_pkg/dongsoo_client.py to dongsoo_client.cpython-310.pyc
byte-compiling /home/pc/soomac_ws/install/dongsoo_py_pkg/lib/python3.10/site-packages/dongsoo_py_pkg/one_way_trajectory.py to one_way_trajectory.cpython-310.pyc
byte-compiling /home/pc/soomac_ws/install/dongsoo_py_pkg/lib/python3.10/site-packages/dongsoo_py_pkg/dongsoo_server.py to dongsoo_server.cpython-310.pyc
byte-compiling /home/pc/soomac_ws/install/dongsoo_py_pkg/lib/python3.10/site-packages/dongsoo_py_pkg/data_hub.py to data_hub.cpython-310.pyc
running install_data
copying resource/dongsoo_py_pkg -> /home/pc/soomac_ws/install/dongsoo_py_pkg/share/ament_index/resource_index/packages
copying package.xml -> /home/pc/soomac_ws/install/dongsoo_py_pkg/share/dongsoo_py_pkg
running install_egg_info
Copying ../../build/dongsoo_py_pkg/dongsoo_py_pkg.egg-info to /home/pc/soomac_ws/install/dongsoo_py_pkg/lib/python3.10/site-packages/dongsoo_py_pkg-0.0.0-py3.10.egg-info
running install_scripts
Installing data_hub_py script to /home/pc/soomac_ws/install/dongsoo_py_pkg/lib/dongsoo_py_pkg
Installing monitoring_hub script to /home/pc/soomac_ws/install/dongsoo_py_pkg/lib/dongsoo_py_pkg
Installing motor_dummy script to /home/pc/soomac_ws/install/dongsoo_py_pkg/lib/dongsoo_py_pkg
Installing one_way_trajectory script to /home/pc/soomac_ws/install/dongsoo_py_pkg/lib/dongsoo_py_pkg
Installing trajectory_test script to /home/pc/soomac_ws/install/dongsoo_py_pkg/lib/dongsoo_py_pkg
writing list of installed files to '/home/pc/soomac_ws/build/dongsoo_py_pkg/install.log'
