running develop
Removing /home/pc/soomac_ws/install/zeus_dxl/lib/python3.10/site-packages/zeus-dxl.egg-link (link to .)
running egg_info
writing ../../build/zeus_dxl/zeus_dxl.egg-info/PKG-INFO
writing dependency_links to ../../build/zeus_dxl/zeus_dxl.egg-info/dependency_links.txt
writing entry points to ../../build/zeus_dxl/zeus_dxl.egg-info/entry_points.txt
writing requirements to ../../build/zeus_dxl/zeus_dxl.egg-info/requires.txt
writing top-level names to ../../build/zeus_dxl/zeus_dxl.egg-info/top_level.txt
reading manifest file '../../build/zeus_dxl/zeus_dxl.egg-info/SOURCES.txt'
writing manifest file '../../build/zeus_dxl/zeus_dxl.egg-info/SOURCES.txt'
running build
running build_py
creating /home/pc/soomac_ws/build/zeus_dxl/build
creating /home/pc/soomac_ws/build/zeus_dxl/build/lib
creating /home/pc/soomac_ws/build/zeus_dxl/build/lib/zeus_dxl
copying zeus_dxl/__init__.py -> /home/pc/soomac_ws/build/zeus_dxl/build/lib/zeus_dxl
copying zeus_dxl/controller_node.py -> /home/pc/soomac_ws/build/zeus_dxl/build/lib/zeus_dxl
copying zeus_dxl/zeus_gripper.py -> /home/pc/soomac_ws/build/zeus_dxl/build/lib/zeus_dxl
running install
running install_lib
creating /home/pc/soomac_ws/install/zeus_dxl/lib/python3.10/site-packages/zeus_dxl
copying /home/pc/soomac_ws/build/zeus_dxl/build/lib/zeus_dxl/__init__.py -> /home/pc/soomac_ws/install/zeus_dxl/lib/python3.10/site-packages/zeus_dxl
copying /home/pc/soomac_ws/build/zeus_dxl/build/lib/zeus_dxl/controller_node.py -> /home/pc/soomac_ws/install/zeus_dxl/lib/python3.10/site-packages/zeus_dxl
copying /home/pc/soomac_ws/build/zeus_dxl/build/lib/zeus_dxl/zeus_gripper.py -> /home/pc/soomac_ws/install/zeus_dxl/lib/python3.10/site-packages/zeus_dxl
byte-compiling /home/pc/soomac_ws/install/zeus_dxl/lib/python3.10/site-packages/zeus_dxl/__init__.py to __init__.cpython-310.pyc
byte-compiling /home/pc/soomac_ws/install/zeus_dxl/lib/python3.10/site-packages/zeus_dxl/controller_node.py to controller_node.cpython-310.pyc
byte-compiling /home/pc/soomac_ws/install/zeus_dxl/lib/python3.10/site-packages/zeus_dxl/zeus_gripper.py to zeus_gripper.cpython-310.pyc
running install_data
copying resource/zeus_dxl -> /home/pc/soomac_ws/install/zeus_dxl/share/ament_index/resource_index/packages
copying package.xml -> /home/pc/soomac_ws/install/zeus_dxl/share/zeus_dxl
running install_egg_info
Copying ../../build/zeus_dxl/zeus_dxl.egg-info to /home/pc/soomac_ws/install/zeus_dxl/lib/python3.10/site-packages/zeus_dxl-0.0.0-py3.10.egg-info
running install_scripts
Installing block_run script to /home/pc/soomac_ws/install/zeus_dxl/lib/zeus_dxl
Installing gripper_run script to /home/pc/soomac_ws/install/zeus_dxl/lib/zeus_dxl
writing list of installed files to '/home/pc/soomac_ws/build/zeus_dxl/install.log'
