[0.046s] DEBUG:colcon:Command line arguments: ['/usr/bin/colcon', 'build', '--packages-select', 'dongsoo_interfaces']
[0.046s] DEBUG:colcon:Parsed command line arguments: Namespace(log_base=None, log_level=None, verb_name='build', build_base='build', install_base='install', merge_install=False, symlink_install=False, test_result_base=None, continue_on_error=False, executor='parallel', parallel_workers=32, event_handlers=None, ignore_user_meta=False, metas=['./colcon.meta'], base_paths=['.'], packages_ignore=None, packages_ignore_regex=None, paths=None, packages_up_to=None, packages_up_to_regex=None, packages_above=None, packages_above_and_dependencies=None, packages_above_depth=None, packages_select_by_dep=None, packages_skip_by_dep=None, packages_skip_up_to=None, packages_select_build_failed=False, packages_skip_build_finished=False, packages_select_test_failures=False, packages_skip_test_passed=False, packages_select=['dongsoo_interfaces'], packages_skip=None, packages_select_regex=None, packages_skip_regex=None, packages_start=None, packages_end=None, allow_overriding=[], cmake_args=None, cmake_target=None, cmake_target_skip_unavailable=False, cmake_clean_cache=False, cmake_clean_first=False, cmake_force_configure=False, ament_cmake_args=None, catkin_cmake_args=None, catkin_skip_building_tests=False, mixin_files=None, mixin=None, verb_parser=<colcon_mixin.mixin.mixin_argument.MixinArgumentDecorator object at 0x7d567e555480>, verb_extension=<colcon_core.verb.build.BuildVerb object at 0x7d567e554eb0>, main=<bound method BuildVerb.main of <colcon_core.verb.build.BuildVerb object at 0x7d567e554eb0>>, mixin_verb=('build',))
[0.111s] Level 1:colcon.colcon_core.package_discovery:discover_packages(colcon_meta) check parameters
[0.111s] Level 1:colcon.colcon_core.package_discovery:discover_packages(recursive) check parameters
[0.111s] Level 1:colcon.colcon_core.package_discovery:discover_packages(ignore) check parameters
[0.111s] Level 1:colcon.colcon_core.package_discovery:discover_packages(path) check parameters
[0.111s] Level 1:colcon.colcon_core.package_discovery:discover_packages(colcon_meta) discover
[0.111s] Level 1:colcon.colcon_core.package_discovery:discover_packages(recursive) discover
[0.111s] INFO:colcon.colcon_core.package_discovery:Crawling recursively for packages in '/home/pc/soomac_ws'
[0.111s] Level 1:colcon.colcon_core.package_identification:_identify(.) by extensions ['ignore', 'ignore_ament_install']
[0.111s] Level 1:colcon.colcon_core.package_identification:_identify(.) by extension 'ignore'
[0.111s] Level 1:colcon.colcon_core.package_identification:_identify(.) by extension 'ignore_ament_install'
[0.111s] Level 1:colcon.colcon_core.package_identification:_identify(.) by extensions ['colcon_pkg']
[0.111s] Level 1:colcon.colcon_core.package_identification:_identify(.) by extension 'colcon_pkg'
[0.111s] Level 1:colcon.colcon_core.package_identification:_identify(.) by extensions ['colcon_meta']
[0.111s] Level 1:colcon.colcon_core.package_identification:_identify(.) by extension 'colcon_meta'
[0.111s] Level 1:colcon.colcon_core.package_identification:_identify(.) by extensions ['ros']
[0.111s] Level 1:colcon.colcon_core.package_identification:_identify(.) by extension 'ros'
[0.116s] Level 1:colcon.colcon_core.package_identification:_identify(.) by extensions ['cmake', 'python']
[0.116s] Level 1:colcon.colcon_core.package_identification:_identify(.) by extension 'cmake'
[0.116s] Level 1:colcon.colcon_core.package_identification:_identify(.) by extension 'python'
[0.116s] Level 1:colcon.colcon_core.package_identification:_identify(.) by extensions ['python_setup_py']
[0.116s] Level 1:colcon.colcon_core.package_identification:_identify(.) by extension 'python_setup_py'
[0.116s] Level 1:colcon.colcon_core.package_identification:_identify(build) by extensions ['ignore', 'ignore_ament_install']
[0.116s] Level 1:colcon.colcon_core.package_identification:_identify(build) by extension 'ignore'
[0.116s] Level 1:colcon.colcon_core.package_identification:_identify(build) ignored
[0.116s] Level 1:colcon.colcon_core.package_identification:_identify(etc) by extensions ['ignore', 'ignore_ament_install']
[0.116s] Level 1:colcon.colcon_core.package_identification:_identify(etc) by extension 'ignore'
[0.116s] Level 1:colcon.colcon_core.package_identification:_identify(etc) by extension 'ignore_ament_install'
[0.116s] Level 1:colcon.colcon_core.package_identification:_identify(etc) by extensions ['colcon_pkg']
[0.116s] Level 1:colcon.colcon_core.package_identification:_identify(etc) by extension 'colcon_pkg'
[0.116s] Level 1:colcon.colcon_core.package_identification:_identify(etc) by extensions ['colcon_meta']
[0.116s] Level 1:colcon.colcon_core.package_identification:_identify(etc) by extension 'colcon_meta'
[0.116s] Level 1:colcon.colcon_core.package_identification:_identify(etc) by extensions ['ros']
[0.116s] Level 1:colcon.colcon_core.package_identification:_identify(etc) by extension 'ros'
[0.116s] Level 1:colcon.colcon_core.package_identification:_identify(etc) by extensions ['cmake', 'python']
[0.116s] Level 1:colcon.colcon_core.package_identification:_identify(etc) by extension 'cmake'
[0.116s] Level 1:colcon.colcon_core.package_identification:_identify(etc) by extension 'python'
[0.116s] Level 1:colcon.colcon_core.package_identification:_identify(etc) by extensions ['python_setup_py']
[0.116s] Level 1:colcon.colcon_core.package_identification:_identify(etc) by extension 'python_setup_py'
[0.117s] Level 1:colcon.colcon_core.package_identification:_identify(install) by extensions ['ignore', 'ignore_ament_install']
[0.117s] Level 1:colcon.colcon_core.package_identification:_identify(install) by extension 'ignore'
[0.117s] Level 1:colcon.colcon_core.package_identification:_identify(install) ignored
[0.117s] Level 1:colcon.colcon_core.package_identification:_identify(log) by extensions ['ignore', 'ignore_ament_install']
[0.117s] Level 1:colcon.colcon_core.package_identification:_identify(log) by extension 'ignore'
[0.117s] Level 1:colcon.colcon_core.package_identification:_identify(log) ignored
[0.117s] Level 1:colcon.colcon_core.package_identification:_identify(shared_context) by extensions ['ignore', 'ignore_ament_install']
[0.117s] Level 1:colcon.colcon_core.package_identification:_identify(shared_context) by extension 'ignore'
[0.117s] Level 1:colcon.colcon_core.package_identification:_identify(shared_context) by extension 'ignore_ament_install'
[0.117s] Level 1:colcon.colcon_core.package_identification:_identify(shared_context) by extensions ['colcon_pkg']
[0.117s] Level 1:colcon.colcon_core.package_identification:_identify(shared_context) by extension 'colcon_pkg'
[0.117s] Level 1:colcon.colcon_core.package_identification:_identify(shared_context) by extensions ['colcon_meta']
[0.117s] Level 1:colcon.colcon_core.package_identification:_identify(shared_context) by extension 'colcon_meta'
[0.117s] Level 1:colcon.colcon_core.package_identification:_identify(shared_context) by extensions ['ros']
[0.117s] Level 1:colcon.colcon_core.package_identification:_identify(shared_context) by extension 'ros'
[0.117s] Level 1:colcon.colcon_core.package_identification:_identify(shared_context) by extensions ['cmake', 'python']
[0.117s] Level 1:colcon.colcon_core.package_identification:_identify(shared_context) by extension 'cmake'
[0.117s] Level 1:colcon.colcon_core.package_identification:_identify(shared_context) by extension 'python'
[0.117s] Level 1:colcon.colcon_core.package_identification:_identify(shared_context) by extensions ['python_setup_py']
[0.117s] Level 1:colcon.colcon_core.package_identification:_identify(shared_context) by extension 'python_setup_py'
[0.117s] Level 1:colcon.colcon_core.package_identification:_identify(src) by extensions ['ignore', 'ignore_ament_install']
[0.117s] Level 1:colcon.colcon_core.package_identification:_identify(src) by extension 'ignore'
[0.117s] Level 1:colcon.colcon_core.package_identification:_identify(src) by extension 'ignore_ament_install'
[0.117s] Level 1:colcon.colcon_core.package_identification:_identify(src) by extensions ['colcon_pkg']
[0.117s] Level 1:colcon.colcon_core.package_identification:_identify(src) by extension 'colcon_pkg'
[0.117s] Level 1:colcon.colcon_core.package_identification:_identify(src) by extensions ['colcon_meta']
[0.117s] Level 1:colcon.colcon_core.package_identification:_identify(src) by extension 'colcon_meta'
[0.117s] Level 1:colcon.colcon_core.package_identification:_identify(src) by extensions ['ros']
[0.117s] Level 1:colcon.colcon_core.package_identification:_identify(src) by extension 'ros'
[0.117s] Level 1:colcon.colcon_core.package_identification:_identify(src) by extensions ['cmake', 'python']
[0.117s] Level 1:colcon.colcon_core.package_identification:_identify(src) by extension 'cmake'
[0.117s] Level 1:colcon.colcon_core.package_identification:_identify(src) by extension 'python'
[0.117s] Level 1:colcon.colcon_core.package_identification:_identify(src) by extensions ['python_setup_py']
[0.117s] Level 1:colcon.colcon_core.package_identification:_identify(src) by extension 'python_setup_py'
[0.117s] Level 1:colcon.colcon_core.package_identification:_identify(src/dongsoo_cpp_pkg) by extensions ['ignore', 'ignore_ament_install']
[0.117s] Level 1:colcon.colcon_core.package_identification:_identify(src/dongsoo_cpp_pkg) by extension 'ignore'
[0.117s] Level 1:colcon.colcon_core.package_identification:_identify(src/dongsoo_cpp_pkg) by extension 'ignore_ament_install'
[0.117s] Level 1:colcon.colcon_core.package_identification:_identify(src/dongsoo_cpp_pkg) by extensions ['colcon_pkg']
[0.117s] Level 1:colcon.colcon_core.package_identification:_identify(src/dongsoo_cpp_pkg) by extension 'colcon_pkg'
[0.117s] Level 1:colcon.colcon_core.package_identification:_identify(src/dongsoo_cpp_pkg) by extensions ['colcon_meta']
[0.117s] Level 1:colcon.colcon_core.package_identification:_identify(src/dongsoo_cpp_pkg) by extension 'colcon_meta'
[0.117s] Level 1:colcon.colcon_core.package_identification:_identify(src/dongsoo_cpp_pkg) by extensions ['ros']
[0.117s] Level 1:colcon.colcon_core.package_identification:_identify(src/dongsoo_cpp_pkg) by extension 'ros'
[0.119s] DEBUG:colcon.colcon_core.package_identification:Package 'src/dongsoo_cpp_pkg' with type 'ros.ament_cmake' and name 'dongsoo_cpp_pkg'
[0.119s] Level 1:colcon.colcon_core.package_identification:_identify(src/dongsoo_description) by extensions ['ignore', 'ignore_ament_install']
[0.119s] Level 1:colcon.colcon_core.package_identification:_identify(src/dongsoo_description) by extension 'ignore'
[0.119s] Level 1:colcon.colcon_core.package_identification:_identify(src/dongsoo_description) by extension 'ignore_ament_install'
[0.119s] Level 1:colcon.colcon_core.package_identification:_identify(src/dongsoo_description) by extensions ['colcon_pkg']
[0.119s] Level 1:colcon.colcon_core.package_identification:_identify(src/dongsoo_description) by extension 'colcon_pkg'
[0.119s] Level 1:colcon.colcon_core.package_identification:_identify(src/dongsoo_description) by extensions ['colcon_meta']
[0.119s] Level 1:colcon.colcon_core.package_identification:_identify(src/dongsoo_description) by extension 'colcon_meta'
[0.119s] Level 1:colcon.colcon_core.package_identification:_identify(src/dongsoo_description) by extensions ['ros']
[0.119s] Level 1:colcon.colcon_core.package_identification:_identify(src/dongsoo_description) by extension 'ros'
[0.119s] DEBUG:colcon.colcon_core.package_identification:Package 'src/dongsoo_description' with type 'ros.ament_cmake' and name 'dongsoo_description'
[0.119s] Level 1:colcon.colcon_core.package_identification:_identify(src/dongsoo_free_mission) by extensions ['ignore', 'ignore_ament_install']
[0.119s] Level 1:colcon.colcon_core.package_identification:_identify(src/dongsoo_free_mission) by extension 'ignore'
[0.119s] Level 1:colcon.colcon_core.package_identification:_identify(src/dongsoo_free_mission) by extension 'ignore_ament_install'
[0.119s] Level 1:colcon.colcon_core.package_identification:_identify(src/dongsoo_free_mission) by extensions ['colcon_pkg']
[0.119s] Level 1:colcon.colcon_core.package_identification:_identify(src/dongsoo_free_mission) by extension 'colcon_pkg'
[0.119s] Level 1:colcon.colcon_core.package_identification:_identify(src/dongsoo_free_mission) by extensions ['colcon_meta']
[0.119s] Level 1:colcon.colcon_core.package_identification:_identify(src/dongsoo_free_mission) by extension 'colcon_meta'
[0.119s] Level 1:colcon.colcon_core.package_identification:_identify(src/dongsoo_free_mission) by extensions ['ros']
[0.119s] Level 1:colcon.colcon_core.package_identification:_identify(src/dongsoo_free_mission) by extension 'ros'
[0.119s] DEBUG:colcon.colcon_core.package_identification:Package 'src/dongsoo_free_mission' with type 'ros.ament_python' and name 'dongsoo_free_mission'
[0.119s] Level 1:colcon.colcon_core.package_identification:_identify(src/dongsoo_interfaces) by extensions ['ignore', 'ignore_ament_install']
[0.120s] Level 1:colcon.colcon_core.package_identification:_identify(src/dongsoo_interfaces) by extension 'ignore'
[0.120s] Level 1:colcon.colcon_core.package_identification:_identify(src/dongsoo_interfaces) by extension 'ignore_ament_install'
[0.120s] Level 1:colcon.colcon_core.package_identification:_identify(src/dongsoo_interfaces) by extensions ['colcon_pkg']
[0.120s] Level 1:colcon.colcon_core.package_identification:_identify(src/dongsoo_interfaces) by extension 'colcon_pkg'
[0.120s] Level 1:colcon.colcon_core.package_identification:_identify(src/dongsoo_interfaces) by extensions ['colcon_meta']
[0.120s] Level 1:colcon.colcon_core.package_identification:_identify(src/dongsoo_interfaces) by extension 'colcon_meta'
[0.120s] Level 1:colcon.colcon_core.package_identification:_identify(src/dongsoo_interfaces) by extensions ['ros']
[0.120s] Level 1:colcon.colcon_core.package_identification:_identify(src/dongsoo_interfaces) by extension 'ros'
[0.120s] DEBUG:colcon.colcon_core.package_identification:Package 'src/dongsoo_interfaces' with type 'ros.ament_cmake' and name 'dongsoo_interfaces'
[0.120s] Level 1:colcon.colcon_core.package_identification:_identify(src/dongsoo_py_pkg) by extensions ['ignore', 'ignore_ament_install']
[0.120s] Level 1:colcon.colcon_core.package_identification:_identify(src/dongsoo_py_pkg) by extension 'ignore'
[0.120s] Level 1:colcon.colcon_core.package_identification:_identify(src/dongsoo_py_pkg) by extension 'ignore_ament_install'
[0.120s] Level 1:colcon.colcon_core.package_identification:_identify(src/dongsoo_py_pkg) by extensions ['colcon_pkg']
[0.120s] Level 1:colcon.colcon_core.package_identification:_identify(src/dongsoo_py_pkg) by extension 'colcon_pkg'
[0.120s] Level 1:colcon.colcon_core.package_identification:_identify(src/dongsoo_py_pkg) by extensions ['colcon_meta']
[0.120s] Level 1:colcon.colcon_core.package_identification:_identify(src/dongsoo_py_pkg) by extension 'colcon_meta'
[0.120s] Level 1:colcon.colcon_core.package_identification:_identify(src/dongsoo_py_pkg) by extensions ['ros']
[0.120s] Level 1:colcon.colcon_core.package_identification:_identify(src/dongsoo_py_pkg) by extension 'ros'
[0.120s] DEBUG:colcon.colcon_core.package_identification:Package 'src/dongsoo_py_pkg' with type 'ros.ament_python' and name 'dongsoo_py_pkg'
[0.120s] Level 1:colcon.colcon_core.package_identification:_identify(src/finger_test) by extensions ['ignore', 'ignore_ament_install']
[0.120s] Level 1:colcon.colcon_core.package_identification:_identify(src/finger_test) by extension 'ignore'
[0.120s] Level 1:colcon.colcon_core.package_identification:_identify(src/finger_test) by extension 'ignore_ament_install'
[0.120s] Level 1:colcon.colcon_core.package_identification:_identify(src/finger_test) by extensions ['colcon_pkg']
[0.120s] Level 1:colcon.colcon_core.package_identification:_identify(src/finger_test) by extension 'colcon_pkg'
[0.121s] Level 1:colcon.colcon_core.package_identification:_identify(src/finger_test) by extensions ['colcon_meta']
[0.121s] Level 1:colcon.colcon_core.package_identification:_identify(src/finger_test) by extension 'colcon_meta'
[0.121s] Level 1:colcon.colcon_core.package_identification:_identify(src/finger_test) by extensions ['ros']
[0.121s] Level 1:colcon.colcon_core.package_identification:_identify(src/finger_test) by extension 'ros'
[0.121s] DEBUG:colcon.colcon_core.package_identification:Package 'src/finger_test' with type 'ros.ament_python' and name 'finger_test'
[0.121s] Level 1:colcon.colcon_core.package_identification:_identify(work_log) by extensions ['ignore', 'ignore_ament_install']
[0.121s] Level 1:colcon.colcon_core.package_identification:_identify(work_log) by extension 'ignore'
[0.121s] Level 1:colcon.colcon_core.package_identification:_identify(work_log) by extension 'ignore_ament_install'
[0.121s] Level 1:colcon.colcon_core.package_identification:_identify(work_log) by extensions ['colcon_pkg']
[0.121s] Level 1:colcon.colcon_core.package_identification:_identify(work_log) by extension 'colcon_pkg'
[0.121s] Level 1:colcon.colcon_core.package_identification:_identify(work_log) by extensions ['colcon_meta']
[0.121s] Level 1:colcon.colcon_core.package_identification:_identify(work_log) by extension 'colcon_meta'
[0.121s] Level 1:colcon.colcon_core.package_identification:_identify(work_log) by extensions ['ros']
[0.121s] Level 1:colcon.colcon_core.package_identification:_identify(work_log) by extension 'ros'
[0.121s] Level 1:colcon.colcon_core.package_identification:_identify(work_log) by extensions ['cmake', 'python']
[0.121s] Level 1:colcon.colcon_core.package_identification:_identify(work_log) by extension 'cmake'
[0.121s] Level 1:colcon.colcon_core.package_identification:_identify(work_log) by extension 'python'
[0.121s] Level 1:colcon.colcon_core.package_identification:_identify(work_log) by extensions ['python_setup_py']
[0.121s] Level 1:colcon.colcon_core.package_identification:_identify(work_log) by extension 'python_setup_py'
[0.121s] Level 1:colcon.colcon_core.package_discovery:discover_packages(recursive) using defaults
[0.121s] Level 1:colcon.colcon_core.package_discovery:discover_packages(ignore) discover
[0.121s] Level 1:colcon.colcon_core.package_discovery:discover_packages(ignore) using defaults
[0.121s] Level 1:colcon.colcon_core.package_discovery:discover_packages(path) discover
[0.121s] Level 1:colcon.colcon_core.package_discovery:discover_packages(path) using defaults
[0.134s] INFO:colcon.colcon_core.package_selection:Skipping not selected package 'dongsoo_cpp_pkg' in 'src/dongsoo_cpp_pkg'
[0.134s] INFO:colcon.colcon_core.package_selection:Skipping not selected package 'dongsoo_description' in 'src/dongsoo_description'
[0.134s] INFO:colcon.colcon_core.package_selection:Skipping not selected package 'finger_test' in 'src/finger_test'
[0.134s] INFO:colcon.colcon_core.package_selection:Skipping not selected package 'dongsoo_free_mission' in 'src/dongsoo_free_mission'
[0.134s] INFO:colcon.colcon_core.package_selection:Skipping not selected package 'dongsoo_py_pkg' in 'src/dongsoo_py_pkg'
[0.134s] Level 1:colcon.colcon_core.package_discovery:discover_packages(prefix_path) check parameters
[0.134s] Level 1:colcon.colcon_core.package_discovery:discover_packages(prefix_path) discover
[0.135s] DEBUG:colcon.colcon_installed_package_information.package_discovery:Found 271 installed packages in /opt/ros/humble
[0.136s] Level 1:colcon.colcon_core.package_discovery:discover_packages(prefix_path) using defaults
[0.150s] Level 5:colcon.colcon_core.verb:set package 'dongsoo_interfaces' build argument 'cmake_args' from command line to 'None'
[0.150s] Level 5:colcon.colcon_core.verb:set package 'dongsoo_interfaces' build argument 'cmake_target' from command line to 'None'
[0.150s] Level 5:colcon.colcon_core.verb:set package 'dongsoo_interfaces' build argument 'cmake_target_skip_unavailable' from command line to 'False'
[0.150s] Level 5:colcon.colcon_core.verb:set package 'dongsoo_interfaces' build argument 'cmake_clean_cache' from command line to 'False'
[0.150s] Level 5:colcon.colcon_core.verb:set package 'dongsoo_interfaces' build argument 'cmake_clean_first' from command line to 'False'
[0.150s] Level 5:colcon.colcon_core.verb:set package 'dongsoo_interfaces' build argument 'cmake_force_configure' from command line to 'False'
[0.150s] Level 5:colcon.colcon_core.verb:set package 'dongsoo_interfaces' build argument 'ament_cmake_args' from command line to 'None'
[0.150s] Level 5:colcon.colcon_core.verb:set package 'dongsoo_interfaces' build argument 'catkin_cmake_args' from command line to 'None'
[0.150s] Level 5:colcon.colcon_core.verb:set package 'dongsoo_interfaces' build argument 'catkin_skip_building_tests' from command line to 'False'
[0.150s] DEBUG:colcon.colcon_core.verb:Building package 'dongsoo_interfaces' with the following arguments: {'ament_cmake_args': None, 'build_base': '/home/pc/soomac_ws/build/dongsoo_interfaces', 'catkin_cmake_args': None, 'catkin_skip_building_tests': False, 'cmake_args': None, 'cmake_clean_cache': False, 'cmake_clean_first': False, 'cmake_force_configure': False, 'cmake_target': None, 'cmake_target_skip_unavailable': False, 'install_base': '/home/pc/soomac_ws/install/dongsoo_interfaces', 'merge_install': False, 'path': '/home/pc/soomac_ws/src/dongsoo_interfaces', 'symlink_install': False, 'test_result_base': None}
[0.151s] INFO:colcon.colcon_core.executor:Executing jobs using 'parallel' executor
[0.151s] DEBUG:colcon.colcon_parallel_executor.executor.parallel:run_until_complete
[0.151s] INFO:colcon.colcon_ros.task.ament_cmake.build:Building ROS package in '/home/pc/soomac_ws/src/dongsoo_interfaces' with build type 'ament_cmake'
[0.151s] INFO:colcon.colcon_cmake.task.cmake.build:Building CMake package in '/home/pc/soomac_ws/src/dongsoo_interfaces'
[0.152s] INFO:colcon.colcon_core.plugin_system:Skipping extension 'colcon_core.shell.bat': Not used on non-Windows systems
[0.152s] INFO:colcon.colcon_core.shell:Skip shell extension 'powershell' for command environment: Not usable outside of PowerShell
[0.152s] DEBUG:colcon.colcon_core.shell:Skip shell extension 'dsv' for command environment
[0.156s] DEBUG:colcon.colcon_core.event_handler.log_command:Invoking command in '/home/pc/soomac_ws/build/dongsoo_interfaces': CMAKE_PREFIX_PATH=/opt/ros/humble /usr/bin/cmake /home/pc/soomac_ws/src/dongsoo_interfaces -DCMAKE_INSTALL_PREFIX=/home/pc/soomac_ws/install/dongsoo_interfaces
[0.926s] DEBUG:colcon.colcon_core.event_handler.log_command:Invoked command in '/home/pc/soomac_ws/build/dongsoo_interfaces' returned '0': CMAKE_PREFIX_PATH=/opt/ros/humble /usr/bin/cmake /home/pc/soomac_ws/src/dongsoo_interfaces -DCMAKE_INSTALL_PREFIX=/home/pc/soomac_ws/install/dongsoo_interfaces
[0.926s] DEBUG:colcon.colcon_core.event_handler.log_command:Invoking command in '/home/pc/soomac_ws/build/dongsoo_interfaces': CMAKE_PREFIX_PATH=/opt/ros/humble /usr/bin/cmake --build /home/pc/soomac_ws/build/dongsoo_interfaces -- -j32 -l32
[2.031s] DEBUG:colcon.colcon_core.event_handler.log_command:Invoked command in '/home/pc/soomac_ws/build/dongsoo_interfaces' returned '0': CMAKE_PREFIX_PATH=/opt/ros/humble /usr/bin/cmake --build /home/pc/soomac_ws/build/dongsoo_interfaces -- -j32 -l32
[2.037s] DEBUG:colcon.colcon_core.event_handler.log_command:Invoking command in '/home/pc/soomac_ws/build/dongsoo_interfaces': CMAKE_PREFIX_PATH=/opt/ros/humble /usr/bin/cmake --install /home/pc/soomac_ws/build/dongsoo_interfaces
[2.069s] Level 1:colcon.colcon_core.environment:create_environment_scripts_only(dongsoo_interfaces)
[2.069s] DEBUG:colcon.colcon_core.event_handler.log_command:Invoked command in '/home/pc/soomac_ws/build/dongsoo_interfaces' returned '0': CMAKE_PREFIX_PATH=/opt/ros/humble /usr/bin/cmake --install /home/pc/soomac_ws/build/dongsoo_interfaces
[2.070s] Level 1:colcon.colcon_core.environment:checking '/home/pc/soomac_ws/install/dongsoo_interfaces' for CMake module files
[2.070s] Level 1:colcon.colcon_core.environment:checking '/home/pc/soomac_ws/install/dongsoo_interfaces' for CMake config files
[2.070s] Level 1:colcon.colcon_core.shell:create_environment_hook('dongsoo_interfaces', 'cmake_prefix_path')
[2.070s] INFO:colcon.colcon_core.shell:Creating environment hook '/home/pc/soomac_ws/install/dongsoo_interfaces/share/dongsoo_interfaces/hook/cmake_prefix_path.ps1'
[2.071s] INFO:colcon.colcon_core.shell:Creating environment descriptor '/home/pc/soomac_ws/install/dongsoo_interfaces/share/dongsoo_interfaces/hook/cmake_prefix_path.dsv'
[2.071s] INFO:colcon.colcon_core.shell:Creating environment hook '/home/pc/soomac_ws/install/dongsoo_interfaces/share/dongsoo_interfaces/hook/cmake_prefix_path.sh'
[2.071s] Level 1:colcon.colcon_core.environment:checking '/home/pc/soomac_ws/install/dongsoo_interfaces/lib'
[2.071s] Level 1:colcon.colcon_core.shell:create_environment_hook('dongsoo_interfaces', 'ld_library_path_lib')
[2.072s] INFO:colcon.colcon_core.shell:Creating environment hook '/home/pc/soomac_ws/install/dongsoo_interfaces/share/dongsoo_interfaces/hook/ld_library_path_lib.ps1'
[2.072s] INFO:colcon.colcon_core.shell:Creating environment descriptor '/home/pc/soomac_ws/install/dongsoo_interfaces/share/dongsoo_interfaces/hook/ld_library_path_lib.dsv'
[2.072s] INFO:colcon.colcon_core.shell:Creating environment hook '/home/pc/soomac_ws/install/dongsoo_interfaces/share/dongsoo_interfaces/hook/ld_library_path_lib.sh'
[2.072s] Level 1:colcon.colcon_core.environment:checking '/home/pc/soomac_ws/install/dongsoo_interfaces/bin'
[2.072s] Level 1:colcon.colcon_core.environment:checking '/home/pc/soomac_ws/install/dongsoo_interfaces/lib/pkgconfig/dongsoo_interfaces.pc'
[2.072s] Level 1:colcon.colcon_core.environment:checking '/home/pc/soomac_ws/install/dongsoo_interfaces/lib/python3.10/site-packages'
[2.072s] Level 1:colcon.colcon_core.environment:checking '/home/pc/soomac_ws/install/dongsoo_interfaces/bin'
[2.072s] INFO:colcon.colcon_core.shell:Creating package script '/home/pc/soomac_ws/install/dongsoo_interfaces/share/dongsoo_interfaces/package.ps1'
[2.073s] INFO:colcon.colcon_core.shell:Creating package descriptor '/home/pc/soomac_ws/install/dongsoo_interfaces/share/dongsoo_interfaces/package.dsv'
[2.073s] INFO:colcon.colcon_core.shell:Creating package script '/home/pc/soomac_ws/install/dongsoo_interfaces/share/dongsoo_interfaces/package.sh'
[2.073s] INFO:colcon.colcon_core.shell:Creating package script '/home/pc/soomac_ws/install/dongsoo_interfaces/share/dongsoo_interfaces/package.bash'
[2.073s] INFO:colcon.colcon_core.shell:Creating package script '/home/pc/soomac_ws/install/dongsoo_interfaces/share/dongsoo_interfaces/package.zsh'
[2.074s] Level 1:colcon.colcon_core.environment:create_file_with_runtime_dependencies(/home/pc/soomac_ws/install/dongsoo_interfaces/share/colcon-core/packages/dongsoo_interfaces)
[2.074s] Level 1:colcon.colcon_core.environment:create_environment_scripts_only(dongsoo_interfaces)
[2.074s] Level 1:colcon.colcon_core.environment:checking '/home/pc/soomac_ws/install/dongsoo_interfaces' for CMake module files
[2.074s] Level 1:colcon.colcon_core.environment:checking '/home/pc/soomac_ws/install/dongsoo_interfaces' for CMake config files
[2.074s] Level 1:colcon.colcon_core.shell:create_environment_hook('dongsoo_interfaces', 'cmake_prefix_path')
[2.074s] INFO:colcon.colcon_core.shell:Creating environment hook '/home/pc/soomac_ws/install/dongsoo_interfaces/share/dongsoo_interfaces/hook/cmake_prefix_path.ps1'
[2.075s] INFO:colcon.colcon_core.shell:Creating environment descriptor '/home/pc/soomac_ws/install/dongsoo_interfaces/share/dongsoo_interfaces/hook/cmake_prefix_path.dsv'
[2.075s] INFO:colcon.colcon_core.shell:Creating environment hook '/home/pc/soomac_ws/install/dongsoo_interfaces/share/dongsoo_interfaces/hook/cmake_prefix_path.sh'
[2.075s] Level 1:colcon.colcon_core.environment:checking '/home/pc/soomac_ws/install/dongsoo_interfaces/lib'
[2.075s] Level 1:colcon.colcon_core.shell:create_environment_hook('dongsoo_interfaces', 'ld_library_path_lib')
[2.075s] INFO:colcon.colcon_core.shell:Creating environment hook '/home/pc/soomac_ws/install/dongsoo_interfaces/share/dongsoo_interfaces/hook/ld_library_path_lib.ps1'
[2.075s] INFO:colcon.colcon_core.shell:Creating environment descriptor '/home/pc/soomac_ws/install/dongsoo_interfaces/share/dongsoo_interfaces/hook/ld_library_path_lib.dsv'
[2.075s] INFO:colcon.colcon_core.shell:Creating environment hook '/home/pc/soomac_ws/install/dongsoo_interfaces/share/dongsoo_interfaces/hook/ld_library_path_lib.sh'
[2.075s] Level 1:colcon.colcon_core.environment:checking '/home/pc/soomac_ws/install/dongsoo_interfaces/bin'
[2.075s] Level 1:colcon.colcon_core.environment:checking '/home/pc/soomac_ws/install/dongsoo_interfaces/lib/pkgconfig/dongsoo_interfaces.pc'
[2.076s] Level 1:colcon.colcon_core.environment:checking '/home/pc/soomac_ws/install/dongsoo_interfaces/lib/python3.10/site-packages'
[2.076s] Level 1:colcon.colcon_core.environment:checking '/home/pc/soomac_ws/install/dongsoo_interfaces/bin'
[2.076s] INFO:colcon.colcon_core.shell:Creating package script '/home/pc/soomac_ws/install/dongsoo_interfaces/share/dongsoo_interfaces/package.ps1'
[2.076s] INFO:colcon.colcon_core.shell:Creating package descriptor '/home/pc/soomac_ws/install/dongsoo_interfaces/share/dongsoo_interfaces/package.dsv'
[2.076s] INFO:colcon.colcon_core.shell:Creating package script '/home/pc/soomac_ws/install/dongsoo_interfaces/share/dongsoo_interfaces/package.sh'
[2.076s] INFO:colcon.colcon_core.shell:Creating package script '/home/pc/soomac_ws/install/dongsoo_interfaces/share/dongsoo_interfaces/package.bash'
[2.077s] INFO:colcon.colcon_core.shell:Creating package script '/home/pc/soomac_ws/install/dongsoo_interfaces/share/dongsoo_interfaces/package.zsh'
[2.077s] Level 1:colcon.colcon_core.environment:create_file_with_runtime_dependencies(/home/pc/soomac_ws/install/dongsoo_interfaces/share/colcon-core/packages/dongsoo_interfaces)
[2.077s] DEBUG:colcon.colcon_parallel_executor.executor.parallel:closing loop
[2.077s] DEBUG:colcon.colcon_parallel_executor.executor.parallel:loop closed
[2.077s] DEBUG:colcon.colcon_parallel_executor.executor.parallel:run_until_complete finished with '0'
[2.077s] DEBUG:colcon.colcon_core.event_reactor:joining thread
[2.079s] INFO:colcon.colcon_core.plugin_system:Skipping extension 'colcon_notification.desktop_notification.terminal_notifier': Not used on non-Darwin systems
[2.079s] INFO:colcon.colcon_core.plugin_system:Skipping extension 'colcon_notification.desktop_notification.win32': Not used on non-Windows systems
[2.079s] INFO:colcon.colcon_notification.desktop_notification:Sending desktop notification using 'notify2'
[2.086s] DEBUG:colcon.colcon_core.event_reactor:joined thread
[2.086s] INFO:colcon.colcon_core.shell:Creating prefix script '/home/pc/soomac_ws/install/local_setup.ps1'
[2.087s] INFO:colcon.colcon_core.shell:Creating prefix util module '/home/pc/soomac_ws/install/_local_setup_util_ps1.py'
[2.087s] INFO:colcon.colcon_core.shell:Creating prefix chain script '/home/pc/soomac_ws/install/setup.ps1'
[2.087s] INFO:colcon.colcon_core.shell:Creating prefix script '/home/pc/soomac_ws/install/local_setup.sh'
[2.088s] INFO:colcon.colcon_core.shell:Creating prefix util module '/home/pc/soomac_ws/install/_local_setup_util_sh.py'
[2.088s] INFO:colcon.colcon_core.shell:Creating prefix chain script '/home/pc/soomac_ws/install/setup.sh'
[2.088s] INFO:colcon.colcon_core.shell:Creating prefix script '/home/pc/soomac_ws/install/local_setup.bash'
[2.089s] INFO:colcon.colcon_core.shell:Creating prefix chain script '/home/pc/soomac_ws/install/setup.bash'
[2.089s] INFO:colcon.colcon_core.shell:Creating prefix script '/home/pc/soomac_ws/install/local_setup.zsh'
[2.089s] INFO:colcon.colcon_core.shell:Creating prefix chain script '/home/pc/soomac_ws/install/setup.zsh'
