[0.006s] Invoking command in '/home/pc/soomac_ws/build/zeus_interfaces': CMAKE_PREFIX_PATH=${CMAKE_PREFIX_PATH}:/home/pc/soomac_ws/install/zeus_controller:/home/pc/cont_ws/install/torque_test_pkg:/home/pc/cont_ws/install/finger_pkg:/home/pc/cont_ws/install/control_continuum:/home/pc/mg_motor_ws/install/mg_test_pkg:/home/pc/mg_motor_ws/install/mg_motor_test:/home/pc/mg_motor_ws/install/homework_pkg:/home/pc/mg_motor_ws/install/head_moving:/opt/ros/humble /usr/bin/cmake --build /home/pc/soomac_ws/build/zeus_interfaces -- -j32 -l32
[0.031s] -- Found ament_cmake: 1.3.12 (/opt/ros/humble/share/ament_cmake/cmake)
[0.118s] -- Found rosidl_default_generators: 1.2.0 (/opt/ros/humble/share/rosidl_default_generators/cmake)
[0.120s] -- Using all available rosidl_typesupport_c: rosidl_typesupport_fastrtps_c;rosidl_typesupport_introspection_c
[0.122s] -- Found rosidl_adapter: 3.1.7 (/opt/ros/humble/share/rosidl_adapter/cmake)
[0.140s] -- Using all available rosidl_typesupport_cpp: rosidl_typesupport_fastrtps_cpp;rosidl_typesupport_introspection_cpp
[0.286s] -- Found ament_cmake_ros: 0.10.0 (/opt/ros/humble/share/ament_cmake_ros/cmake)
[0.391s] -- Using all available rosidl_typesupport_c: rosidl_typesupport_fastrtps_c;rosidl_typesupport_introspection_c
[0.520s] -- Using all available rosidl_typesupport_cpp: rosidl_typesupport_fastrtps_cpp;rosidl_typesupport_introspection_cpp
[0.533s] -- Found python_cmake_module: 0.10.0 (/opt/ros/humble/share/python_cmake_module/cmake)
[0.546s] -- Using PYTHON_EXECUTABLE: /usr/bin/python3
[0.546s] -- Using PYTHON_INCLUDE_DIRS: /usr/include/python3.10
[0.546s] -- Using PYTHON_LIBRARIES: /usr/lib/x86_64-linux-gnu/libpython3.10.so
[0.555s] -- Configuring done
[0.569s] -- Generating done
[0.573s] -- Build files have been written to: /home/pc/soomac_ws/build/zeus_interfaces
[0.587s] [  2%] [34m[1mGenerating C code for ROS interfaces[0m
[0.592s] [  5%] [34m[1mGenerating C++ code for ROS interfaces[0m
[0.598s] [  5%] Built target ament_cmake_python_copy_zeus_interfaces
[0.705s] running egg_info
[0.706s] writing zeus_interfaces.egg-info/PKG-INFO
[0.706s] writing dependency_links to zeus_interfaces.egg-info/dependency_links.txt
[0.706s] writing top-level names to zeus_interfaces.egg-info/top_level.txt
[0.707s] reading manifest file 'zeus_interfaces.egg-info/SOURCES.txt'
[0.707s] writing manifest file 'zeus_interfaces.egg-info/SOURCES.txt'
[0.720s] [  5%] Built target ament_cmake_python_build_zeus_interfaces_egg
[0.740s] [  5%] Built target zeus_interfaces__cpp
[0.740s] [35m[1mConsolidate compiler generated dependencies of target zeus_interfaces__rosidl_generator_c[0m
[0.744s] [  7%] [34m[1mGenerating C++ type support for eProsima Fast-RTPS[0m
[0.745s] [ 10%] [34m[1mGenerating C++ introspection for ROS interfaces[0m
[0.745s] [ 12%] [34m[1mGenerating C++ type support dispatch for ROS interfaces[0m
[0.748s] [ 15%] [32mBuilding C object CMakeFiles/zeus_interfaces__rosidl_generator_c.dir/rosidl_generator_c/zeus_interfaces/srv/detail/zeus_executor__functions.c.o[0m
[0.748s] [ 17%] [32mBuilding C object CMakeFiles/zeus_interfaces__rosidl_generator_c.dir/rosidl_generator_c/zeus_interfaces/msg/detail/zeus_main_command__functions.c.o[0m
[0.805s] [ 20%] [32m[1mLinking C shared library libzeus_interfaces__rosidl_generator_c.so[0m
[0.828s] [ 20%] Built target zeus_interfaces__rosidl_generator_c
[0.833s] [ 23%] [34m[1mGenerating C type support for eProsima Fast-RTPS[0m
[0.833s] [ 25%] [34m[1mGenerating C introspection for ROS interfaces[0m
[0.834s] [ 28%] [34m[1mGenerating C type support dispatch for ROS interfaces[0m
[0.869s] [35m[1mConsolidate compiler generated dependencies of target zeus_interfaces__rosidl_typesupport_cpp[0m
[0.876s] [35m[1mConsolidate compiler generated dependencies of target zeus_interfaces__rosidl_typesupport_introspection_cpp[0m
[0.879s] [ 30%] [32mBuilding CXX object CMakeFiles/zeus_interfaces__rosidl_typesupport_cpp.dir/rosidl_typesupport_cpp/zeus_interfaces/srv/zeus_executor__type_support.cpp.o[0m
[0.879s] [ 33%] [32mBuilding CXX object CMakeFiles/zeus_interfaces__rosidl_typesupport_cpp.dir/rosidl_typesupport_cpp/zeus_interfaces/msg/zeus_main_command__type_support.cpp.o[0m
[0.883s] [35m[1mConsolidate compiler generated dependencies of target zeus_interfaces__rosidl_typesupport_fastrtps_cpp[0m
[0.883s] [ 35%] [32mBuilding CXX object CMakeFiles/zeus_interfaces__rosidl_typesupport_introspection_cpp.dir/rosidl_typesupport_introspection_cpp/zeus_interfaces/msg/detail/zeus_main_command__type_support.cpp.o[0m
[0.884s] [ 38%] [32mBuilding CXX object CMakeFiles/zeus_interfaces__rosidl_typesupport_introspection_cpp.dir/rosidl_typesupport_introspection_cpp/zeus_interfaces/srv/detail/zeus_executor__type_support.cpp.o[0m
[0.892s] [ 43%] [32mBuilding CXX object CMakeFiles/zeus_interfaces__rosidl_typesupport_fastrtps_cpp.dir/rosidl_typesupport_fastrtps_cpp/zeus_interfaces/srv/detail/dds_fastrtps/zeus_executor__type_support.cpp.o[0m
[0.892s] [ 43%] [32mBuilding CXX object CMakeFiles/zeus_interfaces__rosidl_typesupport_fastrtps_cpp.dir/rosidl_typesupport_fastrtps_cpp/zeus_interfaces/msg/detail/dds_fastrtps/zeus_main_command__type_support.cpp.o[0m
[0.957s] [35m[1mConsolidate compiler generated dependencies of target zeus_interfaces__rosidl_typesupport_c[0m
[0.963s] [ 46%] [32mBuilding CXX object CMakeFiles/zeus_interfaces__rosidl_typesupport_c.dir/rosidl_typesupport_c/zeus_interfaces/msg/zeus_main_command__type_support.cpp.o[0m
[0.964s] [ 48%] [32mBuilding CXX object CMakeFiles/zeus_interfaces__rosidl_typesupport_c.dir/rosidl_typesupport_c/zeus_interfaces/srv/zeus_executor__type_support.cpp.o[0m
[0.970s] [35m[1mConsolidate compiler generated dependencies of target zeus_interfaces__rosidl_typesupport_introspection_c[0m
[0.970s] [35m[1mConsolidate compiler generated dependencies of target zeus_interfaces__rosidl_typesupport_fastrtps_c[0m
[0.976s] [ 51%] [32mBuilding C object CMakeFiles/zeus_interfaces__rosidl_typesupport_introspection_c.dir/rosidl_typesupport_introspection_c/zeus_interfaces/msg/detail/zeus_main_command__type_support.c.o[0m
[0.977s] [ 53%] [32mBuilding C object CMakeFiles/zeus_interfaces__rosidl_typesupport_introspection_c.dir/rosidl_typesupport_introspection_c/zeus_interfaces/srv/detail/zeus_executor__type_support.c.o[0m
[0.978s] [ 56%] [32mBuilding CXX object CMakeFiles/zeus_interfaces__rosidl_typesupport_fastrtps_c.dir/rosidl_typesupport_fastrtps_c/zeus_interfaces/srv/detail/zeus_executor__type_support_c.cpp.o[0m
[0.978s] [ 58%] [32mBuilding CXX object CMakeFiles/zeus_interfaces__rosidl_typesupport_fastrtps_c.dir/rosidl_typesupport_fastrtps_c/zeus_interfaces/msg/detail/zeus_main_command__type_support_c.cpp.o[0m
[0.986s] [ 61%] [32m[1mLinking CXX shared library libzeus_interfaces__rosidl_typesupport_c.so[0m
[1.002s] [ 64%] [32m[1mLinking C shared library libzeus_interfaces__rosidl_typesupport_introspection_c.so[0m
[1.009s] [ 64%] Built target zeus_interfaces__rosidl_typesupport_c
[1.021s] [ 64%] Built target zeus_interfaces__rosidl_typesupport_introspection_c
[1.040s] [ 66%] [32m[1mLinking CXX shared library libzeus_interfaces__rosidl_typesupport_cpp.so[0m
[1.063s] [ 66%] Built target zeus_interfaces__rosidl_typesupport_cpp
[1.066s] [ 69%] [32m[1mLinking CXX shared library libzeus_interfaces__rosidl_typesupport_fastrtps_cpp.so[0m
[1.094s] [ 71%] [32m[1mLinking CXX shared library libzeus_interfaces__rosidl_typesupport_introspection_cpp.so[0m
[1.104s] [ 71%] Built target zeus_interfaces__rosidl_typesupport_fastrtps_cpp
[1.115s] [ 74%] [32m[1mLinking CXX shared library libzeus_interfaces__rosidl_typesupport_fastrtps_c.so[0m
[1.127s] [ 74%] Built target zeus_interfaces__rosidl_typesupport_introspection_cpp
[1.149s] [ 74%] Built target zeus_interfaces__rosidl_typesupport_fastrtps_c
[1.161s] [ 74%] Built target zeus_interfaces
[1.171s] [ 76%] [34m[1mGenerating Python code for ROS interfaces[0m
[1.370s] [ 76%] Built target zeus_interfaces__py
[1.376s] [35m[1mConsolidate compiler generated dependencies of target zeus_interfaces__rosidl_generator_py[0m
[1.385s] [ 79%] [32mBuilding C object CMakeFiles/zeus_interfaces__rosidl_generator_py.dir/rosidl_generator_py/zeus_interfaces/srv/_zeus_executor_s.c.o[0m
[1.385s] [ 82%] [32mBuilding C object CMakeFiles/zeus_interfaces__rosidl_generator_py.dir/rosidl_generator_py/zeus_interfaces/msg/_zeus_main_command_s.c.o[0m
[1.443s] [ 84%] [32m[1mLinking C shared library rosidl_generator_py/zeus_interfaces/libzeus_interfaces__rosidl_generator_py.so[0m
[1.465s] [ 84%] Built target zeus_interfaces__rosidl_generator_py
[1.471s] [35m[1mConsolidate compiler generated dependencies of target zeus_interfaces__rosidl_typesupport_fastrtps_c__pyext[0m
[1.471s] [35m[1mConsolidate compiler generated dependencies of target zeus_interfaces__rosidl_typesupport_c__pyext[0m
[1.471s] [35m[1mConsolidate compiler generated dependencies of target zeus_interfaces__rosidl_typesupport_introspection_c__pyext[0m
[1.479s] [ 89%] [32mBuilding C object CMakeFiles/zeus_interfaces__rosidl_typesupport_fastrtps_c__pyext.dir/rosidl_generator_py/zeus_interfaces/_zeus_interfaces_s.ep.rosidl_typesupport_fastrtps_c.c.o[0m
[1.479s] [ 92%] [32mBuilding C object CMakeFiles/zeus_interfaces__rosidl_typesupport_introspection_c__pyext.dir/rosidl_generator_py/zeus_interfaces/_zeus_interfaces_s.ep.rosidl_typesupport_introspection_c.c.o[0m
[1.479s] [ 89%] [32mBuilding C object CMakeFiles/zeus_interfaces__rosidl_typesupport_c__pyext.dir/rosidl_generator_py/zeus_interfaces/_zeus_interfaces_s.ep.rosidl_typesupport_c.c.o[0m
[1.521s] [ 94%] [32m[1mLinking C shared library rosidl_generator_py/zeus_interfaces/zeus_interfaces_s__rosidl_typesupport_introspection_c.cpython-310-x86_64-linux-gnu.so[0m
[1.522s] [ 97%] [32m[1mLinking C shared library rosidl_generator_py/zeus_interfaces/zeus_interfaces_s__rosidl_typesupport_c.cpython-310-x86_64-linux-gnu.so[0m
[1.522s] [100%] [32m[1mLinking C shared library rosidl_generator_py/zeus_interfaces/zeus_interfaces_s__rosidl_typesupport_fastrtps_c.cpython-310-x86_64-linux-gnu.so[0m
[1.541s] [100%] Built target zeus_interfaces__rosidl_typesupport_c__pyext
[1.541s] [100%] Built target zeus_interfaces__rosidl_typesupport_introspection_c__pyext
[1.542s] [100%] Built target zeus_interfaces__rosidl_typesupport_fastrtps_c__pyext
[1.547s] Invoked command in '/home/pc/soomac_ws/build/zeus_interfaces' returned '0': CMAKE_PREFIX_PATH=${CMAKE_PREFIX_PATH}:/home/pc/soomac_ws/install/zeus_controller:/home/pc/cont_ws/install/torque_test_pkg:/home/pc/cont_ws/install/finger_pkg:/home/pc/cont_ws/install/control_continuum:/home/pc/mg_motor_ws/install/mg_test_pkg:/home/pc/mg_motor_ws/install/mg_motor_test:/home/pc/mg_motor_ws/install/homework_pkg:/home/pc/mg_motor_ws/install/head_moving:/opt/ros/humble /usr/bin/cmake --build /home/pc/soomac_ws/build/zeus_interfaces -- -j32 -l32
[1.551s] Invoking command in '/home/pc/soomac_ws/build/zeus_interfaces': CMAKE_PREFIX_PATH=${CMAKE_PREFIX_PATH}:/home/pc/soomac_ws/install/zeus_controller:/home/pc/cont_ws/install/torque_test_pkg:/home/pc/cont_ws/install/finger_pkg:/home/pc/cont_ws/install/control_continuum:/home/pc/mg_motor_ws/install/mg_test_pkg:/home/pc/mg_motor_ws/install/mg_motor_test:/home/pc/mg_motor_ws/install/homework_pkg:/home/pc/mg_motor_ws/install/head_moving:/opt/ros/humble /usr/bin/cmake --install /home/pc/soomac_ws/build/zeus_interfaces
[1.555s] -- Install configuration: ""
[1.555s] -- Installing: /home/pc/soomac_ws/install/zeus_interfaces/share/ament_index/resource_index/rosidl_interfaces/zeus_interfaces
[1.555s] -- Up-to-date: /home/pc/soomac_ws/install/zeus_interfaces/include/zeus_interfaces/zeus_interfaces
[1.555s] -- Up-to-date: /home/pc/soomac_ws/install/zeus_interfaces/include/zeus_interfaces/zeus_interfaces/msg
[1.555s] -- Up-to-date: /home/pc/soomac_ws/install/zeus_interfaces/include/zeus_interfaces/zeus_interfaces/msg/rosidl_generator_c__visibility_control.h
[1.555s] -- Installing: /home/pc/soomac_ws/install/zeus_interfaces/include/zeus_interfaces/zeus_interfaces/msg/detail
[1.555s] -- Installing: /home/pc/soomac_ws/install/zeus_interfaces/include/zeus_interfaces/zeus_interfaces/msg/detail/zeus_main_command__struct.h
[1.555s] -- Installing: /home/pc/soomac_ws/install/zeus_interfaces/include/zeus_interfaces/zeus_interfaces/msg/detail/zeus_main_command__functions.h
[1.555s] -- Installing: /home/pc/soomac_ws/install/zeus_interfaces/include/zeus_interfaces/zeus_interfaces/msg/detail/zeus_main_command__type_support.h
[1.555s] -- Installing: /home/pc/soomac_ws/install/zeus_interfaces/include/zeus_interfaces/zeus_interfaces/msg/detail/zeus_main_command__functions.c
[1.555s] -- Installing: /home/pc/soomac_ws/install/zeus_interfaces/include/zeus_interfaces/zeus_interfaces/msg/zeus_main_command.h
[1.555s] -- Up-to-date: /home/pc/soomac_ws/install/zeus_interfaces/include/zeus_interfaces/zeus_interfaces/srv
[1.555s] -- Installing: /home/pc/soomac_ws/install/zeus_interfaces/include/zeus_interfaces/zeus_interfaces/srv/zeus_executor.h
[1.555s] -- Up-to-date: /home/pc/soomac_ws/install/zeus_interfaces/include/zeus_interfaces/zeus_interfaces/srv/detail
[1.555s] -- Installing: /home/pc/soomac_ws/install/zeus_interfaces/include/zeus_interfaces/zeus_interfaces/srv/detail/zeus_executor__functions.h
[1.555s] -- Installing: /home/pc/soomac_ws/install/zeus_interfaces/include/zeus_interfaces/zeus_interfaces/srv/detail/zeus_executor__struct.h
[1.555s] -- Installing: /home/pc/soomac_ws/install/zeus_interfaces/include/zeus_interfaces/zeus_interfaces/srv/detail/zeus_executor__functions.c
[1.555s] -- Installing: /home/pc/soomac_ws/install/zeus_interfaces/include/zeus_interfaces/zeus_interfaces/srv/detail/zeus_executor__type_support.h
[1.555s] -- Up-to-date: /home/pc/soomac_ws/install/zeus_interfaces/share/zeus_interfaces/environment/library_path.sh
[1.555s] -- Installing: /home/pc/soomac_ws/install/zeus_interfaces/share/zeus_interfaces/environment/library_path.dsv
[1.555s] -- Installing: /home/pc/soomac_ws/install/zeus_interfaces/lib/libzeus_interfaces__rosidl_generator_c.so
[1.555s] -- Set runtime path of "/home/pc/soomac_ws/install/zeus_interfaces/lib/libzeus_interfaces__rosidl_generator_c.so" to ""
[1.556s] -- Up-to-date: /home/pc/soomac_ws/install/zeus_interfaces/include/zeus_interfaces/zeus_interfaces
[1.556s] -- Up-to-date: /home/pc/soomac_ws/install/zeus_interfaces/include/zeus_interfaces/zeus_interfaces/msg
[1.556s] -- Up-to-date: /home/pc/soomac_ws/install/zeus_interfaces/include/zeus_interfaces/zeus_interfaces/msg/detail
[1.556s] -- Installing: /home/pc/soomac_ws/install/zeus_interfaces/include/zeus_interfaces/zeus_interfaces/msg/detail/zeus_main_command__rosidl_typesupport_fastrtps_c.h
[1.556s] -- Up-to-date: /home/pc/soomac_ws/install/zeus_interfaces/include/zeus_interfaces/zeus_interfaces/msg/rosidl_typesupport_fastrtps_c__visibility_control.h
[1.556s] -- Up-to-date: /home/pc/soomac_ws/install/zeus_interfaces/include/zeus_interfaces/zeus_interfaces/srv
[1.556s] -- Up-to-date: /home/pc/soomac_ws/install/zeus_interfaces/include/zeus_interfaces/zeus_interfaces/srv/detail
[1.556s] -- Installing: /home/pc/soomac_ws/install/zeus_interfaces/include/zeus_interfaces/zeus_interfaces/srv/detail/zeus_executor__rosidl_typesupport_fastrtps_c.h
[1.556s] -- Installing: /home/pc/soomac_ws/install/zeus_interfaces/lib/libzeus_interfaces__rosidl_typesupport_fastrtps_c.so
[1.556s] -- Set runtime path of "/home/pc/soomac_ws/install/zeus_interfaces/lib/libzeus_interfaces__rosidl_typesupport_fastrtps_c.so" to ""
[1.556s] -- Up-to-date: /home/pc/soomac_ws/install/zeus_interfaces/include/zeus_interfaces/zeus_interfaces
[1.556s] -- Up-to-date: /home/pc/soomac_ws/install/zeus_interfaces/include/zeus_interfaces/zeus_interfaces/msg
[1.556s] -- Up-to-date: /home/pc/soomac_ws/install/zeus_interfaces/include/zeus_interfaces/zeus_interfaces/msg/detail
[1.556s] -- Installing: /home/pc/soomac_ws/install/zeus_interfaces/include/zeus_interfaces/zeus_interfaces/msg/detail/zeus_main_command__rosidl_typesupport_introspection_c.h
[1.556s] -- Installing: /home/pc/soomac_ws/install/zeus_interfaces/include/zeus_interfaces/zeus_interfaces/msg/detail/zeus_main_command__type_support.c
[1.556s] -- Up-to-date: /home/pc/soomac_ws/install/zeus_interfaces/include/zeus_interfaces/zeus_interfaces/msg/rosidl_typesupport_introspection_c__visibility_control.h
[1.556s] -- Up-to-date: /home/pc/soomac_ws/install/zeus_interfaces/include/zeus_interfaces/zeus_interfaces/srv
[1.556s] -- Up-to-date: /home/pc/soomac_ws/install/zeus_interfaces/include/zeus_interfaces/zeus_interfaces/srv/detail
[1.556s] -- Installing: /home/pc/soomac_ws/install/zeus_interfaces/include/zeus_interfaces/zeus_interfaces/srv/detail/zeus_executor__rosidl_typesupport_introspection_c.h
[1.556s] -- Installing: /home/pc/soomac_ws/install/zeus_interfaces/include/zeus_interfaces/zeus_interfaces/srv/detail/zeus_executor__type_support.c
[1.556s] -- Installing: /home/pc/soomac_ws/install/zeus_interfaces/lib/libzeus_interfaces__rosidl_typesupport_introspection_c.so
[1.556s] -- Set runtime path of "/home/pc/soomac_ws/install/zeus_interfaces/lib/libzeus_interfaces__rosidl_typesupport_introspection_c.so" to ""
[1.556s] -- Installing: /home/pc/soomac_ws/install/zeus_interfaces/lib/libzeus_interfaces__rosidl_typesupport_c.so
[1.556s] -- Set runtime path of "/home/pc/soomac_ws/install/zeus_interfaces/lib/libzeus_interfaces__rosidl_typesupport_c.so" to ""
[1.556s] -- Up-to-date: /home/pc/soomac_ws/install/zeus_interfaces/include/zeus_interfaces/zeus_interfaces
[1.556s] -- Up-to-date: /home/pc/soomac_ws/install/zeus_interfaces/include/zeus_interfaces/zeus_interfaces/msg
[1.556s] -- Up-to-date: /home/pc/soomac_ws/install/zeus_interfaces/include/zeus_interfaces/zeus_interfaces/msg/rosidl_generator_cpp__visibility_control.hpp
[1.556s] -- Up-to-date: /home/pc/soomac_ws/install/zeus_interfaces/include/zeus_interfaces/zeus_interfaces/msg/detail
[1.556s] -- Installing: /home/pc/soomac_ws/install/zeus_interfaces/include/zeus_interfaces/zeus_interfaces/msg/detail/zeus_main_command__traits.hpp
[1.556s] -- Installing: /home/pc/soomac_ws/install/zeus_interfaces/include/zeus_interfaces/zeus_interfaces/msg/detail/zeus_main_command__struct.hpp
[1.557s] -- Installing: /home/pc/soomac_ws/install/zeus_interfaces/include/zeus_interfaces/zeus_interfaces/msg/detail/zeus_main_command__builder.hpp
[1.557s] -- Installing: /home/pc/soomac_ws/install/zeus_interfaces/include/zeus_interfaces/zeus_interfaces/msg/detail/zeus_main_command__type_support.hpp
[1.557s] -- Installing: /home/pc/soomac_ws/install/zeus_interfaces/include/zeus_interfaces/zeus_interfaces/msg/zeus_main_command.hpp
[1.557s] -- Up-to-date: /home/pc/soomac_ws/install/zeus_interfaces/include/zeus_interfaces/zeus_interfaces/srv
[1.557s] -- Installing: /home/pc/soomac_ws/install/zeus_interfaces/include/zeus_interfaces/zeus_interfaces/srv/zeus_executor.hpp
[1.557s] -- Up-to-date: /home/pc/soomac_ws/install/zeus_interfaces/include/zeus_interfaces/zeus_interfaces/srv/detail
[1.557s] -- Installing: /home/pc/soomac_ws/install/zeus_interfaces/include/zeus_interfaces/zeus_interfaces/srv/detail/zeus_executor__traits.hpp
[1.557s] -- Installing: /home/pc/soomac_ws/install/zeus_interfaces/include/zeus_interfaces/zeus_interfaces/srv/detail/zeus_executor__builder.hpp
[1.557s] -- Installing: /home/pc/soomac_ws/install/zeus_interfaces/include/zeus_interfaces/zeus_interfaces/srv/detail/zeus_executor__struct.hpp
[1.557s] -- Installing: /home/pc/soomac_ws/install/zeus_interfaces/include/zeus_interfaces/zeus_interfaces/srv/detail/zeus_executor__type_support.hpp
[1.557s] -- Up-to-date: /home/pc/soomac_ws/install/zeus_interfaces/include/zeus_interfaces/zeus_interfaces
[1.557s] -- Up-to-date: /home/pc/soomac_ws/install/zeus_interfaces/include/zeus_interfaces/zeus_interfaces/msg
[1.557s] -- Up-to-date: /home/pc/soomac_ws/install/zeus_interfaces/include/zeus_interfaces/zeus_interfaces/msg/detail
[1.557s] -- Installing: /home/pc/soomac_ws/install/zeus_interfaces/include/zeus_interfaces/zeus_interfaces/msg/detail/dds_fastrtps
[1.557s] -- Installing: /home/pc/soomac_ws/install/zeus_interfaces/include/zeus_interfaces/zeus_interfaces/msg/detail/zeus_main_command__rosidl_typesupport_fastrtps_cpp.hpp
[1.557s] -- Up-to-date: /home/pc/soomac_ws/install/zeus_interfaces/include/zeus_interfaces/zeus_interfaces/msg/rosidl_typesupport_fastrtps_cpp__visibility_control.h
[1.557s] -- Up-to-date: /home/pc/soomac_ws/install/zeus_interfaces/include/zeus_interfaces/zeus_interfaces/srv
[1.557s] -- Up-to-date: /home/pc/soomac_ws/install/zeus_interfaces/include/zeus_interfaces/zeus_interfaces/srv/detail
[1.557s] -- Up-to-date: /home/pc/soomac_ws/install/zeus_interfaces/include/zeus_interfaces/zeus_interfaces/srv/detail/dds_fastrtps
[1.557s] -- Installing: /home/pc/soomac_ws/install/zeus_interfaces/include/zeus_interfaces/zeus_interfaces/srv/detail/zeus_executor__rosidl_typesupport_fastrtps_cpp.hpp
[1.557s] -- Installing: /home/pc/soomac_ws/install/zeus_interfaces/lib/libzeus_interfaces__rosidl_typesupport_fastrtps_cpp.so
[1.557s] -- Set runtime path of "/home/pc/soomac_ws/install/zeus_interfaces/lib/libzeus_interfaces__rosidl_typesupport_fastrtps_cpp.so" to ""
[1.557s] -- Up-to-date: /home/pc/soomac_ws/install/zeus_interfaces/include/zeus_interfaces/zeus_interfaces
[1.557s] -- Up-to-date: /home/pc/soomac_ws/install/zeus_interfaces/include/zeus_interfaces/zeus_interfaces/msg
[1.557s] -- Up-to-date: /home/pc/soomac_ws/install/zeus_interfaces/include/zeus_interfaces/zeus_interfaces/msg/detail
[1.557s] -- Installing: /home/pc/soomac_ws/install/zeus_interfaces/include/zeus_interfaces/zeus_interfaces/msg/detail/zeus_main_command__rosidl_typesupport_introspection_cpp.hpp
[1.557s] -- Installing: /home/pc/soomac_ws/install/zeus_interfaces/include/zeus_interfaces/zeus_interfaces/msg/detail/zeus_main_command__type_support.cpp
[1.557s] -- Up-to-date: /home/pc/soomac_ws/install/zeus_interfaces/include/zeus_interfaces/zeus_interfaces/srv
[1.557s] -- Up-to-date: /home/pc/soomac_ws/install/zeus_interfaces/include/zeus_interfaces/zeus_interfaces/srv/detail
[1.557s] -- Installing: /home/pc/soomac_ws/install/zeus_interfaces/include/zeus_interfaces/zeus_interfaces/srv/detail/zeus_executor__rosidl_typesupport_introspection_cpp.hpp
[1.557s] -- Installing: /home/pc/soomac_ws/install/zeus_interfaces/include/zeus_interfaces/zeus_interfaces/srv/detail/zeus_executor__type_support.cpp
[1.557s] -- Installing: /home/pc/soomac_ws/install/zeus_interfaces/lib/libzeus_interfaces__rosidl_typesupport_introspection_cpp.so
[1.558s] -- Set runtime path of "/home/pc/soomac_ws/install/zeus_interfaces/lib/libzeus_interfaces__rosidl_typesupport_introspection_cpp.so" to ""
[1.558s] -- Installing: /home/pc/soomac_ws/install/zeus_interfaces/lib/libzeus_interfaces__rosidl_typesupport_cpp.so
[1.558s] -- Set runtime path of "/home/pc/soomac_ws/install/zeus_interfaces/lib/libzeus_interfaces__rosidl_typesupport_cpp.so" to ""
[1.558s] -- Up-to-date: /home/pc/soomac_ws/install/zeus_interfaces/share/zeus_interfaces/environment/pythonpath.sh
[1.558s] -- Installing: /home/pc/soomac_ws/install/zeus_interfaces/share/zeus_interfaces/environment/pythonpath.dsv
[1.558s] -- Up-to-date: /home/pc/soomac_ws/install/zeus_interfaces/local/lib/python3.10/dist-packages/zeus_interfaces-0.0.0-py3.10.egg-info
[1.558s] -- Installing: /home/pc/soomac_ws/install/zeus_interfaces/local/lib/python3.10/dist-packages/zeus_interfaces-0.0.0-py3.10.egg-info/top_level.txt
[1.558s] -- Installing: /home/pc/soomac_ws/install/zeus_interfaces/local/lib/python3.10/dist-packages/zeus_interfaces-0.0.0-py3.10.egg-info/dependency_links.txt
[1.558s] -- Installing: /home/pc/soomac_ws/install/zeus_interfaces/local/lib/python3.10/dist-packages/zeus_interfaces-0.0.0-py3.10.egg-info/SOURCES.txt
[1.558s] -- Installing: /home/pc/soomac_ws/install/zeus_interfaces/local/lib/python3.10/dist-packages/zeus_interfaces-0.0.0-py3.10.egg-info/PKG-INFO
[1.558s] -- Up-to-date: /home/pc/soomac_ws/install/zeus_interfaces/local/lib/python3.10/dist-packages/zeus_interfaces
[1.558s] -- Installing: /home/pc/soomac_ws/install/zeus_interfaces/local/lib/python3.10/dist-packages/zeus_interfaces/msg
[1.558s] -- Installing: /home/pc/soomac_ws/install/zeus_interfaces/local/lib/python3.10/dist-packages/zeus_interfaces/msg/__init__.py
[1.558s] -- Installing: /home/pc/soomac_ws/install/zeus_interfaces/local/lib/python3.10/dist-packages/zeus_interfaces/msg/_zeus_main_command.py
[1.558s] -- Installing: /home/pc/soomac_ws/install/zeus_interfaces/local/lib/python3.10/dist-packages/zeus_interfaces/msg/_zeus_main_command_s.c
[1.558s] -- Installing: /home/pc/soomac_ws/install/zeus_interfaces/local/lib/python3.10/dist-packages/zeus_interfaces/__init__.py
[1.558s] -- Installing: /home/pc/soomac_ws/install/zeus_interfaces/local/lib/python3.10/dist-packages/zeus_interfaces/libzeus_interfaces__rosidl_generator_py.so
[1.558s] -- Up-to-date: /home/pc/soomac_ws/install/zeus_interfaces/local/lib/python3.10/dist-packages/zeus_interfaces/srv
[1.558s] -- Installing: /home/pc/soomac_ws/install/zeus_interfaces/local/lib/python3.10/dist-packages/zeus_interfaces/srv/__init__.py
[1.558s] -- Installing: /home/pc/soomac_ws/install/zeus_interfaces/local/lib/python3.10/dist-packages/zeus_interfaces/srv/_zeus_executor.py
[1.559s] -- Installing: /home/pc/soomac_ws/install/zeus_interfaces/local/lib/python3.10/dist-packages/zeus_interfaces/srv/_zeus_executor_s.c
[1.559s] -- Installing: /home/pc/soomac_ws/install/zeus_interfaces/local/lib/python3.10/dist-packages/zeus_interfaces/zeus_interfaces_s__rosidl_typesupport_fastrtps_c.cpython-310-x86_64-linux-gnu.so
[1.559s] -- Installing: /home/pc/soomac_ws/install/zeus_interfaces/local/lib/python3.10/dist-packages/zeus_interfaces/zeus_interfaces_s__rosidl_typesupport_introspection_c.cpython-310-x86_64-linux-gnu.so
[1.559s] -- Installing: /home/pc/soomac_ws/install/zeus_interfaces/local/lib/python3.10/dist-packages/zeus_interfaces/zeus_interfaces_s__rosidl_typesupport_c.cpython-310-x86_64-linux-gnu.so
[1.559s] -- Installing: /home/pc/soomac_ws/install/zeus_interfaces/local/lib/python3.10/dist-packages/zeus_interfaces/_zeus_interfaces_s.ep.rosidl_typesupport_introspection_c.c
[1.559s] -- Installing: /home/pc/soomac_ws/install/zeus_interfaces/local/lib/python3.10/dist-packages/zeus_interfaces/_zeus_interfaces_s.ep.rosidl_typesupport_c.c
[1.559s] -- Installing: /home/pc/soomac_ws/install/zeus_interfaces/local/lib/python3.10/dist-packages/zeus_interfaces/_zeus_interfaces_s.ep.rosidl_typesupport_fastrtps_c.c
[1.579s] Listing '/home/pc/soomac_ws/install/zeus_interfaces/local/lib/python3.10/dist-packages/zeus_interfaces'...
[1.579s] Compiling '/home/pc/soomac_ws/install/zeus_interfaces/local/lib/python3.10/dist-packages/zeus_interfaces/__init__.py'...
[1.579s] Listing '/home/pc/soomac_ws/install/zeus_interfaces/local/lib/python3.10/dist-packages/zeus_interfaces/msg'...
[1.579s] Compiling '/home/pc/soomac_ws/install/zeus_interfaces/local/lib/python3.10/dist-packages/zeus_interfaces/msg/__init__.py'...
[1.579s] Compiling '/home/pc/soomac_ws/install/zeus_interfaces/local/lib/python3.10/dist-packages/zeus_interfaces/msg/_zeus_main_command.py'...
[1.579s] Listing '/home/pc/soomac_ws/install/zeus_interfaces/local/lib/python3.10/dist-packages/zeus_interfaces/srv'...
[1.580s] Compiling '/home/pc/soomac_ws/install/zeus_interfaces/local/lib/python3.10/dist-packages/zeus_interfaces/srv/__init__.py'...
[1.580s] Compiling '/home/pc/soomac_ws/install/zeus_interfaces/local/lib/python3.10/dist-packages/zeus_interfaces/srv/_zeus_executor.py'...
[1.581s] -- Installing: /home/pc/soomac_ws/install/zeus_interfaces/local/lib/python3.10/dist-packages/zeus_interfaces/zeus_interfaces_s__rosidl_typesupport_fastrtps_c.cpython-310-x86_64-linux-gnu.so
[1.581s] -- Set runtime path of "/home/pc/soomac_ws/install/zeus_interfaces/local/lib/python3.10/dist-packages/zeus_interfaces/zeus_interfaces_s__rosidl_typesupport_fastrtps_c.cpython-310-x86_64-linux-gnu.so" to ""
[1.582s] -- Installing: /home/pc/soomac_ws/install/zeus_interfaces/local/lib/python3.10/dist-packages/zeus_interfaces/zeus_interfaces_s__rosidl_typesupport_introspection_c.cpython-310-x86_64-linux-gnu.so
[1.582s] -- Set runtime path of "/home/pc/soomac_ws/install/zeus_interfaces/local/lib/python3.10/dist-packages/zeus_interfaces/zeus_interfaces_s__rosidl_typesupport_introspection_c.cpython-310-x86_64-linux-gnu.so" to ""
[1.582s] -- Installing: /home/pc/soomac_ws/install/zeus_interfaces/local/lib/python3.10/dist-packages/zeus_interfaces/zeus_interfaces_s__rosidl_typesupport_c.cpython-310-x86_64-linux-gnu.so
[1.582s] -- Set runtime path of "/home/pc/soomac_ws/install/zeus_interfaces/local/lib/python3.10/dist-packages/zeus_interfaces/zeus_interfaces_s__rosidl_typesupport_c.cpython-310-x86_64-linux-gnu.so" to ""
[1.582s] -- Installing: /home/pc/soomac_ws/install/zeus_interfaces/lib/libzeus_interfaces__rosidl_generator_py.so
[1.582s] -- Set runtime path of "/home/pc/soomac_ws/install/zeus_interfaces/lib/libzeus_interfaces__rosidl_generator_py.so" to ""
[1.582s] -- Up-to-date: /home/pc/soomac_ws/install/zeus_interfaces/share/zeus_interfaces/srv/ZeusExecutor.idl
[1.582s] -- Installing: /home/pc/soomac_ws/install/zeus_interfaces/share/zeus_interfaces/msg/ZeusMainCommand.idl
[1.582s] -- Installing: /home/pc/soomac_ws/install/zeus_interfaces/share/zeus_interfaces/srv/ZeusExecutor.srv
[1.582s] -- Up-to-date: /home/pc/soomac_ws/install/zeus_interfaces/share/zeus_interfaces/srv/ZeusExecutor_Request.msg
[1.582s] -- Up-to-date: /home/pc/soomac_ws/install/zeus_interfaces/share/zeus_interfaces/srv/ZeusExecutor_Response.msg
[1.583s] -- Installing: /home/pc/soomac_ws/install/zeus_interfaces/share/zeus_interfaces/msg/ZeusMainCommand.msg
[1.583s] -- Up-to-date: /home/pc/soomac_ws/install/zeus_interfaces/share/ament_index/resource_index/package_run_dependencies/zeus_interfaces
[1.583s] -- Up-to-date: /home/pc/soomac_ws/install/zeus_interfaces/share/ament_index/resource_index/parent_prefix_path/zeus_interfaces
[1.583s] -- Up-to-date: /home/pc/soomac_ws/install/zeus_interfaces/share/zeus_interfaces/environment/ament_prefix_path.sh
[1.583s] -- Installing: /home/pc/soomac_ws/install/zeus_interfaces/share/zeus_interfaces/environment/ament_prefix_path.dsv
[1.583s] -- Up-to-date: /home/pc/soomac_ws/install/zeus_interfaces/share/zeus_interfaces/environment/path.sh
[1.583s] -- Installing: /home/pc/soomac_ws/install/zeus_interfaces/share/zeus_interfaces/environment/path.dsv
[1.583s] -- Up-to-date: /home/pc/soomac_ws/install/zeus_interfaces/share/zeus_interfaces/local_setup.bash
[1.583s] -- Up-to-date: /home/pc/soomac_ws/install/zeus_interfaces/share/zeus_interfaces/local_setup.sh
[1.583s] -- Up-to-date: /home/pc/soomac_ws/install/zeus_interfaces/share/zeus_interfaces/local_setup.zsh
[1.583s] -- Installing: /home/pc/soomac_ws/install/zeus_interfaces/share/zeus_interfaces/local_setup.dsv
[1.583s] -- Installing: /home/pc/soomac_ws/install/zeus_interfaces/share/zeus_interfaces/package.dsv
[1.583s] -- Up-to-date: /home/pc/soomac_ws/install/zeus_interfaces/share/ament_index/resource_index/packages/zeus_interfaces
[1.583s] -- Up-to-date: /home/pc/soomac_ws/install/zeus_interfaces/share/zeus_interfaces/cmake/export_zeus_interfaces__rosidl_generator_cExport.cmake
[1.583s] -- Up-to-date: /home/pc/soomac_ws/install/zeus_interfaces/share/zeus_interfaces/cmake/export_zeus_interfaces__rosidl_generator_cExport-noconfig.cmake
[1.583s] -- Up-to-date: /home/pc/soomac_ws/install/zeus_interfaces/share/zeus_interfaces/cmake/export_zeus_interfaces__rosidl_typesupport_fastrtps_cExport.cmake
[1.583s] -- Up-to-date: /home/pc/soomac_ws/install/zeus_interfaces/share/zeus_interfaces/cmake/export_zeus_interfaces__rosidl_typesupport_fastrtps_cExport-noconfig.cmake
[1.583s] -- Up-to-date: /home/pc/soomac_ws/install/zeus_interfaces/share/zeus_interfaces/cmake/zeus_interfaces__rosidl_typesupport_introspection_cExport.cmake
[1.583s] -- Up-to-date: /home/pc/soomac_ws/install/zeus_interfaces/share/zeus_interfaces/cmake/zeus_interfaces__rosidl_typesupport_introspection_cExport-noconfig.cmake
[1.584s] -- Up-to-date: /home/pc/soomac_ws/install/zeus_interfaces/share/zeus_interfaces/cmake/zeus_interfaces__rosidl_typesupport_cExport.cmake
[1.584s] -- Up-to-date: /home/pc/soomac_ws/install/zeus_interfaces/share/zeus_interfaces/cmake/zeus_interfaces__rosidl_typesupport_cExport-noconfig.cmake
[1.584s] -- Up-to-date: /home/pc/soomac_ws/install/zeus_interfaces/share/zeus_interfaces/cmake/export_zeus_interfaces__rosidl_generator_cppExport.cmake
[1.584s] -- Up-to-date: /home/pc/soomac_ws/install/zeus_interfaces/share/zeus_interfaces/cmake/export_zeus_interfaces__rosidl_typesupport_fastrtps_cppExport.cmake
[1.584s] -- Up-to-date: /home/pc/soomac_ws/install/zeus_interfaces/share/zeus_interfaces/cmake/export_zeus_interfaces__rosidl_typesupport_fastrtps_cppExport-noconfig.cmake
[1.584s] -- Up-to-date: /home/pc/soomac_ws/install/zeus_interfaces/share/zeus_interfaces/cmake/zeus_interfaces__rosidl_typesupport_introspection_cppExport.cmake
[1.584s] -- Up-to-date: /home/pc/soomac_ws/install/zeus_interfaces/share/zeus_interfaces/cmake/zeus_interfaces__rosidl_typesupport_introspection_cppExport-noconfig.cmake
[1.584s] -- Up-to-date: /home/pc/soomac_ws/install/zeus_interfaces/share/zeus_interfaces/cmake/zeus_interfaces__rosidl_typesupport_cppExport.cmake
[1.584s] -- Up-to-date: /home/pc/soomac_ws/install/zeus_interfaces/share/zeus_interfaces/cmake/zeus_interfaces__rosidl_typesupport_cppExport-noconfig.cmake
[1.584s] -- Up-to-date: /home/pc/soomac_ws/install/zeus_interfaces/share/zeus_interfaces/cmake/export_zeus_interfaces__rosidl_generator_pyExport.cmake
[1.584s] -- Up-to-date: /home/pc/soomac_ws/install/zeus_interfaces/share/zeus_interfaces/cmake/export_zeus_interfaces__rosidl_generator_pyExport-noconfig.cmake
[1.584s] -- Installing: /home/pc/soomac_ws/install/zeus_interfaces/share/zeus_interfaces/cmake/rosidl_cmake-extras.cmake
[1.584s] -- Up-to-date: /home/pc/soomac_ws/install/zeus_interfaces/share/zeus_interfaces/cmake/ament_cmake_export_include_directories-extras.cmake
[1.584s] -- Up-to-date: /home/pc/soomac_ws/install/zeus_interfaces/share/zeus_interfaces/cmake/ament_cmake_export_libraries-extras.cmake
[1.584s] -- Up-to-date: /home/pc/soomac_ws/install/zeus_interfaces/share/zeus_interfaces/cmake/ament_cmake_export_targets-extras.cmake
[1.584s] -- Up-to-date: /home/pc/soomac_ws/install/zeus_interfaces/share/zeus_interfaces/cmake/rosidl_cmake_export_typesupport_targets-extras.cmake
[1.584s] -- Up-to-date: /home/pc/soomac_ws/install/zeus_interfaces/share/zeus_interfaces/cmake/ament_cmake_export_dependencies-extras.cmake
[1.584s] -- Up-to-date: /home/pc/soomac_ws/install/zeus_interfaces/share/zeus_interfaces/cmake/rosidl_cmake_export_typesupport_libraries-extras.cmake
[1.584s] -- Up-to-date: /home/pc/soomac_ws/install/zeus_interfaces/share/zeus_interfaces/cmake/zeus_interfacesConfig.cmake
[1.584s] -- Up-to-date: /home/pc/soomac_ws/install/zeus_interfaces/share/zeus_interfaces/cmake/zeus_interfacesConfig-version.cmake
[1.584s] -- Up-to-date: /home/pc/soomac_ws/install/zeus_interfaces/share/zeus_interfaces/package.xml
[1.585s] Invoked command in '/home/pc/soomac_ws/build/zeus_interfaces' returned '0': CMAKE_PREFIX_PATH=${CMAKE_PREFIX_PATH}:/home/pc/soomac_ws/install/zeus_controller:/home/pc/cont_ws/install/torque_test_pkg:/home/pc/cont_ws/install/finger_pkg:/home/pc/cont_ws/install/control_continuum:/home/pc/mg_motor_ws/install/mg_test_pkg:/home/pc/mg_motor_ws/install/mg_motor_test:/home/pc/mg_motor_ws/install/homework_pkg:/home/pc/mg_motor_ws/install/head_moving:/opt/ros/humble /usr/bin/cmake --install /home/pc/soomac_ws/build/zeus_interfaces
