[0.051s] DEBUG:colcon:Command line arguments: ['/usr/bin/colcon', 'build', '--symlink-install', '--packages-select', 'zeus_interfaces']
[0.051s] DEBUG:colcon:Parsed command line arguments: Namespace(log_base=None, log_level=None, verb_name='build', build_base='build', install_base='install', merge_install=False, symlink_install=True, test_result_base=None, continue_on_error=False, executor='parallel', parallel_workers=32, event_handlers=None, ignore_user_meta=False, metas=['./colcon.meta'], base_paths=['.'], packages_ignore=None, packages_ignore_regex=None, paths=None, packages_up_to=None, packages_up_to_regex=None, packages_above=None, packages_above_and_dependencies=None, packages_above_depth=None, packages_select_by_dep=None, packages_skip_by_dep=None, packages_skip_up_to=None, packages_select_build_failed=False, packages_skip_build_finished=False, packages_select_test_failures=False, packages_skip_test_passed=False, packages_select=['zeus_interfaces'], packages_skip=None, packages_select_regex=None, packages_skip_regex=None, packages_start=None, packages_end=None, allow_overriding=[], cmake_args=None, cmake_target=None, cmake_target_skip_unavailable=False, cmake_clean_cache=False, cmake_clean_first=False, cmake_force_configure=False, ament_cmake_args=None, catkin_cmake_args=None, catkin_skip_building_tests=False, mixin_files=None, mixin=None, verb_parser=<colcon_mixin.mixin.mixin_argument.MixinArgumentDecorator object at 0x7ee5b377a860>, verb_extension=<colcon_core.verb.build.BuildVerb object at 0x7ee5b3738a60>, main=<bound method BuildVerb.main of <colcon_core.verb.build.BuildVerb object at 0x7ee5b3738a60>>, mixin_verb=('build',))
[0.125s] Level 1:colcon.colcon_core.package_discovery:discover_packages(colcon_meta) check parameters
[0.125s] Level 1:colcon.colcon_core.package_discovery:discover_packages(recursive) check parameters
[0.125s] Level 1:colcon.colcon_core.package_discovery:discover_packages(ignore) check parameters
[0.125s] Level 1:colcon.colcon_core.package_discovery:discover_packages(path) check parameters
[0.125s] Level 1:colcon.colcon_core.package_discovery:discover_packages(colcon_meta) discover
[0.125s] Level 1:colcon.colcon_core.package_discovery:discover_packages(recursive) discover
[0.125s] INFO:colcon.colcon_core.package_discovery:Crawling recursively for packages in '/home/pc/soomac_ws'
[0.125s] Level 1:colcon.colcon_core.package_identification:_identify(.) by extensions ['ignore', 'ignore_ament_install']
[0.125s] Level 1:colcon.colcon_core.package_identification:_identify(.) by extension 'ignore'
[0.125s] Level 1:colcon.colcon_core.package_identification:_identify(.) by extension 'ignore_ament_install'
[0.125s] Level 1:colcon.colcon_core.package_identification:_identify(.) by extensions ['colcon_pkg']
[0.125s] Level 1:colcon.colcon_core.package_identification:_identify(.) by extension 'colcon_pkg'
[0.125s] Level 1:colcon.colcon_core.package_identification:_identify(.) by extensions ['colcon_meta']
[0.125s] Level 1:colcon.colcon_core.package_identification:_identify(.) by extension 'colcon_meta'
[0.125s] Level 1:colcon.colcon_core.package_identification:_identify(.) by extensions ['ros']
[0.125s] Level 1:colcon.colcon_core.package_identification:_identify(.) by extension 'ros'
[0.134s] Level 1:colcon.colcon_core.package_identification:_identify(.) by extensions ['cmake', 'python']
[0.134s] Level 1:colcon.colcon_core.package_identification:_identify(.) by extension 'cmake'
[0.134s] Level 1:colcon.colcon_core.package_identification:_identify(.) by extension 'python'
[0.134s] Level 1:colcon.colcon_core.package_identification:_identify(.) by extensions ['python_setup_py']
[0.134s] Level 1:colcon.colcon_core.package_identification:_identify(.) by extension 'python_setup_py'
[0.135s] Level 1:colcon.colcon_core.package_identification:_identify(build) by extensions ['ignore', 'ignore_ament_install']
[0.135s] Level 1:colcon.colcon_core.package_identification:_identify(build) by extension 'ignore'
[0.135s] Level 1:colcon.colcon_core.package_identification:_identify(build) ignored
[0.135s] Level 1:colcon.colcon_core.package_identification:_identify(install) by extensions ['ignore', 'ignore_ament_install']
[0.135s] Level 1:colcon.colcon_core.package_identification:_identify(install) by extension 'ignore'
[0.135s] Level 1:colcon.colcon_core.package_identification:_identify(install) ignored
[0.135s] Level 1:colcon.colcon_core.package_identification:_identify(log) by extensions ['ignore', 'ignore_ament_install']
[0.135s] Level 1:colcon.colcon_core.package_identification:_identify(log) by extension 'ignore'
[0.135s] Level 1:colcon.colcon_core.package_identification:_identify(log) ignored
[0.135s] Level 1:colcon.colcon_core.package_identification:_identify(src) by extensions ['ignore', 'ignore_ament_install']
[0.135s] Level 1:colcon.colcon_core.package_identification:_identify(src) by extension 'ignore'
[0.135s] Level 1:colcon.colcon_core.package_identification:_identify(src) by extension 'ignore_ament_install'
[0.135s] Level 1:colcon.colcon_core.package_identification:_identify(src) by extensions ['colcon_pkg']
[0.135s] Level 1:colcon.colcon_core.package_identification:_identify(src) by extension 'colcon_pkg'
[0.135s] Level 1:colcon.colcon_core.package_identification:_identify(src) by extensions ['colcon_meta']
[0.135s] Level 1:colcon.colcon_core.package_identification:_identify(src) by extension 'colcon_meta'
[0.135s] Level 1:colcon.colcon_core.package_identification:_identify(src) by extensions ['ros']
[0.135s] Level 1:colcon.colcon_core.package_identification:_identify(src) by extension 'ros'
[0.135s] Level 1:colcon.colcon_core.package_identification:_identify(src) by extensions ['cmake', 'python']
[0.135s] Level 1:colcon.colcon_core.package_identification:_identify(src) by extension 'cmake'
[0.135s] Level 1:colcon.colcon_core.package_identification:_identify(src) by extension 'python'
[0.135s] Level 1:colcon.colcon_core.package_identification:_identify(src) by extensions ['python_setup_py']
[0.135s] Level 1:colcon.colcon_core.package_identification:_identify(src) by extension 'python_setup_py'
[0.135s] Level 1:colcon.colcon_core.package_identification:_identify(src/zeus_controller) by extensions ['ignore', 'ignore_ament_install']
[0.135s] Level 1:colcon.colcon_core.package_identification:_identify(src/zeus_controller) by extension 'ignore'
[0.135s] Level 1:colcon.colcon_core.package_identification:_identify(src/zeus_controller) by extension 'ignore_ament_install'
[0.135s] Level 1:colcon.colcon_core.package_identification:_identify(src/zeus_controller) by extensions ['colcon_pkg']
[0.135s] Level 1:colcon.colcon_core.package_identification:_identify(src/zeus_controller) by extension 'colcon_pkg'
[0.135s] Level 1:colcon.colcon_core.package_identification:_identify(src/zeus_controller) by extensions ['colcon_meta']
[0.135s] Level 1:colcon.colcon_core.package_identification:_identify(src/zeus_controller) by extension 'colcon_meta'
[0.135s] Level 1:colcon.colcon_core.package_identification:_identify(src/zeus_controller) by extensions ['ros']
[0.135s] Level 1:colcon.colcon_core.package_identification:_identify(src/zeus_controller) by extension 'ros'
[0.136s] DEBUG:colcon.colcon_core.package_identification:Package 'src/zeus_controller' with type 'ros.ament_python' and name 'zeus_controller'
[0.136s] Level 1:colcon.colcon_core.package_identification:_identify(src/zeus_description) by extensions ['ignore', 'ignore_ament_install']
[0.136s] Level 1:colcon.colcon_core.package_identification:_identify(src/zeus_description) by extension 'ignore'
[0.136s] Level 1:colcon.colcon_core.package_identification:_identify(src/zeus_description) by extension 'ignore_ament_install'
[0.136s] Level 1:colcon.colcon_core.package_identification:_identify(src/zeus_description) by extensions ['colcon_pkg']
[0.136s] Level 1:colcon.colcon_core.package_identification:_identify(src/zeus_description) by extension 'colcon_pkg'
[0.136s] Level 1:colcon.colcon_core.package_identification:_identify(src/zeus_description) by extensions ['colcon_meta']
[0.136s] Level 1:colcon.colcon_core.package_identification:_identify(src/zeus_description) by extension 'colcon_meta'
[0.136s] Level 1:colcon.colcon_core.package_identification:_identify(src/zeus_description) by extensions ['ros']
[0.136s] Level 1:colcon.colcon_core.package_identification:_identify(src/zeus_description) by extension 'ros'
[0.137s] DEBUG:colcon.colcon_core.package_identification:Package 'src/zeus_description' with type 'ros.ament_cmake' and name 'zeus_description'
[0.137s] Level 1:colcon.colcon_core.package_identification:_identify(src/zeus_dxl) by extensions ['ignore', 'ignore_ament_install']
[0.137s] Level 1:colcon.colcon_core.package_identification:_identify(src/zeus_dxl) by extension 'ignore'
[0.137s] Level 1:colcon.colcon_core.package_identification:_identify(src/zeus_dxl) by extension 'ignore_ament_install'
[0.137s] Level 1:colcon.colcon_core.package_identification:_identify(src/zeus_dxl) by extensions ['colcon_pkg']
[0.137s] Level 1:colcon.colcon_core.package_identification:_identify(src/zeus_dxl) by extension 'colcon_pkg'
[0.137s] Level 1:colcon.colcon_core.package_identification:_identify(src/zeus_dxl) by extensions ['colcon_meta']
[0.137s] Level 1:colcon.colcon_core.package_identification:_identify(src/zeus_dxl) by extension 'colcon_meta'
[0.137s] Level 1:colcon.colcon_core.package_identification:_identify(src/zeus_dxl) by extensions ['ros']
[0.137s] Level 1:colcon.colcon_core.package_identification:_identify(src/zeus_dxl) by extension 'ros'
[0.137s] DEBUG:colcon.colcon_core.package_identification:Package 'src/zeus_dxl' with type 'ros.ament_python' and name 'zeus_dxl'
[0.137s] Level 1:colcon.colcon_core.package_identification:_identify(src/zeus_interfaces) by extensions ['ignore', 'ignore_ament_install']
[0.137s] Level 1:colcon.colcon_core.package_identification:_identify(src/zeus_interfaces) by extension 'ignore'
[0.137s] Level 1:colcon.colcon_core.package_identification:_identify(src/zeus_interfaces) by extension 'ignore_ament_install'
[0.137s] Level 1:colcon.colcon_core.package_identification:_identify(src/zeus_interfaces) by extensions ['colcon_pkg']
[0.137s] Level 1:colcon.colcon_core.package_identification:_identify(src/zeus_interfaces) by extension 'colcon_pkg'
[0.137s] Level 1:colcon.colcon_core.package_identification:_identify(src/zeus_interfaces) by extensions ['colcon_meta']
[0.137s] Level 1:colcon.colcon_core.package_identification:_identify(src/zeus_interfaces) by extension 'colcon_meta'
[0.137s] Level 1:colcon.colcon_core.package_identification:_identify(src/zeus_interfaces) by extensions ['ros']
[0.137s] Level 1:colcon.colcon_core.package_identification:_identify(src/zeus_interfaces) by extension 'ros'
[0.138s] DEBUG:colcon.colcon_core.package_identification:Package 'src/zeus_interfaces' with type 'ros.ament_cmake' and name 'zeus_interfaces'
[0.138s] Level 1:colcon.colcon_core.package_identification:_identify(src/zeus_vision) by extensions ['ignore', 'ignore_ament_install']
[0.138s] Level 1:colcon.colcon_core.package_identification:_identify(src/zeus_vision) by extension 'ignore'
[0.138s] Level 1:colcon.colcon_core.package_identification:_identify(src/zeus_vision) by extension 'ignore_ament_install'
[0.138s] Level 1:colcon.colcon_core.package_identification:_identify(src/zeus_vision) by extensions ['colcon_pkg']
[0.138s] Level 1:colcon.colcon_core.package_identification:_identify(src/zeus_vision) by extension 'colcon_pkg'
[0.138s] Level 1:colcon.colcon_core.package_identification:_identify(src/zeus_vision) by extensions ['colcon_meta']
[0.138s] Level 1:colcon.colcon_core.package_identification:_identify(src/zeus_vision) by extension 'colcon_meta'
[0.138s] Level 1:colcon.colcon_core.package_identification:_identify(src/zeus_vision) by extensions ['ros']
[0.138s] Level 1:colcon.colcon_core.package_identification:_identify(src/zeus_vision) by extension 'ros'
[0.138s] DEBUG:colcon.colcon_core.package_identification:Package 'src/zeus_vision' with type 'ros.ament_python' and name 'zeus_vision'
[0.138s] Level 1:colcon.colcon_core.package_discovery:discover_packages(recursive) using defaults
[0.138s] Level 1:colcon.colcon_core.package_discovery:discover_packages(ignore) discover
[0.138s] Level 1:colcon.colcon_core.package_discovery:discover_packages(ignore) using defaults
[0.138s] Level 1:colcon.colcon_core.package_discovery:discover_packages(path) discover
[0.138s] Level 1:colcon.colcon_core.package_discovery:discover_packages(path) using defaults
[0.147s] INFO:colcon.colcon_core.package_selection:Skipping not selected package 'zeus_controller' in 'src/zeus_controller'
[0.148s] INFO:colcon.colcon_core.package_selection:Skipping not selected package 'zeus_description' in 'src/zeus_description'
[0.148s] INFO:colcon.colcon_core.package_selection:Skipping not selected package 'zeus_dxl' in 'src/zeus_dxl'
[0.148s] INFO:colcon.colcon_core.package_selection:Skipping not selected package 'zeus_vision' in 'src/zeus_vision'
[0.148s] Level 1:colcon.colcon_core.package_discovery:discover_packages(prefix_path) check parameters
[0.148s] Level 1:colcon.colcon_core.package_discovery:discover_packages(prefix_path) discover
[0.148s] WARNING:colcon.colcon_ros.prefix_path.ament:The path '/home/pc/soomac_ws/install/zeus_interfaces' in the environment variable AMENT_PREFIX_PATH doesn't exist
[0.148s] WARNING:colcon.colcon_ros.prefix_path.catkin:The path '/home/pc/soomac_ws/install/zeus_interfaces' in the environment variable CMAKE_PREFIX_PATH doesn't exist
[0.149s] DEBUG:colcon.colcon_installed_package_information.package_discovery:Found 0 installed packages in /home/pc/teensy_ws/install
[0.149s] DEBUG:colcon.colcon_installed_package_information.package_discovery:Found 4 installed packages in /home/pc/cont_ws/install
[0.149s] DEBUG:colcon.colcon_installed_package_information.package_discovery:Found 5 installed packages in /home/pc/mg_motor_ws/install
[0.149s] DEBUG:colcon.colcon_installed_package_information.package_discovery:Found 4 installed packages in /home/pc/soomac_ws/install
[0.150s] DEBUG:colcon.colcon_installed_package_information.package_discovery:Found 272 installed packages in /opt/ros/humble
[0.150s] Level 1:colcon.colcon_core.package_discovery:discover_packages(prefix_path) using defaults
[0.165s] Level 5:colcon.colcon_core.verb:set package 'zeus_interfaces' build argument 'cmake_args' from command line to 'None'
[0.165s] Level 5:colcon.colcon_core.verb:set package 'zeus_interfaces' build argument 'cmake_target' from command line to 'None'
[0.165s] Level 5:colcon.colcon_core.verb:set package 'zeus_interfaces' build argument 'cmake_target_skip_unavailable' from command line to 'False'
[0.165s] Level 5:colcon.colcon_core.verb:set package 'zeus_interfaces' build argument 'cmake_clean_cache' from command line to 'False'
[0.165s] Level 5:colcon.colcon_core.verb:set package 'zeus_interfaces' build argument 'cmake_clean_first' from command line to 'False'
[0.165s] Level 5:colcon.colcon_core.verb:set package 'zeus_interfaces' build argument 'cmake_force_configure' from command line to 'False'
[0.165s] Level 5:colcon.colcon_core.verb:set package 'zeus_interfaces' build argument 'ament_cmake_args' from command line to 'None'
[0.165s] Level 5:colcon.colcon_core.verb:set package 'zeus_interfaces' build argument 'catkin_cmake_args' from command line to 'None'
[0.165s] Level 5:colcon.colcon_core.verb:set package 'zeus_interfaces' build argument 'catkin_skip_building_tests' from command line to 'False'
[0.165s] DEBUG:colcon.colcon_core.verb:Building package 'zeus_interfaces' with the following arguments: {'ament_cmake_args': None, 'build_base': '/home/pc/soomac_ws/build/zeus_interfaces', 'catkin_cmake_args': None, 'catkin_skip_building_tests': False, 'cmake_args': None, 'cmake_clean_cache': False, 'cmake_clean_first': False, 'cmake_force_configure': False, 'cmake_target': None, 'cmake_target_skip_unavailable': False, 'install_base': '/home/pc/soomac_ws/install/zeus_interfaces', 'merge_install': False, 'path': '/home/pc/soomac_ws/src/zeus_interfaces', 'symlink_install': True, 'test_result_base': None}
[0.165s] INFO:colcon.colcon_core.executor:Executing jobs using 'parallel' executor
[0.166s] DEBUG:colcon.colcon_parallel_executor.executor.parallel:run_until_complete
[0.166s] INFO:colcon.colcon_ros.task.ament_cmake.build:Building ROS package in '/home/pc/soomac_ws/src/zeus_interfaces' with build type 'ament_cmake'
[0.166s] INFO:colcon.colcon_cmake.task.cmake.build:Building CMake package in '/home/pc/soomac_ws/src/zeus_interfaces'
[0.167s] INFO:colcon.colcon_core.plugin_system:Skipping extension 'colcon_core.shell.bat': Not used on non-Windows systems
[0.167s] INFO:colcon.colcon_core.shell:Skip shell extension 'powershell' for command environment: Not usable outside of PowerShell
[0.167s] DEBUG:colcon.colcon_core.shell:Skip shell extension 'dsv' for command environment
[0.171s] DEBUG:colcon.colcon_core.event_handler.log_command:Invoking command in '/home/pc/soomac_ws/build/zeus_interfaces': CMAKE_PREFIX_PATH=${CMAKE_PREFIX_PATH}:/home/pc/soomac_ws/install/zeus_dxl:/home/pc/soomac_ws/install/zeus_controller:/home/pc/mg_motor_ws/install/mg_test_pkg:/home/pc/mg_motor_ws/install/mg_motor_test:/home/pc/mg_motor_ws/install/homework_pkg:/home/pc/mg_motor_ws/install/head_moving:/home/pc/cont_ws/install/torque_test_pkg:/home/pc/cont_ws/install/finger_pkg:/home/pc/cont_ws/install/control_continuum:/opt/ros/humble /usr/bin/cmake /home/pc/soomac_ws/src/zeus_interfaces -DAMENT_CMAKE_SYMLINK_INSTALL=1 -DCMAKE_INSTALL_PREFIX=/home/pc/soomac_ws/install/zeus_interfaces
[0.984s] DEBUG:colcon.colcon_core.event_handler.log_command:Invoked command in '/home/pc/soomac_ws/build/zeus_interfaces' returned '0': CMAKE_PREFIX_PATH=${CMAKE_PREFIX_PATH}:/home/pc/soomac_ws/install/zeus_dxl:/home/pc/soomac_ws/install/zeus_controller:/home/pc/mg_motor_ws/install/mg_test_pkg:/home/pc/mg_motor_ws/install/mg_motor_test:/home/pc/mg_motor_ws/install/homework_pkg:/home/pc/mg_motor_ws/install/head_moving:/home/pc/cont_ws/install/torque_test_pkg:/home/pc/cont_ws/install/finger_pkg:/home/pc/cont_ws/install/control_continuum:/opt/ros/humble /usr/bin/cmake /home/pc/soomac_ws/src/zeus_interfaces -DAMENT_CMAKE_SYMLINK_INSTALL=1 -DCMAKE_INSTALL_PREFIX=/home/pc/soomac_ws/install/zeus_interfaces
[0.985s] DEBUG:colcon.colcon_core.event_handler.log_command:Invoking command in '/home/pc/soomac_ws/build/zeus_interfaces': CMAKE_PREFIX_PATH=${CMAKE_PREFIX_PATH}:/home/pc/soomac_ws/install/zeus_dxl:/home/pc/soomac_ws/install/zeus_controller:/home/pc/mg_motor_ws/install/mg_test_pkg:/home/pc/mg_motor_ws/install/mg_motor_test:/home/pc/mg_motor_ws/install/homework_pkg:/home/pc/mg_motor_ws/install/head_moving:/home/pc/cont_ws/install/torque_test_pkg:/home/pc/cont_ws/install/finger_pkg:/home/pc/cont_ws/install/control_continuum:/opt/ros/humble /usr/bin/cmake --build /home/pc/soomac_ws/build/zeus_interfaces -- -j32 -l32
[1.977s] DEBUG:colcon.colcon_core.event_handler.log_command:Invoked command in '/home/pc/soomac_ws/build/zeus_interfaces' returned '0': CMAKE_PREFIX_PATH=${CMAKE_PREFIX_PATH}:/home/pc/soomac_ws/install/zeus_dxl:/home/pc/soomac_ws/install/zeus_controller:/home/pc/mg_motor_ws/install/mg_test_pkg:/home/pc/mg_motor_ws/install/mg_motor_test:/home/pc/mg_motor_ws/install/homework_pkg:/home/pc/mg_motor_ws/install/head_moving:/home/pc/cont_ws/install/torque_test_pkg:/home/pc/cont_ws/install/finger_pkg:/home/pc/cont_ws/install/control_continuum:/opt/ros/humble /usr/bin/cmake --build /home/pc/soomac_ws/build/zeus_interfaces -- -j32 -l32
[1.982s] DEBUG:colcon.colcon_core.event_handler.log_command:Invoking command in '/home/pc/soomac_ws/build/zeus_interfaces': CMAKE_PREFIX_PATH=${CMAKE_PREFIX_PATH}:/home/pc/soomac_ws/install/zeus_dxl:/home/pc/soomac_ws/install/zeus_controller:/home/pc/mg_motor_ws/install/mg_test_pkg:/home/pc/mg_motor_ws/install/mg_motor_test:/home/pc/mg_motor_ws/install/homework_pkg:/home/pc/mg_motor_ws/install/head_moving:/home/pc/cont_ws/install/torque_test_pkg:/home/pc/cont_ws/install/finger_pkg:/home/pc/cont_ws/install/control_continuum:/opt/ros/humble /usr/bin/cmake --install /home/pc/soomac_ws/build/zeus_interfaces
[2.355s] Level 1:colcon.colcon_core.environment:create_environment_scripts_only(zeus_interfaces)
[2.356s] DEBUG:colcon.colcon_core.event_handler.log_command:Invoked command in '/home/pc/soomac_ws/build/zeus_interfaces' returned '0': CMAKE_PREFIX_PATH=${CMAKE_PREFIX_PATH}:/home/pc/soomac_ws/install/zeus_dxl:/home/pc/soomac_ws/install/zeus_controller:/home/pc/mg_motor_ws/install/mg_test_pkg:/home/pc/mg_motor_ws/install/mg_motor_test:/home/pc/mg_motor_ws/install/homework_pkg:/home/pc/mg_motor_ws/install/head_moving:/home/pc/cont_ws/install/torque_test_pkg:/home/pc/cont_ws/install/finger_pkg:/home/pc/cont_ws/install/control_continuum:/opt/ros/humble /usr/bin/cmake --install /home/pc/soomac_ws/build/zeus_interfaces
[2.357s] Level 1:colcon.colcon_core.environment:checking '/home/pc/soomac_ws/install/zeus_interfaces' for CMake module files
[2.358s] Level 1:colcon.colcon_core.environment:checking '/home/pc/soomac_ws/install/zeus_interfaces' for CMake config files
[2.358s] Level 1:colcon.colcon_core.shell:create_environment_hook('zeus_interfaces', 'cmake_prefix_path')
[2.358s] INFO:colcon.colcon_core.shell:Creating environment hook '/home/pc/soomac_ws/install/zeus_interfaces/share/zeus_interfaces/hook/cmake_prefix_path.ps1'
[2.359s] INFO:colcon.colcon_core.shell:Creating environment descriptor '/home/pc/soomac_ws/install/zeus_interfaces/share/zeus_interfaces/hook/cmake_prefix_path.dsv'
[2.359s] INFO:colcon.colcon_core.shell:Creating environment hook '/home/pc/soomac_ws/install/zeus_interfaces/share/zeus_interfaces/hook/cmake_prefix_path.sh'
[2.360s] Level 1:colcon.colcon_core.environment:checking '/home/pc/soomac_ws/install/zeus_interfaces/lib'
[2.360s] Level 1:colcon.colcon_core.shell:create_environment_hook('zeus_interfaces', 'ld_library_path_lib')
[2.360s] INFO:colcon.colcon_core.shell:Creating environment hook '/home/pc/soomac_ws/install/zeus_interfaces/share/zeus_interfaces/hook/ld_library_path_lib.ps1'
[2.360s] INFO:colcon.colcon_core.shell:Creating environment descriptor '/home/pc/soomac_ws/install/zeus_interfaces/share/zeus_interfaces/hook/ld_library_path_lib.dsv'
[2.360s] INFO:colcon.colcon_core.shell:Creating environment hook '/home/pc/soomac_ws/install/zeus_interfaces/share/zeus_interfaces/hook/ld_library_path_lib.sh'
[2.360s] Level 1:colcon.colcon_core.environment:checking '/home/pc/soomac_ws/install/zeus_interfaces/bin'
[2.360s] Level 1:colcon.colcon_core.environment:checking '/home/pc/soomac_ws/install/zeus_interfaces/lib/pkgconfig/zeus_interfaces.pc'
[2.361s] Level 1:colcon.colcon_core.environment:checking '/home/pc/soomac_ws/install/zeus_interfaces/lib/python3.10/site-packages'
[2.361s] Level 1:colcon.colcon_core.environment:checking '/home/pc/soomac_ws/install/zeus_interfaces/bin'
[2.361s] INFO:colcon.colcon_core.shell:Creating package script '/home/pc/soomac_ws/install/zeus_interfaces/share/zeus_interfaces/package.ps1'
[2.361s] INFO:colcon.colcon_core.shell:Creating package descriptor '/home/pc/soomac_ws/install/zeus_interfaces/share/zeus_interfaces/package.dsv'
[2.361s] INFO:colcon.colcon_core.shell:Creating package script '/home/pc/soomac_ws/install/zeus_interfaces/share/zeus_interfaces/package.sh'
[2.361s] INFO:colcon.colcon_core.shell:Creating package script '/home/pc/soomac_ws/install/zeus_interfaces/share/zeus_interfaces/package.bash'
[2.362s] INFO:colcon.colcon_core.shell:Creating package script '/home/pc/soomac_ws/install/zeus_interfaces/share/zeus_interfaces/package.zsh'
[2.362s] Level 1:colcon.colcon_core.environment:create_file_with_runtime_dependencies(/home/pc/soomac_ws/install/zeus_interfaces/share/colcon-core/packages/zeus_interfaces)
[2.362s] Level 1:colcon.colcon_core.environment:create_environment_scripts_only(zeus_interfaces)
[2.362s] Level 1:colcon.colcon_core.environment:checking '/home/pc/soomac_ws/install/zeus_interfaces' for CMake module files
[2.363s] Level 1:colcon.colcon_core.environment:checking '/home/pc/soomac_ws/install/zeus_interfaces' for CMake config files
[2.363s] Level 1:colcon.colcon_core.shell:create_environment_hook('zeus_interfaces', 'cmake_prefix_path')
[2.363s] INFO:colcon.colcon_core.shell:Creating environment hook '/home/pc/soomac_ws/install/zeus_interfaces/share/zeus_interfaces/hook/cmake_prefix_path.ps1'
[2.363s] INFO:colcon.colcon_core.shell:Creating environment descriptor '/home/pc/soomac_ws/install/zeus_interfaces/share/zeus_interfaces/hook/cmake_prefix_path.dsv'
[2.363s] INFO:colcon.colcon_core.shell:Creating environment hook '/home/pc/soomac_ws/install/zeus_interfaces/share/zeus_interfaces/hook/cmake_prefix_path.sh'
[2.363s] Level 1:colcon.colcon_core.environment:checking '/home/pc/soomac_ws/install/zeus_interfaces/lib'
[2.363s] Level 1:colcon.colcon_core.shell:create_environment_hook('zeus_interfaces', 'ld_library_path_lib')
[2.363s] INFO:colcon.colcon_core.shell:Creating environment hook '/home/pc/soomac_ws/install/zeus_interfaces/share/zeus_interfaces/hook/ld_library_path_lib.ps1'
[2.363s] INFO:colcon.colcon_core.shell:Creating environment descriptor '/home/pc/soomac_ws/install/zeus_interfaces/share/zeus_interfaces/hook/ld_library_path_lib.dsv'
[2.364s] INFO:colcon.colcon_core.shell:Creating environment hook '/home/pc/soomac_ws/install/zeus_interfaces/share/zeus_interfaces/hook/ld_library_path_lib.sh'
[2.364s] Level 1:colcon.colcon_core.environment:checking '/home/pc/soomac_ws/install/zeus_interfaces/bin'
[2.364s] Level 1:colcon.colcon_core.environment:checking '/home/pc/soomac_ws/install/zeus_interfaces/lib/pkgconfig/zeus_interfaces.pc'
[2.364s] Level 1:colcon.colcon_core.environment:checking '/home/pc/soomac_ws/install/zeus_interfaces/lib/python3.10/site-packages'
[2.364s] Level 1:colcon.colcon_core.environment:checking '/home/pc/soomac_ws/install/zeus_interfaces/bin'
[2.364s] INFO:colcon.colcon_core.shell:Creating package script '/home/pc/soomac_ws/install/zeus_interfaces/share/zeus_interfaces/package.ps1'
[2.364s] INFO:colcon.colcon_core.shell:Creating package descriptor '/home/pc/soomac_ws/install/zeus_interfaces/share/zeus_interfaces/package.dsv'
[2.364s] INFO:colcon.colcon_core.shell:Creating package script '/home/pc/soomac_ws/install/zeus_interfaces/share/zeus_interfaces/package.sh'
[2.365s] INFO:colcon.colcon_core.shell:Creating package script '/home/pc/soomac_ws/install/zeus_interfaces/share/zeus_interfaces/package.bash'
[2.365s] INFO:colcon.colcon_core.shell:Creating package script '/home/pc/soomac_ws/install/zeus_interfaces/share/zeus_interfaces/package.zsh'
[2.365s] Level 1:colcon.colcon_core.environment:create_file_with_runtime_dependencies(/home/pc/soomac_ws/install/zeus_interfaces/share/colcon-core/packages/zeus_interfaces)
[2.365s] DEBUG:colcon.colcon_parallel_executor.executor.parallel:closing loop
[2.365s] DEBUG:colcon.colcon_parallel_executor.executor.parallel:loop closed
[2.365s] DEBUG:colcon.colcon_parallel_executor.executor.parallel:run_until_complete finished with '0'
[2.365s] DEBUG:colcon.colcon_core.event_reactor:joining thread
[2.368s] INFO:colcon.colcon_core.plugin_system:Skipping extension 'colcon_notification.desktop_notification.terminal_notifier': Not used on non-Darwin systems
[2.368s] INFO:colcon.colcon_core.plugin_system:Skipping extension 'colcon_notification.desktop_notification.win32': Not used on non-Windows systems
[2.368s] INFO:colcon.colcon_notification.desktop_notification:Sending desktop notification using 'notify2'
[2.373s] DEBUG:colcon.colcon_core.event_reactor:joined thread
[2.373s] INFO:colcon.colcon_core.shell:Creating prefix script '/home/pc/soomac_ws/install/local_setup.ps1'
[2.373s] INFO:colcon.colcon_core.shell:Creating prefix util module '/home/pc/soomac_ws/install/_local_setup_util_ps1.py'
[2.374s] INFO:colcon.colcon_core.shell:Creating prefix chain script '/home/pc/soomac_ws/install/setup.ps1'
[2.374s] INFO:colcon.colcon_core.shell:Creating prefix script '/home/pc/soomac_ws/install/local_setup.sh'
[2.375s] INFO:colcon.colcon_core.shell:Creating prefix util module '/home/pc/soomac_ws/install/_local_setup_util_sh.py'
[2.375s] INFO:colcon.colcon_core.shell:Creating prefix chain script '/home/pc/soomac_ws/install/setup.sh'
[2.375s] INFO:colcon.colcon_core.shell:Creating prefix script '/home/pc/soomac_ws/install/local_setup.bash'
[2.375s] INFO:colcon.colcon_core.shell:Creating prefix chain script '/home/pc/soomac_ws/install/setup.bash'
[2.376s] INFO:colcon.colcon_core.shell:Creating prefix script '/home/pc/soomac_ws/install/local_setup.zsh'
[2.376s] INFO:colcon.colcon_core.shell:Creating prefix chain script '/home/pc/soomac_ws/install/setup.zsh'
