[0.082s] DEBUG:colcon:Command line arguments: ['/usr/bin/colcon', 'build']
[0.082s] DEBUG:colcon:Parsed command line arguments: Namespace(log_base=None, log_level=None, verb_name='build', build_base='build', install_base='install', merge_install=False, symlink_install=False, test_result_base=None, continue_on_error=False, executor='parallel', parallel_workers=20, event_handlers=None, ignore_user_meta=False, metas=['./colcon.meta'], base_paths=['.'], packages_ignore=None, packages_ignore_regex=None, paths=None, packages_up_to=None, packages_up_to_regex=None, packages_above=None, packages_above_and_dependencies=None, packages_above_depth=None, packages_select_by_dep=None, packages_skip_by_dep=None, packages_skip_up_to=None, packages_select_build_failed=False, packages_skip_build_finished=False, packages_select_test_failures=False, packages_skip_test_passed=False, packages_select=None, packages_skip=None, packages_select_regex=None, packages_skip_regex=None, packages_start=None, packages_end=None, allow_overriding=[], cmake_args=None, cmake_target=None, cmake_target_skip_unavailable=False, cmake_clean_cache=False, cmake_clean_first=False, cmake_force_configure=False, ament_cmake_args=None, catkin_cmake_args=None, catkin_skip_building_tests=False, verb_parser=<colcon_defaults.argument_parser.defaults.DefaultArgumentsDecorator object at 0x716ba4581ab0>, verb_extension=<colcon_core.verb.build.BuildVerb object at 0x716ba45815a0>, main=<bound method BuildVerb.main of <colcon_core.verb.build.BuildVerb object at 0x716ba45815a0>>)
[0.229s] Level 1:colcon.colcon_core.package_discovery:discover_packages(colcon_meta) check parameters
[0.229s] Level 1:colcon.colcon_core.package_discovery:discover_packages(recursive) check parameters
[0.229s] Level 1:colcon.colcon_core.package_discovery:discover_packages(ignore) check parameters
[0.229s] Level 1:colcon.colcon_core.package_discovery:discover_packages(path) check parameters
[0.229s] Level 1:colcon.colcon_core.package_discovery:discover_packages(colcon_meta) discover
[0.229s] Level 1:colcon.colcon_core.package_discovery:discover_packages(recursive) discover
[0.229s] INFO:colcon.colcon_core.package_discovery:Crawling recursively for packages in '/home/wt/zeus_ws'
[0.229s] Level 1:colcon.colcon_core.package_identification:_identify(.) by extensions ['ignore', 'ignore_ament_install']
[0.229s] Level 1:colcon.colcon_core.package_identification:_identify(.) by extension 'ignore'
[0.229s] Level 1:colcon.colcon_core.package_identification:_identify(.) by extension 'ignore_ament_install'
[0.230s] Level 1:colcon.colcon_core.package_identification:_identify(.) by extensions ['colcon_pkg']
[0.230s] Level 1:colcon.colcon_core.package_identification:_identify(.) by extension 'colcon_pkg'
[0.230s] Level 1:colcon.colcon_core.package_identification:_identify(.) by extensions ['colcon_meta']
[0.230s] Level 1:colcon.colcon_core.package_identification:_identify(.) by extension 'colcon_meta'
[0.230s] Level 1:colcon.colcon_core.package_identification:_identify(.) by extensions ['ros']
[0.230s] Level 1:colcon.colcon_core.package_identification:_identify(.) by extension 'ros'
[0.244s] Level 1:colcon.colcon_core.package_identification:_identify(.) by extensions ['cmake', 'python']
[0.244s] Level 1:colcon.colcon_core.package_identification:_identify(.) by extension 'cmake'
[0.244s] Level 1:colcon.colcon_core.package_identification:_identify(.) by extension 'python'
[0.244s] Level 1:colcon.colcon_core.package_identification:_identify(.) by extensions ['python_setup_py']
[0.244s] Level 1:colcon.colcon_core.package_identification:_identify(.) by extension 'python_setup_py'
[0.244s] Level 1:colcon.colcon_core.package_identification:_identify(build) by extensions ['ignore', 'ignore_ament_install']
[0.244s] Level 1:colcon.colcon_core.package_identification:_identify(build) by extension 'ignore'
[0.244s] Level 1:colcon.colcon_core.package_identification:_identify(build) ignored
[0.245s] Level 1:colcon.colcon_core.package_identification:_identify(install) by extensions ['ignore', 'ignore_ament_install']
[0.245s] Level 1:colcon.colcon_core.package_identification:_identify(install) by extension 'ignore'
[0.245s] Level 1:colcon.colcon_core.package_identification:_identify(install) ignored
[0.245s] Level 1:colcon.colcon_core.package_identification:_identify(log) by extensions ['ignore', 'ignore_ament_install']
[0.245s] Level 1:colcon.colcon_core.package_identification:_identify(log) by extension 'ignore'
[0.245s] Level 1:colcon.colcon_core.package_identification:_identify(log) ignored
[0.245s] Level 1:colcon.colcon_core.package_identification:_identify(src) by extensions ['ignore', 'ignore_ament_install']
[0.245s] Level 1:colcon.colcon_core.package_identification:_identify(src) by extension 'ignore'
[0.245s] Level 1:colcon.colcon_core.package_identification:_identify(src) by extension 'ignore_ament_install'
[0.245s] Level 1:colcon.colcon_core.package_identification:_identify(src) by extensions ['colcon_pkg']
[0.245s] Level 1:colcon.colcon_core.package_identification:_identify(src) by extension 'colcon_pkg'
[0.245s] Level 1:colcon.colcon_core.package_identification:_identify(src) by extensions ['colcon_meta']
[0.245s] Level 1:colcon.colcon_core.package_identification:_identify(src) by extension 'colcon_meta'
[0.245s] Level 1:colcon.colcon_core.package_identification:_identify(src) by extensions ['ros']
[0.245s] Level 1:colcon.colcon_core.package_identification:_identify(src) by extension 'ros'
[0.245s] Level 1:colcon.colcon_core.package_identification:_identify(src) by extensions ['cmake', 'python']
[0.245s] Level 1:colcon.colcon_core.package_identification:_identify(src) by extension 'cmake'
[0.245s] Level 1:colcon.colcon_core.package_identification:_identify(src) by extension 'python'
[0.245s] Level 1:colcon.colcon_core.package_identification:_identify(src) by extensions ['python_setup_py']
[0.245s] Level 1:colcon.colcon_core.package_identification:_identify(src) by extension 'python_setup_py'
[0.245s] Level 1:colcon.colcon_core.package_identification:_identify(src/llm_node) by extensions ['ignore', 'ignore_ament_install']
[0.245s] Level 1:colcon.colcon_core.package_identification:_identify(src/llm_node) by extension 'ignore'
[0.245s] Level 1:colcon.colcon_core.package_identification:_identify(src/llm_node) by extension 'ignore_ament_install'
[0.245s] Level 1:colcon.colcon_core.package_identification:_identify(src/llm_node) by extensions ['colcon_pkg']
[0.245s] Level 1:colcon.colcon_core.package_identification:_identify(src/llm_node) by extension 'colcon_pkg'
[0.245s] Level 1:colcon.colcon_core.package_identification:_identify(src/llm_node) by extensions ['colcon_meta']
[0.245s] Level 1:colcon.colcon_core.package_identification:_identify(src/llm_node) by extension 'colcon_meta'
[0.245s] Level 1:colcon.colcon_core.package_identification:_identify(src/llm_node) by extensions ['ros']
[0.245s] Level 1:colcon.colcon_core.package_identification:_identify(src/llm_node) by extension 'ros'
[0.247s] DEBUG:colcon.colcon_core.package_identification:Package 'src/llm_node' with type 'ros.ament_python' and name 'llm_node'
[0.247s] Level 1:colcon.colcon_core.package_identification:_identify(src/vision_node) by extensions ['ignore', 'ignore_ament_install']
[0.247s] Level 1:colcon.colcon_core.package_identification:_identify(src/vision_node) by extension 'ignore'
[0.247s] Level 1:colcon.colcon_core.package_identification:_identify(src/vision_node) by extension 'ignore_ament_install'
[0.248s] Level 1:colcon.colcon_core.package_identification:_identify(src/vision_node) by extensions ['colcon_pkg']
[0.248s] Level 1:colcon.colcon_core.package_identification:_identify(src/vision_node) by extension 'colcon_pkg'
[0.248s] Level 1:colcon.colcon_core.package_identification:_identify(src/vision_node) by extensions ['colcon_meta']
[0.248s] Level 1:colcon.colcon_core.package_identification:_identify(src/vision_node) by extension 'colcon_meta'
[0.248s] Level 1:colcon.colcon_core.package_identification:_identify(src/vision_node) by extensions ['ros']
[0.248s] Level 1:colcon.colcon_core.package_identification:_identify(src/vision_node) by extension 'ros'
[0.248s] DEBUG:colcon.colcon_core.package_identification:Package 'src/vision_node' with type 'ros.ament_python' and name 'vision_node'
[0.248s] Level 1:colcon.colcon_core.package_discovery:discover_packages(recursive) using defaults
[0.248s] Level 1:colcon.colcon_core.package_discovery:discover_packages(ignore) discover
[0.249s] Level 1:colcon.colcon_core.package_discovery:discover_packages(ignore) using defaults
[0.249s] Level 1:colcon.colcon_core.package_discovery:discover_packages(path) discover
[0.249s] Level 1:colcon.colcon_core.package_discovery:discover_packages(path) using defaults
[0.266s] Level 1:colcon.colcon_core.package_discovery:discover_packages(prefix_path) check parameters
[0.266s] Level 1:colcon.colcon_core.package_discovery:discover_packages(prefix_path) discover
[0.266s] WARNING:colcon.colcon_ros.prefix_path.ament:The path '/home/wt/zeus_ws/install/vision_node' in the environment variable AMENT_PREFIX_PATH doesn't exist
[0.266s] WARNING:colcon.colcon_ros.prefix_path.ament:The path '/home/wt/zeus_ws/install/llm_node' in the environment variable AMENT_PREFIX_PATH doesn't exist
[0.268s] DEBUG:colcon.colcon_installed_package_information.package_discovery:Found 12 installed packages in /home/wt/dev_ws/install
[0.269s] DEBUG:colcon.colcon_installed_package_information.package_discovery:Found 18 installed packages in /home/wt/turtlebot3_ws/install
[0.269s] DEBUG:colcon.colcon_installed_package_information.package_discovery:Found 27 installed packages in /home/wt/soomac_ws/install
[0.270s] DEBUG:colcon.colcon_installed_package_information.package_discovery:Found 0 installed packages in /home/wt/zeus_ws/install
[0.270s] DEBUG:colcon.colcon_installed_package_information.package_discovery:Found 2 installed packages in /home/wt/zeus_wt_ws/install
[0.271s] DEBUG:colcon.colcon_installed_package_information.package_discovery:Found 339 installed packages in /opt/ros/humble
[0.273s] Level 1:colcon.colcon_core.package_discovery:discover_packages(prefix_path) using defaults
[0.302s] Level 5:colcon.colcon_core.verb:set package 'llm_node' build argument 'cmake_args' from command line to 'None'
[0.302s] Level 5:colcon.colcon_core.verb:set package 'llm_node' build argument 'cmake_target' from command line to 'None'
[0.302s] Level 5:colcon.colcon_core.verb:set package 'llm_node' build argument 'cmake_target_skip_unavailable' from command line to 'False'
[0.302s] Level 5:colcon.colcon_core.verb:set package 'llm_node' build argument 'cmake_clean_cache' from command line to 'False'
[0.302s] Level 5:colcon.colcon_core.verb:set package 'llm_node' build argument 'cmake_clean_first' from command line to 'False'
[0.302s] Level 5:colcon.colcon_core.verb:set package 'llm_node' build argument 'cmake_force_configure' from command line to 'False'
[0.302s] Level 5:colcon.colcon_core.verb:set package 'llm_node' build argument 'ament_cmake_args' from command line to 'None'
[0.302s] Level 5:colcon.colcon_core.verb:set package 'llm_node' build argument 'catkin_cmake_args' from command line to 'None'
[0.302s] Level 5:colcon.colcon_core.verb:set package 'llm_node' build argument 'catkin_skip_building_tests' from command line to 'False'
[0.302s] DEBUG:colcon.colcon_core.verb:Building package 'llm_node' with the following arguments: {'ament_cmake_args': None, 'build_base': '/home/wt/zeus_ws/build/llm_node', 'catkin_cmake_args': None, 'catkin_skip_building_tests': False, 'cmake_args': None, 'cmake_clean_cache': False, 'cmake_clean_first': False, 'cmake_force_configure': False, 'cmake_target': None, 'cmake_target_skip_unavailable': False, 'install_base': '/home/wt/zeus_ws/install/llm_node', 'merge_install': False, 'path': '/home/wt/zeus_ws/src/llm_node', 'symlink_install': False, 'test_result_base': None}
[0.302s] Level 5:colcon.colcon_core.verb:set package 'vision_node' build argument 'cmake_args' from command line to 'None'
[0.302s] Level 5:colcon.colcon_core.verb:set package 'vision_node' build argument 'cmake_target' from command line to 'None'
[0.302s] Level 5:colcon.colcon_core.verb:set package 'vision_node' build argument 'cmake_target_skip_unavailable' from command line to 'False'
[0.302s] Level 5:colcon.colcon_core.verb:set package 'vision_node' build argument 'cmake_clean_cache' from command line to 'False'
[0.303s] Level 5:colcon.colcon_core.verb:set package 'vision_node' build argument 'cmake_clean_first' from command line to 'False'
[0.303s] Level 5:colcon.colcon_core.verb:set package 'vision_node' build argument 'cmake_force_configure' from command line to 'False'
[0.303s] Level 5:colcon.colcon_core.verb:set package 'vision_node' build argument 'ament_cmake_args' from command line to 'None'
[0.303s] Level 5:colcon.colcon_core.verb:set package 'vision_node' build argument 'catkin_cmake_args' from command line to 'None'
[0.303s] Level 5:colcon.colcon_core.verb:set package 'vision_node' build argument 'catkin_skip_building_tests' from command line to 'False'
[0.303s] DEBUG:colcon.colcon_core.verb:Building package 'vision_node' with the following arguments: {'ament_cmake_args': None, 'build_base': '/home/wt/zeus_ws/build/vision_node', 'catkin_cmake_args': None, 'catkin_skip_building_tests': False, 'cmake_args': None, 'cmake_clean_cache': False, 'cmake_clean_first': False, 'cmake_force_configure': False, 'cmake_target': None, 'cmake_target_skip_unavailable': False, 'install_base': '/home/wt/zeus_ws/install/vision_node', 'merge_install': False, 'path': '/home/wt/zeus_ws/src/vision_node', 'symlink_install': False, 'test_result_base': None}
[0.303s] INFO:colcon.colcon_core.executor:Executing jobs using 'parallel' executor
[0.304s] DEBUG:colcon.colcon_parallel_executor.executor.parallel:run_until_complete
[0.304s] INFO:colcon.colcon_ros.task.ament_python.build:Building ROS package in '/home/wt/zeus_ws/src/llm_node' with build type 'ament_python'
[0.304s] Level 1:colcon.colcon_core.shell:create_environment_hook('llm_node', 'ament_prefix_path')
[0.306s] INFO:colcon.colcon_core.plugin_system:Skipping extension 'colcon_core.shell.bat': Not used on non-Windows systems
[0.306s] INFO:colcon.colcon_core.shell:Creating environment hook '/home/wt/zeus_ws/install/llm_node/share/llm_node/hook/ament_prefix_path.ps1'
[0.306s] INFO:colcon.colcon_core.shell:Creating environment descriptor '/home/wt/zeus_ws/install/llm_node/share/llm_node/hook/ament_prefix_path.dsv'
[0.307s] INFO:colcon.colcon_core.shell:Creating environment hook '/home/wt/zeus_ws/install/llm_node/share/llm_node/hook/ament_prefix_path.sh'
[0.307s] INFO:colcon.colcon_core.shell:Skip shell extension 'powershell' for command environment: Not usable outside of PowerShell
[0.307s] DEBUG:colcon.colcon_core.shell:Skip shell extension 'dsv' for command environment
[0.313s] INFO:colcon.colcon_ros.task.ament_python.build:Building ROS package in '/home/wt/zeus_ws/src/vision_node' with build type 'ament_python'
[0.313s] Level 1:colcon.colcon_core.shell:create_environment_hook('vision_node', 'ament_prefix_path')
[0.313s] INFO:colcon.colcon_core.shell:Creating environment hook '/home/wt/zeus_ws/install/vision_node/share/vision_node/hook/ament_prefix_path.ps1'
[0.313s] INFO:colcon.colcon_core.shell:Creating environment descriptor '/home/wt/zeus_ws/install/vision_node/share/vision_node/hook/ament_prefix_path.dsv'
[0.314s] INFO:colcon.colcon_core.shell:Creating environment hook '/home/wt/zeus_ws/install/vision_node/share/vision_node/hook/ament_prefix_path.sh'
[0.314s] INFO:colcon.colcon_core.shell:Skip shell extension 'powershell' for command environment: Not usable outside of PowerShell
[0.314s] DEBUG:colcon.colcon_core.shell:Skip shell extension 'dsv' for command environment
[0.545s] INFO:colcon.colcon_core.task.python.build:Building Python package in '/home/wt/zeus_ws/src/llm_node'
[0.545s] INFO:colcon.colcon_core.shell:Skip shell extension 'powershell' for command environment: Not usable outside of PowerShell
[0.545s] DEBUG:colcon.colcon_core.shell:Skip shell extension 'dsv' for command environment
[0.785s] INFO:colcon.colcon_core.task.python.build:Building Python package in '/home/wt/zeus_ws/src/vision_node'
[0.785s] INFO:colcon.colcon_core.shell:Skip shell extension 'powershell' for command environment: Not usable outside of PowerShell
[0.785s] DEBUG:colcon.colcon_core.shell:Skip shell extension 'dsv' for command environment
[1.156s] DEBUG:colcon.colcon_core.event_handler.log_command:Invoking command in '/home/wt/zeus_ws/src/llm_node': CONDA_PROMPT_MODIFIER=(base) PYTHONPATH=/home/wt/zeus_ws/build/llm_node/prefix_override:/usr/lib/python3/dist-packages/colcon_core/task/python/colcon_distutils_commands:/home/wt/zeus_ws/install/llm_node/lib/python3.10/site-packages:${PYTHONPATH} /usr/bin/python3 -W ignore:setup.py install is deprecated -W ignore:easy_install command is deprecated setup.py egg_info --egg-base ../../build/llm_node build --build-base /home/wt/zeus_ws/build/llm_node/build install --record /home/wt/zeus_ws/build/llm_node/install.log --single-version-externally-managed install_data
[1.159s] DEBUG:colcon.colcon_core.event_handler.log_command:Invoking command in '/home/wt/zeus_ws/src/vision_node': CONDA_PROMPT_MODIFIER=(base) PYTHONPATH=/home/wt/zeus_ws/build/vision_node/prefix_override:/usr/lib/python3/dist-packages/colcon_core/task/python/colcon_distutils_commands:/home/wt/zeus_ws/install/vision_node/lib/python3.10/site-packages:${PYTHONPATH} /usr/bin/python3 -W ignore:setup.py install is deprecated -W ignore:easy_install command is deprecated setup.py egg_info --egg-base ../../build/vision_node build --build-base /home/wt/zeus_ws/build/vision_node/build install --record /home/wt/zeus_ws/build/vision_node/install.log --single-version-externally-managed install_data
[1.420s] DEBUG:colcon.colcon_core.event_handler.log_command:Invoked command in '/home/wt/zeus_ws/src/llm_node' returned '0': CONDA_PROMPT_MODIFIER=(base) PYTHONPATH=/home/wt/zeus_ws/build/llm_node/prefix_override:/usr/lib/python3/dist-packages/colcon_core/task/python/colcon_distutils_commands:/home/wt/zeus_ws/install/llm_node/lib/python3.10/site-packages:${PYTHONPATH} /usr/bin/python3 -W ignore:setup.py install is deprecated -W ignore:easy_install command is deprecated setup.py egg_info --egg-base ../../build/llm_node build --build-base /home/wt/zeus_ws/build/llm_node/build install --record /home/wt/zeus_ws/build/llm_node/install.log --single-version-externally-managed install_data
[1.422s] Level 1:colcon.colcon_core.environment:checking '/home/wt/zeus_ws/install/llm_node' for CMake module files
[1.422s] Level 1:colcon.colcon_core.environment:checking '/home/wt/zeus_ws/install/llm_node' for CMake config files
[1.423s] Level 1:colcon.colcon_core.environment:checking '/home/wt/zeus_ws/install/llm_node/lib'
[1.423s] Level 1:colcon.colcon_core.environment:checking '/home/wt/zeus_ws/install/llm_node/bin'
[1.423s] Level 1:colcon.colcon_core.environment:checking '/home/wt/zeus_ws/install/llm_node/lib/pkgconfig/llm_node.pc'
[1.423s] Level 1:colcon.colcon_core.environment:checking '/home/wt/zeus_ws/install/llm_node/lib/python3.10/site-packages'
[1.423s] Level 1:colcon.colcon_core.shell:create_environment_hook('llm_node', 'pythonpath')
[1.424s] INFO:colcon.colcon_core.shell:Creating environment hook '/home/wt/zeus_ws/install/llm_node/share/llm_node/hook/pythonpath.ps1'
[1.424s] INFO:colcon.colcon_core.shell:Creating environment descriptor '/home/wt/zeus_ws/install/llm_node/share/llm_node/hook/pythonpath.dsv'
[1.424s] INFO:colcon.colcon_core.shell:Creating environment hook '/home/wt/zeus_ws/install/llm_node/share/llm_node/hook/pythonpath.sh'
[1.424s] Level 1:colcon.colcon_core.environment:checking '/home/wt/zeus_ws/install/llm_node/bin'
[1.424s] Level 1:colcon.colcon_core.environment:create_environment_scripts_only(llm_node)
[1.425s] INFO:colcon.colcon_core.shell:Creating package script '/home/wt/zeus_ws/install/llm_node/share/llm_node/package.ps1'
[1.425s] INFO:colcon.colcon_core.shell:Creating package descriptor '/home/wt/zeus_ws/install/llm_node/share/llm_node/package.dsv'
[1.426s] INFO:colcon.colcon_core.shell:Creating package script '/home/wt/zeus_ws/install/llm_node/share/llm_node/package.sh'
[1.426s] INFO:colcon.colcon_core.shell:Creating package script '/home/wt/zeus_ws/install/llm_node/share/llm_node/package.bash'
[1.426s] INFO:colcon.colcon_core.shell:Creating package script '/home/wt/zeus_ws/install/llm_node/share/llm_node/package.zsh'
[1.427s] Level 1:colcon.colcon_core.environment:create_file_with_runtime_dependencies(/home/wt/zeus_ws/install/llm_node/share/colcon-core/packages/llm_node)
[1.435s] Level 1:colcon.colcon_core.environment:checking '/home/wt/zeus_ws/install/vision_node' for CMake module files
[1.435s] DEBUG:colcon.colcon_core.event_handler.log_command:Invoked command in '/home/wt/zeus_ws/src/vision_node' returned '0': CONDA_PROMPT_MODIFIER=(base) PYTHONPATH=/home/wt/zeus_ws/build/vision_node/prefix_override:/usr/lib/python3/dist-packages/colcon_core/task/python/colcon_distutils_commands:/home/wt/zeus_ws/install/vision_node/lib/python3.10/site-packages:${PYTHONPATH} /usr/bin/python3 -W ignore:setup.py install is deprecated -W ignore:easy_install command is deprecated setup.py egg_info --egg-base ../../build/vision_node build --build-base /home/wt/zeus_ws/build/vision_node/build install --record /home/wt/zeus_ws/build/vision_node/install.log --single-version-externally-managed install_data
[1.435s] Level 1:colcon.colcon_core.environment:checking '/home/wt/zeus_ws/install/vision_node' for CMake config files
[1.436s] Level 1:colcon.colcon_core.environment:checking '/home/wt/zeus_ws/install/vision_node/lib'
[1.436s] Level 1:colcon.colcon_core.environment:checking '/home/wt/zeus_ws/install/vision_node/bin'
[1.436s] Level 1:colcon.colcon_core.environment:checking '/home/wt/zeus_ws/install/vision_node/lib/pkgconfig/vision_node.pc'
[1.436s] Level 1:colcon.colcon_core.environment:checking '/home/wt/zeus_ws/install/vision_node/lib/python3.10/site-packages'
[1.436s] Level 1:colcon.colcon_core.shell:create_environment_hook('vision_node', 'pythonpath')
[1.436s] INFO:colcon.colcon_core.shell:Creating environment hook '/home/wt/zeus_ws/install/vision_node/share/vision_node/hook/pythonpath.ps1'
[1.437s] INFO:colcon.colcon_core.shell:Creating environment descriptor '/home/wt/zeus_ws/install/vision_node/share/vision_node/hook/pythonpath.dsv'
[1.437s] INFO:colcon.colcon_core.shell:Creating environment hook '/home/wt/zeus_ws/install/vision_node/share/vision_node/hook/pythonpath.sh'
[1.437s] Level 1:colcon.colcon_core.environment:checking '/home/wt/zeus_ws/install/vision_node/bin'
[1.437s] Level 1:colcon.colcon_core.environment:create_environment_scripts_only(vision_node)
[1.437s] INFO:colcon.colcon_core.shell:Creating package script '/home/wt/zeus_ws/install/vision_node/share/vision_node/package.ps1'
[1.438s] INFO:colcon.colcon_core.shell:Creating package descriptor '/home/wt/zeus_ws/install/vision_node/share/vision_node/package.dsv'
[1.438s] INFO:colcon.colcon_core.shell:Creating package script '/home/wt/zeus_ws/install/vision_node/share/vision_node/package.sh'
[1.438s] INFO:colcon.colcon_core.shell:Creating package script '/home/wt/zeus_ws/install/vision_node/share/vision_node/package.bash'
[1.438s] INFO:colcon.colcon_core.shell:Creating package script '/home/wt/zeus_ws/install/vision_node/share/vision_node/package.zsh'
[1.439s] Level 1:colcon.colcon_core.environment:create_file_with_runtime_dependencies(/home/wt/zeus_ws/install/vision_node/share/colcon-core/packages/vision_node)
[1.439s] DEBUG:colcon.colcon_parallel_executor.executor.parallel:closing loop
[1.439s] DEBUG:colcon.colcon_parallel_executor.executor.parallel:loop closed
[1.439s] DEBUG:colcon.colcon_parallel_executor.executor.parallel:run_until_complete finished with '0'
[1.439s] DEBUG:colcon.colcon_core.event_reactor:joining thread
[1.443s] INFO:colcon.colcon_core.plugin_system:Skipping extension 'colcon_notification.desktop_notification.terminal_notifier': Not used on non-Darwin systems
[1.443s] INFO:colcon.colcon_core.plugin_system:Skipping extension 'colcon_notification.desktop_notification.win32': Not used on non-Windows systems
[1.443s] INFO:colcon.colcon_notification.desktop_notification:Sending desktop notification using 'notify2'
[1.451s] DEBUG:colcon.colcon_core.event_reactor:joined thread
[1.451s] INFO:colcon.colcon_core.shell:Creating prefix script '/home/wt/zeus_ws/install/local_setup.ps1'
[1.452s] INFO:colcon.colcon_core.shell:Creating prefix util module '/home/wt/zeus_ws/install/_local_setup_util_ps1.py'
[1.453s] INFO:colcon.colcon_core.shell:Creating prefix chain script '/home/wt/zeus_ws/install/setup.ps1'
[1.455s] INFO:colcon.colcon_core.shell:Creating prefix script '/home/wt/zeus_ws/install/local_setup.sh'
[1.455s] INFO:colcon.colcon_core.shell:Creating prefix util module '/home/wt/zeus_ws/install/_local_setup_util_sh.py'
[1.456s] INFO:colcon.colcon_core.shell:Creating prefix chain script '/home/wt/zeus_ws/install/setup.sh'
[1.458s] INFO:colcon.colcon_core.shell:Creating prefix script '/home/wt/zeus_ws/install/local_setup.bash'
[1.458s] INFO:colcon.colcon_core.shell:Creating prefix chain script '/home/wt/zeus_ws/install/setup.bash'
[1.460s] INFO:colcon.colcon_core.shell:Creating prefix script '/home/wt/zeus_ws/install/local_setup.zsh'
[1.461s] INFO:colcon.colcon_core.shell:Creating prefix chain script '/home/wt/zeus_ws/install/setup.zsh'
