[35m[1mConsolidate compiler generated dependencies of target motor_connect[0m
[ 50%] [32mBuilding CXX object CMakeFiles/motor_connect.dir/src/motor_connect.cpp.o[0m
[01m[K/home/pc/soomac_ws/src/dongsoo_cpp_pkg/src/motor_connect.cpp:[m[K In member function ‘[01m[Kvoid TestDxlCurrentNode::readAndPublish()[m[K’:
[01m[K/home/pc/soomac_ws/src/dongsoo_cpp_pkg/src/motor_connect.cpp:637:13:[m[K [01;35m[Kwarning: [m[Kunused variable ‘[01m[Kpid_raw[m[K’ [[01;35m[K]8;;https://gcc.gnu.org/onlinedocs/gcc/Warning-Options.html#index-Wunused-variable-Wunused-variable]8;;[m[K]
  637 |       float [01;35m[Kpid_raw[m[K = KP_POS_GAINS[i] * pos_err + dterm;
      |             [01;35m[K^~~~~~~[m[K
[100%] [32m[1mLinking CXX executable motor_connect[0m
[100%] Built target motor_connect
-- Install configuration: ""
-- Installing: /home/pc/soomac_ws/install/dongsoo_cpp_pkg/lib/dongsoo_cpp_pkg/motor_connect
-- Set runtime path of "/home/pc/soomac_ws/install/dongsoo_cpp_pkg/lib/dongsoo_cpp_pkg/motor_connect" to ""
-- Up-to-date: /home/pc/soomac_ws/install/dongsoo_cpp_pkg/share/ament_index/resource_index/package_run_dependencies/dongsoo_cpp_pkg
-- Up-to-date: /home/pc/soomac_ws/install/dongsoo_cpp_pkg/share/ament_index/resource_index/parent_prefix_path/dongsoo_cpp_pkg
-- Up-to-date: /home/pc/soomac_ws/install/dongsoo_cpp_pkg/share/dongsoo_cpp_pkg/environment/ament_prefix_path.sh
-- Up-to-date: /home/pc/soomac_ws/install/dongsoo_cpp_pkg/share/dongsoo_cpp_pkg/environment/ament_prefix_path.dsv
-- Up-to-date: /home/pc/soomac_ws/install/dongsoo_cpp_pkg/share/dongsoo_cpp_pkg/environment/path.sh
-- Up-to-date: /home/pc/soomac_ws/install/dongsoo_cpp_pkg/share/dongsoo_cpp_pkg/environment/path.dsv
-- Up-to-date: /home/pc/soomac_ws/install/dongsoo_cpp_pkg/share/dongsoo_cpp_pkg/local_setup.bash
-- Up-to-date: /home/pc/soomac_ws/install/dongsoo_cpp_pkg/share/dongsoo_cpp_pkg/local_setup.sh
-- Up-to-date: /home/pc/soomac_ws/install/dongsoo_cpp_pkg/share/dongsoo_cpp_pkg/local_setup.zsh
-- Up-to-date: /home/pc/soomac_ws/install/dongsoo_cpp_pkg/share/dongsoo_cpp_pkg/local_setup.dsv
-- Installing: /home/pc/soomac_ws/install/dongsoo_cpp_pkg/share/dongsoo_cpp_pkg/package.dsv
-- Up-to-date: /home/pc/soomac_ws/install/dongsoo_cpp_pkg/share/ament_index/resource_index/packages/dongsoo_cpp_pkg
-- Up-to-date: /home/pc/soomac_ws/install/dongsoo_cpp_pkg/share/dongsoo_cpp_pkg/cmake/dongsoo_cpp_pkgConfig.cmake
-- Up-to-date: /home/pc/soomac_ws/install/dongsoo_cpp_pkg/share/dongsoo_cpp_pkg/cmake/dongsoo_cpp_pkgConfig-version.cmake
-- Up-to-date: /home/pc/soomac_ws/install/dongsoo_cpp_pkg/share/dongsoo_cpp_pkg/package.xml
