running egg_info
creating ../../build/dongsoo_free_mission/dongsoo_free_mission.egg-info
writing ../../build/dongsoo_free_mission/dongsoo_free_mission.egg-info/PKG-INFO
writing dependency_links to ../../build/dongsoo_free_mission/dongsoo_free_mission.egg-info/dependency_links.txt
writing entry points to ../../build/dongsoo_free_mission/dongsoo_free_mission.egg-info/entry_points.txt
writing requirements to ../../build/dongsoo_free_mission/dongsoo_free_mission.egg-info/requires.txt
writing top-level names to ../../build/dongsoo_free_mission/dongsoo_free_mission.egg-info/top_level.txt
writing manifest file '../../build/dongsoo_free_mission/dongsoo_free_mission.egg-info/SOURCES.txt'
reading manifest file '../../build/dongsoo_free_mission/dongsoo_free_mission.egg-info/SOURCES.txt'
writing manifest file '../../build/dongsoo_free_mission/dongsoo_free_mission.egg-info/SOURCES.txt'
running build
running build_py
creating /home/pc/soomac_ws/build/dongsoo_free_mission/build
creating /home/pc/soomac_ws/build/dongsoo_free_mission/build/lib
creating /home/pc/soomac_ws/build/dongsoo_free_mission/build/lib/dongsoo_free_mission
copying dongsoo_free_mission/__init__.py -> /home/pc/soomac_ws/build/dongsoo_free_mission/build/lib/dongsoo_free_mission
copying dongsoo_free_mission/free_test.py -> /home/pc/soomac_ws/build/dongsoo_free_mission/build/lib/dongsoo_free_mission
copying dongsoo_free_mission/free_mission_state.py -> /home/pc/soomac_ws/build/dongsoo_free_mission/build/lib/dongsoo_free_mission
running install
running install_lib
creating /home/pc/soomac_ws/install/dongsoo_free_mission/lib/python3.10/site-packages/dongsoo_free_mission
copying /home/pc/soomac_ws/build/dongsoo_free_mission/build/lib/dongsoo_free_mission/__init__.py -> /home/pc/soomac_ws/install/dongsoo_free_mission/lib/python3.10/site-packages/dongsoo_free_mission
copying /home/pc/soomac_ws/build/dongsoo_free_mission/build/lib/dongsoo_free_mission/free_test.py -> /home/pc/soomac_ws/install/dongsoo_free_mission/lib/python3.10/site-packages/dongsoo_free_mission
copying /home/pc/soomac_ws/build/dongsoo_free_mission/build/lib/dongsoo_free_mission/free_mission_state.py -> /home/pc/soomac_ws/install/dongsoo_free_mission/lib/python3.10/site-packages/dongsoo_free_mission
byte-compiling /home/pc/soomac_ws/install/dongsoo_free_mission/lib/python3.10/site-packages/dongsoo_free_mission/__init__.py to __init__.cpython-310.pyc
byte-compiling /home/pc/soomac_ws/install/dongsoo_free_mission/lib/python3.10/site-packages/dongsoo_free_mission/free_test.py to free_test.cpython-310.pyc
byte-compiling /home/pc/soomac_ws/install/dongsoo_free_mission/lib/python3.10/site-packages/dongsoo_free_mission/free_mission_state.py to free_mission_state.cpython-310.pyc
running install_data
creating /home/pc/soomac_ws/install/dongsoo_free_mission/share/ament_index
creating /home/pc/soomac_ws/install/dongsoo_free_mission/share/ament_index/resource_index
creating /home/pc/soomac_ws/install/dongsoo_free_mission/share/ament_index/resource_index/packages
copying resource/dongsoo_free_mission -> /home/pc/soomac_ws/install/dongsoo_free_mission/share/ament_index/resource_index/packages
copying package.xml -> /home/pc/soomac_ws/install/dongsoo_free_mission/share/dongsoo_free_mission
running install_egg_info
Copying ../../build/dongsoo_free_mission/dongsoo_free_mission.egg-info to /home/pc/soomac_ws/install/dongsoo_free_mission/lib/python3.10/site-packages/dongsoo_free_mission-0.0.0-py3.10.egg-info
running install_scripts
writing list of installed files to '/home/pc/soomac_ws/build/dongsoo_free_mission/install.log'
