[0.441s] Invoking command in '/home/pc/soomac_ws/src/dongsoo_free_mission': CMAKE_PREFIX_PATH=/home/pc/soomac_ws/install/dongsoo_interfaces:/home/pc/soomac_ws/install/dxl_cpp_pkg:/home/pc/soomac_ws/install/dongsoo_description:/home/pc/soomac_ws/install/dongsoo_cpp_pkg:/home/pc/cont_ws/install/dxl_cpp_pkg:/home/pc/mg_motor_ws/install/brobot_interfaces PYTHONPATH=/home/pc/soomac_ws/build/dongsoo_free_mission/prefix_override:/usr/lib/python3/dist-packages/colcon_core/task/python/colcon_distutils_commands:/home/pc/soomac_ws/install/dongsoo_free_mission/lib/python3.10/site-packages:${PYTHONPATH} /usr/bin/python3 -W ignore:setup.py install is deprecated -W ignore:easy_install command is deprecated setup.py egg_info --egg-base ../../build/dongsoo_free_mission build --build-base /home/pc/soomac_ws/build/dongsoo_free_mission/build install --record /home/pc/soomac_ws/build/dongsoo_free_mission/install.log --single-version-externally-managed install_data
[0.549s] running egg_info
[0.549s] creating ../../build/dongsoo_free_mission/dongsoo_free_mission.egg-info
[0.549s] writing ../../build/dongsoo_free_mission/dongsoo_free_mission.egg-info/PKG-INFO
[0.549s] writing dependency_links to ../../build/dongsoo_free_mission/dongsoo_free_mission.egg-info/dependency_links.txt
[0.549s] writing entry points to ../../build/dongsoo_free_mission/dongsoo_free_mission.egg-info/entry_points.txt
[0.549s] writing requirements to ../../build/dongsoo_free_mission/dongsoo_free_mission.egg-info/requires.txt
[0.549s] writing top-level names to ../../build/dongsoo_free_mission/dongsoo_free_mission.egg-info/top_level.txt
[0.549s] writing manifest file '../../build/dongsoo_free_mission/dongsoo_free_mission.egg-info/SOURCES.txt'
[0.550s] reading manifest file '../../build/dongsoo_free_mission/dongsoo_free_mission.egg-info/SOURCES.txt'
[0.550s] writing manifest file '../../build/dongsoo_free_mission/dongsoo_free_mission.egg-info/SOURCES.txt'
[0.551s] running build
[0.551s] running build_py
[0.551s] creating /home/pc/soomac_ws/build/dongsoo_free_mission/build
[0.551s] creating /home/pc/soomac_ws/build/dongsoo_free_mission/build/lib
[0.551s] creating /home/pc/soomac_ws/build/dongsoo_free_mission/build/lib/dongsoo_free_mission
[0.551s] copying dongsoo_free_mission/__init__.py -> /home/pc/soomac_ws/build/dongsoo_free_mission/build/lib/dongsoo_free_mission
[0.551s] copying dongsoo_free_mission/free_test.py -> /home/pc/soomac_ws/build/dongsoo_free_mission/build/lib/dongsoo_free_mission
[0.551s] copying dongsoo_free_mission/free_mission_state.py -> /home/pc/soomac_ws/build/dongsoo_free_mission/build/lib/dongsoo_free_mission
[0.551s] running install
[0.551s] running install_lib
[0.551s] creating /home/pc/soomac_ws/install/dongsoo_free_mission/lib/python3.10/site-packages/dongsoo_free_mission
[0.551s] copying /home/pc/soomac_ws/build/dongsoo_free_mission/build/lib/dongsoo_free_mission/__init__.py -> /home/pc/soomac_ws/install/dongsoo_free_mission/lib/python3.10/site-packages/dongsoo_free_mission
[0.551s] copying /home/pc/soomac_ws/build/dongsoo_free_mission/build/lib/dongsoo_free_mission/free_test.py -> /home/pc/soomac_ws/install/dongsoo_free_mission/lib/python3.10/site-packages/dongsoo_free_mission
[0.551s] copying /home/pc/soomac_ws/build/dongsoo_free_mission/build/lib/dongsoo_free_mission/free_mission_state.py -> /home/pc/soomac_ws/install/dongsoo_free_mission/lib/python3.10/site-packages/dongsoo_free_mission
[0.551s] byte-compiling /home/pc/soomac_ws/install/dongsoo_free_mission/lib/python3.10/site-packages/dongsoo_free_mission/__init__.py to __init__.cpython-310.pyc
[0.552s] byte-compiling /home/pc/soomac_ws/install/dongsoo_free_mission/lib/python3.10/site-packages/dongsoo_free_mission/free_test.py to free_test.cpython-310.pyc
[0.552s] byte-compiling /home/pc/soomac_ws/install/dongsoo_free_mission/lib/python3.10/site-packages/dongsoo_free_mission/free_mission_state.py to free_mission_state.cpython-310.pyc
[0.552s] running install_data
[0.552s] creating /home/pc/soomac_ws/install/dongsoo_free_mission/share/ament_index
[0.552s] Sorry: IndentationError: expected an indented block after function definition on line 30 (free_mission_state.py, line 31)
[0.552s] creating /home/pc/soomac_ws/install/dongsoo_free_mission/share/ament_index/resource_index
[0.552s] creating /home/pc/soomac_ws/install/dongsoo_free_mission/share/ament_index/resource_index/packages
[0.552s] copying resource/dongsoo_free_mission -> /home/pc/soomac_ws/install/dongsoo_free_mission/share/ament_index/resource_index/packages
[0.552s] copying package.xml -> /home/pc/soomac_ws/install/dongsoo_free_mission/share/dongsoo_free_mission
[0.552s] running install_egg_info
[0.553s] Copying ../../build/dongsoo_free_mission/dongsoo_free_mission.egg-info to /home/pc/soomac_ws/install/dongsoo_free_mission/lib/python3.10/site-packages/dongsoo_free_mission-0.0.0-py3.10.egg-info
[0.553s] running install_scripts
[0.563s] writing list of installed files to '/home/pc/soomac_ws/build/dongsoo_free_mission/install.log'
[0.574s] Invoked command in '/home/pc/soomac_ws/src/dongsoo_free_mission' returned '0': CMAKE_PREFIX_PATH=/home/pc/soomac_ws/install/dongsoo_interfaces:/home/pc/soomac_ws/install/dxl_cpp_pkg:/home/pc/soomac_ws/install/dongsoo_description:/home/pc/soomac_ws/install/dongsoo_cpp_pkg:/home/pc/cont_ws/install/dxl_cpp_pkg:/home/pc/mg_motor_ws/install/brobot_interfaces PYTHONPATH=/home/pc/soomac_ws/build/dongsoo_free_mission/prefix_override:/usr/lib/python3/dist-packages/colcon_core/task/python/colcon_distutils_commands:/home/pc/soomac_ws/install/dongsoo_free_mission/lib/python3.10/site-packages:${PYTHONPATH} /usr/bin/python3 -W ignore:setup.py install is deprecated -W ignore:easy_install command is deprecated setup.py egg_info --egg-base ../../build/dongsoo_free_mission build --build-base /home/pc/soomac_ws/build/dongsoo_free_mission/build install --record /home/pc/soomac_ws/build/dongsoo_free_mission/install.log --single-version-externally-managed install_data
