[0.049s] DEBUG:colcon:Command line arguments: ['/usr/bin/colcon', 'build']
[0.049s] DEBUG:colcon:Parsed command line arguments: Namespace(log_base=None, log_level=None, verb_name='build', build_base='build', install_base='install', merge_install=False, symlink_install=False, test_result_base=None, continue_on_error=False, executor='parallel', parallel_workers=32, event_handlers=None, ignore_user_meta=False, metas=['./colcon.meta'], base_paths=['.'], packages_ignore=None, packages_ignore_regex=None, paths=None, packages_up_to=None, packages_up_to_regex=None, packages_above=None, packages_above_and_dependencies=None, packages_above_depth=None, packages_select_by_dep=None, packages_skip_by_dep=None, packages_skip_up_to=None, packages_select_build_failed=False, packages_skip_build_finished=False, packages_select_test_failures=False, packages_skip_test_passed=False, packages_select=None, packages_skip=None, packages_select_regex=None, packages_skip_regex=None, packages_start=None, packages_end=None, allow_overriding=[], cmake_args=None, cmake_target=None, cmake_target_skip_unavailable=False, cmake_clean_cache=False, cmake_clean_first=False, cmake_force_configure=False, ament_cmake_args=None, catkin_cmake_args=None, catkin_skip_building_tests=False, mixin_files=None, mixin=None, verb_parser=<colcon_mixin.mixin.mixin_argument.MixinArgumentDecorator object at 0x7c7895c8e800>, verb_extension=<colcon_core.verb.build.BuildVerb object at 0x7c7895c50a00>, main=<bound method BuildVerb.main of <colcon_core.verb.build.BuildVerb object at 0x7c7895c50a00>>, mixin_verb=('build',))
[0.118s] Level 1:colcon.colcon_core.package_discovery:discover_packages(colcon_meta) check parameters
[0.118s] Level 1:colcon.colcon_core.package_discovery:discover_packages(recursive) check parameters
[0.118s] Level 1:colcon.colcon_core.package_discovery:discover_packages(ignore) check parameters
[0.118s] Level 1:colcon.colcon_core.package_discovery:discover_packages(path) check parameters
[0.118s] Level 1:colcon.colcon_core.package_discovery:discover_packages(colcon_meta) discover
[0.118s] Level 1:colcon.colcon_core.package_discovery:discover_packages(recursive) discover
[0.118s] INFO:colcon.colcon_core.package_discovery:Crawling recursively for packages in '/home/pc/soomac_ws'
[0.118s] Level 1:colcon.colcon_core.package_identification:_identify(.) by extensions ['ignore', 'ignore_ament_install']
[0.118s] Level 1:colcon.colcon_core.package_identification:_identify(.) by extension 'ignore'
[0.118s] Level 1:colcon.colcon_core.package_identification:_identify(.) by extension 'ignore_ament_install'
[0.118s] Level 1:colcon.colcon_core.package_identification:_identify(.) by extensions ['colcon_pkg']
[0.118s] Level 1:colcon.colcon_core.package_identification:_identify(.) by extension 'colcon_pkg'
[0.118s] Level 1:colcon.colcon_core.package_identification:_identify(.) by extensions ['colcon_meta']
[0.118s] Level 1:colcon.colcon_core.package_identification:_identify(.) by extension 'colcon_meta'
[0.118s] Level 1:colcon.colcon_core.package_identification:_identify(.) by extensions ['ros']
[0.118s] Level 1:colcon.colcon_core.package_identification:_identify(.) by extension 'ros'
[0.126s] Level 1:colcon.colcon_core.package_identification:_identify(.) by extensions ['cmake', 'python']
[0.127s] Level 1:colcon.colcon_core.package_identification:_identify(.) by extension 'cmake'
[0.127s] Level 1:colcon.colcon_core.package_identification:_identify(.) by extension 'python'
[0.127s] Level 1:colcon.colcon_core.package_identification:_identify(.) by extensions ['python_setup_py']
[0.127s] Level 1:colcon.colcon_core.package_identification:_identify(.) by extension 'python_setup_py'
[0.127s] Level 1:colcon.colcon_core.package_identification:_identify(build) by extensions ['ignore', 'ignore_ament_install']
[0.127s] Level 1:colcon.colcon_core.package_identification:_identify(build) by extension 'ignore'
[0.127s] Level 1:colcon.colcon_core.package_identification:_identify(build) ignored
[0.127s] Level 1:colcon.colcon_core.package_identification:_identify(install) by extensions ['ignore', 'ignore_ament_install']
[0.127s] Level 1:colcon.colcon_core.package_identification:_identify(install) by extension 'ignore'
[0.127s] Level 1:colcon.colcon_core.package_identification:_identify(install) ignored
[0.127s] Level 1:colcon.colcon_core.package_identification:_identify(log) by extensions ['ignore', 'ignore_ament_install']
[0.127s] Level 1:colcon.colcon_core.package_identification:_identify(log) by extension 'ignore'
[0.127s] Level 1:colcon.colcon_core.package_identification:_identify(log) ignored
[0.127s] Level 1:colcon.colcon_core.package_identification:_identify(src) by extensions ['ignore', 'ignore_ament_install']
[0.127s] Level 1:colcon.colcon_core.package_identification:_identify(src) by extension 'ignore'
[0.127s] Level 1:colcon.colcon_core.package_identification:_identify(src) by extension 'ignore_ament_install'
[0.127s] Level 1:colcon.colcon_core.package_identification:_identify(src) by extensions ['colcon_pkg']
[0.127s] Level 1:colcon.colcon_core.package_identification:_identify(src) by extension 'colcon_pkg'
[0.127s] Level 1:colcon.colcon_core.package_identification:_identify(src) by extensions ['colcon_meta']
[0.127s] Level 1:colcon.colcon_core.package_identification:_identify(src) by extension 'colcon_meta'
[0.127s] Level 1:colcon.colcon_core.package_identification:_identify(src) by extensions ['ros']
[0.127s] Level 1:colcon.colcon_core.package_identification:_identify(src) by extension 'ros'
[0.127s] Level 1:colcon.colcon_core.package_identification:_identify(src) by extensions ['cmake', 'python']
[0.127s] Level 1:colcon.colcon_core.package_identification:_identify(src) by extension 'cmake'
[0.127s] Level 1:colcon.colcon_core.package_identification:_identify(src) by extension 'python'
[0.127s] Level 1:colcon.colcon_core.package_identification:_identify(src) by extensions ['python_setup_py']
[0.127s] Level 1:colcon.colcon_core.package_identification:_identify(src) by extension 'python_setup_py'
[0.127s] Level 1:colcon.colcon_core.package_identification:_identify(src/zeus_controller) by extensions ['ignore', 'ignore_ament_install']
[0.127s] Level 1:colcon.colcon_core.package_identification:_identify(src/zeus_controller) by extension 'ignore'
[0.127s] Level 1:colcon.colcon_core.package_identification:_identify(src/zeus_controller) by extension 'ignore_ament_install'
[0.127s] Level 1:colcon.colcon_core.package_identification:_identify(src/zeus_controller) by extensions ['colcon_pkg']
[0.127s] Level 1:colcon.colcon_core.package_identification:_identify(src/zeus_controller) by extension 'colcon_pkg'
[0.127s] Level 1:colcon.colcon_core.package_identification:_identify(src/zeus_controller) by extensions ['colcon_meta']
[0.127s] Level 1:colcon.colcon_core.package_identification:_identify(src/zeus_controller) by extension 'colcon_meta'
[0.127s] Level 1:colcon.colcon_core.package_identification:_identify(src/zeus_controller) by extensions ['ros']
[0.127s] Level 1:colcon.colcon_core.package_identification:_identify(src/zeus_controller) by extension 'ros'
[0.128s] DEBUG:colcon.colcon_core.package_identification:Package 'src/zeus_controller' with type 'ros.ament_python' and name 'zeus_controller'
[0.128s] Level 1:colcon.colcon_core.package_identification:_identify(src/zeus_description) by extensions ['ignore', 'ignore_ament_install']
[0.129s] Level 1:colcon.colcon_core.package_identification:_identify(src/zeus_description) by extension 'ignore'
[0.129s] Level 1:colcon.colcon_core.package_identification:_identify(src/zeus_description) by extension 'ignore_ament_install'
[0.129s] Level 1:colcon.colcon_core.package_identification:_identify(src/zeus_description) by extensions ['colcon_pkg']
[0.129s] Level 1:colcon.colcon_core.package_identification:_identify(src/zeus_description) by extension 'colcon_pkg'
[0.129s] Level 1:colcon.colcon_core.package_identification:_identify(src/zeus_description) by extensions ['colcon_meta']
[0.129s] Level 1:colcon.colcon_core.package_identification:_identify(src/zeus_description) by extension 'colcon_meta'
[0.129s] Level 1:colcon.colcon_core.package_identification:_identify(src/zeus_description) by extensions ['ros']
[0.129s] Level 1:colcon.colcon_core.package_identification:_identify(src/zeus_description) by extension 'ros'
[0.129s] DEBUG:colcon.colcon_core.package_identification:Package 'src/zeus_description' with type 'ros.ament_cmake' and name 'zeus_description'
[0.129s] Level 1:colcon.colcon_core.package_identification:_identify(src/zeus_dxl) by extensions ['ignore', 'ignore_ament_install']
[0.129s] Level 1:colcon.colcon_core.package_identification:_identify(src/zeus_dxl) by extension 'ignore'
[0.129s] Level 1:colcon.colcon_core.package_identification:_identify(src/zeus_dxl) by extension 'ignore_ament_install'
[0.129s] Level 1:colcon.colcon_core.package_identification:_identify(src/zeus_dxl) by extensions ['colcon_pkg']
[0.129s] Level 1:colcon.colcon_core.package_identification:_identify(src/zeus_dxl) by extension 'colcon_pkg'
[0.129s] Level 1:colcon.colcon_core.package_identification:_identify(src/zeus_dxl) by extensions ['colcon_meta']
[0.129s] Level 1:colcon.colcon_core.package_identification:_identify(src/zeus_dxl) by extension 'colcon_meta'
[0.129s] Level 1:colcon.colcon_core.package_identification:_identify(src/zeus_dxl) by extensions ['ros']
[0.129s] Level 1:colcon.colcon_core.package_identification:_identify(src/zeus_dxl) by extension 'ros'
[0.129s] DEBUG:colcon.colcon_core.package_identification:Package 'src/zeus_dxl' with type 'ros.ament_python' and name 'zeus_dxl'
[0.129s] Level 1:colcon.colcon_core.package_identification:_identify(src/zeus_interfaces) by extensions ['ignore', 'ignore_ament_install']
[0.129s] Level 1:colcon.colcon_core.package_identification:_identify(src/zeus_interfaces) by extension 'ignore'
[0.129s] Level 1:colcon.colcon_core.package_identification:_identify(src/zeus_interfaces) by extension 'ignore_ament_install'
[0.129s] Level 1:colcon.colcon_core.package_identification:_identify(src/zeus_interfaces) by extensions ['colcon_pkg']
[0.129s] Level 1:colcon.colcon_core.package_identification:_identify(src/zeus_interfaces) by extension 'colcon_pkg'
[0.129s] Level 1:colcon.colcon_core.package_identification:_identify(src/zeus_interfaces) by extensions ['colcon_meta']
[0.129s] Level 1:colcon.colcon_core.package_identification:_identify(src/zeus_interfaces) by extension 'colcon_meta'
[0.129s] Level 1:colcon.colcon_core.package_identification:_identify(src/zeus_interfaces) by extensions ['ros']
[0.129s] Level 1:colcon.colcon_core.package_identification:_identify(src/zeus_interfaces) by extension 'ros'
[0.130s] DEBUG:colcon.colcon_core.package_identification:Package 'src/zeus_interfaces' with type 'ros.ament_cmake' and name 'zeus_interfaces'
[0.130s] Level 1:colcon.colcon_core.package_identification:_identify(src/zeus_vision) by extensions ['ignore', 'ignore_ament_install']
[0.130s] Level 1:colcon.colcon_core.package_identification:_identify(src/zeus_vision) by extension 'ignore'
[0.130s] Level 1:colcon.colcon_core.package_identification:_identify(src/zeus_vision) by extension 'ignore_ament_install'
[0.130s] Level 1:colcon.colcon_core.package_identification:_identify(src/zeus_vision) by extensions ['colcon_pkg']
[0.130s] Level 1:colcon.colcon_core.package_identification:_identify(src/zeus_vision) by extension 'colcon_pkg'
[0.130s] Level 1:colcon.colcon_core.package_identification:_identify(src/zeus_vision) by extensions ['colcon_meta']
[0.130s] Level 1:colcon.colcon_core.package_identification:_identify(src/zeus_vision) by extension 'colcon_meta'
[0.130s] Level 1:colcon.colcon_core.package_identification:_identify(src/zeus_vision) by extensions ['ros']
[0.130s] Level 1:colcon.colcon_core.package_identification:_identify(src/zeus_vision) by extension 'ros'
[0.130s] DEBUG:colcon.colcon_core.package_identification:Package 'src/zeus_vision' with type 'ros.ament_python' and name 'zeus_vision'
[0.130s] Level 1:colcon.colcon_core.package_discovery:discover_packages(recursive) using defaults
[0.130s] Level 1:colcon.colcon_core.package_discovery:discover_packages(ignore) discover
[0.130s] Level 1:colcon.colcon_core.package_discovery:discover_packages(ignore) using defaults
[0.130s] Level 1:colcon.colcon_core.package_discovery:discover_packages(path) discover
[0.130s] Level 1:colcon.colcon_core.package_discovery:discover_packages(path) using defaults
[0.140s] Level 1:colcon.colcon_core.package_discovery:discover_packages(prefix_path) check parameters
[0.140s] Level 1:colcon.colcon_core.package_discovery:discover_packages(prefix_path) discover
[0.141s] DEBUG:colcon.colcon_installed_package_information.package_discovery:Found 0 installed packages in /home/pc/teensy_ws/install
[0.141s] DEBUG:colcon.colcon_installed_package_information.package_discovery:Found 4 installed packages in /home/pc/cont_ws/install
[0.141s] DEBUG:colcon.colcon_installed_package_information.package_discovery:Found 5 installed packages in /home/pc/mg_motor_ws/install
[0.141s] DEBUG:colcon.colcon_installed_package_information.package_discovery:Found 5 installed packages in /home/pc/soomac_ws/install
[0.142s] DEBUG:colcon.colcon_installed_package_information.package_discovery:Found 272 installed packages in /opt/ros/humble
[0.142s] Level 1:colcon.colcon_core.package_discovery:discover_packages(prefix_path) using defaults
[0.157s] Level 5:colcon.colcon_core.verb:set package 'zeus_controller' build argument 'cmake_args' from command line to 'None'
[0.157s] Level 5:colcon.colcon_core.verb:set package 'zeus_controller' build argument 'cmake_target' from command line to 'None'
[0.157s] Level 5:colcon.colcon_core.verb:set package 'zeus_controller' build argument 'cmake_target_skip_unavailable' from command line to 'False'
[0.157s] Level 5:colcon.colcon_core.verb:set package 'zeus_controller' build argument 'cmake_clean_cache' from command line to 'False'
[0.157s] Level 5:colcon.colcon_core.verb:set package 'zeus_controller' build argument 'cmake_clean_first' from command line to 'False'
[0.157s] Level 5:colcon.colcon_core.verb:set package 'zeus_controller' build argument 'cmake_force_configure' from command line to 'False'
[0.157s] Level 5:colcon.colcon_core.verb:set package 'zeus_controller' build argument 'ament_cmake_args' from command line to 'None'
[0.157s] Level 5:colcon.colcon_core.verb:set package 'zeus_controller' build argument 'catkin_cmake_args' from command line to 'None'
[0.157s] Level 5:colcon.colcon_core.verb:set package 'zeus_controller' build argument 'catkin_skip_building_tests' from command line to 'False'
[0.157s] DEBUG:colcon.colcon_core.verb:Building package 'zeus_controller' with the following arguments: {'ament_cmake_args': None, 'build_base': '/home/pc/soomac_ws/build/zeus_controller', 'catkin_cmake_args': None, 'catkin_skip_building_tests': False, 'cmake_args': None, 'cmake_clean_cache': False, 'cmake_clean_first': False, 'cmake_force_configure': False, 'cmake_target': None, 'cmake_target_skip_unavailable': False, 'install_base': '/home/pc/soomac_ws/install/zeus_controller', 'merge_install': False, 'path': '/home/pc/soomac_ws/src/zeus_controller', 'symlink_install': False, 'test_result_base': None}
[0.157s] Level 5:colcon.colcon_core.verb:set package 'zeus_description' build argument 'cmake_args' from command line to 'None'
[0.157s] Level 5:colcon.colcon_core.verb:set package 'zeus_description' build argument 'cmake_target' from command line to 'None'
[0.157s] Level 5:colcon.colcon_core.verb:set package 'zeus_description' build argument 'cmake_target_skip_unavailable' from command line to 'False'
[0.157s] Level 5:colcon.colcon_core.verb:set package 'zeus_description' build argument 'cmake_clean_cache' from command line to 'False'
[0.157s] Level 5:colcon.colcon_core.verb:set package 'zeus_description' build argument 'cmake_clean_first' from command line to 'False'
[0.157s] Level 5:colcon.colcon_core.verb:set package 'zeus_description' build argument 'cmake_force_configure' from command line to 'False'
[0.157s] Level 5:colcon.colcon_core.verb:set package 'zeus_description' build argument 'ament_cmake_args' from command line to 'None'
[0.157s] Level 5:colcon.colcon_core.verb:set package 'zeus_description' build argument 'catkin_cmake_args' from command line to 'None'
[0.157s] Level 5:colcon.colcon_core.verb:set package 'zeus_description' build argument 'catkin_skip_building_tests' from command line to 'False'
[0.157s] DEBUG:colcon.colcon_core.verb:Building package 'zeus_description' with the following arguments: {'ament_cmake_args': None, 'build_base': '/home/pc/soomac_ws/build/zeus_description', 'catkin_cmake_args': None, 'catkin_skip_building_tests': False, 'cmake_args': None, 'cmake_clean_cache': False, 'cmake_clean_first': False, 'cmake_force_configure': False, 'cmake_target': None, 'cmake_target_skip_unavailable': False, 'install_base': '/home/pc/soomac_ws/install/zeus_description', 'merge_install': False, 'path': '/home/pc/soomac_ws/src/zeus_description', 'symlink_install': False, 'test_result_base': None}
[0.158s] Level 5:colcon.colcon_core.verb:set package 'zeus_dxl' build argument 'cmake_args' from command line to 'None'
[0.158s] Level 5:colcon.colcon_core.verb:set package 'zeus_dxl' build argument 'cmake_target' from command line to 'None'
[0.158s] Level 5:colcon.colcon_core.verb:set package 'zeus_dxl' build argument 'cmake_target_skip_unavailable' from command line to 'False'
[0.158s] Level 5:colcon.colcon_core.verb:set package 'zeus_dxl' build argument 'cmake_clean_cache' from command line to 'False'
[0.158s] Level 5:colcon.colcon_core.verb:set package 'zeus_dxl' build argument 'cmake_clean_first' from command line to 'False'
[0.158s] Level 5:colcon.colcon_core.verb:set package 'zeus_dxl' build argument 'cmake_force_configure' from command line to 'False'
[0.158s] Level 5:colcon.colcon_core.verb:set package 'zeus_dxl' build argument 'ament_cmake_args' from command line to 'None'
[0.158s] Level 5:colcon.colcon_core.verb:set package 'zeus_dxl' build argument 'catkin_cmake_args' from command line to 'None'
[0.158s] Level 5:colcon.colcon_core.verb:set package 'zeus_dxl' build argument 'catkin_skip_building_tests' from command line to 'False'
[0.158s] DEBUG:colcon.colcon_core.verb:Building package 'zeus_dxl' with the following arguments: {'ament_cmake_args': None, 'build_base': '/home/pc/soomac_ws/build/zeus_dxl', 'catkin_cmake_args': None, 'catkin_skip_building_tests': False, 'cmake_args': None, 'cmake_clean_cache': False, 'cmake_clean_first': False, 'cmake_force_configure': False, 'cmake_target': None, 'cmake_target_skip_unavailable': False, 'install_base': '/home/pc/soomac_ws/install/zeus_dxl', 'merge_install': False, 'path': '/home/pc/soomac_ws/src/zeus_dxl', 'symlink_install': False, 'test_result_base': None}
[0.158s] Level 5:colcon.colcon_core.verb:set package 'zeus_interfaces' build argument 'cmake_args' from command line to 'None'
[0.158s] Level 5:colcon.colcon_core.verb:set package 'zeus_interfaces' build argument 'cmake_target' from command line to 'None'
[0.158s] Level 5:colcon.colcon_core.verb:set package 'zeus_interfaces' build argument 'cmake_target_skip_unavailable' from command line to 'False'
[0.158s] Level 5:colcon.colcon_core.verb:set package 'zeus_interfaces' build argument 'cmake_clean_cache' from command line to 'False'
[0.158s] Level 5:colcon.colcon_core.verb:set package 'zeus_interfaces' build argument 'cmake_clean_first' from command line to 'False'
[0.158s] Level 5:colcon.colcon_core.verb:set package 'zeus_interfaces' build argument 'cmake_force_configure' from command line to 'False'
[0.158s] Level 5:colcon.colcon_core.verb:set package 'zeus_interfaces' build argument 'ament_cmake_args' from command line to 'None'
[0.158s] Level 5:colcon.colcon_core.verb:set package 'zeus_interfaces' build argument 'catkin_cmake_args' from command line to 'None'
[0.158s] Level 5:colcon.colcon_core.verb:set package 'zeus_interfaces' build argument 'catkin_skip_building_tests' from command line to 'False'
[0.158s] DEBUG:colcon.colcon_core.verb:Building package 'zeus_interfaces' with the following arguments: {'ament_cmake_args': None, 'build_base': '/home/pc/soomac_ws/build/zeus_interfaces', 'catkin_cmake_args': None, 'catkin_skip_building_tests': False, 'cmake_args': None, 'cmake_clean_cache': False, 'cmake_clean_first': False, 'cmake_force_configure': False, 'cmake_target': None, 'cmake_target_skip_unavailable': False, 'install_base': '/home/pc/soomac_ws/install/zeus_interfaces', 'merge_install': False, 'path': '/home/pc/soomac_ws/src/zeus_interfaces', 'symlink_install': False, 'test_result_base': None}
[0.158s] Level 5:colcon.colcon_core.verb:set package 'zeus_vision' build argument 'cmake_args' from command line to 'None'
[0.158s] Level 5:colcon.colcon_core.verb:set package 'zeus_vision' build argument 'cmake_target' from command line to 'None'
[0.158s] Level 5:colcon.colcon_core.verb:set package 'zeus_vision' build argument 'cmake_target_skip_unavailable' from command line to 'False'
[0.158s] Level 5:colcon.colcon_core.verb:set package 'zeus_vision' build argument 'cmake_clean_cache' from command line to 'False'
[0.158s] Level 5:colcon.colcon_core.verb:set package 'zeus_vision' build argument 'cmake_clean_first' from command line to 'False'
[0.158s] Level 5:colcon.colcon_core.verb:set package 'zeus_vision' build argument 'cmake_force_configure' from command line to 'False'
[0.158s] Level 5:colcon.colcon_core.verb:set package 'zeus_vision' build argument 'ament_cmake_args' from command line to 'None'
[0.158s] Level 5:colcon.colcon_core.verb:set package 'zeus_vision' build argument 'catkin_cmake_args' from command line to 'None'
[0.158s] Level 5:colcon.colcon_core.verb:set package 'zeus_vision' build argument 'catkin_skip_building_tests' from command line to 'False'
[0.158s] DEBUG:colcon.colcon_core.verb:Building package 'zeus_vision' with the following arguments: {'ament_cmake_args': None, 'build_base': '/home/pc/soomac_ws/build/zeus_vision', 'catkin_cmake_args': None, 'catkin_skip_building_tests': False, 'cmake_args': None, 'cmake_clean_cache': False, 'cmake_clean_first': False, 'cmake_force_configure': False, 'cmake_target': None, 'cmake_target_skip_unavailable': False, 'install_base': '/home/pc/soomac_ws/install/zeus_vision', 'merge_install': False, 'path': '/home/pc/soomac_ws/src/zeus_vision', 'symlink_install': False, 'test_result_base': None}
[0.158s] INFO:colcon.colcon_core.executor:Executing jobs using 'parallel' executor
[0.159s] DEBUG:colcon.colcon_parallel_executor.executor.parallel:run_until_complete
[0.159s] INFO:colcon.colcon_ros.task.ament_python.build:Building ROS package in '/home/pc/soomac_ws/src/zeus_controller' with build type 'ament_python'
[0.159s] Level 1:colcon.colcon_core.shell:create_environment_hook('zeus_controller', 'ament_prefix_path')
[0.160s] INFO:colcon.colcon_core.plugin_system:Skipping extension 'colcon_core.shell.bat': Not used on non-Windows systems
[0.160s] INFO:colcon.colcon_core.shell:Creating environment hook '/home/pc/soomac_ws/install/zeus_controller/share/zeus_controller/hook/ament_prefix_path.ps1'
[0.160s] INFO:colcon.colcon_core.shell:Creating environment descriptor '/home/pc/soomac_ws/install/zeus_controller/share/zeus_controller/hook/ament_prefix_path.dsv'
[0.161s] INFO:colcon.colcon_core.shell:Creating environment hook '/home/pc/soomac_ws/install/zeus_controller/share/zeus_controller/hook/ament_prefix_path.sh'
[0.161s] INFO:colcon.colcon_core.shell:Skip shell extension 'powershell' for command environment: Not usable outside of PowerShell
[0.161s] DEBUG:colcon.colcon_core.shell:Skip shell extension 'dsv' for command environment
[0.163s] INFO:colcon.colcon_ros.task.ament_cmake.build:Building ROS package in '/home/pc/soomac_ws/src/zeus_description' with build type 'ament_cmake'
[0.163s] INFO:colcon.colcon_cmake.task.cmake.build:Building CMake package in '/home/pc/soomac_ws/src/zeus_description'
[0.163s] INFO:colcon.colcon_core.shell:Skip shell extension 'powershell' for command environment: Not usable outside of PowerShell
[0.163s] DEBUG:colcon.colcon_core.shell:Skip shell extension 'dsv' for command environment
[0.165s] INFO:colcon.colcon_ros.task.ament_python.build:Building ROS package in '/home/pc/soomac_ws/src/zeus_dxl' with build type 'ament_python'
[0.165s] Level 1:colcon.colcon_core.shell:create_environment_hook('zeus_dxl', 'ament_prefix_path')
[0.165s] INFO:colcon.colcon_core.shell:Creating environment hook '/home/pc/soomac_ws/install/zeus_dxl/share/zeus_dxl/hook/ament_prefix_path.ps1'
[0.165s] INFO:colcon.colcon_core.shell:Creating environment descriptor '/home/pc/soomac_ws/install/zeus_dxl/share/zeus_dxl/hook/ament_prefix_path.dsv'
[0.165s] INFO:colcon.colcon_core.shell:Creating environment hook '/home/pc/soomac_ws/install/zeus_dxl/share/zeus_dxl/hook/ament_prefix_path.sh'
[0.165s] INFO:colcon.colcon_core.shell:Skip shell extension 'powershell' for command environment: Not usable outside of PowerShell
[0.165s] DEBUG:colcon.colcon_core.shell:Skip shell extension 'dsv' for command environment
[0.168s] INFO:colcon.colcon_ros.task.ament_cmake.build:Building ROS package in '/home/pc/soomac_ws/src/zeus_interfaces' with build type 'ament_cmake'
[0.168s] INFO:colcon.colcon_cmake.task.cmake.build:Building CMake package in '/home/pc/soomac_ws/src/zeus_interfaces'
[0.168s] INFO:colcon.colcon_core.shell:Skip shell extension 'powershell' for command environment: Not usable outside of PowerShell
[0.168s] DEBUG:colcon.colcon_core.shell:Skip shell extension 'dsv' for command environment
[0.170s] INFO:colcon.colcon_ros.task.ament_python.build:Building ROS package in '/home/pc/soomac_ws/src/zeus_vision' with build type 'ament_python'
[0.170s] Level 1:colcon.colcon_core.shell:create_environment_hook('zeus_vision', 'ament_prefix_path')
[0.170s] INFO:colcon.colcon_core.shell:Creating environment hook '/home/pc/soomac_ws/install/zeus_vision/share/zeus_vision/hook/ament_prefix_path.ps1'
[0.170s] INFO:colcon.colcon_core.shell:Creating environment descriptor '/home/pc/soomac_ws/install/zeus_vision/share/zeus_vision/hook/ament_prefix_path.dsv'
[0.170s] INFO:colcon.colcon_core.shell:Creating environment hook '/home/pc/soomac_ws/install/zeus_vision/share/zeus_vision/hook/ament_prefix_path.sh'
[0.171s] INFO:colcon.colcon_core.shell:Skip shell extension 'powershell' for command environment: Not usable outside of PowerShell
[0.171s] DEBUG:colcon.colcon_core.shell:Skip shell extension 'dsv' for command environment
[0.292s] INFO:colcon.colcon_core.task.python.build:Building Python package in '/home/pc/soomac_ws/src/zeus_controller'
[0.292s] INFO:colcon.colcon_core.shell:Skip shell extension 'powershell' for command environment: Not usable outside of PowerShell
[0.292s] DEBUG:colcon.colcon_core.shell:Skip shell extension 'dsv' for command environment
[0.296s] DEBUG:colcon.colcon_core.event_handler.log_command:Invoking command in '/home/pc/soomac_ws/build/zeus_description': CMAKE_PREFIX_PATH=${CMAKE_PREFIX_PATH}:/home/pc/soomac_ws/install/zeus_vision:/home/pc/soomac_ws/install/zeus_dxl:/home/pc/soomac_ws/install/zeus_controller:/home/pc/cont_ws/install/torque_test_pkg:/home/pc/cont_ws/install/finger_pkg:/home/pc/cont_ws/install/control_continuum:/home/pc/mg_motor_ws/install/mg_test_pkg:/home/pc/mg_motor_ws/install/mg_motor_test:/home/pc/mg_motor_ws/install/homework_pkg:/home/pc/mg_motor_ws/install/head_moving:/opt/ros/humble /usr/bin/cmake --build /home/pc/soomac_ws/build/zeus_description -- -j32 -l32
[0.421s] INFO:colcon.colcon_core.task.python.build:Building Python package in '/home/pc/soomac_ws/src/zeus_dxl'
[0.422s] INFO:colcon.colcon_core.shell:Skip shell extension 'powershell' for command environment: Not usable outside of PowerShell
[0.422s] DEBUG:colcon.colcon_core.shell:Skip shell extension 'dsv' for command environment
[0.425s] DEBUG:colcon.colcon_core.event_handler.log_command:Invoking command in '/home/pc/soomac_ws/build/zeus_interfaces': CMAKE_PREFIX_PATH=${CMAKE_PREFIX_PATH}:/home/pc/soomac_ws/install/zeus_vision:/home/pc/soomac_ws/install/zeus_dxl:/home/pc/soomac_ws/install/zeus_controller:/home/pc/cont_ws/install/torque_test_pkg:/home/pc/cont_ws/install/finger_pkg:/home/pc/cont_ws/install/control_continuum:/home/pc/mg_motor_ws/install/mg_test_pkg:/home/pc/mg_motor_ws/install/mg_motor_test:/home/pc/mg_motor_ws/install/homework_pkg:/home/pc/mg_motor_ws/install/head_moving:/opt/ros/humble /usr/bin/cmake --build /home/pc/soomac_ws/build/zeus_interfaces -- -j32 -l32
[0.554s] INFO:colcon.colcon_core.task.python.build:Building Python package in '/home/pc/soomac_ws/src/zeus_vision'
[0.554s] INFO:colcon.colcon_core.shell:Skip shell extension 'powershell' for command environment: Not usable outside of PowerShell
[0.554s] DEBUG:colcon.colcon_core.shell:Skip shell extension 'dsv' for command environment
[0.559s] DEBUG:colcon.colcon_core.event_handler.log_command:Invoked command in '/home/pc/soomac_ws/build/zeus_description' returned '0': CMAKE_PREFIX_PATH=${CMAKE_PREFIX_PATH}:/home/pc/soomac_ws/install/zeus_vision:/home/pc/soomac_ws/install/zeus_dxl:/home/pc/soomac_ws/install/zeus_controller:/home/pc/cont_ws/install/torque_test_pkg:/home/pc/cont_ws/install/finger_pkg:/home/pc/cont_ws/install/control_continuum:/home/pc/mg_motor_ws/install/mg_test_pkg:/home/pc/mg_motor_ws/install/mg_motor_test:/home/pc/mg_motor_ws/install/homework_pkg:/home/pc/mg_motor_ws/install/head_moving:/opt/ros/humble /usr/bin/cmake --build /home/pc/soomac_ws/build/zeus_description -- -j32 -l32
[0.566s] DEBUG:colcon.colcon_core.event_handler.log_command:Invoking command in '/home/pc/soomac_ws/build/zeus_description': CMAKE_PREFIX_PATH=${CMAKE_PREFIX_PATH}:/home/pc/soomac_ws/install/zeus_vision:/home/pc/soomac_ws/install/zeus_dxl:/home/pc/soomac_ws/install/zeus_controller:/home/pc/cont_ws/install/torque_test_pkg:/home/pc/cont_ws/install/finger_pkg:/home/pc/cont_ws/install/control_continuum:/home/pc/mg_motor_ws/install/mg_test_pkg:/home/pc/mg_motor_ws/install/mg_motor_test:/home/pc/mg_motor_ws/install/homework_pkg:/home/pc/mg_motor_ws/install/head_moving:/opt/ros/humble /usr/bin/cmake --install /home/pc/soomac_ws/build/zeus_description
[0.577s] Level 1:colcon.colcon_core.environment:create_environment_scripts_only(zeus_description)
[0.577s] DEBUG:colcon.colcon_core.event_handler.log_command:Invoked command in '/home/pc/soomac_ws/build/zeus_description' returned '0': CMAKE_PREFIX_PATH=${CMAKE_PREFIX_PATH}:/home/pc/soomac_ws/install/zeus_vision:/home/pc/soomac_ws/install/zeus_dxl:/home/pc/soomac_ws/install/zeus_controller:/home/pc/cont_ws/install/torque_test_pkg:/home/pc/cont_ws/install/finger_pkg:/home/pc/cont_ws/install/control_continuum:/home/pc/mg_motor_ws/install/mg_test_pkg:/home/pc/mg_motor_ws/install/mg_motor_test:/home/pc/mg_motor_ws/install/homework_pkg:/home/pc/mg_motor_ws/install/head_moving:/opt/ros/humble /usr/bin/cmake --install /home/pc/soomac_ws/build/zeus_description
[0.579s] Level 1:colcon.colcon_core.environment:checking '/home/pc/soomac_ws/install/zeus_description' for CMake module files
[0.579s] Level 1:colcon.colcon_core.environment:checking '/home/pc/soomac_ws/install/zeus_description' for CMake config files
[0.580s] Level 1:colcon.colcon_core.shell:create_environment_hook('zeus_description', 'cmake_prefix_path')
[0.580s] INFO:colcon.colcon_core.shell:Creating environment hook '/home/pc/soomac_ws/install/zeus_description/share/zeus_description/hook/cmake_prefix_path.ps1'
[0.580s] INFO:colcon.colcon_core.shell:Creating environment descriptor '/home/pc/soomac_ws/install/zeus_description/share/zeus_description/hook/cmake_prefix_path.dsv'
[0.580s] INFO:colcon.colcon_core.shell:Creating environment hook '/home/pc/soomac_ws/install/zeus_description/share/zeus_description/hook/cmake_prefix_path.sh'
[0.581s] Level 1:colcon.colcon_core.environment:checking '/home/pc/soomac_ws/install/zeus_description/bin'
[0.581s] Level 1:colcon.colcon_core.environment:checking '/home/pc/soomac_ws/install/zeus_description/lib/pkgconfig/zeus_description.pc'
[0.581s] Level 1:colcon.colcon_core.environment:checking '/home/pc/soomac_ws/install/zeus_description/lib/python3.10/site-packages'
[0.581s] Level 1:colcon.colcon_core.environment:checking '/home/pc/soomac_ws/install/zeus_description/bin'
[0.581s] INFO:colcon.colcon_core.shell:Creating package script '/home/pc/soomac_ws/install/zeus_description/share/zeus_description/package.ps1'
[0.582s] INFO:colcon.colcon_core.shell:Creating package descriptor '/home/pc/soomac_ws/install/zeus_description/share/zeus_description/package.dsv'
[0.583s] INFO:colcon.colcon_core.shell:Creating package script '/home/pc/soomac_ws/install/zeus_description/share/zeus_description/package.sh'
[0.583s] INFO:colcon.colcon_core.shell:Creating package script '/home/pc/soomac_ws/install/zeus_description/share/zeus_description/package.bash'
[0.584s] INFO:colcon.colcon_core.shell:Creating package script '/home/pc/soomac_ws/install/zeus_description/share/zeus_description/package.zsh'
[0.584s] Level 1:colcon.colcon_core.environment:create_file_with_runtime_dependencies(/home/pc/soomac_ws/install/zeus_description/share/colcon-core/packages/zeus_description)
[0.584s] Level 1:colcon.colcon_core.environment:create_environment_scripts_only(zeus_description)
[0.584s] Level 1:colcon.colcon_core.environment:checking '/home/pc/soomac_ws/install/zeus_description' for CMake module files
[0.584s] Level 1:colcon.colcon_core.environment:checking '/home/pc/soomac_ws/install/zeus_description' for CMake config files
[0.585s] Level 1:colcon.colcon_core.shell:create_environment_hook('zeus_description', 'cmake_prefix_path')
[0.585s] INFO:colcon.colcon_core.shell:Creating environment hook '/home/pc/soomac_ws/install/zeus_description/share/zeus_description/hook/cmake_prefix_path.ps1'
[0.585s] INFO:colcon.colcon_core.shell:Creating environment descriptor '/home/pc/soomac_ws/install/zeus_description/share/zeus_description/hook/cmake_prefix_path.dsv'
[0.585s] INFO:colcon.colcon_core.shell:Creating environment hook '/home/pc/soomac_ws/install/zeus_description/share/zeus_description/hook/cmake_prefix_path.sh'
[0.585s] Level 1:colcon.colcon_core.environment:checking '/home/pc/soomac_ws/install/zeus_description/bin'
[0.585s] Level 1:colcon.colcon_core.environment:checking '/home/pc/soomac_ws/install/zeus_description/lib/pkgconfig/zeus_description.pc'
[0.585s] Level 1:colcon.colcon_core.environment:checking '/home/pc/soomac_ws/install/zeus_description/lib/python3.10/site-packages'
[0.585s] Level 1:colcon.colcon_core.environment:checking '/home/pc/soomac_ws/install/zeus_description/bin'
[0.585s] INFO:colcon.colcon_core.shell:Creating package script '/home/pc/soomac_ws/install/zeus_description/share/zeus_description/package.ps1'
[0.586s] INFO:colcon.colcon_core.shell:Creating package descriptor '/home/pc/soomac_ws/install/zeus_description/share/zeus_description/package.dsv'
[0.586s] INFO:colcon.colcon_core.shell:Creating package script '/home/pc/soomac_ws/install/zeus_description/share/zeus_description/package.sh'
[0.586s] INFO:colcon.colcon_core.shell:Creating package script '/home/pc/soomac_ws/install/zeus_description/share/zeus_description/package.bash'
[0.586s] INFO:colcon.colcon_core.shell:Creating package script '/home/pc/soomac_ws/install/zeus_description/share/zeus_description/package.zsh'
[0.586s] Level 1:colcon.colcon_core.environment:create_file_with_runtime_dependencies(/home/pc/soomac_ws/install/zeus_description/share/colcon-core/packages/zeus_description)
[0.722s] DEBUG:colcon.colcon_core.event_handler.log_command:Invoking command in '/home/pc/soomac_ws/build/zeus_controller': PYTHONPATH=/home/pc/soomac_ws/build/zeus_controller/prefix_override:/usr/lib/python3/dist-packages/colcon_core/task/python/colcon_distutils_commands:/home/pc/soomac_ws/install/zeus_controller/lib/python3.10/site-packages:${PYTHONPATH} /usr/bin/python3 -W ignore:setup.py install is deprecated -W ignore:easy_install command is deprecated setup.py develop --uninstall --editable --build-directory /home/pc/soomac_ws/build/zeus_controller/build
[0.723s] DEBUG:colcon.colcon_core.event_handler.log_command:Invoking command in '/home/pc/soomac_ws/src/zeus_dxl': PYTHONPATH=/home/pc/soomac_ws/build/zeus_dxl/prefix_override:/usr/lib/python3/dist-packages/colcon_core/task/python/colcon_distutils_commands:/home/pc/soomac_ws/install/zeus_dxl/lib/python3.10/site-packages:${PYTHONPATH} /usr/bin/python3 -W ignore:setup.py install is deprecated -W ignore:easy_install command is deprecated setup.py egg_info --egg-base ../../build/zeus_dxl build --build-base /home/pc/soomac_ws/build/zeus_dxl/build install --record /home/pc/soomac_ws/build/zeus_dxl/install.log --single-version-externally-managed install_data
[0.724s] DEBUG:colcon.colcon_core.event_handler.log_command:Invoking command in '/home/pc/soomac_ws/src/zeus_vision': PYTHONPATH=/home/pc/soomac_ws/build/zeus_vision/prefix_override:/usr/lib/python3/dist-packages/colcon_core/task/python/colcon_distutils_commands:/home/pc/soomac_ws/install/zeus_vision/lib/python3.10/site-packages:${PYTHONPATH} /usr/bin/python3 -W ignore:setup.py install is deprecated -W ignore:easy_install command is deprecated setup.py egg_info --egg-base ../../build/zeus_vision build --build-base /home/pc/soomac_ws/build/zeus_vision/build install --record /home/pc/soomac_ws/build/zeus_vision/install.log --single-version-externally-managed install_data
[0.863s] Level 1:colcon.colcon_core.environment:checking '/home/pc/soomac_ws/install/zeus_dxl' for CMake module files
[0.863s] DEBUG:colcon.colcon_core.event_handler.log_command:Invoked command in '/home/pc/soomac_ws/src/zeus_dxl' returned '0': PYTHONPATH=/home/pc/soomac_ws/build/zeus_dxl/prefix_override:/usr/lib/python3/dist-packages/colcon_core/task/python/colcon_distutils_commands:/home/pc/soomac_ws/install/zeus_dxl/lib/python3.10/site-packages:${PYTHONPATH} /usr/bin/python3 -W ignore:setup.py install is deprecated -W ignore:easy_install command is deprecated setup.py egg_info --egg-base ../../build/zeus_dxl build --build-base /home/pc/soomac_ws/build/zeus_dxl/build install --record /home/pc/soomac_ws/build/zeus_dxl/install.log --single-version-externally-managed install_data
[0.863s] Level 1:colcon.colcon_core.environment:checking '/home/pc/soomac_ws/install/zeus_dxl' for CMake config files
[0.864s] Level 1:colcon.colcon_core.environment:checking '/home/pc/soomac_ws/install/zeus_dxl/lib'
[0.864s] Level 1:colcon.colcon_core.environment:checking '/home/pc/soomac_ws/install/zeus_dxl/bin'
[0.864s] Level 1:colcon.colcon_core.environment:checking '/home/pc/soomac_ws/install/zeus_dxl/lib/pkgconfig/zeus_dxl.pc'
[0.864s] Level 1:colcon.colcon_core.environment:checking '/home/pc/soomac_ws/install/zeus_dxl/lib/python3.10/site-packages'
[0.864s] Level 1:colcon.colcon_core.shell:create_environment_hook('zeus_dxl', 'pythonpath')
[0.864s] INFO:colcon.colcon_core.shell:Creating environment hook '/home/pc/soomac_ws/install/zeus_dxl/share/zeus_dxl/hook/pythonpath.ps1'
[0.865s] INFO:colcon.colcon_core.shell:Creating environment descriptor '/home/pc/soomac_ws/install/zeus_dxl/share/zeus_dxl/hook/pythonpath.dsv'
[0.865s] INFO:colcon.colcon_core.shell:Creating environment hook '/home/pc/soomac_ws/install/zeus_dxl/share/zeus_dxl/hook/pythonpath.sh'
[0.865s] Level 1:colcon.colcon_core.environment:checking '/home/pc/soomac_ws/install/zeus_dxl/bin'
[0.865s] Level 1:colcon.colcon_core.environment:create_environment_scripts_only(zeus_dxl)
[0.865s] INFO:colcon.colcon_core.shell:Creating package script '/home/pc/soomac_ws/install/zeus_dxl/share/zeus_dxl/package.ps1'
[0.866s] INFO:colcon.colcon_core.shell:Creating package descriptor '/home/pc/soomac_ws/install/zeus_dxl/share/zeus_dxl/package.dsv'
[0.866s] INFO:colcon.colcon_core.shell:Creating package script '/home/pc/soomac_ws/install/zeus_dxl/share/zeus_dxl/package.sh'
[0.866s] INFO:colcon.colcon_core.shell:Creating package script '/home/pc/soomac_ws/install/zeus_dxl/share/zeus_dxl/package.bash'
[0.866s] INFO:colcon.colcon_core.shell:Creating package script '/home/pc/soomac_ws/install/zeus_dxl/share/zeus_dxl/package.zsh'
[0.866s] Level 1:colcon.colcon_core.environment:create_file_with_runtime_dependencies(/home/pc/soomac_ws/install/zeus_dxl/share/colcon-core/packages/zeus_dxl)
[0.867s] Level 1:colcon.colcon_core.environment:checking '/home/pc/soomac_ws/install/zeus_vision' for CMake module files
[0.867s] DEBUG:colcon.colcon_core.event_handler.log_command:Invoked command in '/home/pc/soomac_ws/src/zeus_vision' returned '0': PYTHONPATH=/home/pc/soomac_ws/build/zeus_vision/prefix_override:/usr/lib/python3/dist-packages/colcon_core/task/python/colcon_distutils_commands:/home/pc/soomac_ws/install/zeus_vision/lib/python3.10/site-packages:${PYTHONPATH} /usr/bin/python3 -W ignore:setup.py install is deprecated -W ignore:easy_install command is deprecated setup.py egg_info --egg-base ../../build/zeus_vision build --build-base /home/pc/soomac_ws/build/zeus_vision/build install --record /home/pc/soomac_ws/build/zeus_vision/install.log --single-version-externally-managed install_data
[0.868s] Level 1:colcon.colcon_core.environment:checking '/home/pc/soomac_ws/install/zeus_vision' for CMake config files
[0.868s] Level 1:colcon.colcon_core.environment:checking '/home/pc/soomac_ws/install/zeus_vision/lib'
[0.868s] Level 1:colcon.colcon_core.environment:checking '/home/pc/soomac_ws/install/zeus_vision/bin'
[0.868s] Level 1:colcon.colcon_core.environment:checking '/home/pc/soomac_ws/install/zeus_vision/lib/pkgconfig/zeus_vision.pc'
[0.868s] Level 1:colcon.colcon_core.environment:checking '/home/pc/soomac_ws/install/zeus_vision/lib/python3.10/site-packages'
[0.868s] Level 1:colcon.colcon_core.shell:create_environment_hook('zeus_vision', 'pythonpath')
[0.869s] INFO:colcon.colcon_core.shell:Creating environment hook '/home/pc/soomac_ws/install/zeus_vision/share/zeus_vision/hook/pythonpath.ps1'
[0.869s] INFO:colcon.colcon_core.shell:Creating environment descriptor '/home/pc/soomac_ws/install/zeus_vision/share/zeus_vision/hook/pythonpath.dsv'
[0.869s] INFO:colcon.colcon_core.shell:Creating environment hook '/home/pc/soomac_ws/install/zeus_vision/share/zeus_vision/hook/pythonpath.sh'
[0.869s] Level 1:colcon.colcon_core.environment:checking '/home/pc/soomac_ws/install/zeus_vision/bin'
[0.870s] Level 1:colcon.colcon_core.environment:create_environment_scripts_only(zeus_vision)
[0.870s] INFO:colcon.colcon_core.shell:Creating package script '/home/pc/soomac_ws/install/zeus_vision/share/zeus_vision/package.ps1'
[0.870s] INFO:colcon.colcon_core.shell:Creating package descriptor '/home/pc/soomac_ws/install/zeus_vision/share/zeus_vision/package.dsv'
[0.870s] INFO:colcon.colcon_core.shell:Creating package script '/home/pc/soomac_ws/install/zeus_vision/share/zeus_vision/package.sh'
[0.871s] INFO:colcon.colcon_core.shell:Creating package script '/home/pc/soomac_ws/install/zeus_vision/share/zeus_vision/package.bash'
[0.871s] INFO:colcon.colcon_core.shell:Creating package script '/home/pc/soomac_ws/install/zeus_vision/share/zeus_vision/package.zsh'
[0.871s] Level 1:colcon.colcon_core.environment:create_file_with_runtime_dependencies(/home/pc/soomac_ws/install/zeus_vision/share/colcon-core/packages/zeus_vision)
[0.928s] DEBUG:colcon.colcon_core.event_handler.log_command:Invoked command in '/home/pc/soomac_ws/build/zeus_controller' returned '0': PYTHONPATH=/home/pc/soomac_ws/build/zeus_controller/prefix_override:/usr/lib/python3/dist-packages/colcon_core/task/python/colcon_distutils_commands:/home/pc/soomac_ws/install/zeus_controller/lib/python3.10/site-packages:${PYTHONPATH} /usr/bin/python3 -W ignore:setup.py install is deprecated -W ignore:easy_install command is deprecated setup.py develop --uninstall --editable --build-directory /home/pc/soomac_ws/build/zeus_controller/build
[0.929s] DEBUG:colcon.colcon_core.event_handler.log_command:Invoking command in '/home/pc/soomac_ws/src/zeus_controller': PYTHONPATH=/home/pc/soomac_ws/build/zeus_controller/prefix_override:/usr/lib/python3/dist-packages/colcon_core/task/python/colcon_distutils_commands:/home/pc/soomac_ws/install/zeus_controller/lib/python3.10/site-packages:${PYTHONPATH} /usr/bin/python3 -W ignore:setup.py install is deprecated -W ignore:easy_install command is deprecated setup.py egg_info --egg-base ../../build/zeus_controller build --build-base /home/pc/soomac_ws/build/zeus_controller/build install --record /home/pc/soomac_ws/build/zeus_controller/install.log --single-version-externally-managed install_data --force
[1.074s] Level 1:colcon.colcon_core.environment:checking '/home/pc/soomac_ws/install/zeus_controller' for CMake module files
[1.074s] DEBUG:colcon.colcon_core.event_handler.log_command:Invoked command in '/home/pc/soomac_ws/src/zeus_controller' returned '0': PYTHONPATH=/home/pc/soomac_ws/build/zeus_controller/prefix_override:/usr/lib/python3/dist-packages/colcon_core/task/python/colcon_distutils_commands:/home/pc/soomac_ws/install/zeus_controller/lib/python3.10/site-packages:${PYTHONPATH} /usr/bin/python3 -W ignore:setup.py install is deprecated -W ignore:easy_install command is deprecated setup.py egg_info --egg-base ../../build/zeus_controller build --build-base /home/pc/soomac_ws/build/zeus_controller/build install --record /home/pc/soomac_ws/build/zeus_controller/install.log --single-version-externally-managed install_data --force
[1.074s] Level 1:colcon.colcon_core.environment:checking '/home/pc/soomac_ws/install/zeus_controller' for CMake config files
[1.075s] Level 1:colcon.colcon_core.environment:checking '/home/pc/soomac_ws/install/zeus_controller/lib'
[1.075s] Level 1:colcon.colcon_core.environment:checking '/home/pc/soomac_ws/install/zeus_controller/bin'
[1.075s] Level 1:colcon.colcon_core.environment:checking '/home/pc/soomac_ws/install/zeus_controller/lib/pkgconfig/zeus_controller.pc'
[1.075s] Level 1:colcon.colcon_core.environment:checking '/home/pc/soomac_ws/install/zeus_controller/lib/python3.10/site-packages'
[1.075s] Level 1:colcon.colcon_core.shell:create_environment_hook('zeus_controller', 'pythonpath')
[1.075s] INFO:colcon.colcon_core.shell:Creating environment hook '/home/pc/soomac_ws/install/zeus_controller/share/zeus_controller/hook/pythonpath.ps1'
[1.075s] INFO:colcon.colcon_core.shell:Creating environment descriptor '/home/pc/soomac_ws/install/zeus_controller/share/zeus_controller/hook/pythonpath.dsv'
[1.075s] INFO:colcon.colcon_core.shell:Creating environment hook '/home/pc/soomac_ws/install/zeus_controller/share/zeus_controller/hook/pythonpath.sh'
[1.075s] Level 1:colcon.colcon_core.environment:checking '/home/pc/soomac_ws/install/zeus_controller/bin'
[1.075s] Level 1:colcon.colcon_core.environment:create_environment_scripts_only(zeus_controller)
[1.076s] INFO:colcon.colcon_core.shell:Creating package script '/home/pc/soomac_ws/install/zeus_controller/share/zeus_controller/package.ps1'
[1.076s] INFO:colcon.colcon_core.shell:Creating package descriptor '/home/pc/soomac_ws/install/zeus_controller/share/zeus_controller/package.dsv'
[1.076s] INFO:colcon.colcon_core.shell:Creating package script '/home/pc/soomac_ws/install/zeus_controller/share/zeus_controller/package.sh'
[1.076s] INFO:colcon.colcon_core.shell:Creating package script '/home/pc/soomac_ws/install/zeus_controller/share/zeus_controller/package.bash'
[1.076s] INFO:colcon.colcon_core.shell:Creating package script '/home/pc/soomac_ws/install/zeus_controller/share/zeus_controller/package.zsh'
[1.076s] Level 1:colcon.colcon_core.environment:create_file_with_runtime_dependencies(/home/pc/soomac_ws/install/zeus_controller/share/colcon-core/packages/zeus_controller)
[1.491s] DEBUG:colcon.colcon_core.event_handler.log_command:Invoked command in '/home/pc/soomac_ws/build/zeus_interfaces' returned '0': CMAKE_PREFIX_PATH=${CMAKE_PREFIX_PATH}:/home/pc/soomac_ws/install/zeus_vision:/home/pc/soomac_ws/install/zeus_dxl:/home/pc/soomac_ws/install/zeus_controller:/home/pc/cont_ws/install/torque_test_pkg:/home/pc/cont_ws/install/finger_pkg:/home/pc/cont_ws/install/control_continuum:/home/pc/mg_motor_ws/install/mg_test_pkg:/home/pc/mg_motor_ws/install/mg_motor_test:/home/pc/mg_motor_ws/install/homework_pkg:/home/pc/mg_motor_ws/install/head_moving:/opt/ros/humble /usr/bin/cmake --build /home/pc/soomac_ws/build/zeus_interfaces -- -j32 -l32
[1.492s] DEBUG:colcon.colcon_core.event_handler.log_command:Invoking command in '/home/pc/soomac_ws/build/zeus_interfaces': CMAKE_PREFIX_PATH=${CMAKE_PREFIX_PATH}:/home/pc/soomac_ws/install/zeus_vision:/home/pc/soomac_ws/install/zeus_dxl:/home/pc/soomac_ws/install/zeus_controller:/home/pc/cont_ws/install/torque_test_pkg:/home/pc/cont_ws/install/finger_pkg:/home/pc/cont_ws/install/control_continuum:/home/pc/mg_motor_ws/install/mg_test_pkg:/home/pc/mg_motor_ws/install/mg_motor_test:/home/pc/mg_motor_ws/install/homework_pkg:/home/pc/mg_motor_ws/install/head_moving:/opt/ros/humble /usr/bin/cmake --install /home/pc/soomac_ws/build/zeus_interfaces
[1.532s] Level 1:colcon.colcon_core.environment:create_environment_scripts_only(zeus_interfaces)
[1.532s] Level 1:colcon.colcon_core.environment:checking '/home/pc/soomac_ws/install/zeus_interfaces' for CMake module files
[1.532s] DEBUG:colcon.colcon_core.event_handler.log_command:Invoked command in '/home/pc/soomac_ws/build/zeus_interfaces' returned '0': CMAKE_PREFIX_PATH=${CMAKE_PREFIX_PATH}:/home/pc/soomac_ws/install/zeus_vision:/home/pc/soomac_ws/install/zeus_dxl:/home/pc/soomac_ws/install/zeus_controller:/home/pc/cont_ws/install/torque_test_pkg:/home/pc/cont_ws/install/finger_pkg:/home/pc/cont_ws/install/control_continuum:/home/pc/mg_motor_ws/install/mg_test_pkg:/home/pc/mg_motor_ws/install/mg_motor_test:/home/pc/mg_motor_ws/install/homework_pkg:/home/pc/mg_motor_ws/install/head_moving:/opt/ros/humble /usr/bin/cmake --install /home/pc/soomac_ws/build/zeus_interfaces
[1.532s] Level 1:colcon.colcon_core.environment:checking '/home/pc/soomac_ws/install/zeus_interfaces' for CMake config files
[1.533s] Level 1:colcon.colcon_core.shell:create_environment_hook('zeus_interfaces', 'cmake_prefix_path')
[1.533s] INFO:colcon.colcon_core.shell:Creating environment hook '/home/pc/soomac_ws/install/zeus_interfaces/share/zeus_interfaces/hook/cmake_prefix_path.ps1'
[1.533s] INFO:colcon.colcon_core.shell:Creating environment descriptor '/home/pc/soomac_ws/install/zeus_interfaces/share/zeus_interfaces/hook/cmake_prefix_path.dsv'
[1.533s] INFO:colcon.colcon_core.shell:Creating environment hook '/home/pc/soomac_ws/install/zeus_interfaces/share/zeus_interfaces/hook/cmake_prefix_path.sh'
[1.533s] Level 1:colcon.colcon_core.environment:checking '/home/pc/soomac_ws/install/zeus_interfaces/lib'
[1.533s] Level 1:colcon.colcon_core.shell:create_environment_hook('zeus_interfaces', 'ld_library_path_lib')
[1.533s] INFO:colcon.colcon_core.shell:Creating environment hook '/home/pc/soomac_ws/install/zeus_interfaces/share/zeus_interfaces/hook/ld_library_path_lib.ps1'
[1.534s] INFO:colcon.colcon_core.shell:Creating environment descriptor '/home/pc/soomac_ws/install/zeus_interfaces/share/zeus_interfaces/hook/ld_library_path_lib.dsv'
[1.534s] INFO:colcon.colcon_core.shell:Creating environment hook '/home/pc/soomac_ws/install/zeus_interfaces/share/zeus_interfaces/hook/ld_library_path_lib.sh'
[1.534s] Level 1:colcon.colcon_core.environment:checking '/home/pc/soomac_ws/install/zeus_interfaces/bin'
[1.534s] Level 1:colcon.colcon_core.environment:checking '/home/pc/soomac_ws/install/zeus_interfaces/lib/pkgconfig/zeus_interfaces.pc'
[1.534s] Level 1:colcon.colcon_core.environment:checking '/home/pc/soomac_ws/install/zeus_interfaces/lib/python3.10/site-packages'
[1.534s] Level 1:colcon.colcon_core.environment:checking '/home/pc/soomac_ws/install/zeus_interfaces/bin'
[1.534s] INFO:colcon.colcon_core.shell:Creating package script '/home/pc/soomac_ws/install/zeus_interfaces/share/zeus_interfaces/package.ps1'
[1.534s] INFO:colcon.colcon_core.shell:Creating package descriptor '/home/pc/soomac_ws/install/zeus_interfaces/share/zeus_interfaces/package.dsv'
[1.535s] INFO:colcon.colcon_core.shell:Creating package script '/home/pc/soomac_ws/install/zeus_interfaces/share/zeus_interfaces/package.sh'
[1.535s] INFO:colcon.colcon_core.shell:Creating package script '/home/pc/soomac_ws/install/zeus_interfaces/share/zeus_interfaces/package.bash'
[1.535s] INFO:colcon.colcon_core.shell:Creating package script '/home/pc/soomac_ws/install/zeus_interfaces/share/zeus_interfaces/package.zsh'
[1.535s] Level 1:colcon.colcon_core.environment:create_file_with_runtime_dependencies(/home/pc/soomac_ws/install/zeus_interfaces/share/colcon-core/packages/zeus_interfaces)
[1.535s] Level 1:colcon.colcon_core.environment:create_environment_scripts_only(zeus_interfaces)
[1.535s] Level 1:colcon.colcon_core.environment:checking '/home/pc/soomac_ws/install/zeus_interfaces' for CMake module files
[1.535s] Level 1:colcon.colcon_core.environment:checking '/home/pc/soomac_ws/install/zeus_interfaces' for CMake config files
[1.536s] Level 1:colcon.colcon_core.shell:create_environment_hook('zeus_interfaces', 'cmake_prefix_path')
[1.536s] INFO:colcon.colcon_core.shell:Creating environment hook '/home/pc/soomac_ws/install/zeus_interfaces/share/zeus_interfaces/hook/cmake_prefix_path.ps1'
[1.536s] INFO:colcon.colcon_core.shell:Creating environment descriptor '/home/pc/soomac_ws/install/zeus_interfaces/share/zeus_interfaces/hook/cmake_prefix_path.dsv'
[1.536s] INFO:colcon.colcon_core.shell:Creating environment hook '/home/pc/soomac_ws/install/zeus_interfaces/share/zeus_interfaces/hook/cmake_prefix_path.sh'
[1.536s] Level 1:colcon.colcon_core.environment:checking '/home/pc/soomac_ws/install/zeus_interfaces/lib'
[1.536s] Level 1:colcon.colcon_core.shell:create_environment_hook('zeus_interfaces', 'ld_library_path_lib')
[1.536s] INFO:colcon.colcon_core.shell:Creating environment hook '/home/pc/soomac_ws/install/zeus_interfaces/share/zeus_interfaces/hook/ld_library_path_lib.ps1'
[1.536s] INFO:colcon.colcon_core.shell:Creating environment descriptor '/home/pc/soomac_ws/install/zeus_interfaces/share/zeus_interfaces/hook/ld_library_path_lib.dsv'
[1.537s] INFO:colcon.colcon_core.shell:Creating environment hook '/home/pc/soomac_ws/install/zeus_interfaces/share/zeus_interfaces/hook/ld_library_path_lib.sh'
[1.537s] Level 1:colcon.colcon_core.environment:checking '/home/pc/soomac_ws/install/zeus_interfaces/bin'
[1.537s] Level 1:colcon.colcon_core.environment:checking '/home/pc/soomac_ws/install/zeus_interfaces/lib/pkgconfig/zeus_interfaces.pc'
[1.537s] Level 1:colcon.colcon_core.environment:checking '/home/pc/soomac_ws/install/zeus_interfaces/lib/python3.10/site-packages'
[1.537s] Level 1:colcon.colcon_core.environment:checking '/home/pc/soomac_ws/install/zeus_interfaces/bin'
[1.537s] INFO:colcon.colcon_core.shell:Creating package script '/home/pc/soomac_ws/install/zeus_interfaces/share/zeus_interfaces/package.ps1'
[1.537s] INFO:colcon.colcon_core.shell:Creating package descriptor '/home/pc/soomac_ws/install/zeus_interfaces/share/zeus_interfaces/package.dsv'
[1.537s] INFO:colcon.colcon_core.shell:Creating package script '/home/pc/soomac_ws/install/zeus_interfaces/share/zeus_interfaces/package.sh'
[1.538s] INFO:colcon.colcon_core.shell:Creating package script '/home/pc/soomac_ws/install/zeus_interfaces/share/zeus_interfaces/package.bash'
[1.538s] INFO:colcon.colcon_core.shell:Creating package script '/home/pc/soomac_ws/install/zeus_interfaces/share/zeus_interfaces/package.zsh'
[1.538s] Level 1:colcon.colcon_core.environment:create_file_with_runtime_dependencies(/home/pc/soomac_ws/install/zeus_interfaces/share/colcon-core/packages/zeus_interfaces)
[1.538s] DEBUG:colcon.colcon_parallel_executor.executor.parallel:closing loop
[1.538s] DEBUG:colcon.colcon_parallel_executor.executor.parallel:loop closed
[1.538s] DEBUG:colcon.colcon_parallel_executor.executor.parallel:run_until_complete finished with '0'
[1.538s] DEBUG:colcon.colcon_core.event_reactor:joining thread
[1.541s] INFO:colcon.colcon_core.plugin_system:Skipping extension 'colcon_notification.desktop_notification.terminal_notifier': Not used on non-Darwin systems
[1.541s] INFO:colcon.colcon_core.plugin_system:Skipping extension 'colcon_notification.desktop_notification.win32': Not used on non-Windows systems
[1.541s] INFO:colcon.colcon_notification.desktop_notification:Sending desktop notification using 'notify2'
[1.546s] DEBUG:colcon.colcon_core.event_reactor:joined thread
[1.546s] INFO:colcon.colcon_core.shell:Creating prefix script '/home/pc/soomac_ws/install/local_setup.ps1'
[1.547s] INFO:colcon.colcon_core.shell:Creating prefix util module '/home/pc/soomac_ws/install/_local_setup_util_ps1.py'
[1.547s] INFO:colcon.colcon_core.shell:Creating prefix chain script '/home/pc/soomac_ws/install/setup.ps1'
[1.548s] INFO:colcon.colcon_core.shell:Creating prefix script '/home/pc/soomac_ws/install/local_setup.sh'
[1.548s] INFO:colcon.colcon_core.shell:Creating prefix util module '/home/pc/soomac_ws/install/_local_setup_util_sh.py'
[1.548s] INFO:colcon.colcon_core.shell:Creating prefix chain script '/home/pc/soomac_ws/install/setup.sh'
[1.549s] INFO:colcon.colcon_core.shell:Creating prefix script '/home/pc/soomac_ws/install/local_setup.bash'
[1.549s] INFO:colcon.colcon_core.shell:Creating prefix chain script '/home/pc/soomac_ws/install/setup.bash'
[1.550s] INFO:colcon.colcon_core.shell:Creating prefix script '/home/pc/soomac_ws/install/local_setup.zsh'
[1.550s] INFO:colcon.colcon_core.shell:Creating prefix chain script '/home/pc/soomac_ws/install/setup.zsh'
