[35m[1mConsolidate compiler generated dependencies of target data_hub[0m
[ 50%] Built target motor_connect
[ 75%] [32mBuilding CXX object CMakeFiles/data_hub.dir/src/data_hub.cpp.o[0m
[01m[K/home/pc/soomac_ws/src/dongsoo_cpp_pkg/src/data_hub.cpp:[m[K In constructor ‘[01m[KDataHub::DataHub()[m[K’:
[01m[K/home/pc/soomac_ws/src/dongsoo_cpp_pkg/src/data_hub.cpp:16:60:[m[K [01;31m[Kerror: [m[K‘[01m[KFloat32MulityArray[m[K’ is not a member of ‘[01m[Kstd_msgs::msg[m[K’; did you mean ‘[01m[KFloat32MultiArray[m[K’?
   16 |         pub_float_ = this->create_publisher<std_msgs::msg::[01;31m[KFloat32MulityArray[m[K>("/floats", rclcpp::QoS(10));
      |                                                            [01;31m[K^~~~~~~~~~~~~~~~~~[m[K
      |                                                            [32m[KFloat32MultiArray[m[K
[01m[K/home/pc/soomac_ws/src/dongsoo_cpp_pkg/src/data_hub.cpp:16:79:[m[K [01;31m[Kerror: [m[Kno matching function for call to ‘[01m[KDataHub::create_publisher<<expression error> >(const char [8], rclcpp::QoS)[m[K’
   16 |         pub_float_ = [01;31m[Kthis->create_publisher<std_msgs::msg::Float32MulityArray>("/floats", rclcpp::QoS(10))[m[K;
      |                      [01;31m[K~~~~~~~~~~~~~~~~~~~~~~~~~~~~~~~~~~~~~~~~~~~~~~~~~~~~~~~~~^~~~~~~~~~~~~~~~~~~~~~~~~~~~[m[K
In file included from [01m[K/opt/ros/humble/include/rclcpp/rclcpp/node.hpp:1321[m[K,
                 from [01m[K/opt/ros/humble/include/rclcpp/rclcpp/executors/single_threaded_executor.hpp:28[m[K,
                 from [01m[K/opt/ros/humble/include/rclcpp/rclcpp/executors.hpp:22[m[K,
                 from [01m[K/opt/ros/humble/include/rclcpp/rclcpp/rclcpp.hpp:155[m[K,
                 from [01m[K/home/pc/soomac_ws/src/dongsoo_cpp_pkg/src/data_hub.cpp:5[m[K:
[01m[K/opt/ros/humble/include/rclcpp/rclcpp/node_impl.hpp:73:1:[m[K [01;36m[Knote: [m[Kcandidate: ‘[01m[Ktemplate<class MessageT, class AllocatorT, class PublisherT> std::shared_ptr<PublisherT> rclcpp::Node::create_publisher(const string&, const rclcpp::QoS&, const rclcpp::PublisherOptionsWithAllocator<AllocatorT>&)[m[K’
   73 | [01;36m[KNode[m[K::create_publisher(
      | [01;36m[K^~~~[m[K
[01m[K/opt/ros/humble/include/rclcpp/rclcpp/node_impl.hpp:73:1:[m[K [01;36m[Knote: [m[K  template argument deduction/substitution failed:
[01m[K/home/pc/soomac_ws/src/dongsoo_cpp_pkg/src/data_hub.cpp:16:79:[m[K [01;31m[Kerror: [m[Ktemplate argument 1 is invalid
   16 |         pub_float_ = [01;31m[Kthis->create_publisher<std_msgs::msg::Float32MulityArray>("/floats", rclcpp::QoS(10))[m[K;
      |                      [01;31m[K~~~~~~~~~~~~~~~~~~~~~~~~~~~~~~~~~~~~~~~~~~~~~~~~~~~~~~~~~^~~~~~~~~~~~~~~~~~~~~~~~~~~~[m[K
[01m[K/home/pc/soomac_ws/src/dongsoo_cpp_pkg/src/data_hub.cpp:17:64:[m[K [01;31m[Kerror: [m[K‘[01m[KArrayPublisher[m[K’ has not been declared
   17 |         timer_     = this->create_wall_timer(100ms, std::bind(&[01;31m[KArrayPublisher[m[K::onTimer, this));
      |                                                                [01;31m[K^~~~~~~~~~~~~~[m[K
gmake[2]: *** [CMakeFiles/data_hub.dir/build.make:76: CMakeFiles/data_hub.dir/src/data_hub.cpp.o] Error 1
gmake[1]: *** [CMakeFiles/Makefile2:165: CMakeFiles/data_hub.dir/all] Error 2
gmake: *** [Makefile:146: all] Error 2
