[0.005s] Invoking command in '/home/pc/soomac_ws/build/dxl_cpp_pkg': CMAKE_PREFIX_PATH=${CMAKE_PREFIX_PATH}:/home/pc/soomac_ws/install/homework_pkg:/home/pc/soomac_ws/install/finger_test:/home/pc/soomac_ws/install/dx_motor_control:/home/pc/cont_ws/install/torque_test_pkg:/home/pc/cont_ws/install/finger_pkg:/home/pc/cont_ws/install/control_continuum:/home/pc/mg_motor_ws/install/mg_test_pkg:/home/pc/mg_motor_ws/install/mg_motor_test:/home/pc/mg_motor_ws/install/homework_pkg:/home/pc/mg_motor_ws/install/head_moving:/opt/ros/humble /usr/bin/cmake /home/pc/soomac_ws/src/dxl_cpp_pkg -DCMAKE_INSTALL_PREFIX=/home/pc/soomac_ws/install/dxl_cpp_pkg
[0.102s] -- The C compiler identification is GNU 11.4.0
[0.213s] -- The CXX compiler identification is GNU 11.4.0
[0.219s] -- Detecting C compiler ABI info
[0.303s] -- Detecting C compiler ABI info - done
[0.311s] -- Check for working C compiler: /usr/bin/cc - skipped
[0.312s] -- Detecting C compile features
[0.312s] -- Detecting C compile features - done
[0.314s] -- Detecting CXX compiler ABI info
[0.412s] -- Detecting CXX compiler ABI info - done
[0.417s] -- Check for working CXX compiler: /usr/bin/c++ - skipped
[0.418s] -- Detecting CXX compile features
[0.418s] -- Detecting CXX compile features - done
[0.420s] -- Found ament_cmake: 1.3.12 (/opt/ros/humble/share/ament_cmake/cmake)
[0.537s] -- Found Python3: /usr/bin/python3 (found version "3.10.12") found components: Interpreter 
[0.606s] -- Found rclcpp: 16.0.14 (/opt/ros/humble/share/rclcpp/cmake)
[0.656s] -- Found rosidl_generator_c: 3.1.7 (/opt/ros/humble/share/rosidl_generator_c/cmake)
[0.662s] -- Found rosidl_adapter: 3.1.7 (/opt/ros/humble/share/rosidl_adapter/cmake)
[0.669s] -- Found rosidl_generator_cpp: 3.1.7 (/opt/ros/humble/share/rosidl_generator_cpp/cmake)
[0.677s] -- Using all available rosidl_typesupport_c: rosidl_typesupport_fastrtps_c;rosidl_typesupport_introspection_c
[0.687s] -- Using all available rosidl_typesupport_cpp: rosidl_typesupport_fastrtps_cpp;rosidl_typesupport_introspection_cpp
[0.713s] -- Found rmw_implementation_cmake: 6.1.2 (/opt/ros/humble/share/rmw_implementation_cmake/cmake)
[0.715s] -- Found rmw_fastrtps_cpp: 6.2.8 (/opt/ros/humble/share/rmw_fastrtps_cpp/cmake)
[0.789s] -- Found OpenSSL: /usr/lib/x86_64-linux-gnu/libcrypto.so (found version "3.0.2")  
[0.813s] -- Found FastRTPS: /opt/ros/humble/include  
[0.835s] -- Using RMW implementation 'rmw_fastrtps_cpp' as default
[0.841s] -- Looking for pthread.h
[0.892s] -- Looking for pthread.h - found
[0.892s] -- Performing Test CMAKE_HAVE_LIBC_PTHREAD
[0.975s] -- Performing Test CMAKE_HAVE_LIBC_PTHREAD - Success
[0.976s] -- Found Threads: TRUE  
[1.008s] -- Found dynamixel_sdk: 3.8.4 (/opt/ros/humble/share/dynamixel_sdk/cmake)
[1.049s] -- Configuring done
[1.053s] -- Generating done
[1.054s] -- Build files have been written to: /home/pc/soomac_ws/build/dxl_cpp_pkg
[1.060s] Invoked command in '/home/pc/soomac_ws/build/dxl_cpp_pkg' returned '0': CMAKE_PREFIX_PATH=${CMAKE_PREFIX_PATH}:/home/pc/soomac_ws/install/homework_pkg:/home/pc/soomac_ws/install/finger_test:/home/pc/soomac_ws/install/dx_motor_control:/home/pc/cont_ws/install/torque_test_pkg:/home/pc/cont_ws/install/finger_pkg:/home/pc/cont_ws/install/control_continuum:/home/pc/mg_motor_ws/install/mg_test_pkg:/home/pc/mg_motor_ws/install/mg_motor_test:/home/pc/mg_motor_ws/install/homework_pkg:/home/pc/mg_motor_ws/install/head_moving:/opt/ros/humble /usr/bin/cmake /home/pc/soomac_ws/src/dxl_cpp_pkg -DCMAKE_INSTALL_PREFIX=/home/pc/soomac_ws/install/dxl_cpp_pkg
[1.060s] Invoking command in '/home/pc/soomac_ws/build/dxl_cpp_pkg': CMAKE_PREFIX_PATH=${CMAKE_PREFIX_PATH}:/home/pc/soomac_ws/install/homework_pkg:/home/pc/soomac_ws/install/finger_test:/home/pc/soomac_ws/install/dx_motor_control:/home/pc/cont_ws/install/torque_test_pkg:/home/pc/cont_ws/install/finger_pkg:/home/pc/cont_ws/install/control_continuum:/home/pc/mg_motor_ws/install/mg_test_pkg:/home/pc/mg_motor_ws/install/mg_motor_test:/home/pc/mg_motor_ws/install/homework_pkg:/home/pc/mg_motor_ws/install/head_moving:/opt/ros/humble /usr/bin/cmake --build /home/pc/soomac_ws/build/dxl_cpp_pkg -- -j32 -l32
[1.110s] [ 50%] [32mBuilding CXX object CMakeFiles/motor_connect.dir/src/motor_connect.cpp.o[0m
[5.397s] [100%] [32m[1mLinking CXX executable motor_connect[0m
[5.599s] [100%] Built target motor_connect
[5.606s] Invoked command in '/home/pc/soomac_ws/build/dxl_cpp_pkg' returned '0': CMAKE_PREFIX_PATH=${CMAKE_PREFIX_PATH}:/home/pc/soomac_ws/install/homework_pkg:/home/pc/soomac_ws/install/finger_test:/home/pc/soomac_ws/install/dx_motor_control:/home/pc/cont_ws/install/torque_test_pkg:/home/pc/cont_ws/install/finger_pkg:/home/pc/cont_ws/install/control_continuum:/home/pc/mg_motor_ws/install/mg_test_pkg:/home/pc/mg_motor_ws/install/mg_motor_test:/home/pc/mg_motor_ws/install/homework_pkg:/home/pc/mg_motor_ws/install/head_moving:/opt/ros/humble /usr/bin/cmake --build /home/pc/soomac_ws/build/dxl_cpp_pkg -- -j32 -l32
[5.613s] Invoking command in '/home/pc/soomac_ws/build/dxl_cpp_pkg': CMAKE_PREFIX_PATH=${CMAKE_PREFIX_PATH}:/home/pc/soomac_ws/install/homework_pkg:/home/pc/soomac_ws/install/finger_test:/home/pc/soomac_ws/install/dx_motor_control:/home/pc/cont_ws/install/torque_test_pkg:/home/pc/cont_ws/install/finger_pkg:/home/pc/cont_ws/install/control_continuum:/home/pc/mg_motor_ws/install/mg_test_pkg:/home/pc/mg_motor_ws/install/mg_motor_test:/home/pc/mg_motor_ws/install/homework_pkg:/home/pc/mg_motor_ws/install/head_moving:/opt/ros/humble /usr/bin/cmake --install /home/pc/soomac_ws/build/dxl_cpp_pkg
[5.617s] -- Install configuration: ""
[5.617s] -- Installing: /home/pc/soomac_ws/install/dxl_cpp_pkg/lib/dxl_cpp_pkg/motor_connect
[5.620s] -- Set runtime path of "/home/pc/soomac_ws/install/dxl_cpp_pkg/lib/dxl_cpp_pkg/motor_connect" to ""
[5.620s] -- Installing: /home/pc/soomac_ws/install/dxl_cpp_pkg/share/ament_index/resource_index/package_run_dependencies/dxl_cpp_pkg
[5.620s] -- Installing: /home/pc/soomac_ws/install/dxl_cpp_pkg/share/ament_index/resource_index/parent_prefix_path/dxl_cpp_pkg
[5.620s] -- Installing: /home/pc/soomac_ws/install/dxl_cpp_pkg/share/dxl_cpp_pkg/environment/ament_prefix_path.sh
[5.620s] -- Installing: /home/pc/soomac_ws/install/dxl_cpp_pkg/share/dxl_cpp_pkg/environment/ament_prefix_path.dsv
[5.620s] -- Installing: /home/pc/soomac_ws/install/dxl_cpp_pkg/share/dxl_cpp_pkg/environment/path.sh
[5.620s] -- Installing: /home/pc/soomac_ws/install/dxl_cpp_pkg/share/dxl_cpp_pkg/environment/path.dsv
[5.620s] -- Installing: /home/pc/soomac_ws/install/dxl_cpp_pkg/share/dxl_cpp_pkg/local_setup.bash
[5.620s] -- Installing: /home/pc/soomac_ws/install/dxl_cpp_pkg/share/dxl_cpp_pkg/local_setup.sh
[5.620s] -- Installing: /home/pc/soomac_ws/install/dxl_cpp_pkg/share/dxl_cpp_pkg/local_setup.zsh
[5.620s] -- Installing: /home/pc/soomac_ws/install/dxl_cpp_pkg/share/dxl_cpp_pkg/local_setup.dsv
[5.620s] -- Installing: /home/pc/soomac_ws/install/dxl_cpp_pkg/share/dxl_cpp_pkg/package.dsv
[5.621s] -- Installing: /home/pc/soomac_ws/install/dxl_cpp_pkg/share/ament_index/resource_index/packages/dxl_cpp_pkg
[5.621s] -- Installing: /home/pc/soomac_ws/install/dxl_cpp_pkg/share/dxl_cpp_pkg/cmake/dxl_cpp_pkgConfig.cmake
[5.621s] -- Installing: /home/pc/soomac_ws/install/dxl_cpp_pkg/share/dxl_cpp_pkg/cmake/dxl_cpp_pkgConfig-version.cmake
[5.621s] -- Installing: /home/pc/soomac_ws/install/dxl_cpp_pkg/share/dxl_cpp_pkg/package.xml
[5.622s] Invoked command in '/home/pc/soomac_ws/build/dxl_cpp_pkg' returned '0': CMAKE_PREFIX_PATH=${CMAKE_PREFIX_PATH}:/home/pc/soomac_ws/install/homework_pkg:/home/pc/soomac_ws/install/finger_test:/home/pc/soomac_ws/install/dx_motor_control:/home/pc/cont_ws/install/torque_test_pkg:/home/pc/cont_ws/install/finger_pkg:/home/pc/cont_ws/install/control_continuum:/home/pc/mg_motor_ws/install/mg_test_pkg:/home/pc/mg_motor_ws/install/mg_motor_test:/home/pc/mg_motor_ws/install/homework_pkg:/home/pc/mg_motor_ws/install/head_moving:/opt/ros/humble /usr/bin/cmake --install /home/pc/soomac_ws/build/dxl_cpp_pkg
