[0.062s] DEBUG:colcon:Command line arguments: ['/usr/bin/colcon', 'build', '--symlink-install', '--packages-select', 'dongsoo_vision_pkg']
[0.062s] DEBUG:colcon:Parsed command line arguments: Namespace(log_base=None, log_level=None, verb_name='build', build_base='build', install_base='install', merge_install=False, symlink_install=True, test_result_base=None, continue_on_error=False, executor='parallel', parallel_workers=32, event_handlers=None, ignore_user_meta=False, metas=['./colcon.meta'], base_paths=['.'], packages_ignore=None, packages_ignore_regex=None, paths=None, packages_up_to=None, packages_up_to_regex=None, packages_above=None, packages_above_and_dependencies=None, packages_above_depth=None, packages_select_by_dep=None, packages_skip_by_dep=None, packages_skip_up_to=None, packages_select_build_failed=False, packages_skip_build_finished=False, packages_select_test_failures=False, packages_skip_test_passed=False, packages_select=['dongsoo_vision_pkg'], packages_skip=None, packages_select_regex=None, packages_skip_regex=None, packages_start=None, packages_end=None, allow_overriding=[], cmake_args=None, cmake_target=None, cmake_target_skip_unavailable=False, cmake_clean_cache=False, cmake_clean_first=False, cmake_force_configure=False, ament_cmake_args=None, catkin_cmake_args=None, catkin_skip_building_tests=False, mixin_files=None, mixin=None, verb_parser=<colcon_mixin.mixin.mixin_argument.MixinArgumentDecorator object at 0x78d382e59b10>, verb_extension=<colcon_core.verb.build.BuildVerb object at 0x78d382e59540>, main=<bound method BuildVerb.main of <colcon_core.verb.build.BuildVerb object at 0x78d382e59540>>, mixin_verb=('build',))
[0.153s] Level 1:colcon.colcon_core.package_discovery:discover_packages(colcon_meta) check parameters
[0.153s] Level 1:colcon.colcon_core.package_discovery:discover_packages(recursive) check parameters
[0.153s] Level 1:colcon.colcon_core.package_discovery:discover_packages(ignore) check parameters
[0.153s] Level 1:colcon.colcon_core.package_discovery:discover_packages(path) check parameters
[0.153s] Level 1:colcon.colcon_core.package_discovery:discover_packages(colcon_meta) discover
[0.153s] Level 1:colcon.colcon_core.package_discovery:discover_packages(recursive) discover
[0.153s] INFO:colcon.colcon_core.package_discovery:Crawling recursively for packages in '/home/pc/soomac_ws'
[0.153s] Level 1:colcon.colcon_core.package_identification:_identify(.) by extensions ['ignore', 'ignore_ament_install']
[0.153s] Level 1:colcon.colcon_core.package_identification:_identify(.) by extension 'ignore'
[0.153s] Level 1:colcon.colcon_core.package_identification:_identify(.) by extension 'ignore_ament_install'
[0.153s] Level 1:colcon.colcon_core.package_identification:_identify(.) by extensions ['colcon_pkg']
[0.153s] Level 1:colcon.colcon_core.package_identification:_identify(.) by extension 'colcon_pkg'
[0.153s] Level 1:colcon.colcon_core.package_identification:_identify(.) by extensions ['colcon_meta']
[0.153s] Level 1:colcon.colcon_core.package_identification:_identify(.) by extension 'colcon_meta'
[0.153s] Level 1:colcon.colcon_core.package_identification:_identify(.) by extensions ['ros']
[0.153s] Level 1:colcon.colcon_core.package_identification:_identify(.) by extension 'ros'
[0.160s] Level 1:colcon.colcon_core.package_identification:_identify(.) by extensions ['cmake', 'python']
[0.160s] Level 1:colcon.colcon_core.package_identification:_identify(.) by extension 'cmake'
[0.160s] Level 1:colcon.colcon_core.package_identification:_identify(.) by extension 'python'
[0.160s] Level 1:colcon.colcon_core.package_identification:_identify(.) by extensions ['python_setup_py']
[0.160s] Level 1:colcon.colcon_core.package_identification:_identify(.) by extension 'python_setup_py'
[0.160s] Level 1:colcon.colcon_core.package_identification:_identify(build) by extensions ['ignore', 'ignore_ament_install']
[0.160s] Level 1:colcon.colcon_core.package_identification:_identify(build) by extension 'ignore'
[0.160s] Level 1:colcon.colcon_core.package_identification:_identify(build) ignored
[0.160s] Level 1:colcon.colcon_core.package_identification:_identify(etc) by extensions ['ignore', 'ignore_ament_install']
[0.160s] Level 1:colcon.colcon_core.package_identification:_identify(etc) by extension 'ignore'
[0.160s] Level 1:colcon.colcon_core.package_identification:_identify(etc) by extension 'ignore_ament_install'
[0.161s] Level 1:colcon.colcon_core.package_identification:_identify(etc) by extensions ['colcon_pkg']
[0.161s] Level 1:colcon.colcon_core.package_identification:_identify(etc) by extension 'colcon_pkg'
[0.161s] Level 1:colcon.colcon_core.package_identification:_identify(etc) by extensions ['colcon_meta']
[0.161s] Level 1:colcon.colcon_core.package_identification:_identify(etc) by extension 'colcon_meta'
[0.161s] Level 1:colcon.colcon_core.package_identification:_identify(etc) by extensions ['ros']
[0.161s] Level 1:colcon.colcon_core.package_identification:_identify(etc) by extension 'ros'
[0.161s] Level 1:colcon.colcon_core.package_identification:_identify(etc) by extensions ['cmake', 'python']
[0.161s] Level 1:colcon.colcon_core.package_identification:_identify(etc) by extension 'cmake'
[0.161s] Level 1:colcon.colcon_core.package_identification:_identify(etc) by extension 'python'
[0.161s] Level 1:colcon.colcon_core.package_identification:_identify(etc) by extensions ['python_setup_py']
[0.161s] Level 1:colcon.colcon_core.package_identification:_identify(etc) by extension 'python_setup_py'
[0.161s] Level 1:colcon.colcon_core.package_identification:_identify(install) by extensions ['ignore', 'ignore_ament_install']
[0.161s] Level 1:colcon.colcon_core.package_identification:_identify(install) by extension 'ignore'
[0.161s] Level 1:colcon.colcon_core.package_identification:_identify(install) ignored
[0.161s] Level 1:colcon.colcon_core.package_identification:_identify(log) by extensions ['ignore', 'ignore_ament_install']
[0.161s] Level 1:colcon.colcon_core.package_identification:_identify(log) by extension 'ignore'
[0.161s] Level 1:colcon.colcon_core.package_identification:_identify(log) ignored
[0.161s] Level 1:colcon.colcon_core.package_identification:_identify(src) by extensions ['ignore', 'ignore_ament_install']
[0.161s] Level 1:colcon.colcon_core.package_identification:_identify(src) by extension 'ignore'
[0.161s] Level 1:colcon.colcon_core.package_identification:_identify(src) by extension 'ignore_ament_install'
[0.161s] Level 1:colcon.colcon_core.package_identification:_identify(src) by extensions ['colcon_pkg']
[0.161s] Level 1:colcon.colcon_core.package_identification:_identify(src) by extension 'colcon_pkg'
[0.161s] Level 1:colcon.colcon_core.package_identification:_identify(src) by extensions ['colcon_meta']
[0.161s] Level 1:colcon.colcon_core.package_identification:_identify(src) by extension 'colcon_meta'
[0.161s] Level 1:colcon.colcon_core.package_identification:_identify(src) by extensions ['ros']
[0.161s] Level 1:colcon.colcon_core.package_identification:_identify(src) by extension 'ros'
[0.161s] Level 1:colcon.colcon_core.package_identification:_identify(src) by extensions ['cmake', 'python']
[0.161s] Level 1:colcon.colcon_core.package_identification:_identify(src) by extension 'cmake'
[0.161s] Level 1:colcon.colcon_core.package_identification:_identify(src) by extension 'python'
[0.161s] Level 1:colcon.colcon_core.package_identification:_identify(src) by extensions ['python_setup_py']
[0.161s] Level 1:colcon.colcon_core.package_identification:_identify(src) by extension 'python_setup_py'
[0.161s] Level 1:colcon.colcon_core.package_identification:_identify(src/dongsoo_description) by extensions ['ignore', 'ignore_ament_install']
[0.161s] Level 1:colcon.colcon_core.package_identification:_identify(src/dongsoo_description) by extension 'ignore'
[0.161s] Level 1:colcon.colcon_core.package_identification:_identify(src/dongsoo_description) by extension 'ignore_ament_install'
[0.161s] Level 1:colcon.colcon_core.package_identification:_identify(src/dongsoo_description) by extensions ['colcon_pkg']
[0.161s] Level 1:colcon.colcon_core.package_identification:_identify(src/dongsoo_description) by extension 'colcon_pkg'
[0.161s] Level 1:colcon.colcon_core.package_identification:_identify(src/dongsoo_description) by extensions ['colcon_meta']
[0.161s] Level 1:colcon.colcon_core.package_identification:_identify(src/dongsoo_description) by extension 'colcon_meta'
[0.161s] Level 1:colcon.colcon_core.package_identification:_identify(src/dongsoo_description) by extensions ['ros']
[0.161s] Level 1:colcon.colcon_core.package_identification:_identify(src/dongsoo_description) by extension 'ros'
[0.163s] DEBUG:colcon.colcon_core.package_identification:Package 'src/dongsoo_description' with type 'ros.ament_cmake' and name 'dongsoo_description'
[0.163s] Level 1:colcon.colcon_core.package_identification:_identify(src/dongsoo_interfaces) by extensions ['ignore', 'ignore_ament_install']
[0.163s] Level 1:colcon.colcon_core.package_identification:_identify(src/dongsoo_interfaces) by extension 'ignore'
[0.163s] Level 1:colcon.colcon_core.package_identification:_identify(src/dongsoo_interfaces) by extension 'ignore_ament_install'
[0.163s] Level 1:colcon.colcon_core.package_identification:_identify(src/dongsoo_interfaces) by extensions ['colcon_pkg']
[0.163s] Level 1:colcon.colcon_core.package_identification:_identify(src/dongsoo_interfaces) by extension 'colcon_pkg'
[0.163s] Level 1:colcon.colcon_core.package_identification:_identify(src/dongsoo_interfaces) by extensions ['colcon_meta']
[0.163s] Level 1:colcon.colcon_core.package_identification:_identify(src/dongsoo_interfaces) by extension 'colcon_meta'
[0.163s] Level 1:colcon.colcon_core.package_identification:_identify(src/dongsoo_interfaces) by extensions ['ros']
[0.163s] Level 1:colcon.colcon_core.package_identification:_identify(src/dongsoo_interfaces) by extension 'ros'
[0.164s] DEBUG:colcon.colcon_core.package_identification:Package 'src/dongsoo_interfaces' with type 'ros.ament_cmake' and name 'dongsoo_interfaces'
[0.164s] Level 1:colcon.colcon_core.package_identification:_identify(src/dongsoo_vision_pkg) by extensions ['ignore', 'ignore_ament_install']
[0.164s] Level 1:colcon.colcon_core.package_identification:_identify(src/dongsoo_vision_pkg) by extension 'ignore'
[0.164s] Level 1:colcon.colcon_core.package_identification:_identify(src/dongsoo_vision_pkg) by extension 'ignore_ament_install'
[0.164s] Level 1:colcon.colcon_core.package_identification:_identify(src/dongsoo_vision_pkg) by extensions ['colcon_pkg']
[0.164s] Level 1:colcon.colcon_core.package_identification:_identify(src/dongsoo_vision_pkg) by extension 'colcon_pkg'
[0.164s] Level 1:colcon.colcon_core.package_identification:_identify(src/dongsoo_vision_pkg) by extensions ['colcon_meta']
[0.164s] Level 1:colcon.colcon_core.package_identification:_identify(src/dongsoo_vision_pkg) by extension 'colcon_meta'
[0.164s] Level 1:colcon.colcon_core.package_identification:_identify(src/dongsoo_vision_pkg) by extensions ['ros']
[0.164s] Level 1:colcon.colcon_core.package_identification:_identify(src/dongsoo_vision_pkg) by extension 'ros'
[0.164s] DEBUG:colcon.colcon_core.package_identification:Package 'src/dongsoo_vision_pkg' with type 'ros.ament_python' and name 'dongsoo_vision_pkg'
[0.164s] Level 1:colcon.colcon_core.package_discovery:discover_packages(recursive) using defaults
[0.164s] Level 1:colcon.colcon_core.package_discovery:discover_packages(ignore) discover
[0.164s] Level 1:colcon.colcon_core.package_discovery:discover_packages(ignore) using defaults
[0.164s] Level 1:colcon.colcon_core.package_discovery:discover_packages(path) discover
[0.164s] Level 1:colcon.colcon_core.package_discovery:discover_packages(path) using defaults
[0.182s] INFO:colcon.colcon_core.package_selection:Skipping not selected package 'dongsoo_description' in 'src/dongsoo_description'
[0.182s] INFO:colcon.colcon_core.package_selection:Skipping not selected package 'dongsoo_interfaces' in 'src/dongsoo_interfaces'
[0.183s] Level 1:colcon.colcon_core.package_discovery:discover_packages(prefix_path) check parameters
[0.183s] Level 1:colcon.colcon_core.package_discovery:discover_packages(prefix_path) discover
[0.184s] DEBUG:colcon.colcon_installed_package_information.package_discovery:Found 272 installed packages in /opt/ros/humble
[0.185s] Level 1:colcon.colcon_core.package_discovery:discover_packages(prefix_path) using defaults
[0.205s] Level 5:colcon.colcon_core.verb:set package 'dongsoo_vision_pkg' build argument 'cmake_args' from command line to 'None'
[0.205s] Level 5:colcon.colcon_core.verb:set package 'dongsoo_vision_pkg' build argument 'cmake_target' from command line to 'None'
[0.205s] Level 5:colcon.colcon_core.verb:set package 'dongsoo_vision_pkg' build argument 'cmake_target_skip_unavailable' from command line to 'False'
[0.205s] Level 5:colcon.colcon_core.verb:set package 'dongsoo_vision_pkg' build argument 'cmake_clean_cache' from command line to 'False'
[0.205s] Level 5:colcon.colcon_core.verb:set package 'dongsoo_vision_pkg' build argument 'cmake_clean_first' from command line to 'False'
[0.205s] Level 5:colcon.colcon_core.verb:set package 'dongsoo_vision_pkg' build argument 'cmake_force_configure' from command line to 'False'
[0.205s] Level 5:colcon.colcon_core.verb:set package 'dongsoo_vision_pkg' build argument 'ament_cmake_args' from command line to 'None'
[0.205s] Level 5:colcon.colcon_core.verb:set package 'dongsoo_vision_pkg' build argument 'catkin_cmake_args' from command line to 'None'
[0.205s] Level 5:colcon.colcon_core.verb:set package 'dongsoo_vision_pkg' build argument 'catkin_skip_building_tests' from command line to 'False'
[0.205s] DEBUG:colcon.colcon_core.verb:Building package 'dongsoo_vision_pkg' with the following arguments: {'ament_cmake_args': None, 'build_base': '/home/pc/soomac_ws/build/dongsoo_vision_pkg', 'catkin_cmake_args': None, 'catkin_skip_building_tests': False, 'cmake_args': None, 'cmake_clean_cache': False, 'cmake_clean_first': False, 'cmake_force_configure': False, 'cmake_target': None, 'cmake_target_skip_unavailable': False, 'install_base': '/home/pc/soomac_ws/install/dongsoo_vision_pkg', 'merge_install': False, 'path': '/home/pc/soomac_ws/src/dongsoo_vision_pkg', 'symlink_install': True, 'test_result_base': None}
[0.205s] INFO:colcon.colcon_core.executor:Executing jobs using 'parallel' executor
[0.206s] DEBUG:colcon.colcon_parallel_executor.executor.parallel:run_until_complete
[0.206s] INFO:colcon.colcon_ros.task.ament_python.build:Building ROS package in '/home/pc/soomac_ws/src/dongsoo_vision_pkg' with build type 'ament_python'
[0.206s] Level 1:colcon.colcon_core.shell:create_environment_hook('dongsoo_vision_pkg', 'ament_prefix_path')
[0.207s] INFO:colcon.colcon_core.plugin_system:Skipping extension 'colcon_core.shell.bat': Not used on non-Windows systems
[0.208s] INFO:colcon.colcon_core.shell:Creating environment hook '/home/pc/soomac_ws/install/dongsoo_vision_pkg/share/dongsoo_vision_pkg/hook/ament_prefix_path.ps1'
[0.208s] INFO:colcon.colcon_core.shell:Creating environment descriptor '/home/pc/soomac_ws/install/dongsoo_vision_pkg/share/dongsoo_vision_pkg/hook/ament_prefix_path.dsv'
[0.208s] INFO:colcon.colcon_core.shell:Creating environment hook '/home/pc/soomac_ws/install/dongsoo_vision_pkg/share/dongsoo_vision_pkg/hook/ament_prefix_path.sh'
[0.209s] INFO:colcon.colcon_core.shell:Skip shell extension 'powershell' for command environment: Not usable outside of PowerShell
[0.209s] DEBUG:colcon.colcon_core.shell:Skip shell extension 'dsv' for command environment
[0.354s] INFO:colcon.colcon_core.task.python.build:Building Python package in '/home/pc/soomac_ws/src/dongsoo_vision_pkg'
[0.354s] INFO:colcon.colcon_core.shell:Skip shell extension 'powershell' for command environment: Not usable outside of PowerShell
[0.354s] DEBUG:colcon.colcon_core.shell:Skip shell extension 'dsv' for command environment
[0.544s] DEBUG:colcon.colcon_core.event_handler.log_command:Invoking command in '/home/pc/soomac_ws/build/dongsoo_vision_pkg': PYTHONPATH=/home/pc/soomac_ws/build/dongsoo_vision_pkg/prefix_override:/usr/lib/python3/dist-packages/colcon_core/task/python/colcon_distutils_commands:/home/pc/soomac_ws/install/dongsoo_vision_pkg/lib/python3.10/site-packages:${PYTHONPATH} /usr/bin/python3 -W ignore:setup.py install is deprecated -W ignore:easy_install command is deprecated setup.py develop --editable --build-directory /home/pc/soomac_ws/build/dongsoo_vision_pkg/build --no-deps symlink_data
[0.789s] Level 1:colcon.colcon_core.shell:create_environment_hook('dongsoo_vision_pkg', 'pythonpath_develop')
[0.789s] INFO:colcon.colcon_core.shell:Creating environment hook '/home/pc/soomac_ws/build/dongsoo_vision_pkg/share/dongsoo_vision_pkg/hook/pythonpath_develop.ps1'
[0.790s] DEBUG:colcon.colcon_core.event_handler.log_command:Invoked command in '/home/pc/soomac_ws/build/dongsoo_vision_pkg' returned '0': PYTHONPATH=/home/pc/soomac_ws/build/dongsoo_vision_pkg/prefix_override:/usr/lib/python3/dist-packages/colcon_core/task/python/colcon_distutils_commands:/home/pc/soomac_ws/install/dongsoo_vision_pkg/lib/python3.10/site-packages:${PYTHONPATH} /usr/bin/python3 -W ignore:setup.py install is deprecated -W ignore:easy_install command is deprecated setup.py develop --editable --build-directory /home/pc/soomac_ws/build/dongsoo_vision_pkg/build --no-deps symlink_data
[0.790s] INFO:colcon.colcon_core.shell:Creating environment descriptor '/home/pc/soomac_ws/build/dongsoo_vision_pkg/share/dongsoo_vision_pkg/hook/pythonpath_develop.dsv'
[0.791s] INFO:colcon.colcon_core.shell:Creating environment hook '/home/pc/soomac_ws/build/dongsoo_vision_pkg/share/dongsoo_vision_pkg/hook/pythonpath_develop.sh'
[0.792s] Level 1:colcon.colcon_core.environment:checking '/home/pc/soomac_ws/install/dongsoo_vision_pkg' for CMake module files
[0.792s] Level 1:colcon.colcon_core.environment:checking '/home/pc/soomac_ws/install/dongsoo_vision_pkg' for CMake config files
[0.792s] Level 1:colcon.colcon_core.environment:checking '/home/pc/soomac_ws/install/dongsoo_vision_pkg/lib'
[0.793s] Level 1:colcon.colcon_core.environment:checking '/home/pc/soomac_ws/install/dongsoo_vision_pkg/bin'
[0.793s] Level 1:colcon.colcon_core.environment:checking '/home/pc/soomac_ws/install/dongsoo_vision_pkg/lib/pkgconfig/dongsoo_vision_pkg.pc'
[0.793s] Level 1:colcon.colcon_core.environment:checking '/home/pc/soomac_ws/install/dongsoo_vision_pkg/lib/python3.10/site-packages'
[0.793s] Level 1:colcon.colcon_core.shell:create_environment_hook('dongsoo_vision_pkg', 'pythonpath')
[0.793s] INFO:colcon.colcon_core.shell:Creating environment hook '/home/pc/soomac_ws/install/dongsoo_vision_pkg/share/dongsoo_vision_pkg/hook/pythonpath.ps1'
[0.793s] INFO:colcon.colcon_core.shell:Creating environment descriptor '/home/pc/soomac_ws/install/dongsoo_vision_pkg/share/dongsoo_vision_pkg/hook/pythonpath.dsv'
[0.793s] INFO:colcon.colcon_core.shell:Creating environment hook '/home/pc/soomac_ws/install/dongsoo_vision_pkg/share/dongsoo_vision_pkg/hook/pythonpath.sh'
[0.794s] Level 1:colcon.colcon_core.environment:checking '/home/pc/soomac_ws/install/dongsoo_vision_pkg/bin'
[0.794s] Level 1:colcon.colcon_core.environment:create_environment_scripts_only(dongsoo_vision_pkg)
[0.794s] INFO:colcon.colcon_core.shell:Creating package script '/home/pc/soomac_ws/install/dongsoo_vision_pkg/share/dongsoo_vision_pkg/package.ps1'
[0.794s] INFO:colcon.colcon_core.shell:Creating package descriptor '/home/pc/soomac_ws/install/dongsoo_vision_pkg/share/dongsoo_vision_pkg/package.dsv'
[0.794s] INFO:colcon.colcon_core.shell:Creating package script '/home/pc/soomac_ws/install/dongsoo_vision_pkg/share/dongsoo_vision_pkg/package.sh'
[0.795s] INFO:colcon.colcon_core.shell:Creating package script '/home/pc/soomac_ws/install/dongsoo_vision_pkg/share/dongsoo_vision_pkg/package.bash'
[0.795s] INFO:colcon.colcon_core.shell:Creating package script '/home/pc/soomac_ws/install/dongsoo_vision_pkg/share/dongsoo_vision_pkg/package.zsh'
[0.796s] Level 1:colcon.colcon_core.environment:create_file_with_runtime_dependencies(/home/pc/soomac_ws/install/dongsoo_vision_pkg/share/colcon-core/packages/dongsoo_vision_pkg)
[0.796s] DEBUG:colcon.colcon_parallel_executor.executor.parallel:closing loop
[0.796s] DEBUG:colcon.colcon_parallel_executor.executor.parallel:loop closed
[0.796s] DEBUG:colcon.colcon_parallel_executor.executor.parallel:run_until_complete finished with '0'
[0.796s] DEBUG:colcon.colcon_core.event_reactor:joining thread
[0.800s] INFO:colcon.colcon_core.plugin_system:Skipping extension 'colcon_notification.desktop_notification.terminal_notifier': Not used on non-Darwin systems
[0.800s] INFO:colcon.colcon_core.plugin_system:Skipping extension 'colcon_notification.desktop_notification.win32': Not used on non-Windows systems
[0.801s] INFO:colcon.colcon_notification.desktop_notification:Sending desktop notification using 'notify2'
[0.810s] DEBUG:colcon.colcon_core.event_reactor:joined thread
[0.811s] INFO:colcon.colcon_core.shell:Creating prefix script '/home/pc/soomac_ws/install/local_setup.ps1'
[0.811s] INFO:colcon.colcon_core.shell:Creating prefix util module '/home/pc/soomac_ws/install/_local_setup_util_ps1.py'
[0.812s] INFO:colcon.colcon_core.shell:Creating prefix chain script '/home/pc/soomac_ws/install/setup.ps1'
[0.813s] INFO:colcon.colcon_core.shell:Creating prefix script '/home/pc/soomac_ws/install/local_setup.sh'
[0.813s] INFO:colcon.colcon_core.shell:Creating prefix util module '/home/pc/soomac_ws/install/_local_setup_util_sh.py'
[0.813s] INFO:colcon.colcon_core.shell:Creating prefix chain script '/home/pc/soomac_ws/install/setup.sh'
[0.814s] INFO:colcon.colcon_core.shell:Creating prefix script '/home/pc/soomac_ws/install/local_setup.bash'
[0.814s] INFO:colcon.colcon_core.shell:Creating prefix chain script '/home/pc/soomac_ws/install/setup.bash'
[0.814s] INFO:colcon.colcon_core.shell:Creating prefix script '/home/pc/soomac_ws/install/local_setup.zsh'
[0.815s] INFO:colcon.colcon_core.shell:Creating prefix chain script '/home/pc/soomac_ws/install/setup.zsh'
