[0.288s] Invoking command in '/home/pc/soomac_ws/build/dongsoo_control_pkg': PYTHONPATH=/home/pc/soomac_ws/build/dongsoo_control_pkg/prefix_override:/usr/lib/python3/dist-packages/colcon_core/task/python/colcon_distutils_commands:/home/pc/soomac_ws/install/dongsoo_control_pkg/lib/python3.10/site-packages:${PYTHONPATH} /usr/bin/python3 -W ignore:setup.py install is deprecated -W ignore:easy_install command is deprecated setup.py develop --editable --build-directory /home/pc/soomac_ws/build/dongsoo_control_pkg/build --no-deps symlink_data --force
[0.414s] running develop
[0.490s] running egg_info
[0.490s] writing dongsoo_control_pkg.egg-info/PKG-INFO
[0.490s] writing dependency_links to dongsoo_control_pkg.egg-info/dependency_links.txt
[0.490s] writing entry points to dongsoo_control_pkg.egg-info/entry_points.txt
[0.490s] writing requirements to dongsoo_control_pkg.egg-info/requires.txt
[0.490s] writing top-level names to dongsoo_control_pkg.egg-info/top_level.txt
[0.491s] reading manifest file 'dongsoo_control_pkg.egg-info/SOURCES.txt'
[0.491s] writing manifest file 'dongsoo_control_pkg.egg-info/SOURCES.txt'
[0.492s] running build_ext
[0.492s] Creating /home/pc/soomac_ws/install/dongsoo_control_pkg/lib/python3.10/site-packages/dongsoo-control-pkg.egg-link (link to .)
[0.492s] Installing client_node script to /home/pc/soomac_ws/install/dongsoo_control_pkg/lib/dongsoo_control_pkg
[0.492s] Installing command_centor_node script to /home/pc/soomac_ws/install/dongsoo_control_pkg/lib/dongsoo_control_pkg
[0.492s] Installing data_hub script to /home/pc/soomac_ws/install/dongsoo_control_pkg/lib/dongsoo_control_pkg
[0.492s] Installing gripper_node script to /home/pc/soomac_ws/install/dongsoo_control_pkg/lib/dongsoo_control_pkg
[0.492s] Installing monitoring_node script to /home/pc/soomac_ws/install/dongsoo_control_pkg/lib/dongsoo_control_pkg
[0.492s] Installing motor_connect script to /home/pc/soomac_ws/install/dongsoo_control_pkg/lib/dongsoo_control_pkg
[0.492s] Installing server_node script to /home/pc/soomac_ws/install/dongsoo_control_pkg/lib/dongsoo_control_pkg
[0.492s] 
[0.493s] Installed /home/pc/soomac_ws/build/dongsoo_control_pkg
[0.493s] running symlink_data
[0.493s] symbolically linking /home/pc/soomac_ws/build/dongsoo_control_pkg/resource/dongsoo_control_pkg -> /home/pc/soomac_ws/install/dongsoo_control_pkg/share/ament_index/resource_index/packages
[0.493s] symbolically linking /home/pc/soomac_ws/build/dongsoo_control_pkg/package.xml -> /home/pc/soomac_ws/install/dongsoo_control_pkg/share/dongsoo_control_pkg
[0.503s] Invoked command in '/home/pc/soomac_ws/build/dongsoo_control_pkg' returned '0': PYTHONPATH=/home/pc/soomac_ws/build/dongsoo_control_pkg/prefix_override:/usr/lib/python3/dist-packages/colcon_core/task/python/colcon_distutils_commands:/home/pc/soomac_ws/install/dongsoo_control_pkg/lib/python3.10/site-packages:${PYTHONPATH} /usr/bin/python3 -W ignore:setup.py install is deprecated -W ignore:easy_install command is deprecated setup.py develop --editable --build-directory /home/pc/soomac_ws/build/dongsoo_control_pkg/build --no-deps symlink_data --force
