[0.283s] Invoking command in '/home/pc/soomac_ws/build/zeus_controller': PYTHONPATH=/home/pc/soomac_ws/build/zeus_controller/prefix_override:/usr/lib/python3/dist-packages/colcon_core/task/python/colcon_distutils_commands:/home/pc/soomac_ws/install/zeus_controller/lib/python3.10/site-packages:${PYTHONPATH} /usr/bin/python3 -W ignore:setup.py install is deprecated -W ignore:easy_install command is deprecated setup.py develop --uninstall --editable --build-directory /home/pc/soomac_ws/build/zeus_controller/build
[0.396s] running develop
[0.469s] Removing /home/pc/soomac_ws/install/zeus_controller/lib/python3.10/site-packages/zeus-controller.egg-link (link to .)
[0.480s] Invoked command in '/home/pc/soomac_ws/build/zeus_controller' returned '0': PYTHONPATH=/home/pc/soomac_ws/build/zeus_controller/prefix_override:/usr/lib/python3/dist-packages/colcon_core/task/python/colcon_distutils_commands:/home/pc/soomac_ws/install/zeus_controller/lib/python3.10/site-packages:${PYTHONPATH} /usr/bin/python3 -W ignore:setup.py install is deprecated -W ignore:easy_install command is deprecated setup.py develop --uninstall --editable --build-directory /home/pc/soomac_ws/build/zeus_controller/build
[0.482s] Invoking command in '/home/pc/soomac_ws/src/zeus_controller': PYTHONPATH=/home/pc/soomac_ws/build/zeus_controller/prefix_override:/usr/lib/python3/dist-packages/colcon_core/task/python/colcon_distutils_commands:/home/pc/soomac_ws/install/zeus_controller/lib/python3.10/site-packages:${PYTHONPATH} /usr/bin/python3 -W ignore:setup.py install is deprecated -W ignore:easy_install command is deprecated setup.py egg_info --egg-base ../../build/zeus_controller build --build-base /home/pc/soomac_ws/build/zeus_controller/build install --record /home/pc/soomac_ws/build/zeus_controller/install.log --single-version-externally-managed install_data --force
[0.589s] running egg_info
[0.589s] writing ../../build/zeus_controller/zeus_controller.egg-info/PKG-INFO
[0.589s] writing dependency_links to ../../build/zeus_controller/zeus_controller.egg-info/dependency_links.txt
[0.589s] writing entry points to ../../build/zeus_controller/zeus_controller.egg-info/entry_points.txt
[0.590s] writing requirements to ../../build/zeus_controller/zeus_controller.egg-info/requires.txt
[0.590s] writing top-level names to ../../build/zeus_controller/zeus_controller.egg-info/top_level.txt
[0.590s] reading manifest file '../../build/zeus_controller/zeus_controller.egg-info/SOURCES.txt'
[0.598s] writing manifest file '../../build/zeus_controller/zeus_controller.egg-info/SOURCES.txt'
[0.598s] running build
[0.598s] running build_py
[0.598s] creating /home/pc/soomac_ws/build/zeus_controller/build
[0.598s] creating /home/pc/soomac_ws/build/zeus_controller/build/lib
[0.598s] creating /home/pc/soomac_ws/build/zeus_controller/build/lib/zeus_controller
[0.598s] copying zeus_controller/__init__.py -> /home/pc/soomac_ws/build/zeus_controller/build/lib/zeus_controller
[0.598s] copying zeus_controller/zeus_connect.py -> /home/pc/soomac_ws/build/zeus_controller/build/lib/zeus_controller
[0.598s] copying zeus_controller/zeus_main.py -> /home/pc/soomac_ws/build/zeus_controller/build/lib/zeus_controller
[0.598s] running install
[0.598s] running install_lib
[0.599s] creating /home/pc/soomac_ws/install/zeus_controller/lib/python3.10/site-packages/zeus_controller
[0.599s] copying /home/pc/soomac_ws/build/zeus_controller/build/lib/zeus_controller/__init__.py -> /home/pc/soomac_ws/install/zeus_controller/lib/python3.10/site-packages/zeus_controller
[0.599s] copying /home/pc/soomac_ws/build/zeus_controller/build/lib/zeus_controller/zeus_connect.py -> /home/pc/soomac_ws/install/zeus_controller/lib/python3.10/site-packages/zeus_controller
[0.599s] copying /home/pc/soomac_ws/build/zeus_controller/build/lib/zeus_controller/zeus_main.py -> /home/pc/soomac_ws/install/zeus_controller/lib/python3.10/site-packages/zeus_controller
[0.599s] byte-compiling /home/pc/soomac_ws/install/zeus_controller/lib/python3.10/site-packages/zeus_controller/__init__.py to __init__.cpython-310.pyc
[0.599s] byte-compiling /home/pc/soomac_ws/install/zeus_controller/lib/python3.10/site-packages/zeus_controller/zeus_connect.py to zeus_connect.cpython-310.pyc
[0.600s] byte-compiling /home/pc/soomac_ws/install/zeus_controller/lib/python3.10/site-packages/zeus_controller/zeus_main.py to zeus_main.cpython-310.pyc
[0.600s]   File "/home/pc/soomac_ws/install/zeus_controller/lib/python3.10/site-packages/zeus_controller/zeus_main.py", line 18
[0.600s]     def s
[0.600s]          ^
[0.600s] SyntaxError: invalid syntax
[0.600s] 
[0.600s] running install_data
[0.600s] copying resource/zeus_controller -> /home/pc/soomac_ws/install/zeus_controller/share/ament_index/resource_index/packages
[0.600s] copying package.xml -> /home/pc/soomac_ws/install/zeus_controller/share/zeus_controller
[0.600s] running install_egg_info
[0.601s] Copying ../../build/zeus_controller/zeus_controller.egg-info to /home/pc/soomac_ws/install/zeus_controller/lib/python3.10/site-packages/zeus_controller-0.0.0-py3.10.egg-info
[0.601s] running install_scripts
[0.611s] Installing connect_zeus script to /home/pc/soomac_ws/install/zeus_controller/lib/zeus_controller
[0.611s] writing list of installed files to '/home/pc/soomac_ws/build/zeus_controller/install.log'
[0.620s] Invoked command in '/home/pc/soomac_ws/src/zeus_controller' returned '0': PYTHONPATH=/home/pc/soomac_ws/build/zeus_controller/prefix_override:/usr/lib/python3/dist-packages/colcon_core/task/python/colcon_distutils_commands:/home/pc/soomac_ws/install/zeus_controller/lib/python3.10/site-packages:${PYTHONPATH} /usr/bin/python3 -W ignore:setup.py install is deprecated -W ignore:easy_install command is deprecated setup.py egg_info --egg-base ../../build/zeus_controller build --build-base /home/pc/soomac_ws/build/zeus_controller/build install --record /home/pc/soomac_ws/build/zeus_controller/install.log --single-version-externally-managed install_data --force
