[0.006s] Invoking command in '/home/pc/soomac_ws/build/dongsoo_cpp_pkg': CMAKE_PREFIX_PATH=${CMAKE_PREFIX_PATH}:/home/pc/soomac_ws/install/homework_pkg:/home/pc/soomac_ws/install/finger_test:/home/pc/soomac_ws/install/dx_motor_control:/home/pc/soomac_ws/install/dongsoo_py_pkg:/home/pc/cont_ws/install/torque_test_pkg:/home/pc/cont_ws/install/finger_pkg:/home/pc/cont_ws/install/control_continuum:/home/pc/mg_motor_ws/install/mg_test_pkg:/home/pc/mg_motor_ws/install/mg_motor_test:/home/pc/mg_motor_ws/install/homework_pkg:/home/pc/mg_motor_ws/install/head_moving:/opt/ros/humble /usr/bin/cmake --build /home/pc/soomac_ws/build/dongsoo_cpp_pkg -- -j32 -l32
[0.031s] Consolidate compiler generated dependencies of target motor_connect
[0.031s] Consolidate compiler generated dependencies of target test_motor_connect
[0.040s] [ 50%] Building CXX object CMakeFiles/test_motor_connect.dir/src/test_motor_connect.cpp.o
[0.040s] [ 75%] Built target motor_connect
[5.338s] [100%] Linking CXX executable test_motor_connect
[5.552s] [100%] Built target test_motor_connect
[5.561s] Invoked command in '/home/pc/soomac_ws/build/dongsoo_cpp_pkg' returned '0': CMAKE_PREFIX_PATH=${CMAKE_PREFIX_PATH}:/home/pc/soomac_ws/install/homework_pkg:/home/pc/soomac_ws/install/finger_test:/home/pc/soomac_ws/install/dx_motor_control:/home/pc/soomac_ws/install/dongsoo_py_pkg:/home/pc/cont_ws/install/torque_test_pkg:/home/pc/cont_ws/install/finger_pkg:/home/pc/cont_ws/install/control_continuum:/home/pc/mg_motor_ws/install/mg_test_pkg:/home/pc/mg_motor_ws/install/mg_motor_test:/home/pc/mg_motor_ws/install/homework_pkg:/home/pc/mg_motor_ws/install/head_moving:/opt/ros/humble /usr/bin/cmake --build /home/pc/soomac_ws/build/dongsoo_cpp_pkg -- -j32 -l32
[5.567s] Invoking command in '/home/pc/soomac_ws/build/dongsoo_cpp_pkg': CMAKE_PREFIX_PATH=${CMAKE_PREFIX_PATH}:/home/pc/soomac_ws/install/homework_pkg:/home/pc/soomac_ws/install/finger_test:/home/pc/soomac_ws/install/dx_motor_control:/home/pc/soomac_ws/install/dongsoo_py_pkg:/home/pc/cont_ws/install/torque_test_pkg:/home/pc/cont_ws/install/finger_pkg:/home/pc/cont_ws/install/control_continuum:/home/pc/mg_motor_ws/install/mg_test_pkg:/home/pc/mg_motor_ws/install/mg_motor_test:/home/pc/mg_motor_ws/install/homework_pkg:/home/pc/mg_motor_ws/install/head_moving:/opt/ros/humble /usr/bin/cmake --install /home/pc/soomac_ws/build/dongsoo_cpp_pkg
[5.572s] -- Install configuration: ""
[5.573s] -- Installing: /home/pc/soomac_ws/install/dongsoo_cpp_pkg/lib/dongsoo_cpp_pkg/motor_connect
[5.575s] -- Set runtime path of "/home/pc/soomac_ws/install/dongsoo_cpp_pkg/lib/dongsoo_cpp_pkg/motor_connect" to ""
[5.575s] -- Installing: /home/pc/soomac_ws/install/dongsoo_cpp_pkg/lib/dongsoo_cpp_pkg/test_motor_connect
[5.577s] -- Set runtime path of "/home/pc/soomac_ws/install/dongsoo_cpp_pkg/lib/dongsoo_cpp_pkg/test_motor_connect" to ""
[5.577s] -- Up-to-date: /home/pc/soomac_ws/install/dongsoo_cpp_pkg/share/ament_index/resource_index/package_run_dependencies/dongsoo_cpp_pkg
[5.577s] -- Up-to-date: /home/pc/soomac_ws/install/dongsoo_cpp_pkg/share/ament_index/resource_index/parent_prefix_path/dongsoo_cpp_pkg
[5.577s] -- Up-to-date: /home/pc/soomac_ws/install/dongsoo_cpp_pkg/share/dongsoo_cpp_pkg/environment/ament_prefix_path.sh
[5.577s] -- Up-to-date: /home/pc/soomac_ws/install/dongsoo_cpp_pkg/share/dongsoo_cpp_pkg/environment/ament_prefix_path.dsv
[5.577s] -- Up-to-date: /home/pc/soomac_ws/install/dongsoo_cpp_pkg/share/dongsoo_cpp_pkg/environment/path.sh
[5.577s] -- Up-to-date: /home/pc/soomac_ws/install/dongsoo_cpp_pkg/share/dongsoo_cpp_pkg/environment/path.dsv
[5.578s] -- Up-to-date: /home/pc/soomac_ws/install/dongsoo_cpp_pkg/share/dongsoo_cpp_pkg/local_setup.bash
[5.578s] -- Up-to-date: /home/pc/soomac_ws/install/dongsoo_cpp_pkg/share/dongsoo_cpp_pkg/local_setup.sh
[5.578s] -- Up-to-date: /home/pc/soomac_ws/install/dongsoo_cpp_pkg/share/dongsoo_cpp_pkg/local_setup.zsh
[5.578s] -- Up-to-date: /home/pc/soomac_ws/install/dongsoo_cpp_pkg/share/dongsoo_cpp_pkg/local_setup.dsv
[5.578s] -- Installing: /home/pc/soomac_ws/install/dongsoo_cpp_pkg/share/dongsoo_cpp_pkg/package.dsv
[5.578s] -- Up-to-date: /home/pc/soomac_ws/install/dongsoo_cpp_pkg/share/ament_index/resource_index/packages/dongsoo_cpp_pkg
[5.578s] -- Up-to-date: /home/pc/soomac_ws/install/dongsoo_cpp_pkg/share/dongsoo_cpp_pkg/cmake/dongsoo_cpp_pkgConfig.cmake
[5.578s] -- Up-to-date: /home/pc/soomac_ws/install/dongsoo_cpp_pkg/share/dongsoo_cpp_pkg/cmake/dongsoo_cpp_pkgConfig-version.cmake
[5.578s] -- Up-to-date: /home/pc/soomac_ws/install/dongsoo_cpp_pkg/share/dongsoo_cpp_pkg/package.xml
[5.579s] Invoked command in '/home/pc/soomac_ws/build/dongsoo_cpp_pkg' returned '0': CMAKE_PREFIX_PATH=${CMAKE_PREFIX_PATH}:/home/pc/soomac_ws/install/homework_pkg:/home/pc/soomac_ws/install/finger_test:/home/pc/soomac_ws/install/dx_motor_control:/home/pc/soomac_ws/install/dongsoo_py_pkg:/home/pc/cont_ws/install/torque_test_pkg:/home/pc/cont_ws/install/finger_pkg:/home/pc/cont_ws/install/control_continuum:/home/pc/mg_motor_ws/install/mg_test_pkg:/home/pc/mg_motor_ws/install/mg_motor_test:/home/pc/mg_motor_ws/install/homework_pkg:/home/pc/mg_motor_ws/install/head_moving:/opt/ros/humble /usr/bin/cmake --install /home/pc/soomac_ws/build/dongsoo_cpp_pkg
