running develop
Removing /home/pc/soomac_ws/install/dongsoo_control_pkg/lib/python3.10/site-packages/dongsoo-control-pkg.egg-link (link to .)
running egg_info
writing ../../build/dongsoo_control_pkg/dongsoo_control_pkg.egg-info/PKG-INFO
writing dependency_links to ../../build/dongsoo_control_pkg/dongsoo_control_pkg.egg-info/dependency_links.txt
writing entry points to ../../build/dongsoo_control_pkg/dongsoo_control_pkg.egg-info/entry_points.txt
writing requirements to ../../build/dongsoo_control_pkg/dongsoo_control_pkg.egg-info/requires.txt
writing top-level names to ../../build/dongsoo_control_pkg/dongsoo_control_pkg.egg-info/top_level.txt
reading manifest file '../../build/dongsoo_control_pkg/dongsoo_control_pkg.egg-info/SOURCES.txt'
writing manifest file '../../build/dongsoo_control_pkg/dongsoo_control_pkg.egg-info/SOURCES.txt'
running build
running build_py
creating /home/pc/soomac_ws/build/dongsoo_control_pkg/build
creating /home/pc/soomac_ws/build/dongsoo_control_pkg/build/lib
creating /home/pc/soomac_ws/build/dongsoo_control_pkg/build/lib/dongsoo_control_pkg
copying dongsoo_control_pkg/dongsoo_gripper_node.py -> /home/pc/soomac_ws/build/dongsoo_control_pkg/build/lib/dongsoo_control_pkg
copying dongsoo_control_pkg/module.py -> /home/pc/soomac_ws/build/dongsoo_control_pkg/build/lib/dongsoo_control_pkg
copying dongsoo_control_pkg/__init__.py -> /home/pc/soomac_ws/build/dongsoo_control_pkg/build/lib/dongsoo_control_pkg
copying dongsoo_control_pkg/dongsoo_client_node.py -> /home/pc/soomac_ws/build/dongsoo_control_pkg/build/lib/dongsoo_control_pkg
copying dongsoo_control_pkg/Inverse_Kinematics copy.py -> /home/pc/soomac_ws/build/dongsoo_control_pkg/build/lib/dongsoo_control_pkg
copying dongsoo_control_pkg/dh_module.py -> /home/pc/soomac_ws/build/dongsoo_control_pkg/build/lib/dongsoo_control_pkg
copying dongsoo_control_pkg/read_json.py -> /home/pc/soomac_ws/build/dongsoo_control_pkg/build/lib/dongsoo_control_pkg
copying dongsoo_control_pkg/dongsoo_data_hub.py -> /home/pc/soomac_ws/build/dongsoo_control_pkg/build/lib/dongsoo_control_pkg
copying dongsoo_control_pkg/dongsoo_server_node.py -> /home/pc/soomac_ws/build/dongsoo_control_pkg/build/lib/dongsoo_control_pkg
copying dongsoo_control_pkg/dongsoo_monitoring_node.py -> /home/pc/soomac_ws/build/dongsoo_control_pkg/build/lib/dongsoo_control_pkg
copying dongsoo_control_pkg/dongsoo_command_centor.py -> /home/pc/soomac_ws/build/dongsoo_control_pkg/build/lib/dongsoo_control_pkg
copying dongsoo_control_pkg/Inverse_Kinematics.py -> /home/pc/soomac_ws/build/dongsoo_control_pkg/build/lib/dongsoo_control_pkg
copying dongsoo_control_pkg/dongsoo_motor_connect.py -> /home/pc/soomac_ws/build/dongsoo_control_pkg/build/lib/dongsoo_control_pkg
running install
running install_lib
creating /home/pc/soomac_ws/install/dongsoo_control_pkg/lib/python3.10/site-packages/dongsoo_control_pkg
copying /home/pc/soomac_ws/build/dongsoo_control_pkg/build/lib/dongsoo_control_pkg/dongsoo_gripper_node.py -> /home/pc/soomac_ws/install/dongsoo_control_pkg/lib/python3.10/site-packages/dongsoo_control_pkg
copying /home/pc/soomac_ws/build/dongsoo_control_pkg/build/lib/dongsoo_control_pkg/module.py -> /home/pc/soomac_ws/install/dongsoo_control_pkg/lib/python3.10/site-packages/dongsoo_control_pkg
copying /home/pc/soomac_ws/build/dongsoo_control_pkg/build/lib/dongsoo_control_pkg/__init__.py -> /home/pc/soomac_ws/install/dongsoo_control_pkg/lib/python3.10/site-packages/dongsoo_control_pkg
copying /home/pc/soomac_ws/build/dongsoo_control_pkg/build/lib/dongsoo_control_pkg/dongsoo_client_node.py -> /home/pc/soomac_ws/install/dongsoo_control_pkg/lib/python3.10/site-packages/dongsoo_control_pkg
copying /home/pc/soomac_ws/build/dongsoo_control_pkg/build/lib/dongsoo_control_pkg/Inverse_Kinematics copy.py -> /home/pc/soomac_ws/install/dongsoo_control_pkg/lib/python3.10/site-packages/dongsoo_control_pkg
copying /home/pc/soomac_ws/build/dongsoo_control_pkg/build/lib/dongsoo_control_pkg/dh_module.py -> /home/pc/soomac_ws/install/dongsoo_control_pkg/lib/python3.10/site-packages/dongsoo_control_pkg
copying /home/pc/soomac_ws/build/dongsoo_control_pkg/build/lib/dongsoo_control_pkg/read_json.py -> /home/pc/soomac_ws/install/dongsoo_control_pkg/lib/python3.10/site-packages/dongsoo_control_pkg
copying /home/pc/soomac_ws/build/dongsoo_control_pkg/build/lib/dongsoo_control_pkg/dongsoo_data_hub.py -> /home/pc/soomac_ws/install/dongsoo_control_pkg/lib/python3.10/site-packages/dongsoo_control_pkg
copying /home/pc/soomac_ws/build/dongsoo_control_pkg/build/lib/dongsoo_control_pkg/dongsoo_server_node.py -> /home/pc/soomac_ws/install/dongsoo_control_pkg/lib/python3.10/site-packages/dongsoo_control_pkg
copying /home/pc/soomac_ws/build/dongsoo_control_pkg/build/lib/dongsoo_control_pkg/dongsoo_monitoring_node.py -> /home/pc/soomac_ws/install/dongsoo_control_pkg/lib/python3.10/site-packages/dongsoo_control_pkg
copying /home/pc/soomac_ws/build/dongsoo_control_pkg/build/lib/dongsoo_control_pkg/dongsoo_command_centor.py -> /home/pc/soomac_ws/install/dongsoo_control_pkg/lib/python3.10/site-packages/dongsoo_control_pkg
copying /home/pc/soomac_ws/build/dongsoo_control_pkg/build/lib/dongsoo_control_pkg/Inverse_Kinematics.py -> /home/pc/soomac_ws/install/dongsoo_control_pkg/lib/python3.10/site-packages/dongsoo_control_pkg
copying /home/pc/soomac_ws/build/dongsoo_control_pkg/build/lib/dongsoo_control_pkg/dongsoo_motor_connect.py -> /home/pc/soomac_ws/install/dongsoo_control_pkg/lib/python3.10/site-packages/dongsoo_control_pkg
byte-compiling /home/pc/soomac_ws/install/dongsoo_control_pkg/lib/python3.10/site-packages/dongsoo_control_pkg/dongsoo_gripper_node.py to dongsoo_gripper_node.cpython-310.pyc
byte-compiling /home/pc/soomac_ws/install/dongsoo_control_pkg/lib/python3.10/site-packages/dongsoo_control_pkg/module.py to module.cpython-310.pyc
byte-compiling /home/pc/soomac_ws/install/dongsoo_control_pkg/lib/python3.10/site-packages/dongsoo_control_pkg/__init__.py to __init__.cpython-310.pyc
byte-compiling /home/pc/soomac_ws/install/dongsoo_control_pkg/lib/python3.10/site-packages/dongsoo_control_pkg/dongsoo_client_node.py to dongsoo_client_node.cpython-310.pyc
byte-compiling /home/pc/soomac_ws/install/dongsoo_control_pkg/lib/python3.10/site-packages/dongsoo_control_pkg/Inverse_Kinematics copy.py to Inverse_Kinematics copy.cpython-310.pyc
byte-compiling /home/pc/soomac_ws/install/dongsoo_control_pkg/lib/python3.10/site-packages/dongsoo_control_pkg/dh_module.py to dh_module.cpython-310.pyc
byte-compiling /home/pc/soomac_ws/install/dongsoo_control_pkg/lib/python3.10/site-packages/dongsoo_control_pkg/read_json.py to read_json.cpython-310.pyc
byte-compiling /home/pc/soomac_ws/install/dongsoo_control_pkg/lib/python3.10/site-packages/dongsoo_control_pkg/dongsoo_data_hub.py to dongsoo_data_hub.cpython-310.pyc
byte-compiling /home/pc/soomac_ws/install/dongsoo_control_pkg/lib/python3.10/site-packages/dongsoo_control_pkg/dongsoo_server_node.py to dongsoo_server_node.cpython-310.pyc
byte-compiling /home/pc/soomac_ws/install/dongsoo_control_pkg/lib/python3.10/site-packages/dongsoo_control_pkg/dongsoo_monitoring_node.py to dongsoo_monitoring_node.cpython-310.pyc
byte-compiling /home/pc/soomac_ws/install/dongsoo_control_pkg/lib/python3.10/site-packages/dongsoo_control_pkg/dongsoo_command_centor.py to dongsoo_command_centor.cpython-310.pyc
byte-compiling /home/pc/soomac_ws/install/dongsoo_control_pkg/lib/python3.10/site-packages/dongsoo_control_pkg/Inverse_Kinematics.py to Inverse_Kinematics.cpython-310.pyc
byte-compiling /home/pc/soomac_ws/install/dongsoo_control_pkg/lib/python3.10/site-packages/dongsoo_control_pkg/dongsoo_motor_connect.py to dongsoo_motor_connect.cpython-310.pyc
running install_data
copying resource/dongsoo_control_pkg -> /home/pc/soomac_ws/install/dongsoo_control_pkg/share/ament_index/resource_index/packages
copying package.xml -> /home/pc/soomac_ws/install/dongsoo_control_pkg/share/dongsoo_control_pkg
running install_egg_info
Copying ../../build/dongsoo_control_pkg/dongsoo_control_pkg.egg-info to /home/pc/soomac_ws/install/dongsoo_control_pkg/lib/python3.10/site-packages/dongsoo_control_pkg-0.0.0-py3.10.egg-info
running install_scripts
Installing client_node script to /home/pc/soomac_ws/install/dongsoo_control_pkg/lib/dongsoo_control_pkg
Installing command_centor_node script to /home/pc/soomac_ws/install/dongsoo_control_pkg/lib/dongsoo_control_pkg
Installing data_hub script to /home/pc/soomac_ws/install/dongsoo_control_pkg/lib/dongsoo_control_pkg
Installing gripper_node script to /home/pc/soomac_ws/install/dongsoo_control_pkg/lib/dongsoo_control_pkg
Installing monitoring_node script to /home/pc/soomac_ws/install/dongsoo_control_pkg/lib/dongsoo_control_pkg
Installing motor_connect script to /home/pc/soomac_ws/install/dongsoo_control_pkg/lib/dongsoo_control_pkg
Installing server_node script to /home/pc/soomac_ws/install/dongsoo_control_pkg/lib/dongsoo_control_pkg
writing list of installed files to '/home/pc/soomac_ws/build/dongsoo_control_pkg/install.log'
