[0.286s] Invoking command in '/home/pc/soomac_ws/build/dongsoo_control_pkg': AMENT_PREFIX_PATH=/home/pc/soomac_ws/install/dongsoo_interfaces:${AMENT_PREFIX_PATH} CMAKE_PREFIX_PATH=/home/pc/soomac_ws/install/dongsoo_interfaces:${CMAKE_PREFIX_PATH} LD_LIBRARY_PATH=/home/pc/soomac_ws/install/dongsoo_interfaces/lib:${LD_LIBRARY_PATH} PYTHONPATH=/home/pc/soomac_ws/build/dongsoo_control_pkg/prefix_override:/usr/lib/python3/dist-packages/colcon_core/task/python/colcon_distutils_commands:/home/pc/soomac_ws/install/dongsoo_control_pkg/lib/python3.10/site-packages:/home/pc/soomac_ws/install/dongsoo_interfaces/local/lib/python3.10/dist-packages:${PYTHONPATH} /usr/bin/python3 -W ignore:setup.py install is deprecated -W ignore:easy_install command is deprecated setup.py develop --uninstall --editable --build-directory /home/pc/soomac_ws/build/dongsoo_control_pkg/build
[0.408s] running develop
[0.482s] Removing /home/pc/soomac_ws/install/dongsoo_control_pkg/lib/python3.10/site-packages/dongsoo-control-pkg.egg-link (link to .)
[0.493s] Invoked command in '/home/pc/soomac_ws/build/dongsoo_control_pkg' returned '0': AMENT_PREFIX_PATH=/home/pc/soomac_ws/install/dongsoo_interfaces:${AMENT_PREFIX_PATH} CMAKE_PREFIX_PATH=/home/pc/soomac_ws/install/dongsoo_interfaces:${CMAKE_PREFIX_PATH} LD_LIBRARY_PATH=/home/pc/soomac_ws/install/dongsoo_interfaces/lib:${LD_LIBRARY_PATH} PYTHONPATH=/home/pc/soomac_ws/build/dongsoo_control_pkg/prefix_override:/usr/lib/python3/dist-packages/colcon_core/task/python/colcon_distutils_commands:/home/pc/soomac_ws/install/dongsoo_control_pkg/lib/python3.10/site-packages:/home/pc/soomac_ws/install/dongsoo_interfaces/local/lib/python3.10/dist-packages:${PYTHONPATH} /usr/bin/python3 -W ignore:setup.py install is deprecated -W ignore:easy_install command is deprecated setup.py develop --uninstall --editable --build-directory /home/pc/soomac_ws/build/dongsoo_control_pkg/build
[0.494s] Invoking command in '/home/pc/soomac_ws/src/dongsoo_control_pkg': AMENT_PREFIX_PATH=/home/pc/soomac_ws/install/dongsoo_interfaces:${AMENT_PREFIX_PATH} CMAKE_PREFIX_PATH=/home/pc/soomac_ws/install/dongsoo_interfaces:${CMAKE_PREFIX_PATH} LD_LIBRARY_PATH=/home/pc/soomac_ws/install/dongsoo_interfaces/lib:${LD_LIBRARY_PATH} PYTHONPATH=/home/pc/soomac_ws/build/dongsoo_control_pkg/prefix_override:/usr/lib/python3/dist-packages/colcon_core/task/python/colcon_distutils_commands:/home/pc/soomac_ws/install/dongsoo_control_pkg/lib/python3.10/site-packages:/home/pc/soomac_ws/install/dongsoo_interfaces/local/lib/python3.10/dist-packages:${PYTHONPATH} /usr/bin/python3 -W ignore:setup.py install is deprecated -W ignore:easy_install command is deprecated setup.py egg_info --egg-base ../../build/dongsoo_control_pkg build --build-base /home/pc/soomac_ws/build/dongsoo_control_pkg/build install --record /home/pc/soomac_ws/build/dongsoo_control_pkg/install.log --single-version-externally-managed install_data --force
[0.616s] running egg_info
[0.616s] writing ../../build/dongsoo_control_pkg/dongsoo_control_pkg.egg-info/PKG-INFO
[0.616s] writing dependency_links to ../../build/dongsoo_control_pkg/dongsoo_control_pkg.egg-info/dependency_links.txt
[0.616s] writing entry points to ../../build/dongsoo_control_pkg/dongsoo_control_pkg.egg-info/entry_points.txt
[0.616s] writing requirements to ../../build/dongsoo_control_pkg/dongsoo_control_pkg.egg-info/requires.txt
[0.616s] writing top-level names to ../../build/dongsoo_control_pkg/dongsoo_control_pkg.egg-info/top_level.txt
[0.617s] reading manifest file '../../build/dongsoo_control_pkg/dongsoo_control_pkg.egg-info/SOURCES.txt'
[0.617s] writing manifest file '../../build/dongsoo_control_pkg/dongsoo_control_pkg.egg-info/SOURCES.txt'
[0.617s] running build
[0.617s] running build_py
[0.617s] creating /home/pc/soomac_ws/build/dongsoo_control_pkg/build
[0.618s] creating /home/pc/soomac_ws/build/dongsoo_control_pkg/build/lib
[0.618s] creating /home/pc/soomac_ws/build/dongsoo_control_pkg/build/lib/dongsoo_control_pkg
[0.618s] copying dongsoo_control_pkg/dongsoo_gripper_node.py -> /home/pc/soomac_ws/build/dongsoo_control_pkg/build/lib/dongsoo_control_pkg
[0.618s] copying dongsoo_control_pkg/module.py -> /home/pc/soomac_ws/build/dongsoo_control_pkg/build/lib/dongsoo_control_pkg
[0.618s] copying dongsoo_control_pkg/__init__.py -> /home/pc/soomac_ws/build/dongsoo_control_pkg/build/lib/dongsoo_control_pkg
[0.618s] copying dongsoo_control_pkg/dongsoo_client_node.py -> /home/pc/soomac_ws/build/dongsoo_control_pkg/build/lib/dongsoo_control_pkg
[0.618s] copying dongsoo_control_pkg/Inverse_Kinematics copy.py -> /home/pc/soomac_ws/build/dongsoo_control_pkg/build/lib/dongsoo_control_pkg
[0.618s] copying dongsoo_control_pkg/dh_module.py -> /home/pc/soomac_ws/build/dongsoo_control_pkg/build/lib/dongsoo_control_pkg
[0.618s] copying dongsoo_control_pkg/read_json.py -> /home/pc/soomac_ws/build/dongsoo_control_pkg/build/lib/dongsoo_control_pkg
[0.618s] copying dongsoo_control_pkg/dongsoo_data_hub.py -> /home/pc/soomac_ws/build/dongsoo_control_pkg/build/lib/dongsoo_control_pkg
[0.618s] copying dongsoo_control_pkg/dongsoo_server_node.py -> /home/pc/soomac_ws/build/dongsoo_control_pkg/build/lib/dongsoo_control_pkg
[0.618s] copying dongsoo_control_pkg/dongsoo_monitoring_node.py -> /home/pc/soomac_ws/build/dongsoo_control_pkg/build/lib/dongsoo_control_pkg
[0.618s] copying dongsoo_control_pkg/dongsoo_command_centor.py -> /home/pc/soomac_ws/build/dongsoo_control_pkg/build/lib/dongsoo_control_pkg
[0.618s] copying dongsoo_control_pkg/Inverse_Kinematics.py -> /home/pc/soomac_ws/build/dongsoo_control_pkg/build/lib/dongsoo_control_pkg
[0.618s] copying dongsoo_control_pkg/dongsoo_motor_connect.py -> /home/pc/soomac_ws/build/dongsoo_control_pkg/build/lib/dongsoo_control_pkg
[0.618s] running install
[0.618s] running install_lib
[0.618s] creating /home/pc/soomac_ws/install/dongsoo_control_pkg/lib/python3.10/site-packages/dongsoo_control_pkg
[0.618s] copying /home/pc/soomac_ws/build/dongsoo_control_pkg/build/lib/dongsoo_control_pkg/dongsoo_gripper_node.py -> /home/pc/soomac_ws/install/dongsoo_control_pkg/lib/python3.10/site-packages/dongsoo_control_pkg
[0.619s] copying /home/pc/soomac_ws/build/dongsoo_control_pkg/build/lib/dongsoo_control_pkg/module.py -> /home/pc/soomac_ws/install/dongsoo_control_pkg/lib/python3.10/site-packages/dongsoo_control_pkg
[0.619s] copying /home/pc/soomac_ws/build/dongsoo_control_pkg/build/lib/dongsoo_control_pkg/__init__.py -> /home/pc/soomac_ws/install/dongsoo_control_pkg/lib/python3.10/site-packages/dongsoo_control_pkg
[0.619s] copying /home/pc/soomac_ws/build/dongsoo_control_pkg/build/lib/dongsoo_control_pkg/dongsoo_client_node.py -> /home/pc/soomac_ws/install/dongsoo_control_pkg/lib/python3.10/site-packages/dongsoo_control_pkg
[0.619s] copying /home/pc/soomac_ws/build/dongsoo_control_pkg/build/lib/dongsoo_control_pkg/Inverse_Kinematics copy.py -> /home/pc/soomac_ws/install/dongsoo_control_pkg/lib/python3.10/site-packages/dongsoo_control_pkg
[0.619s] copying /home/pc/soomac_ws/build/dongsoo_control_pkg/build/lib/dongsoo_control_pkg/dh_module.py -> /home/pc/soomac_ws/install/dongsoo_control_pkg/lib/python3.10/site-packages/dongsoo_control_pkg
[0.619s] copying /home/pc/soomac_ws/build/dongsoo_control_pkg/build/lib/dongsoo_control_pkg/read_json.py -> /home/pc/soomac_ws/install/dongsoo_control_pkg/lib/python3.10/site-packages/dongsoo_control_pkg
[0.619s] copying /home/pc/soomac_ws/build/dongsoo_control_pkg/build/lib/dongsoo_control_pkg/dongsoo_data_hub.py -> /home/pc/soomac_ws/install/dongsoo_control_pkg/lib/python3.10/site-packages/dongsoo_control_pkg
[0.619s] copying /home/pc/soomac_ws/build/dongsoo_control_pkg/build/lib/dongsoo_control_pkg/dongsoo_server_node.py -> /home/pc/soomac_ws/install/dongsoo_control_pkg/lib/python3.10/site-packages/dongsoo_control_pkg
[0.619s] copying /home/pc/soomac_ws/build/dongsoo_control_pkg/build/lib/dongsoo_control_pkg/dongsoo_monitoring_node.py -> /home/pc/soomac_ws/install/dongsoo_control_pkg/lib/python3.10/site-packages/dongsoo_control_pkg
[0.619s] copying /home/pc/soomac_ws/build/dongsoo_control_pkg/build/lib/dongsoo_control_pkg/dongsoo_command_centor.py -> /home/pc/soomac_ws/install/dongsoo_control_pkg/lib/python3.10/site-packages/dongsoo_control_pkg
[0.619s] copying /home/pc/soomac_ws/build/dongsoo_control_pkg/build/lib/dongsoo_control_pkg/Inverse_Kinematics.py -> /home/pc/soomac_ws/install/dongsoo_control_pkg/lib/python3.10/site-packages/dongsoo_control_pkg
[0.619s] copying /home/pc/soomac_ws/build/dongsoo_control_pkg/build/lib/dongsoo_control_pkg/dongsoo_motor_connect.py -> /home/pc/soomac_ws/install/dongsoo_control_pkg/lib/python3.10/site-packages/dongsoo_control_pkg
[0.619s] byte-compiling /home/pc/soomac_ws/install/dongsoo_control_pkg/lib/python3.10/site-packages/dongsoo_control_pkg/dongsoo_gripper_node.py to dongsoo_gripper_node.cpython-310.pyc
[0.620s] byte-compiling /home/pc/soomac_ws/install/dongsoo_control_pkg/lib/python3.10/site-packages/dongsoo_control_pkg/module.py to module.cpython-310.pyc
[0.621s] byte-compiling /home/pc/soomac_ws/install/dongsoo_control_pkg/lib/python3.10/site-packages/dongsoo_control_pkg/__init__.py to __init__.cpython-310.pyc
[0.621s] byte-compiling /home/pc/soomac_ws/install/dongsoo_control_pkg/lib/python3.10/site-packages/dongsoo_control_pkg/dongsoo_client_node.py to dongsoo_client_node.cpython-310.pyc
[0.621s] byte-compiling /home/pc/soomac_ws/install/dongsoo_control_pkg/lib/python3.10/site-packages/dongsoo_control_pkg/Inverse_Kinematics copy.py to Inverse_Kinematics copy.cpython-310.pyc
[0.621s] byte-compiling /home/pc/soomac_ws/install/dongsoo_control_pkg/lib/python3.10/site-packages/dongsoo_control_pkg/dh_module.py to dh_module.cpython-310.pyc
[0.622s] byte-compiling /home/pc/soomac_ws/install/dongsoo_control_pkg/lib/python3.10/site-packages/dongsoo_control_pkg/read_json.py to read_json.cpython-310.pyc
[0.623s] byte-compiling /home/pc/soomac_ws/install/dongsoo_control_pkg/lib/python3.10/site-packages/dongsoo_control_pkg/dongsoo_data_hub.py to dongsoo_data_hub.cpython-310.pyc
[0.623s] byte-compiling /home/pc/soomac_ws/install/dongsoo_control_pkg/lib/python3.10/site-packages/dongsoo_control_pkg/dongsoo_server_node.py to dongsoo_server_node.cpython-310.pyc
[0.624s] byte-compiling /home/pc/soomac_ws/install/dongsoo_control_pkg/lib/python3.10/site-packages/dongsoo_control_pkg/dongsoo_monitoring_node.py to dongsoo_monitoring_node.cpython-310.pyc
[0.625s] byte-compiling /home/pc/soomac_ws/install/dongsoo_control_pkg/lib/python3.10/site-packages/dongsoo_control_pkg/dongsoo_command_centor.py to dongsoo_command_centor.cpython-310.pyc
[0.626s] byte-compiling /home/pc/soomac_ws/install/dongsoo_control_pkg/lib/python3.10/site-packages/dongsoo_control_pkg/Inverse_Kinematics.py to Inverse_Kinematics.cpython-310.pyc
[0.626s] byte-compiling /home/pc/soomac_ws/install/dongsoo_control_pkg/lib/python3.10/site-packages/dongsoo_control_pkg/dongsoo_motor_connect.py to dongsoo_motor_connect.cpython-310.pyc
[0.628s] running install_data
[0.628s] copying resource/dongsoo_control_pkg -> /home/pc/soomac_ws/install/dongsoo_control_pkg/share/ament_index/resource_index/packages
[0.628s] copying package.xml -> /home/pc/soomac_ws/install/dongsoo_control_pkg/share/dongsoo_control_pkg
[0.628s] running install_egg_info
[0.629s] Copying ../../build/dongsoo_control_pkg/dongsoo_control_pkg.egg-info to /home/pc/soomac_ws/install/dongsoo_control_pkg/lib/python3.10/site-packages/dongsoo_control_pkg-0.0.0-py3.10.egg-info
[0.629s] running install_scripts
[0.639s] Installing client_node script to /home/pc/soomac_ws/install/dongsoo_control_pkg/lib/dongsoo_control_pkg
[0.639s] Installing command_centor_node script to /home/pc/soomac_ws/install/dongsoo_control_pkg/lib/dongsoo_control_pkg
[0.639s] Installing data_hub script to /home/pc/soomac_ws/install/dongsoo_control_pkg/lib/dongsoo_control_pkg
[0.639s] Installing gripper_node script to /home/pc/soomac_ws/install/dongsoo_control_pkg/lib/dongsoo_control_pkg
[0.639s] Installing monitoring_node script to /home/pc/soomac_ws/install/dongsoo_control_pkg/lib/dongsoo_control_pkg
[0.639s] Installing motor_connect script to /home/pc/soomac_ws/install/dongsoo_control_pkg/lib/dongsoo_control_pkg
[0.639s] Installing server_node script to /home/pc/soomac_ws/install/dongsoo_control_pkg/lib/dongsoo_control_pkg
[0.639s] writing list of installed files to '/home/pc/soomac_ws/build/dongsoo_control_pkg/install.log'
[0.649s] Invoked command in '/home/pc/soomac_ws/src/dongsoo_control_pkg' returned '0': AMENT_PREFIX_PATH=/home/pc/soomac_ws/install/dongsoo_interfaces:${AMENT_PREFIX_PATH} CMAKE_PREFIX_PATH=/home/pc/soomac_ws/install/dongsoo_interfaces:${CMAKE_PREFIX_PATH} LD_LIBRARY_PATH=/home/pc/soomac_ws/install/dongsoo_interfaces/lib:${LD_LIBRARY_PATH} PYTHONPATH=/home/pc/soomac_ws/build/dongsoo_control_pkg/prefix_override:/usr/lib/python3/dist-packages/colcon_core/task/python/colcon_distutils_commands:/home/pc/soomac_ws/install/dongsoo_control_pkg/lib/python3.10/site-packages:/home/pc/soomac_ws/install/dongsoo_interfaces/local/lib/python3.10/dist-packages:${PYTHONPATH} /usr/bin/python3 -W ignore:setup.py install is deprecated -W ignore:easy_install command is deprecated setup.py egg_info --egg-base ../../build/dongsoo_control_pkg build --build-base /home/pc/soomac_ws/build/dongsoo_control_pkg/build install --record /home/pc/soomac_ws/build/dongsoo_control_pkg/install.log --single-version-externally-managed install_data --force
