[0.069s] DEBUG:colcon:Command line arguments: ['/usr/bin/colcon', 'build', '--packages-select', 'finger_test', '--symlink-install']
[0.069s] DEBUG:colcon:Parsed command line arguments: Namespace(log_base=None, log_level=None, verb_name='build', build_base='build', install_base='install', merge_install=False, symlink_install=True, test_result_base=None, continue_on_error=False, executor='parallel', parallel_workers=32, event_handlers=None, ignore_user_meta=False, metas=['./colcon.meta'], base_paths=['.'], packages_ignore=None, packages_ignore_regex=None, paths=None, packages_up_to=None, packages_up_to_regex=None, packages_above=None, packages_above_and_dependencies=None, packages_above_depth=None, packages_select_by_dep=None, packages_skip_by_dep=None, packages_skip_up_to=None, packages_select_build_failed=False, packages_skip_build_finished=False, packages_select_test_failures=False, packages_skip_test_passed=False, packages_select=['finger_test'], packages_skip=None, packages_select_regex=None, packages_skip_regex=None, packages_start=None, packages_end=None, allow_overriding=[], cmake_args=None, cmake_target=None, cmake_target_skip_unavailable=False, cmake_clean_cache=False, cmake_clean_first=False, cmake_force_configure=False, ament_cmake_args=None, catkin_cmake_args=None, catkin_skip_building_tests=False, mixin_files=None, mixin=None, verb_parser=<colcon_mixin.mixin.mixin_argument.MixinArgumentDecorator object at 0x7e2ad727d570>, verb_extension=<colcon_core.verb.build.BuildVerb object at 0x7e2ad7207730>, main=<bound method BuildVerb.main of <colcon_core.verb.build.BuildVerb object at 0x7e2ad7207730>>, mixin_verb=('build',))
[0.151s] Level 1:colcon.colcon_core.package_discovery:discover_packages(colcon_meta) check parameters
[0.151s] Level 1:colcon.colcon_core.package_discovery:discover_packages(recursive) check parameters
[0.151s] Level 1:colcon.colcon_core.package_discovery:discover_packages(ignore) check parameters
[0.151s] Level 1:colcon.colcon_core.package_discovery:discover_packages(path) check parameters
[0.151s] Level 1:colcon.colcon_core.package_discovery:discover_packages(colcon_meta) discover
[0.151s] Level 1:colcon.colcon_core.package_discovery:discover_packages(recursive) discover
[0.151s] INFO:colcon.colcon_core.package_discovery:Crawling recursively for packages in '/home/pc/soomac_ws'
[0.151s] Level 1:colcon.colcon_core.package_identification:_identify(.) by extensions ['ignore', 'ignore_ament_install']
[0.151s] Level 1:colcon.colcon_core.package_identification:_identify(.) by extension 'ignore'
[0.151s] Level 1:colcon.colcon_core.package_identification:_identify(.) by extension 'ignore_ament_install'
[0.151s] Level 1:colcon.colcon_core.package_identification:_identify(.) by extensions ['colcon_pkg']
[0.151s] Level 1:colcon.colcon_core.package_identification:_identify(.) by extension 'colcon_pkg'
[0.151s] Level 1:colcon.colcon_core.package_identification:_identify(.) by extensions ['colcon_meta']
[0.151s] Level 1:colcon.colcon_core.package_identification:_identify(.) by extension 'colcon_meta'
[0.151s] Level 1:colcon.colcon_core.package_identification:_identify(.) by extensions ['ros']
[0.151s] Level 1:colcon.colcon_core.package_identification:_identify(.) by extension 'ros'
[0.156s] Level 1:colcon.colcon_core.package_identification:_identify(.) by extensions ['cmake', 'python']
[0.156s] Level 1:colcon.colcon_core.package_identification:_identify(.) by extension 'cmake'
[0.156s] Level 1:colcon.colcon_core.package_identification:_identify(.) by extension 'python'
[0.156s] Level 1:colcon.colcon_core.package_identification:_identify(.) by extensions ['python_setup_py']
[0.156s] Level 1:colcon.colcon_core.package_identification:_identify(.) by extension 'python_setup_py'
[0.156s] Level 1:colcon.colcon_core.package_identification:_identify(build) by extensions ['ignore', 'ignore_ament_install']
[0.156s] Level 1:colcon.colcon_core.package_identification:_identify(build) by extension 'ignore'
[0.156s] Level 1:colcon.colcon_core.package_identification:_identify(build) ignored
[0.156s] Level 1:colcon.colcon_core.package_identification:_identify(install) by extensions ['ignore', 'ignore_ament_install']
[0.156s] Level 1:colcon.colcon_core.package_identification:_identify(install) by extension 'ignore'
[0.156s] Level 1:colcon.colcon_core.package_identification:_identify(install) ignored
[0.156s] Level 1:colcon.colcon_core.package_identification:_identify(log) by extensions ['ignore', 'ignore_ament_install']
[0.156s] Level 1:colcon.colcon_core.package_identification:_identify(log) by extension 'ignore'
[0.156s] Level 1:colcon.colcon_core.package_identification:_identify(log) ignored
[0.157s] Level 1:colcon.colcon_core.package_identification:_identify(src) by extensions ['ignore', 'ignore_ament_install']
[0.157s] Level 1:colcon.colcon_core.package_identification:_identify(src) by extension 'ignore'
[0.157s] Level 1:colcon.colcon_core.package_identification:_identify(src) by extension 'ignore_ament_install'
[0.157s] Level 1:colcon.colcon_core.package_identification:_identify(src) by extensions ['colcon_pkg']
[0.157s] Level 1:colcon.colcon_core.package_identification:_identify(src) by extension 'colcon_pkg'
[0.157s] Level 1:colcon.colcon_core.package_identification:_identify(src) by extensions ['colcon_meta']
[0.157s] Level 1:colcon.colcon_core.package_identification:_identify(src) by extension 'colcon_meta'
[0.157s] Level 1:colcon.colcon_core.package_identification:_identify(src) by extensions ['ros']
[0.157s] Level 1:colcon.colcon_core.package_identification:_identify(src) by extension 'ros'
[0.157s] Level 1:colcon.colcon_core.package_identification:_identify(src) by extensions ['cmake', 'python']
[0.157s] Level 1:colcon.colcon_core.package_identification:_identify(src) by extension 'cmake'
[0.157s] Level 1:colcon.colcon_core.package_identification:_identify(src) by extension 'python'
[0.157s] Level 1:colcon.colcon_core.package_identification:_identify(src) by extensions ['python_setup_py']
[0.157s] Level 1:colcon.colcon_core.package_identification:_identify(src) by extension 'python_setup_py'
[0.157s] Level 1:colcon.colcon_core.package_identification:_identify(src/dx_motor_control) by extensions ['ignore', 'ignore_ament_install']
[0.157s] Level 1:colcon.colcon_core.package_identification:_identify(src/dx_motor_control) by extension 'ignore'
[0.157s] Level 1:colcon.colcon_core.package_identification:_identify(src/dx_motor_control) by extension 'ignore_ament_install'
[0.157s] Level 1:colcon.colcon_core.package_identification:_identify(src/dx_motor_control) by extensions ['colcon_pkg']
[0.157s] Level 1:colcon.colcon_core.package_identification:_identify(src/dx_motor_control) by extension 'colcon_pkg'
[0.157s] Level 1:colcon.colcon_core.package_identification:_identify(src/dx_motor_control) by extensions ['colcon_meta']
[0.157s] Level 1:colcon.colcon_core.package_identification:_identify(src/dx_motor_control) by extension 'colcon_meta'
[0.157s] Level 1:colcon.colcon_core.package_identification:_identify(src/dx_motor_control) by extensions ['ros']
[0.157s] Level 1:colcon.colcon_core.package_identification:_identify(src/dx_motor_control) by extension 'ros'
[0.158s] DEBUG:colcon.colcon_core.package_identification:Package 'src/dx_motor_control' with type 'ros.ament_python' and name 'dx_motor_control'
[0.158s] Level 1:colcon.colcon_core.package_identification:_identify(src/finger_test) by extensions ['ignore', 'ignore_ament_install']
[0.158s] Level 1:colcon.colcon_core.package_identification:_identify(src/finger_test) by extension 'ignore'
[0.158s] Level 1:colcon.colcon_core.package_identification:_identify(src/finger_test) by extension 'ignore_ament_install'
[0.158s] Level 1:colcon.colcon_core.package_identification:_identify(src/finger_test) by extensions ['colcon_pkg']
[0.158s] Level 1:colcon.colcon_core.package_identification:_identify(src/finger_test) by extension 'colcon_pkg'
[0.158s] Level 1:colcon.colcon_core.package_identification:_identify(src/finger_test) by extensions ['colcon_meta']
[0.158s] Level 1:colcon.colcon_core.package_identification:_identify(src/finger_test) by extension 'colcon_meta'
[0.158s] Level 1:colcon.colcon_core.package_identification:_identify(src/finger_test) by extensions ['ros']
[0.158s] Level 1:colcon.colcon_core.package_identification:_identify(src/finger_test) by extension 'ros'
[0.159s] DEBUG:colcon.colcon_core.package_identification:Package 'src/finger_test' with type 'ros.ament_python' and name 'finger_test'
[0.159s] Level 1:colcon.colcon_core.package_discovery:discover_packages(recursive) using defaults
[0.159s] Level 1:colcon.colcon_core.package_discovery:discover_packages(ignore) discover
[0.159s] Level 1:colcon.colcon_core.package_discovery:discover_packages(ignore) using defaults
[0.159s] Level 1:colcon.colcon_core.package_discovery:discover_packages(path) discover
[0.159s] Level 1:colcon.colcon_core.package_discovery:discover_packages(path) using defaults
[0.175s] INFO:colcon.colcon_core.package_selection:Skipping not selected package 'dx_motor_control' in 'src/dx_motor_control'
[0.175s] Level 1:colcon.colcon_core.package_discovery:discover_packages(prefix_path) check parameters
[0.175s] Level 1:colcon.colcon_core.package_discovery:discover_packages(prefix_path) discover
[0.176s] DEBUG:colcon.colcon_installed_package_information.package_discovery:Found 0 installed packages in /home/pc/teensy_ws/install
[0.176s] DEBUG:colcon.colcon_installed_package_information.package_discovery:Found 4 installed packages in /home/pc/cont_ws/install
[0.176s] DEBUG:colcon.colcon_installed_package_information.package_discovery:Found 5 installed packages in /home/pc/mg_motor_ws/install
[0.177s] DEBUG:colcon.colcon_installed_package_information.package_discovery:Found 2 installed packages in /home/pc/soomac_ws/install
[0.177s] DEBUG:colcon.colcon_installed_package_information.package_discovery:Found 272 installed packages in /opt/ros/humble
[0.178s] Level 1:colcon.colcon_core.package_discovery:discover_packages(prefix_path) using defaults
[0.193s] Level 5:colcon.colcon_core.verb:set package 'finger_test' build argument 'cmake_args' from command line to 'None'
[0.193s] Level 5:colcon.colcon_core.verb:set package 'finger_test' build argument 'cmake_target' from command line to 'None'
[0.193s] Level 5:colcon.colcon_core.verb:set package 'finger_test' build argument 'cmake_target_skip_unavailable' from command line to 'False'
[0.193s] Level 5:colcon.colcon_core.verb:set package 'finger_test' build argument 'cmake_clean_cache' from command line to 'False'
[0.193s] Level 5:colcon.colcon_core.verb:set package 'finger_test' build argument 'cmake_clean_first' from command line to 'False'
[0.193s] Level 5:colcon.colcon_core.verb:set package 'finger_test' build argument 'cmake_force_configure' from command line to 'False'
[0.193s] Level 5:colcon.colcon_core.verb:set package 'finger_test' build argument 'ament_cmake_args' from command line to 'None'
[0.193s] Level 5:colcon.colcon_core.verb:set package 'finger_test' build argument 'catkin_cmake_args' from command line to 'None'
[0.193s] Level 5:colcon.colcon_core.verb:set package 'finger_test' build argument 'catkin_skip_building_tests' from command line to 'False'
[0.193s] DEBUG:colcon.colcon_core.verb:Building package 'finger_test' with the following arguments: {'ament_cmake_args': None, 'build_base': '/home/pc/soomac_ws/build/finger_test', 'catkin_cmake_args': None, 'catkin_skip_building_tests': False, 'cmake_args': None, 'cmake_clean_cache': False, 'cmake_clean_first': False, 'cmake_force_configure': False, 'cmake_target': None, 'cmake_target_skip_unavailable': False, 'install_base': '/home/pc/soomac_ws/install/finger_test', 'merge_install': False, 'path': '/home/pc/soomac_ws/src/finger_test', 'symlink_install': True, 'test_result_base': None}
[0.193s] INFO:colcon.colcon_core.executor:Executing jobs using 'parallel' executor
[0.193s] DEBUG:colcon.colcon_parallel_executor.executor.parallel:run_until_complete
[0.193s] INFO:colcon.colcon_ros.task.ament_python.build:Building ROS package in '/home/pc/soomac_ws/src/finger_test' with build type 'ament_python'
[0.193s] Level 1:colcon.colcon_core.shell:create_environment_hook('finger_test', 'ament_prefix_path')
[0.195s] INFO:colcon.colcon_core.plugin_system:Skipping extension 'colcon_core.shell.bat': Not used on non-Windows systems
[0.195s] INFO:colcon.colcon_core.shell:Creating environment hook '/home/pc/soomac_ws/install/finger_test/share/finger_test/hook/ament_prefix_path.ps1'
[0.196s] INFO:colcon.colcon_core.shell:Creating environment descriptor '/home/pc/soomac_ws/install/finger_test/share/finger_test/hook/ament_prefix_path.dsv'
[0.196s] INFO:colcon.colcon_core.shell:Creating environment hook '/home/pc/soomac_ws/install/finger_test/share/finger_test/hook/ament_prefix_path.sh'
[0.196s] INFO:colcon.colcon_core.shell:Skip shell extension 'powershell' for command environment: Not usable outside of PowerShell
[0.196s] DEBUG:colcon.colcon_core.shell:Skip shell extension 'dsv' for command environment
[0.309s] INFO:colcon.colcon_core.task.python.build:Building Python package in '/home/pc/soomac_ws/src/finger_test'
[0.309s] INFO:colcon.colcon_core.shell:Skip shell extension 'powershell' for command environment: Not usable outside of PowerShell
[0.309s] DEBUG:colcon.colcon_core.shell:Skip shell extension 'dsv' for command environment
[0.463s] DEBUG:colcon.colcon_core.event_handler.log_command:Invoking command in '/home/pc/soomac_ws/build/finger_test': PYTHONPATH=/home/pc/soomac_ws/build/finger_test/prefix_override:/usr/lib/python3/dist-packages/colcon_core/task/python/colcon_distutils_commands:/home/pc/soomac_ws/install/finger_test/lib/python3.10/site-packages:${PYTHONPATH} /usr/bin/python3 -W ignore:setup.py install is deprecated -W ignore:easy_install command is deprecated setup.py develop --editable --build-directory /home/pc/soomac_ws/build/finger_test/build --no-deps symlink_data
[0.662s] Level 1:colcon.colcon_core.shell:create_environment_hook('finger_test', 'pythonpath_develop')
[0.662s] INFO:colcon.colcon_core.shell:Creating environment hook '/home/pc/soomac_ws/build/finger_test/share/finger_test/hook/pythonpath_develop.ps1'
[0.663s] DEBUG:colcon.colcon_core.event_handler.log_command:Invoked command in '/home/pc/soomac_ws/build/finger_test' returned '0': PYTHONPATH=/home/pc/soomac_ws/build/finger_test/prefix_override:/usr/lib/python3/dist-packages/colcon_core/task/python/colcon_distutils_commands:/home/pc/soomac_ws/install/finger_test/lib/python3.10/site-packages:${PYTHONPATH} /usr/bin/python3 -W ignore:setup.py install is deprecated -W ignore:easy_install command is deprecated setup.py develop --editable --build-directory /home/pc/soomac_ws/build/finger_test/build --no-deps symlink_data
[0.663s] INFO:colcon.colcon_core.shell:Creating environment descriptor '/home/pc/soomac_ws/build/finger_test/share/finger_test/hook/pythonpath_develop.dsv'
[0.663s] INFO:colcon.colcon_core.shell:Creating environment hook '/home/pc/soomac_ws/build/finger_test/share/finger_test/hook/pythonpath_develop.sh'
[0.665s] Level 1:colcon.colcon_core.environment:checking '/home/pc/soomac_ws/install/finger_test' for CMake module files
[0.665s] Level 1:colcon.colcon_core.environment:checking '/home/pc/soomac_ws/install/finger_test' for CMake config files
[0.666s] Level 1:colcon.colcon_core.environment:checking '/home/pc/soomac_ws/install/finger_test/lib'
[0.666s] Level 1:colcon.colcon_core.environment:checking '/home/pc/soomac_ws/install/finger_test/bin'
[0.666s] Level 1:colcon.colcon_core.environment:checking '/home/pc/soomac_ws/install/finger_test/lib/pkgconfig/finger_test.pc'
[0.666s] Level 1:colcon.colcon_core.environment:checking '/home/pc/soomac_ws/install/finger_test/lib/python3.10/site-packages'
[0.666s] Level 1:colcon.colcon_core.shell:create_environment_hook('finger_test', 'pythonpath')
[0.666s] INFO:colcon.colcon_core.shell:Creating environment hook '/home/pc/soomac_ws/install/finger_test/share/finger_test/hook/pythonpath.ps1'
[0.666s] INFO:colcon.colcon_core.shell:Creating environment descriptor '/home/pc/soomac_ws/install/finger_test/share/finger_test/hook/pythonpath.dsv'
[0.666s] INFO:colcon.colcon_core.shell:Creating environment hook '/home/pc/soomac_ws/install/finger_test/share/finger_test/hook/pythonpath.sh'
[0.666s] Level 1:colcon.colcon_core.environment:checking '/home/pc/soomac_ws/install/finger_test/bin'
[0.666s] Level 1:colcon.colcon_core.environment:create_environment_scripts_only(finger_test)
[0.667s] INFO:colcon.colcon_core.shell:Creating package script '/home/pc/soomac_ws/install/finger_test/share/finger_test/package.ps1'
[0.667s] INFO:colcon.colcon_core.shell:Creating package descriptor '/home/pc/soomac_ws/install/finger_test/share/finger_test/package.dsv'
[0.667s] INFO:colcon.colcon_core.shell:Creating package script '/home/pc/soomac_ws/install/finger_test/share/finger_test/package.sh'
[0.668s] INFO:colcon.colcon_core.shell:Creating package script '/home/pc/soomac_ws/install/finger_test/share/finger_test/package.bash'
[0.668s] INFO:colcon.colcon_core.shell:Creating package script '/home/pc/soomac_ws/install/finger_test/share/finger_test/package.zsh'
[0.668s] Level 1:colcon.colcon_core.environment:create_file_with_runtime_dependencies(/home/pc/soomac_ws/install/finger_test/share/colcon-core/packages/finger_test)
[0.668s] DEBUG:colcon.colcon_parallel_executor.executor.parallel:closing loop
[0.669s] DEBUG:colcon.colcon_parallel_executor.executor.parallel:loop closed
[0.669s] DEBUG:colcon.colcon_parallel_executor.executor.parallel:run_until_complete finished with '0'
[0.669s] DEBUG:colcon.colcon_core.event_reactor:joining thread
[0.673s] INFO:colcon.colcon_core.plugin_system:Skipping extension 'colcon_notification.desktop_notification.terminal_notifier': Not used on non-Darwin systems
[0.673s] INFO:colcon.colcon_core.plugin_system:Skipping extension 'colcon_notification.desktop_notification.win32': Not used on non-Windows systems
[0.673s] INFO:colcon.colcon_notification.desktop_notification:Sending desktop notification using 'notify2'
[0.684s] DEBUG:colcon.colcon_core.event_reactor:joined thread
[0.684s] INFO:colcon.colcon_core.shell:Creating prefix script '/home/pc/soomac_ws/install/local_setup.ps1'
[0.684s] INFO:colcon.colcon_core.shell:Creating prefix util module '/home/pc/soomac_ws/install/_local_setup_util_ps1.py'
[0.685s] INFO:colcon.colcon_core.shell:Creating prefix chain script '/home/pc/soomac_ws/install/setup.ps1'
[0.686s] INFO:colcon.colcon_core.shell:Creating prefix script '/home/pc/soomac_ws/install/local_setup.sh'
[0.686s] INFO:colcon.colcon_core.shell:Creating prefix util module '/home/pc/soomac_ws/install/_local_setup_util_sh.py'
[0.686s] INFO:colcon.colcon_core.shell:Creating prefix chain script '/home/pc/soomac_ws/install/setup.sh'
[0.687s] INFO:colcon.colcon_core.shell:Creating prefix script '/home/pc/soomac_ws/install/local_setup.bash'
[0.687s] INFO:colcon.colcon_core.shell:Creating prefix chain script '/home/pc/soomac_ws/install/setup.bash'
[0.688s] INFO:colcon.colcon_core.shell:Creating prefix script '/home/pc/soomac_ws/install/local_setup.zsh'
[0.688s] INFO:colcon.colcon_core.shell:Creating prefix chain script '/home/pc/soomac_ws/install/setup.zsh'
