[0.007s] Invoking command in '/home/pc/soomac_ws/build/zeus_description': CMAKE_PREFIX_PATH=${CMAKE_PREFIX_PATH}:/home/pc/soomac_ws/install/zeus_controller:/home/pc/mg_motor_ws/install/mg_test_pkg:/home/pc/mg_motor_ws/install/mg_motor_test:/home/pc/mg_motor_ws/install/homework_pkg:/home/pc/mg_motor_ws/install/head_moving:/home/pc/cont_ws/install/torque_test_pkg:/home/pc/cont_ws/install/finger_pkg:/home/pc/cont_ws/install/control_continuum:/opt/ros/humble /usr/bin/cmake --build /home/pc/soomac_ws/build/zeus_description -- -j32 -l32
[0.028s] -- Found ament_cmake: 1.3.12 (/opt/ros/humble/share/ament_cmake/cmake)
[0.101s] -- Found ament_lint_auto: 0.12.14 (/opt/ros/humble/share/ament_lint_auto/cmake)
[0.138s] -- Added test 'lint_cmake' to check CMake code style
[0.138s] -- Added test 'xmllint' to check XML markup files
[0.139s] -- Configuring done
[0.140s] -- Generating done
[0.141s] -- Build files have been written to: /home/pc/soomac_ws/build/zeus_description
[0.154s] Invoked command in '/home/pc/soomac_ws/build/zeus_description' returned '0': CMAKE_PREFIX_PATH=${CMAKE_PREFIX_PATH}:/home/pc/soomac_ws/install/zeus_controller:/home/pc/mg_motor_ws/install/mg_test_pkg:/home/pc/mg_motor_ws/install/mg_motor_test:/home/pc/mg_motor_ws/install/homework_pkg:/home/pc/mg_motor_ws/install/head_moving:/home/pc/cont_ws/install/torque_test_pkg:/home/pc/cont_ws/install/finger_pkg:/home/pc/cont_ws/install/control_continuum:/opt/ros/humble /usr/bin/cmake --build /home/pc/soomac_ws/build/zeus_description -- -j32 -l32
[0.159s] Invoking command in '/home/pc/soomac_ws/build/zeus_description': CMAKE_PREFIX_PATH=${CMAKE_PREFIX_PATH}:/home/pc/soomac_ws/install/zeus_controller:/home/pc/mg_motor_ws/install/mg_test_pkg:/home/pc/mg_motor_ws/install/mg_motor_test:/home/pc/mg_motor_ws/install/homework_pkg:/home/pc/mg_motor_ws/install/head_moving:/home/pc/cont_ws/install/torque_test_pkg:/home/pc/cont_ws/install/finger_pkg:/home/pc/cont_ws/install/control_continuum:/opt/ros/humble /usr/bin/cmake --install /home/pc/soomac_ws/build/zeus_description
[0.162s] -- Install configuration: ""
[0.162s] -- Up-to-date: /home/pc/soomac_ws/install/zeus_description/share/zeus_description/config
[0.162s] -- Installing: /home/pc/soomac_ws/install/zeus_description/share/zeus_description/config/base_to_camera_dh.json
[0.162s] -- Up-to-date: /home/pc/soomac_ws/install/zeus_description/share/ament_index/resource_index/package_run_dependencies/zeus_description
[0.162s] -- Installing: /home/pc/soomac_ws/install/zeus_description/share/ament_index/resource_index/parent_prefix_path/zeus_description
[0.162s] -- Up-to-date: /home/pc/soomac_ws/install/zeus_description/share/zeus_description/environment/ament_prefix_path.sh
[0.162s] -- Installing: /home/pc/soomac_ws/install/zeus_description/share/zeus_description/environment/ament_prefix_path.dsv
[0.162s] -- Up-to-date: /home/pc/soomac_ws/install/zeus_description/share/zeus_description/environment/path.sh
[0.163s] -- Installing: /home/pc/soomac_ws/install/zeus_description/share/zeus_description/environment/path.dsv
[0.163s] -- Up-to-date: /home/pc/soomac_ws/install/zeus_description/share/zeus_description/local_setup.bash
[0.163s] -- Up-to-date: /home/pc/soomac_ws/install/zeus_description/share/zeus_description/local_setup.sh
[0.163s] -- Up-to-date: /home/pc/soomac_ws/install/zeus_description/share/zeus_description/local_setup.zsh
[0.163s] -- Installing: /home/pc/soomac_ws/install/zeus_description/share/zeus_description/local_setup.dsv
[0.163s] -- Installing: /home/pc/soomac_ws/install/zeus_description/share/zeus_description/package.dsv
[0.163s] -- Up-to-date: /home/pc/soomac_ws/install/zeus_description/share/ament_index/resource_index/packages/zeus_description
[0.163s] -- Up-to-date: /home/pc/soomac_ws/install/zeus_description/share/zeus_description/cmake/zeus_descriptionConfig.cmake
[0.163s] -- Up-to-date: /home/pc/soomac_ws/install/zeus_description/share/zeus_description/cmake/zeus_descriptionConfig-version.cmake
[0.163s] -- Installing: /home/pc/soomac_ws/install/zeus_description/share/zeus_description/package.xml
[0.164s] Invoked command in '/home/pc/soomac_ws/build/zeus_description' returned '0': CMAKE_PREFIX_PATH=${CMAKE_PREFIX_PATH}:/home/pc/soomac_ws/install/zeus_controller:/home/pc/mg_motor_ws/install/mg_test_pkg:/home/pc/mg_motor_ws/install/mg_motor_test:/home/pc/mg_motor_ws/install/homework_pkg:/home/pc/mg_motor_ws/install/head_moving:/home/pc/cont_ws/install/torque_test_pkg:/home/pc/cont_ws/install/finger_pkg:/home/pc/cont_ws/install/control_continuum:/opt/ros/humble /usr/bin/cmake --install /home/pc/soomac_ws/build/zeus_description
