[0.746s] Invoking command in '/home/wt/zeus_ws/src/llm_node': CONDA_PROMPT_MODIFIER=(base) PYTHONPATH=/home/wt/zeus_ws/build/llm_node/prefix_override:/usr/lib/python3/dist-packages/colcon_core/task/python/colcon_distutils_commands:/home/wt/zeus_ws/install/llm_node/lib/python3.10/site-packages:${PYTHONPATH} /usr/bin/python3 -W ignore:setup.py install is deprecated -W ignore:easy_install command is deprecated setup.py egg_info --egg-base ../../build/llm_node build --build-base /home/wt/zeus_ws/build/llm_node/build install --record /home/wt/zeus_ws/build/llm_node/install.log --single-version-externally-managed install_data
[0.924s] running egg_info
[0.925s] writing ../../build/llm_node/llm_node.egg-info/PKG-INFO
[0.925s] writing dependency_links to ../../build/llm_node/llm_node.egg-info/dependency_links.txt
[0.925s] writing entry points to ../../build/llm_node/llm_node.egg-info/entry_points.txt
[0.925s] writing requirements to ../../build/llm_node/llm_node.egg-info/requires.txt
[0.925s] writing top-level names to ../../build/llm_node/llm_node.egg-info/top_level.txt
[0.926s] reading manifest file '../../build/llm_node/llm_node.egg-info/SOURCES.txt'
[0.927s] writing manifest file '../../build/llm_node/llm_node.egg-info/SOURCES.txt'
[0.927s] running build
[0.927s] running build_py
[0.927s] running install
[0.927s] running install_lib
[0.929s] running install_data
[0.929s] running install_egg_info
[0.931s] removing '/home/wt/zeus_ws/install/llm_node/lib/python3.10/site-packages/llm_node-0.0.0-py3.10.egg-info' (and everything under it)
[0.931s] Copying ../../build/llm_node/llm_node.egg-info to /home/wt/zeus_ws/install/llm_node/lib/python3.10/site-packages/llm_node-0.0.0-py3.10.egg-info
[0.931s] running install_scripts
[0.948s] Installing ros2_chat_node script to /home/wt/zeus_ws/install/llm_node/lib/llm_node
[0.948s] writing list of installed files to '/home/wt/zeus_ws/build/llm_node/install.log'
[0.964s] Invoked command in '/home/wt/zeus_ws/src/llm_node' returned '0': CONDA_PROMPT_MODIFIER=(base) PYTHONPATH=/home/wt/zeus_ws/build/llm_node/prefix_override:/usr/lib/python3/dist-packages/colcon_core/task/python/colcon_distutils_commands:/home/wt/zeus_ws/install/llm_node/lib/python3.10/site-packages:${PYTHONPATH} /usr/bin/python3 -W ignore:setup.py install is deprecated -W ignore:easy_install command is deprecated setup.py egg_info --egg-base ../../build/llm_node build --build-base /home/wt/zeus_ws/build/llm_node/build install --record /home/wt/zeus_ws/build/llm_node/install.log --single-version-externally-managed install_data
