running egg_info
creating ../../build/llm_node/llm_node.egg-info
writing ../../build/llm_node/llm_node.egg-info/PKG-INFO
writing dependency_links to ../../build/llm_node/llm_node.egg-info/dependency_links.txt
writing entry points to ../../build/llm_node/llm_node.egg-info/entry_points.txt
writing requirements to ../../build/llm_node/llm_node.egg-info/requires.txt
writing top-level names to ../../build/llm_node/llm_node.egg-info/top_level.txt
writing manifest file '../../build/llm_node/llm_node.egg-info/SOURCES.txt'
reading manifest file '../../build/llm_node/llm_node.egg-info/SOURCES.txt'
writing manifest file '../../build/llm_node/llm_node.egg-info/SOURCES.txt'
running build
running build_py
creating /home/temp_id/ros2_ws/build/llm_node/build
creating /home/temp_id/ros2_ws/build/llm_node/build/lib
creating /home/temp_id/ros2_ws/build/llm_node/build/lib/llm_node
copying llm_node/llm_inference.py -> /home/temp_id/ros2_ws/build/llm_node/build/lib/llm_node
copying llm_node/__init__.py -> /home/temp_id/ros2_ws/build/llm_node/build/lib/llm_node
copying llm_node/ros2_chat_node.py -> /home/temp_id/ros2_ws/build/llm_node/build/lib/llm_node
running install
running install_lib
creating /home/temp_id/ros2_ws/install/llm_node/lib/python3.10/site-packages/llm_node
copying /home/temp_id/ros2_ws/build/llm_node/build/lib/llm_node/llm_inference.py -> /home/temp_id/ros2_ws/install/llm_node/lib/python3.10/site-packages/llm_node
copying /home/temp_id/ros2_ws/build/llm_node/build/lib/llm_node/__init__.py -> /home/temp_id/ros2_ws/install/llm_node/lib/python3.10/site-packages/llm_node
copying /home/temp_id/ros2_ws/build/llm_node/build/lib/llm_node/ros2_chat_node.py -> /home/temp_id/ros2_ws/install/llm_node/lib/python3.10/site-packages/llm_node
byte-compiling /home/temp_id/ros2_ws/install/llm_node/lib/python3.10/site-packages/llm_node/llm_inference.py to llm_inference.cpython-310.pyc
byte-compiling /home/temp_id/ros2_ws/install/llm_node/lib/python3.10/site-packages/llm_node/__init__.py to __init__.cpython-310.pyc
byte-compiling /home/temp_id/ros2_ws/install/llm_node/lib/python3.10/site-packages/llm_node/ros2_chat_node.py to ros2_chat_node.cpython-310.pyc
running install_data
creating /home/temp_id/ros2_ws/install/llm_node/share/ament_index
creating /home/temp_id/ros2_ws/install/llm_node/share/ament_index/resource_index
creating /home/temp_id/ros2_ws/install/llm_node/share/ament_index/resource_index/packages
copying resource/llm_node -> /home/temp_id/ros2_ws/install/llm_node/share/ament_index/resource_index/packages
copying package.xml -> /home/temp_id/ros2_ws/install/llm_node/share/llm_node
running install_egg_info
Copying ../../build/llm_node/llm_node.egg-info to /home/temp_id/ros2_ws/install/llm_node/lib/python3.10/site-packages/llm_node-0.0.0-py3.10.egg-info
running install_scripts
Installing ros2_chat_node script to /home/temp_id/ros2_ws/install/llm_node/lib/llm_node
writing list of installed files to '/home/temp_id/ros2_ws/build/llm_node/install.log'
