[0.744s] Invoking command in '/home/wt/zeus_ws/src/vision_node': CONDA_PROMPT_MODIFIER=(base) PYTHONPATH=/home/wt/zeus_ws/build/vision_node/prefix_override:/usr/lib/python3/dist-packages/colcon_core/task/python/colcon_distutils_commands:/home/wt/zeus_ws/install/vision_node/lib/python3.10/site-packages:${PYTHONPATH} /usr/bin/python3 -W ignore:setup.py install is deprecated -W ignore:easy_install command is deprecated setup.py egg_info --egg-base ../../build/vision_node build --build-base /home/wt/zeus_ws/build/vision_node/build install --record /home/wt/zeus_ws/build/vision_node/install.log --single-version-externally-managed install_data
[0.926s] running egg_info
[0.927s] writing ../../build/vision_node/vision_node.egg-info/PKG-INFO
[0.927s] writing dependency_links to ../../build/vision_node/vision_node.egg-info/dependency_links.txt
[0.927s] writing entry points to ../../build/vision_node/vision_node.egg-info/entry_points.txt
[0.927s] writing requirements to ../../build/vision_node/vision_node.egg-info/requires.txt
[0.927s] writing top-level names to ../../build/vision_node/vision_node.egg-info/top_level.txt
[0.929s] reading manifest file '../../build/vision_node/vision_node.egg-info/SOURCES.txt'
[0.929s] adding license file 'LICENSE'
[0.930s] writing manifest file '../../build/vision_node/vision_node.egg-info/SOURCES.txt'
[0.930s] running build
[0.930s] running build_py
[0.930s] copying vision_node/block_detect.py -> /home/wt/zeus_ws/build/vision_node/build/lib/vision_node
[0.930s] running install
[0.930s] running install_lib
[0.931s] copying /home/wt/zeus_ws/build/vision_node/build/lib/vision_node/block_detect.py -> /home/wt/zeus_ws/install/vision_node/lib/python3.10/site-packages/vision_node
[0.931s] byte-compiling /home/wt/zeus_ws/install/vision_node/lib/python3.10/site-packages/vision_node/block_detect.py to block_detect.cpython-310.pyc
[0.936s] running install_data
[0.936s] running install_egg_info
[0.938s] removing '/home/wt/zeus_ws/install/vision_node/lib/python3.10/site-packages/vision_node-0.0.0-py3.10.egg-info' (and everything under it)
[0.938s] Copying ../../build/vision_node/vision_node.egg-info to /home/wt/zeus_ws/install/vision_node/lib/python3.10/site-packages/vision_node-0.0.0-py3.10.egg-info
[0.939s] running install_scripts
[0.953s] Installing block_detect script to /home/wt/zeus_ws/install/vision_node/lib/vision_node
[0.953s] Installing block_detect_node script to /home/wt/zeus_ws/install/vision_node/lib/vision_node
[0.953s] Installing vision_node script to /home/wt/zeus_ws/install/vision_node/lib/vision_node
[0.953s] writing list of installed files to '/home/wt/zeus_ws/build/vision_node/install.log'
[0.971s] Invoked command in '/home/wt/zeus_ws/src/vision_node' returned '0': CONDA_PROMPT_MODIFIER=(base) PYTHONPATH=/home/wt/zeus_ws/build/vision_node/prefix_override:/usr/lib/python3/dist-packages/colcon_core/task/python/colcon_distutils_commands:/home/wt/zeus_ws/install/vision_node/lib/python3.10/site-packages:${PYTHONPATH} /usr/bin/python3 -W ignore:setup.py install is deprecated -W ignore:easy_install command is deprecated setup.py egg_info --egg-base ../../build/vision_node build --build-base /home/wt/zeus_ws/build/vision_node/build install --record /home/wt/zeus_ws/build/vision_node/install.log --single-version-externally-managed install_data
