[0.008s] Invoking command in '/home/pc/soomac_ws/build/dongsoo_description': CMAKE_PREFIX_PATH=${CMAKE_PREFIX_PATH}:/home/pc/soomac_ws/install/homework_pkg:/home/pc/soomac_ws/install/finger_test:/home/pc/soomac_ws/install/dx_motor_control:/home/pc/soomac_ws/install/dongsoo_py_pkg:/home/pc/cont_ws/install/torque_test_pkg:/home/pc/cont_ws/install/finger_pkg:/home/pc/cont_ws/install/control_continuum:/home/pc/mg_motor_ws/install/mg_test_pkg:/home/pc/mg_motor_ws/install/mg_motor_test:/home/pc/mg_motor_ws/install/homework_pkg:/home/pc/mg_motor_ws/install/head_moving:/opt/ros/humble /usr/bin/cmake --build /home/pc/soomac_ws/build/dongsoo_description -- -j32 -l32
[0.032s] -- Found ament_cmake: 1.3.12 (/opt/ros/humble/share/ament_cmake/cmake)
[0.114s] -- Found ament_lint_auto: 0.12.14 (/opt/ros/humble/share/ament_lint_auto/cmake)
[0.153s] -- Added test 'lint_cmake' to check CMake code style
[0.154s] -- Added test 'xmllint' to check XML markup files
[0.154s] -- Configuring done
[0.156s] -- Generating done
[0.156s] -- Build files have been written to: /home/pc/soomac_ws/build/dongsoo_description
[0.168s] Invoked command in '/home/pc/soomac_ws/build/dongsoo_description' returned '0': CMAKE_PREFIX_PATH=${CMAKE_PREFIX_PATH}:/home/pc/soomac_ws/install/homework_pkg:/home/pc/soomac_ws/install/finger_test:/home/pc/soomac_ws/install/dx_motor_control:/home/pc/soomac_ws/install/dongsoo_py_pkg:/home/pc/cont_ws/install/torque_test_pkg:/home/pc/cont_ws/install/finger_pkg:/home/pc/cont_ws/install/control_continuum:/home/pc/mg_motor_ws/install/mg_test_pkg:/home/pc/mg_motor_ws/install/mg_motor_test:/home/pc/mg_motor_ws/install/homework_pkg:/home/pc/mg_motor_ws/install/head_moving:/opt/ros/humble /usr/bin/cmake --build /home/pc/soomac_ws/build/dongsoo_description -- -j32 -l32
[0.173s] Invoking command in '/home/pc/soomac_ws/build/dongsoo_description': CMAKE_PREFIX_PATH=${CMAKE_PREFIX_PATH}:/home/pc/soomac_ws/install/homework_pkg:/home/pc/soomac_ws/install/finger_test:/home/pc/soomac_ws/install/dx_motor_control:/home/pc/soomac_ws/install/dongsoo_py_pkg:/home/pc/cont_ws/install/torque_test_pkg:/home/pc/cont_ws/install/finger_pkg:/home/pc/cont_ws/install/control_continuum:/home/pc/mg_motor_ws/install/mg_test_pkg:/home/pc/mg_motor_ws/install/mg_motor_test:/home/pc/mg_motor_ws/install/homework_pkg:/home/pc/mg_motor_ws/install/head_moving:/opt/ros/humble /usr/bin/cmake --install /home/pc/soomac_ws/build/dongsoo_description
[0.175s] -- Install configuration: ""
[0.175s] -- Up-to-date: /home/pc/soomac_ws/install/dongsoo_description/share/dongsoo_description/config
[0.175s] -- Up-to-date: /home/pc/soomac_ws/install/dongsoo_description/share/dongsoo_description/config/base_to_gripper_dh.json
[0.176s] -- Installing: /home/pc/soomac_ws/install/dongsoo_description/share/dongsoo_description/config/base_to_camera_dh.json
[0.176s] -- Installing: /home/pc/soomac_ws/install/dongsoo_description/share/dongsoo_description/config/link_inertial.json
[0.176s] -- Up-to-date: /home/pc/soomac_ws/install/dongsoo_description/share/dongsoo_description/config/README.md
[0.176s] -- Up-to-date: /home/pc/soomac_ws/install/dongsoo_description/share/dongsoo_description/config/gravity_dh_param.json
[0.176s] -- Up-to-date: /home/pc/soomac_ws/install/dongsoo_description/share/ament_index/resource_index/package_run_dependencies/dongsoo_description
[0.176s] -- Installing: /home/pc/soomac_ws/install/dongsoo_description/share/ament_index/resource_index/parent_prefix_path/dongsoo_description
[0.176s] -- Installing: /home/pc/soomac_ws/install/dongsoo_description/share/dongsoo_description/environment/ament_prefix_path.sh
[0.176s] -- Installing: /home/pc/soomac_ws/install/dongsoo_description/share/dongsoo_description/environment/ament_prefix_path.dsv
[0.176s] -- Installing: /home/pc/soomac_ws/install/dongsoo_description/share/dongsoo_description/environment/path.sh
[0.176s] -- Installing: /home/pc/soomac_ws/install/dongsoo_description/share/dongsoo_description/environment/path.dsv
[0.177s] -- Up-to-date: /home/pc/soomac_ws/install/dongsoo_description/share/dongsoo_description/local_setup.bash
[0.177s] -- Up-to-date: /home/pc/soomac_ws/install/dongsoo_description/share/dongsoo_description/local_setup.sh
[0.177s] -- Up-to-date: /home/pc/soomac_ws/install/dongsoo_description/share/dongsoo_description/local_setup.zsh
[0.177s] -- Installing: /home/pc/soomac_ws/install/dongsoo_description/share/dongsoo_description/local_setup.dsv
[0.177s] -- Installing: /home/pc/soomac_ws/install/dongsoo_description/share/dongsoo_description/package.dsv
[0.177s] -- Up-to-date: /home/pc/soomac_ws/install/dongsoo_description/share/ament_index/resource_index/packages/dongsoo_description
[0.177s] -- Up-to-date: /home/pc/soomac_ws/install/dongsoo_description/share/dongsoo_description/cmake/dongsoo_descriptionConfig.cmake
[0.177s] -- Up-to-date: /home/pc/soomac_ws/install/dongsoo_description/share/dongsoo_description/cmake/dongsoo_descriptionConfig-version.cmake
[0.177s] -- Up-to-date: /home/pc/soomac_ws/install/dongsoo_description/share/dongsoo_description/package.xml
[0.177s] Invoked command in '/home/pc/soomac_ws/build/dongsoo_description' returned '0': CMAKE_PREFIX_PATH=${CMAKE_PREFIX_PATH}:/home/pc/soomac_ws/install/homework_pkg:/home/pc/soomac_ws/install/finger_test:/home/pc/soomac_ws/install/dx_motor_control:/home/pc/soomac_ws/install/dongsoo_py_pkg:/home/pc/cont_ws/install/torque_test_pkg:/home/pc/cont_ws/install/finger_pkg:/home/pc/cont_ws/install/control_continuum:/home/pc/mg_motor_ws/install/mg_test_pkg:/home/pc/mg_motor_ws/install/mg_motor_test:/home/pc/mg_motor_ws/install/homework_pkg:/home/pc/mg_motor_ws/install/head_moving:/opt/ros/humble /usr/bin/cmake --install /home/pc/soomac_ws/build/dongsoo_description
