running egg_info
writing ../../build/zeus_vision/zeus_vision.egg-info/PKG-INFO
writing dependency_links to ../../build/zeus_vision/zeus_vision.egg-info/dependency_links.txt
writing entry points to ../../build/zeus_vision/zeus_vision.egg-info/entry_points.txt
writing requirements to ../../build/zeus_vision/zeus_vision.egg-info/requires.txt
writing top-level names to ../../build/zeus_vision/zeus_vision.egg-info/top_level.txt
reading manifest file '../../build/zeus_vision/zeus_vision.egg-info/SOURCES.txt'
writing manifest file '../../build/zeus_vision/zeus_vision.egg-info/SOURCES.txt'
running build
running build_py
copying zeus_vision/block_detect_second.py -> /home/pc/soomac_ws/build/zeus_vision/build/lib/zeus_vision
copying zeus_vision/block_detect_.py -> /home/pc/soomac_ws/build/zeus_vision/build/lib/zeus_vision
copying zeus_vision/block_detect_original.py -> /home/pc/soomac_ws/build/zeus_vision/build/lib/zeus_vision
running install
running install_lib
copying /home/pc/soomac_ws/build/zeus_vision/build/lib/zeus_vision/block_detect_second.py -> /home/pc/soomac_ws/install/zeus_vision/lib/python3.10/site-packages/zeus_vision
copying /home/pc/soomac_ws/build/zeus_vision/build/lib/zeus_vision/block_detect_.py -> /home/pc/soomac_ws/install/zeus_vision/lib/python3.10/site-packages/zeus_vision
copying /home/pc/soomac_ws/build/zeus_vision/build/lib/zeus_vision/block_detect_original.py -> /home/pc/soomac_ws/install/zeus_vision/lib/python3.10/site-packages/zeus_vision
byte-compiling /home/pc/soomac_ws/install/zeus_vision/lib/python3.10/site-packages/zeus_vision/block_detect_second.py to block_detect_second.cpython-310.pyc
byte-compiling /home/pc/soomac_ws/install/zeus_vision/lib/python3.10/site-packages/zeus_vision/block_detect_.py to block_detect_.cpython-310.pyc
byte-compiling /home/pc/soomac_ws/install/zeus_vision/lib/python3.10/site-packages/zeus_vision/block_detect_original.py to block_detect_original.cpython-310.pyc
running install_data
running install_egg_info
removing '/home/pc/soomac_ws/install/zeus_vision/lib/python3.10/site-packages/zeus_vision-0.0.0-py3.10.egg-info' (and everything under it)
Copying ../../build/zeus_vision/zeus_vision.egg-info to /home/pc/soomac_ws/install/zeus_vision/lib/python3.10/site-packages/zeus_vision-0.0.0-py3.10.egg-info
running install_scripts
Installing detect_ script to /home/pc/soomac_ws/install/zeus_vision/lib/zeus_vision
Installing position script to /home/pc/soomac_ws/install/zeus_vision/lib/zeus_vision
writing list of installed files to '/home/pc/soomac_ws/build/zeus_vision/install.log'
