[0.007s] Invoking command in '/home/pc/soomac_ws/build/dongsoo_cpp_pkg': CMAKE_PREFIX_PATH=${CMAKE_PREFIX_PATH}:/home/pc/soomac_ws/install/dongsoo_vision_pkg:/home/pc/soomac_ws/install/dongsoo_py_pkg:/home/pc/cont_ws/install/torque_test_pkg:/home/pc/cont_ws/install/finger_pkg:/home/pc/cont_ws/install/control_continuum:/home/pc/mg_motor_ws/install/mg_test_pkg:/home/pc/mg_motor_ws/install/mg_motor_test:/home/pc/mg_motor_ws/install/homework_pkg:/home/pc/mg_motor_ws/install/head_moving:/opt/ros/humble /usr/bin/cmake --build /home/pc/soomac_ws/build/dongsoo_cpp_pkg -- -j32 -l32
[0.018s] -- Found ament_cmake: 1.3.12 (/opt/ros/humble/share/ament_cmake/cmake)
[0.085s] -- Found rclcpp: 16.0.15 (/opt/ros/humble/share/rclcpp/cmake)
[0.097s] -- Found rosidl_generator_c: 3.1.7 (/opt/ros/humble/share/rosidl_generator_c/cmake)
[0.098s] -- Found rosidl_adapter: 3.1.7 (/opt/ros/humble/share/rosidl_adapter/cmake)
[0.101s] -- Found rosidl_generator_cpp: 3.1.7 (/opt/ros/humble/share/rosidl_generator_cpp/cmake)
[0.105s] -- Using all available rosidl_typesupport_c: rosidl_typesupport_fastrtps_c;rosidl_typesupport_introspection_c
[0.110s] -- Using all available rosidl_typesupport_cpp: rosidl_typesupport_fastrtps_cpp;rosidl_typesupport_introspection_cpp
[0.124s] -- Found rmw_implementation_cmake: 6.1.2 (/opt/ros/humble/share/rmw_implementation_cmake/cmake)
[0.125s] -- Found rmw_fastrtps_cpp: 6.2.8 (/opt/ros/humble/share/rmw_fastrtps_cpp/cmake)
[0.171s] -- Using RMW implementation 'rmw_fastrtps_cpp' as default
[0.192s] -- Found dynamixel_sdk: 3.8.4 (/opt/ros/humble/share/dynamixel_sdk/cmake)
[0.227s] -- Configuring done
[0.232s] -- Generating done
[0.234s] -- Build files have been written to: /home/pc/soomac_ws/build/dongsoo_cpp_pkg
[0.248s] [35m[1mConsolidate compiler generated dependencies of target motor_connect[0m
[0.248s] [35m[1mConsolidate compiler generated dependencies of target test_motor_connect[0m
[0.258s] [ 50%] Built target motor_connect
[0.259s] [ 75%] [32mBuilding CXX object CMakeFiles/test_motor_connect.dir/src/test_motor_connect.cpp.o[0m
[1.731s] [01m[K/home/pc/soomac_ws/src/dongsoo_cpp_pkg/src/test_motor_connect.cpp:[m[K In member function ‘[01m[Kvoid {anonymous}::TestMotorConnectNode::update_velocity_filters(double)[m[K’:
[1.731s] [01m[K/home/pc/soomac_ws/src/dongsoo_cpp_pkg/src/test_motor_connect.cpp:423:39:[m[K [01;35m[Kwarning: [m[Kunused parameter ‘[01m[Kdt[m[K’ [[01;35m[K]8;;https://gcc.gnu.org/onlinedocs/gcc/Warning-Options.html#index-Wunused-parameter-Wunused-parameter]8;;[m[K]
[1.731s]   423 |   void update_velocity_filters([01;35m[Kdouble dt[m[K)
[1.731s]       |                                [01;35m[K~~~~~~~^~[m[K
[5.559s] [100%] [32m[1mLinking CXX executable test_motor_connect[0m
[5.768s] [100%] Built target test_motor_connect
[5.777s] Invoked command in '/home/pc/soomac_ws/build/dongsoo_cpp_pkg' returned '0': CMAKE_PREFIX_PATH=${CMAKE_PREFIX_PATH}:/home/pc/soomac_ws/install/dongsoo_vision_pkg:/home/pc/soomac_ws/install/dongsoo_py_pkg:/home/pc/cont_ws/install/torque_test_pkg:/home/pc/cont_ws/install/finger_pkg:/home/pc/cont_ws/install/control_continuum:/home/pc/mg_motor_ws/install/mg_test_pkg:/home/pc/mg_motor_ws/install/mg_motor_test:/home/pc/mg_motor_ws/install/homework_pkg:/home/pc/mg_motor_ws/install/head_moving:/opt/ros/humble /usr/bin/cmake --build /home/pc/soomac_ws/build/dongsoo_cpp_pkg -- -j32 -l32
[5.782s] Invoking command in '/home/pc/soomac_ws/build/dongsoo_cpp_pkg': CMAKE_PREFIX_PATH=${CMAKE_PREFIX_PATH}:/home/pc/soomac_ws/install/dongsoo_vision_pkg:/home/pc/soomac_ws/install/dongsoo_py_pkg:/home/pc/cont_ws/install/torque_test_pkg:/home/pc/cont_ws/install/finger_pkg:/home/pc/cont_ws/install/control_continuum:/home/pc/mg_motor_ws/install/mg_test_pkg:/home/pc/mg_motor_ws/install/mg_motor_test:/home/pc/mg_motor_ws/install/homework_pkg:/home/pc/mg_motor_ws/install/head_moving:/opt/ros/humble /usr/bin/cmake --install /home/pc/soomac_ws/build/dongsoo_cpp_pkg
[5.787s] -- Install configuration: ""
[5.787s] -- Up-to-date: /home/pc/soomac_ws/install/dongsoo_cpp_pkg/lib/dongsoo_cpp_pkg/motor_connect
[5.787s] -- Installing: /home/pc/soomac_ws/install/dongsoo_cpp_pkg/lib/dongsoo_cpp_pkg/test_motor_connect
[5.791s] -- Set runtime path of "/home/pc/soomac_ws/install/dongsoo_cpp_pkg/lib/dongsoo_cpp_pkg/test_motor_connect" to ""
[5.791s] -- Up-to-date: /home/pc/soomac_ws/install/dongsoo_cpp_pkg/lib/dongsoo_cpp_pkg/test_motor_connect
[5.791s] -- Up-to-date: /home/pc/soomac_ws/install/dongsoo_cpp_pkg/share/ament_index/resource_index/package_run_dependencies/dongsoo_cpp_pkg
[5.791s] -- Up-to-date: /home/pc/soomac_ws/install/dongsoo_cpp_pkg/share/ament_index/resource_index/parent_prefix_path/dongsoo_cpp_pkg
[5.791s] -- Up-to-date: /home/pc/soomac_ws/install/dongsoo_cpp_pkg/share/dongsoo_cpp_pkg/environment/ament_prefix_path.sh
[5.791s] -- Installing: /home/pc/soomac_ws/install/dongsoo_cpp_pkg/share/dongsoo_cpp_pkg/environment/ament_prefix_path.dsv
[5.791s] -- Up-to-date: /home/pc/soomac_ws/install/dongsoo_cpp_pkg/share/dongsoo_cpp_pkg/environment/path.sh
[5.791s] -- Installing: /home/pc/soomac_ws/install/dongsoo_cpp_pkg/share/dongsoo_cpp_pkg/environment/path.dsv
[5.791s] -- Up-to-date: /home/pc/soomac_ws/install/dongsoo_cpp_pkg/share/dongsoo_cpp_pkg/local_setup.bash
[5.791s] -- Up-to-date: /home/pc/soomac_ws/install/dongsoo_cpp_pkg/share/dongsoo_cpp_pkg/local_setup.sh
[5.791s] -- Up-to-date: /home/pc/soomac_ws/install/dongsoo_cpp_pkg/share/dongsoo_cpp_pkg/local_setup.zsh
[5.791s] -- Installing: /home/pc/soomac_ws/install/dongsoo_cpp_pkg/share/dongsoo_cpp_pkg/local_setup.dsv
[5.791s] -- Installing: /home/pc/soomac_ws/install/dongsoo_cpp_pkg/share/dongsoo_cpp_pkg/package.dsv
[5.791s] -- Up-to-date: /home/pc/soomac_ws/install/dongsoo_cpp_pkg/share/ament_index/resource_index/packages/dongsoo_cpp_pkg
[5.791s] -- Up-to-date: /home/pc/soomac_ws/install/dongsoo_cpp_pkg/share/dongsoo_cpp_pkg/cmake/dongsoo_cpp_pkgConfig.cmake
[5.791s] -- Up-to-date: /home/pc/soomac_ws/install/dongsoo_cpp_pkg/share/dongsoo_cpp_pkg/cmake/dongsoo_cpp_pkgConfig-version.cmake
[5.791s] -- Up-to-date: /home/pc/soomac_ws/install/dongsoo_cpp_pkg/share/dongsoo_cpp_pkg/package.xml
[5.792s] Invoked command in '/home/pc/soomac_ws/build/dongsoo_cpp_pkg' returned '0': CMAKE_PREFIX_PATH=${CMAKE_PREFIX_PATH}:/home/pc/soomac_ws/install/dongsoo_vision_pkg:/home/pc/soomac_ws/install/dongsoo_py_pkg:/home/pc/cont_ws/install/torque_test_pkg:/home/pc/cont_ws/install/finger_pkg:/home/pc/cont_ws/install/control_continuum:/home/pc/mg_motor_ws/install/mg_test_pkg:/home/pc/mg_motor_ws/install/mg_motor_test:/home/pc/mg_motor_ws/install/homework_pkg:/home/pc/mg_motor_ws/install/head_moving:/opt/ros/humble /usr/bin/cmake --install /home/pc/soomac_ws/build/dongsoo_cpp_pkg
