running develop
running egg_info
creating dongsoo_py_pkg.egg-info
writing dongsoo_py_pkg.egg-info/PKG-INFO
writing dependency_links to dongsoo_py_pkg.egg-info/dependency_links.txt
writing entry points to dongsoo_py_pkg.egg-info/entry_points.txt
writing requirements to dongsoo_py_pkg.egg-info/requires.txt
writing top-level names to dongsoo_py_pkg.egg-info/top_level.txt
writing manifest file 'dongsoo_py_pkg.egg-info/SOURCES.txt'
reading manifest file 'dongsoo_py_pkg.egg-info/SOURCES.txt'
writing manifest file 'dongsoo_py_pkg.egg-info/SOURCES.txt'
running build_ext
Creating /home/pc/soomac_ws/install/dongsoo_py_pkg/lib/python3.10/site-packages/dongsoo-py-pkg.egg-link (link to .)
Installing client_dongsoo script to /home/pc/soomac_ws/install/dongsoo_py_pkg/lib/dongsoo_py_pkg
Installing command_centor script to /home/pc/soomac_ws/install/dongsoo_py_pkg/lib/dongsoo_py_pkg
Installing data_hub_py script to /home/pc/soomac_ws/install/dongsoo_py_pkg/lib/dongsoo_py_pkg
Installing monitoring_hub script to /home/pc/soomac_ws/install/dongsoo_py_pkg/lib/dongsoo_py_pkg
Installing motor_dummy script to /home/pc/soomac_ws/install/dongsoo_py_pkg/lib/dongsoo_py_pkg
Installing one_way_trajectory script to /home/pc/soomac_ws/install/dongsoo_py_pkg/lib/dongsoo_py_pkg
Installing server_dongsoo script to /home/pc/soomac_ws/install/dongsoo_py_pkg/lib/dongsoo_py_pkg
Installing trajectory_test script to /home/pc/soomac_ws/install/dongsoo_py_pkg/lib/dongsoo_py_pkg

Installed /home/pc/soomac_ws/build/dongsoo_py_pkg
running symlink_data
creating /home/pc/soomac_ws/install/dongsoo_py_pkg/share/ament_index
creating /home/pc/soomac_ws/install/dongsoo_py_pkg/share/ament_index/resource_index
creating /home/pc/soomac_ws/install/dongsoo_py_pkg/share/ament_index/resource_index/packages
symbolically linking /home/pc/soomac_ws/build/dongsoo_py_pkg/resource/dongsoo_py_pkg -> /home/pc/soomac_ws/install/dongsoo_py_pkg/share/ament_index/resource_index/packages
symbolically linking /home/pc/soomac_ws/build/dongsoo_py_pkg/package.xml -> /home/pc/soomac_ws/install/dongsoo_py_pkg/share/dongsoo_py_pkg
