[0.315s] Invoking command in '/home/pc/soomac_ws/build/dongsoo_py_pkg': CMAKE_PREFIX_PATH=/home/pc/soomac_ws/install/dongsoo_interfaces:/home/pc/soomac_ws/install/dongsoo_description:/usr/local PYTHONPATH=/home/pc/soomac_ws/build/dongsoo_py_pkg/prefix_override:/usr/lib/python3/dist-packages/colcon_core/task/python/colcon_distutils_commands:/home/pc/soomac_ws/install/dongsoo_py_pkg/lib/python3.10/site-packages:${PYTHONPATH} /usr/bin/python3 -W ignore:setup.py install is deprecated -W ignore:easy_install command is deprecated setup.py develop --editable --build-directory /home/pc/soomac_ws/build/dongsoo_py_pkg/build --no-deps symlink_data
[0.437s] running develop
[0.503s] running egg_info
[0.503s] creating dongsoo_py_pkg.egg-info
[0.503s] writing dongsoo_py_pkg.egg-info/PKG-INFO
[0.503s] writing dependency_links to dongsoo_py_pkg.egg-info/dependency_links.txt
[0.503s] writing entry points to dongsoo_py_pkg.egg-info/entry_points.txt
[0.503s] writing requirements to dongsoo_py_pkg.egg-info/requires.txt
[0.503s] writing top-level names to dongsoo_py_pkg.egg-info/top_level.txt
[0.503s] writing manifest file 'dongsoo_py_pkg.egg-info/SOURCES.txt'
[0.504s] reading manifest file 'dongsoo_py_pkg.egg-info/SOURCES.txt'
[0.504s] writing manifest file 'dongsoo_py_pkg.egg-info/SOURCES.txt'
[0.505s] running build_ext
[0.505s] Creating /home/pc/soomac_ws/install/dongsoo_py_pkg/lib/python3.10/site-packages/dongsoo-py-pkg.egg-link (link to .)
[0.506s] Installing client_dongsoo script to /home/pc/soomac_ws/install/dongsoo_py_pkg/lib/dongsoo_py_pkg
[0.506s] Installing command_centor script to /home/pc/soomac_ws/install/dongsoo_py_pkg/lib/dongsoo_py_pkg
[0.506s] Installing data_hub_py script to /home/pc/soomac_ws/install/dongsoo_py_pkg/lib/dongsoo_py_pkg
[0.506s] Installing monitoring_hub script to /home/pc/soomac_ws/install/dongsoo_py_pkg/lib/dongsoo_py_pkg
[0.506s] Installing motor_dummy script to /home/pc/soomac_ws/install/dongsoo_py_pkg/lib/dongsoo_py_pkg
[0.506s] Installing one_way_trajectory script to /home/pc/soomac_ws/install/dongsoo_py_pkg/lib/dongsoo_py_pkg
[0.506s] Installing server_dongsoo script to /home/pc/soomac_ws/install/dongsoo_py_pkg/lib/dongsoo_py_pkg
[0.506s] Installing trajectory_test script to /home/pc/soomac_ws/install/dongsoo_py_pkg/lib/dongsoo_py_pkg
[0.506s] 
[0.506s] Installed /home/pc/soomac_ws/build/dongsoo_py_pkg
[0.506s] running symlink_data
[0.506s] creating /home/pc/soomac_ws/install/dongsoo_py_pkg/share/ament_index
[0.506s] creating /home/pc/soomac_ws/install/dongsoo_py_pkg/share/ament_index/resource_index
[0.506s] creating /home/pc/soomac_ws/install/dongsoo_py_pkg/share/ament_index/resource_index/packages
[0.506s] symbolically linking /home/pc/soomac_ws/build/dongsoo_py_pkg/resource/dongsoo_py_pkg -> /home/pc/soomac_ws/install/dongsoo_py_pkg/share/ament_index/resource_index/packages
[0.506s] symbolically linking /home/pc/soomac_ws/build/dongsoo_py_pkg/package.xml -> /home/pc/soomac_ws/install/dongsoo_py_pkg/share/dongsoo_py_pkg
[0.518s] Invoked command in '/home/pc/soomac_ws/build/dongsoo_py_pkg' returned '0': CMAKE_PREFIX_PATH=/home/pc/soomac_ws/install/dongsoo_interfaces:/home/pc/soomac_ws/install/dongsoo_description:/usr/local PYTHONPATH=/home/pc/soomac_ws/build/dongsoo_py_pkg/prefix_override:/usr/lib/python3/dist-packages/colcon_core/task/python/colcon_distutils_commands:/home/pc/soomac_ws/install/dongsoo_py_pkg/lib/python3.10/site-packages:${PYTHONPATH} /usr/bin/python3 -W ignore:setup.py install is deprecated -W ignore:easy_install command is deprecated setup.py develop --editable --build-directory /home/pc/soomac_ws/build/dongsoo_py_pkg/build --no-deps symlink_data
