[0.311s] Invoking command in '/home/pc/soomac_ws/build/dongsoo_control_pkg': CMAKE_PREFIX_PATH=/home/pc/soomac_ws/install/dongsoo_interfaces:/home/pc/zrobot_ws/install/mandro_interfaces:/home/pc/cont_ws/install/dxl_cpp_pkg:/home/pc/mg_motor_ws/install/brobot_interfaces:/home/pc/soomac_ws/install/dongsoo_description LD_LIBRARY_PATH=/home/pc/soomac_ws/install/dongsoo_interfaces/lib:/home/pc/zrobot_ws/install/mandro_interfaces/lib:/home/pc/mg_motor_ws/install/brobot_interfaces/lib:/opt/ros/humble/opt/rviz_ogre_vendor/lib:/opt/ros/humble/lib/x86_64-linux-gnu:/opt/ros/humble/lib PYTHONPATH=/home/pc/soomac_ws/build/dongsoo_control_pkg/prefix_override:/usr/lib/python3/dist-packages/colcon_core/task/python/colcon_distutils_commands:/home/pc/soomac_ws/install/dongsoo_control_pkg/lib/python3.10/site-packages:${PYTHONPATH} /usr/bin/python3 -W ignore:setup.py install is deprecated -W ignore:easy_install command is deprecated setup.py develop --editable --build-directory /home/pc/soomac_ws/build/dongsoo_control_pkg/build --no-deps symlink_data
[0.442s] running develop
[0.521s] running egg_info
[0.521s] writing dongsoo_control_pkg.egg-info/PKG-INFO
[0.521s] writing dependency_links to dongsoo_control_pkg.egg-info/dependency_links.txt
[0.521s] writing entry points to dongsoo_control_pkg.egg-info/entry_points.txt
[0.521s] writing requirements to dongsoo_control_pkg.egg-info/requires.txt
[0.521s] writing top-level names to dongsoo_control_pkg.egg-info/top_level.txt
[0.522s] reading manifest file 'dongsoo_control_pkg.egg-info/SOURCES.txt'
[0.522s] writing manifest file 'dongsoo_control_pkg.egg-info/SOURCES.txt'
[0.523s] running build_ext
[0.523s] Creating /home/pc/soomac_ws/install/dongsoo_control_pkg/lib/python3.10/site-packages/dongsoo-control-pkg.egg-link (link to .)
[0.523s] Installing client_node script to /home/pc/soomac_ws/install/dongsoo_control_pkg/lib/dongsoo_control_pkg
[0.523s] Installing command_centor_node script to /home/pc/soomac_ws/install/dongsoo_control_pkg/lib/dongsoo_control_pkg
[0.523s] Installing data_hub script to /home/pc/soomac_ws/install/dongsoo_control_pkg/lib/dongsoo_control_pkg
[0.523s] Installing gripper_node script to /home/pc/soomac_ws/install/dongsoo_control_pkg/lib/dongsoo_control_pkg
[0.523s] Installing monitoring_node script to /home/pc/soomac_ws/install/dongsoo_control_pkg/lib/dongsoo_control_pkg
[0.523s] Installing motor_connect script to /home/pc/soomac_ws/install/dongsoo_control_pkg/lib/dongsoo_control_pkg
[0.523s] Installing server_node script to /home/pc/soomac_ws/install/dongsoo_control_pkg/lib/dongsoo_control_pkg
[0.524s] 
[0.524s] Installed /home/pc/soomac_ws/build/dongsoo_control_pkg
[0.524s] running symlink_data
[0.535s] Invoked command in '/home/pc/soomac_ws/build/dongsoo_control_pkg' returned '0': CMAKE_PREFIX_PATH=/home/pc/soomac_ws/install/dongsoo_interfaces:/home/pc/zrobot_ws/install/mandro_interfaces:/home/pc/cont_ws/install/dxl_cpp_pkg:/home/pc/mg_motor_ws/install/brobot_interfaces:/home/pc/soomac_ws/install/dongsoo_description LD_LIBRARY_PATH=/home/pc/soomac_ws/install/dongsoo_interfaces/lib:/home/pc/zrobot_ws/install/mandro_interfaces/lib:/home/pc/mg_motor_ws/install/brobot_interfaces/lib:/opt/ros/humble/opt/rviz_ogre_vendor/lib:/opt/ros/humble/lib/x86_64-linux-gnu:/opt/ros/humble/lib PYTHONPATH=/home/pc/soomac_ws/build/dongsoo_control_pkg/prefix_override:/usr/lib/python3/dist-packages/colcon_core/task/python/colcon_distutils_commands:/home/pc/soomac_ws/install/dongsoo_control_pkg/lib/python3.10/site-packages:${PYTHONPATH} /usr/bin/python3 -W ignore:setup.py install is deprecated -W ignore:easy_install command is deprecated setup.py develop --editable --build-directory /home/pc/soomac_ws/build/dongsoo_control_pkg/build --no-deps symlink_data
