[0.010s] Invoking command in '/home/pc/soomac_ws/build/dongsoo_cpp_pkg': CMAKE_PREFIX_PATH=${CMAKE_PREFIX_PATH}:/home/pc/soomac_ws/install/homework_pkg:/home/pc/soomac_ws/install/finger_test:/home/pc/soomac_ws/install/dx_motor_control:/home/pc/soomac_ws/install/dongsoo_py_pkg:/home/pc/mg_motor_ws/install/mg_test_pkg:/home/pc/mg_motor_ws/install/mg_motor_test:/home/pc/mg_motor_ws/install/homework_pkg:/home/pc/mg_motor_ws/install/head_moving:/home/pc/cont_ws/install/torque_test_pkg:/home/pc/cont_ws/install/finger_pkg:/home/pc/cont_ws/install/control_continuum:/opt/ros/humble /usr/bin/cmake --build /home/pc/soomac_ws/build/dongsoo_cpp_pkg -- -j32 -l32
[0.021s] -- Found ament_cmake: 1.3.12 (/opt/ros/humble/share/ament_cmake/cmake)
[0.097s] -- Found rclcpp: 16.0.14 (/opt/ros/humble/share/rclcpp/cmake)
[0.110s] -- Found rosidl_generator_c: 3.1.7 (/opt/ros/humble/share/rosidl_generator_c/cmake)
[0.111s] -- Found rosidl_adapter: 3.1.7 (/opt/ros/humble/share/rosidl_adapter/cmake)
[0.113s] -- Found rosidl_generator_cpp: 3.1.7 (/opt/ros/humble/share/rosidl_generator_cpp/cmake)
[0.118s] -- Using all available rosidl_typesupport_c: rosidl_typesupport_fastrtps_c;rosidl_typesupport_introspection_c
[0.123s] -- Using all available rosidl_typesupport_cpp: rosidl_typesupport_fastrtps_cpp;rosidl_typesupport_introspection_cpp
[0.137s] -- Found rmw_implementation_cmake: 6.1.2 (/opt/ros/humble/share/rmw_implementation_cmake/cmake)
[0.138s] -- Found rmw_fastrtps_cpp: 6.2.8 (/opt/ros/humble/share/rmw_fastrtps_cpp/cmake)
[0.188s] -- Using RMW implementation 'rmw_fastrtps_cpp' as default
[0.208s] -- Found dynamixel_sdk: 3.8.4 (/opt/ros/humble/share/dynamixel_sdk/cmake)
[0.245s] -- Configuring done
[0.253s] -- Generating done
[0.255s] -- Build files have been written to: /home/pc/soomac_ws/build/dongsoo_cpp_pkg
[0.271s] [35m[1mConsolidate compiler generated dependencies of target motor_connect[0m
[0.275s] [ 25%] [32mBuilding CXX object CMakeFiles/test_motor_connect.dir/src/test_motor_connect.cpp.o[0m
[0.290s] [ 50%] [32mBuilding CXX object CMakeFiles/motor_connect.dir/src/motor_connect.cpp.o[0m
[4.852s] [ 75%] [32m[1mLinking CXX executable motor_connect[0m
[5.064s] [ 75%] Built target motor_connect
[5.637s] [100%] [32m[1mLinking CXX executable test_motor_connect[0m
[5.843s] [100%] Built target test_motor_connect
[5.854s] Invoked command in '/home/pc/soomac_ws/build/dongsoo_cpp_pkg' returned '0': CMAKE_PREFIX_PATH=${CMAKE_PREFIX_PATH}:/home/pc/soomac_ws/install/homework_pkg:/home/pc/soomac_ws/install/finger_test:/home/pc/soomac_ws/install/dx_motor_control:/home/pc/soomac_ws/install/dongsoo_py_pkg:/home/pc/mg_motor_ws/install/mg_test_pkg:/home/pc/mg_motor_ws/install/mg_motor_test:/home/pc/mg_motor_ws/install/homework_pkg:/home/pc/mg_motor_ws/install/head_moving:/home/pc/cont_ws/install/torque_test_pkg:/home/pc/cont_ws/install/finger_pkg:/home/pc/cont_ws/install/control_continuum:/opt/ros/humble /usr/bin/cmake --build /home/pc/soomac_ws/build/dongsoo_cpp_pkg -- -j32 -l32
[5.858s] Invoking command in '/home/pc/soomac_ws/build/dongsoo_cpp_pkg': CMAKE_PREFIX_PATH=${CMAKE_PREFIX_PATH}:/home/pc/soomac_ws/install/homework_pkg:/home/pc/soomac_ws/install/finger_test:/home/pc/soomac_ws/install/dx_motor_control:/home/pc/soomac_ws/install/dongsoo_py_pkg:/home/pc/mg_motor_ws/install/mg_test_pkg:/home/pc/mg_motor_ws/install/mg_motor_test:/home/pc/mg_motor_ws/install/homework_pkg:/home/pc/mg_motor_ws/install/head_moving:/home/pc/cont_ws/install/torque_test_pkg:/home/pc/cont_ws/install/finger_pkg:/home/pc/cont_ws/install/control_continuum:/opt/ros/humble /usr/bin/cmake --install /home/pc/soomac_ws/build/dongsoo_cpp_pkg
[5.863s] -- Install configuration: ""
[5.863s] -- Installing: /home/pc/soomac_ws/install/dongsoo_cpp_pkg/lib/dongsoo_cpp_pkg/motor_connect
[5.866s] -- Set runtime path of "/home/pc/soomac_ws/install/dongsoo_cpp_pkg/lib/dongsoo_cpp_pkg/motor_connect" to ""
[5.866s] -- Installing: /home/pc/soomac_ws/install/dongsoo_cpp_pkg/lib/dongsoo_cpp_pkg/test_motor_connect
[5.867s] -- Set runtime path of "/home/pc/soomac_ws/install/dongsoo_cpp_pkg/lib/dongsoo_cpp_pkg/test_motor_connect" to ""
[5.867s] -- Up-to-date: /home/pc/soomac_ws/install/dongsoo_cpp_pkg/share/ament_index/resource_index/package_run_dependencies/dongsoo_cpp_pkg
[5.867s] -- Installing: /home/pc/soomac_ws/install/dongsoo_cpp_pkg/share/ament_index/resource_index/parent_prefix_path/dongsoo_cpp_pkg
[5.867s] -- Installing: /home/pc/soomac_ws/install/dongsoo_cpp_pkg/share/dongsoo_cpp_pkg/environment/ament_prefix_path.sh
[5.867s] -- Installing: /home/pc/soomac_ws/install/dongsoo_cpp_pkg/share/dongsoo_cpp_pkg/environment/ament_prefix_path.dsv
[5.867s] -- Installing: /home/pc/soomac_ws/install/dongsoo_cpp_pkg/share/dongsoo_cpp_pkg/environment/path.sh
[5.868s] -- Installing: /home/pc/soomac_ws/install/dongsoo_cpp_pkg/share/dongsoo_cpp_pkg/environment/path.dsv
[5.868s] -- Up-to-date: /home/pc/soomac_ws/install/dongsoo_cpp_pkg/share/dongsoo_cpp_pkg/local_setup.bash
[5.868s] -- Up-to-date: /home/pc/soomac_ws/install/dongsoo_cpp_pkg/share/dongsoo_cpp_pkg/local_setup.sh
[5.868s] -- Up-to-date: /home/pc/soomac_ws/install/dongsoo_cpp_pkg/share/dongsoo_cpp_pkg/local_setup.zsh
[5.868s] -- Installing: /home/pc/soomac_ws/install/dongsoo_cpp_pkg/share/dongsoo_cpp_pkg/local_setup.dsv
[5.868s] -- Installing: /home/pc/soomac_ws/install/dongsoo_cpp_pkg/share/dongsoo_cpp_pkg/package.dsv
[5.868s] -- Up-to-date: /home/pc/soomac_ws/install/dongsoo_cpp_pkg/share/ament_index/resource_index/packages/dongsoo_cpp_pkg
[5.868s] -- Up-to-date: /home/pc/soomac_ws/install/dongsoo_cpp_pkg/share/dongsoo_cpp_pkg/cmake/dongsoo_cpp_pkgConfig.cmake
[5.868s] -- Up-to-date: /home/pc/soomac_ws/install/dongsoo_cpp_pkg/share/dongsoo_cpp_pkg/cmake/dongsoo_cpp_pkgConfig-version.cmake
[5.868s] -- Up-to-date: /home/pc/soomac_ws/install/dongsoo_cpp_pkg/share/dongsoo_cpp_pkg/package.xml
[5.869s] Invoked command in '/home/pc/soomac_ws/build/dongsoo_cpp_pkg' returned '0': CMAKE_PREFIX_PATH=${CMAKE_PREFIX_PATH}:/home/pc/soomac_ws/install/homework_pkg:/home/pc/soomac_ws/install/finger_test:/home/pc/soomac_ws/install/dx_motor_control:/home/pc/soomac_ws/install/dongsoo_py_pkg:/home/pc/mg_motor_ws/install/mg_test_pkg:/home/pc/mg_motor_ws/install/mg_motor_test:/home/pc/mg_motor_ws/install/homework_pkg:/home/pc/mg_motor_ws/install/head_moving:/home/pc/cont_ws/install/torque_test_pkg:/home/pc/cont_ws/install/finger_pkg:/home/pc/cont_ws/install/control_continuum:/opt/ros/humble /usr/bin/cmake --install /home/pc/soomac_ws/build/dongsoo_cpp_pkg
