running develop
running egg_info
writing zeus_controller.egg-info/PKG-INFO
writing dependency_links to zeus_controller.egg-info/dependency_links.txt
writing entry points to zeus_controller.egg-info/entry_points.txt
writing requirements to zeus_controller.egg-info/requires.txt
writing top-level names to zeus_controller.egg-info/top_level.txt
reading manifest file 'zeus_controller.egg-info/SOURCES.txt'
writing manifest file 'zeus_controller.egg-info/SOURCES.txt'
running build_ext
Creating /home/pc/soomac_ws/install/zeus_controller/lib/python3.10/site-packages/zeus-controller.egg-link (link to .)
Installing client_zeus script to /home/pc/soomac_ws/install/zeus_controller/lib/zeus_controller
Installing connect_zeus script to /home/pc/soomac_ws/install/zeus_controller/lib/zeus_controller
Installing emer_main_control script to /home/pc/soomac_ws/install/zeus_controller/lib/zeus_controller
Installing gripper_zeus script to /home/pc/soomac_ws/install/zeus_controller/lib/zeus_controller
Installing main_control script to /home/pc/soomac_ws/install/zeus_controller/lib/zeus_controller
Installing server_zeus script to /home/pc/soomac_ws/install/zeus_controller/lib/zeus_controller
Installing ver_2_emer_main script to /home/pc/soomac_ws/install/zeus_controller/lib/zeus_controller

Installed /home/pc/soomac_ws/build/zeus_controller
running symlink_data
