[0.288s] Invoking command in '/home/pc/soomac_ws/build/dongsoo_py_pkg': AMENT_PREFIX_PATH=/home/pc/soomac_ws/install/dongsoo_interfaces:${AMENT_PREFIX_PATH} CMAKE_PREFIX_PATH=/home/pc/soomac_ws/install/dongsoo_interfaces:${CMAKE_PREFIX_PATH} LD_LIBRARY_PATH=/home/pc/soomac_ws/install/dongsoo_interfaces/lib:${LD_LIBRARY_PATH} PYTHONPATH=/home/pc/soomac_ws/build/dongsoo_py_pkg/prefix_override:/usr/lib/python3/dist-packages/colcon_core/task/python/colcon_distutils_commands:/home/pc/soomac_ws/install/dongsoo_py_pkg/lib/python3.10/site-packages:/home/pc/soomac_ws/install/dongsoo_interfaces/local/lib/python3.10/dist-packages:${PYTHONPATH} /usr/bin/python3 -W ignore:setup.py install is deprecated -W ignore:easy_install command is deprecated setup.py develop --uninstall --editable --build-directory /home/pc/soomac_ws/build/dongsoo_py_pkg/build
[0.403s] running develop
[0.478s] Removing /home/pc/soomac_ws/install/dongsoo_py_pkg/lib/python3.10/site-packages/dongsoo-py-pkg.egg-link (link to .)
[0.490s] Invoked command in '/home/pc/soomac_ws/build/dongsoo_py_pkg' returned '0': AMENT_PREFIX_PATH=/home/pc/soomac_ws/install/dongsoo_interfaces:${AMENT_PREFIX_PATH} CMAKE_PREFIX_PATH=/home/pc/soomac_ws/install/dongsoo_interfaces:${CMAKE_PREFIX_PATH} LD_LIBRARY_PATH=/home/pc/soomac_ws/install/dongsoo_interfaces/lib:${LD_LIBRARY_PATH} PYTHONPATH=/home/pc/soomac_ws/build/dongsoo_py_pkg/prefix_override:/usr/lib/python3/dist-packages/colcon_core/task/python/colcon_distutils_commands:/home/pc/soomac_ws/install/dongsoo_py_pkg/lib/python3.10/site-packages:/home/pc/soomac_ws/install/dongsoo_interfaces/local/lib/python3.10/dist-packages:${PYTHONPATH} /usr/bin/python3 -W ignore:setup.py install is deprecated -W ignore:easy_install command is deprecated setup.py develop --uninstall --editable --build-directory /home/pc/soomac_ws/build/dongsoo_py_pkg/build
[0.491s] Invoking command in '/home/pc/soomac_ws/src/dongsoo_py_pkg': AMENT_PREFIX_PATH=/home/pc/soomac_ws/install/dongsoo_interfaces:${AMENT_PREFIX_PATH} CMAKE_PREFIX_PATH=/home/pc/soomac_ws/install/dongsoo_interfaces:${CMAKE_PREFIX_PATH} LD_LIBRARY_PATH=/home/pc/soomac_ws/install/dongsoo_interfaces/lib:${LD_LIBRARY_PATH} PYTHONPATH=/home/pc/soomac_ws/build/dongsoo_py_pkg/prefix_override:/usr/lib/python3/dist-packages/colcon_core/task/python/colcon_distutils_commands:/home/pc/soomac_ws/install/dongsoo_py_pkg/lib/python3.10/site-packages:/home/pc/soomac_ws/install/dongsoo_interfaces/local/lib/python3.10/dist-packages:${PYTHONPATH} /usr/bin/python3 -W ignore:setup.py install is deprecated -W ignore:easy_install command is deprecated setup.py egg_info --egg-base ../../build/dongsoo_py_pkg build --build-base /home/pc/soomac_ws/build/dongsoo_py_pkg/build install --record /home/pc/soomac_ws/build/dongsoo_py_pkg/install.log --single-version-externally-managed install_data --force
[0.598s] running egg_info
[0.598s] writing ../../build/dongsoo_py_pkg/dongsoo_py_pkg.egg-info/PKG-INFO
[0.598s] writing dependency_links to ../../build/dongsoo_py_pkg/dongsoo_py_pkg.egg-info/dependency_links.txt
[0.598s] writing entry points to ../../build/dongsoo_py_pkg/dongsoo_py_pkg.egg-info/entry_points.txt
[0.598s] writing requirements to ../../build/dongsoo_py_pkg/dongsoo_py_pkg.egg-info/requires.txt
[0.598s] writing top-level names to ../../build/dongsoo_py_pkg/dongsoo_py_pkg.egg-info/top_level.txt
[0.599s] reading manifest file '../../build/dongsoo_py_pkg/dongsoo_py_pkg.egg-info/SOURCES.txt'
[0.607s] writing manifest file '../../build/dongsoo_py_pkg/dongsoo_py_pkg.egg-info/SOURCES.txt'
[0.608s] running build
[0.608s] running build_py
[0.608s] copying dongsoo_py_pkg/monitoring_hub.py -> /home/pc/soomac_ws/build/dongsoo_py_pkg/build/lib/dongsoo_py_pkg
[0.608s] copying dongsoo_py_pkg/dongsoo_client.py -> /home/pc/soomac_ws/build/dongsoo_py_pkg/build/lib/dongsoo_py_pkg
[0.608s] copying dongsoo_py_pkg/dongsoo_server.py -> /home/pc/soomac_ws/build/dongsoo_py_pkg/build/lib/dongsoo_py_pkg
[0.608s] running install
[0.608s] running install_lib
[0.608s] creating /home/pc/soomac_ws/install/dongsoo_py_pkg/lib/python3.10/site-packages/dongsoo_py_pkg
[0.608s] copying /home/pc/soomac_ws/build/dongsoo_py_pkg/build/lib/dongsoo_py_pkg/monitoring_hub.py -> /home/pc/soomac_ws/install/dongsoo_py_pkg/lib/python3.10/site-packages/dongsoo_py_pkg
[0.608s] copying /home/pc/soomac_ws/build/dongsoo_py_pkg/build/lib/dongsoo_py_pkg/motor_dummy.py -> /home/pc/soomac_ws/install/dongsoo_py_pkg/lib/python3.10/site-packages/dongsoo_py_pkg
[0.608s] copying /home/pc/soomac_ws/build/dongsoo_py_pkg/build/lib/dongsoo_py_pkg/trajectory_test.py -> /home/pc/soomac_ws/install/dongsoo_py_pkg/lib/python3.10/site-packages/dongsoo_py_pkg
[0.608s] copying /home/pc/soomac_ws/build/dongsoo_py_pkg/build/lib/dongsoo_py_pkg/__init__.py -> /home/pc/soomac_ws/install/dongsoo_py_pkg/lib/python3.10/site-packages/dongsoo_py_pkg
[0.608s] copying /home/pc/soomac_ws/build/dongsoo_py_pkg/build/lib/dongsoo_py_pkg/read_json.py -> /home/pc/soomac_ws/install/dongsoo_py_pkg/lib/python3.10/site-packages/dongsoo_py_pkg
[0.608s] copying /home/pc/soomac_ws/build/dongsoo_py_pkg/build/lib/dongsoo_py_pkg/memo.py -> /home/pc/soomac_ws/install/dongsoo_py_pkg/lib/python3.10/site-packages/dongsoo_py_pkg
[0.608s] copying /home/pc/soomac_ws/build/dongsoo_py_pkg/build/lib/dongsoo_py_pkg/dongsoo_client.py -> /home/pc/soomac_ws/install/dongsoo_py_pkg/lib/python3.10/site-packages/dongsoo_py_pkg
[0.608s] copying /home/pc/soomac_ws/build/dongsoo_py_pkg/build/lib/dongsoo_py_pkg/one_way_trajectory.py -> /home/pc/soomac_ws/install/dongsoo_py_pkg/lib/python3.10/site-packages/dongsoo_py_pkg
[0.608s] copying /home/pc/soomac_ws/build/dongsoo_py_pkg/build/lib/dongsoo_py_pkg/dongsoo_server.py -> /home/pc/soomac_ws/install/dongsoo_py_pkg/lib/python3.10/site-packages/dongsoo_py_pkg
[0.608s] copying /home/pc/soomac_ws/build/dongsoo_py_pkg/build/lib/dongsoo_py_pkg/data_hub.py -> /home/pc/soomac_ws/install/dongsoo_py_pkg/lib/python3.10/site-packages/dongsoo_py_pkg
[0.609s] byte-compiling /home/pc/soomac_ws/install/dongsoo_py_pkg/lib/python3.10/site-packages/dongsoo_py_pkg/monitoring_hub.py to monitoring_hub.cpython-310.pyc
[0.610s] byte-compiling /home/pc/soomac_ws/install/dongsoo_py_pkg/lib/python3.10/site-packages/dongsoo_py_pkg/motor_dummy.py to motor_dummy.cpython-310.pyc
[0.610s] byte-compiling /home/pc/soomac_ws/install/dongsoo_py_pkg/lib/python3.10/site-packages/dongsoo_py_pkg/trajectory_test.py to trajectory_test.cpython-310.pyc
[0.610s] byte-compiling /home/pc/soomac_ws/install/dongsoo_py_pkg/lib/python3.10/site-packages/dongsoo_py_pkg/__init__.py to __init__.cpython-310.pyc
[0.610s] byte-compiling /home/pc/soomac_ws/install/dongsoo_py_pkg/lib/python3.10/site-packages/dongsoo_py_pkg/read_json.py to read_json.cpython-310.pyc
[0.611s] byte-compiling /home/pc/soomac_ws/install/dongsoo_py_pkg/lib/python3.10/site-packages/dongsoo_py_pkg/memo.py to memo.cpython-310.pyc
[0.611s] byte-compiling /home/pc/soomac_ws/install/dongsoo_py_pkg/lib/python3.10/site-packages/dongsoo_py_pkg/dongsoo_client.py to dongsoo_client.cpython-310.pyc
[0.611s] byte-compiling /home/pc/soomac_ws/install/dongsoo_py_pkg/lib/python3.10/site-packages/dongsoo_py_pkg/one_way_trajectory.py to one_way_trajectory.cpython-310.pyc
[0.612s] byte-compiling /home/pc/soomac_ws/install/dongsoo_py_pkg/lib/python3.10/site-packages/dongsoo_py_pkg/dongsoo_server.py to dongsoo_server.cpython-310.pyc
[0.612s] byte-compiling /home/pc/soomac_ws/install/dongsoo_py_pkg/lib/python3.10/site-packages/dongsoo_py_pkg/data_hub.py to data_hub.cpython-310.pyc
[0.613s] running install_data
[0.613s] copying resource/dongsoo_py_pkg -> /home/pc/soomac_ws/install/dongsoo_py_pkg/share/ament_index/resource_index/packages
[0.613s] copying package.xml -> /home/pc/soomac_ws/install/dongsoo_py_pkg/share/dongsoo_py_pkg
[0.613s] running install_egg_info
[0.614s] Copying ../../build/dongsoo_py_pkg/dongsoo_py_pkg.egg-info to /home/pc/soomac_ws/install/dongsoo_py_pkg/lib/python3.10/site-packages/dongsoo_py_pkg-0.0.0-py3.10.egg-info
[0.614s] running install_scripts
[0.624s] Installing data_hub_py script to /home/pc/soomac_ws/install/dongsoo_py_pkg/lib/dongsoo_py_pkg
[0.624s] Installing monitoring_hub script to /home/pc/soomac_ws/install/dongsoo_py_pkg/lib/dongsoo_py_pkg
[0.624s] Installing motor_dummy script to /home/pc/soomac_ws/install/dongsoo_py_pkg/lib/dongsoo_py_pkg
[0.624s] Installing one_way_trajectory script to /home/pc/soomac_ws/install/dongsoo_py_pkg/lib/dongsoo_py_pkg
[0.624s] Installing trajectory_test script to /home/pc/soomac_ws/install/dongsoo_py_pkg/lib/dongsoo_py_pkg
[0.624s] writing list of installed files to '/home/pc/soomac_ws/build/dongsoo_py_pkg/install.log'
[0.634s] Invoked command in '/home/pc/soomac_ws/src/dongsoo_py_pkg' returned '0': AMENT_PREFIX_PATH=/home/pc/soomac_ws/install/dongsoo_interfaces:${AMENT_PREFIX_PATH} CMAKE_PREFIX_PATH=/home/pc/soomac_ws/install/dongsoo_interfaces:${CMAKE_PREFIX_PATH} LD_LIBRARY_PATH=/home/pc/soomac_ws/install/dongsoo_interfaces/lib:${LD_LIBRARY_PATH} PYTHONPATH=/home/pc/soomac_ws/build/dongsoo_py_pkg/prefix_override:/usr/lib/python3/dist-packages/colcon_core/task/python/colcon_distutils_commands:/home/pc/soomac_ws/install/dongsoo_py_pkg/lib/python3.10/site-packages:/home/pc/soomac_ws/install/dongsoo_interfaces/local/lib/python3.10/dist-packages:${PYTHONPATH} /usr/bin/python3 -W ignore:setup.py install is deprecated -W ignore:easy_install command is deprecated setup.py egg_info --egg-base ../../build/dongsoo_py_pkg build --build-base /home/pc/soomac_ws/build/dongsoo_py_pkg/build install --record /home/pc/soomac_ws/build/dongsoo_py_pkg/install.log --single-version-externally-managed install_data --force
