[0.006s] Invoking command in '/home/pc/soomac_ws/build/dongsoo_cpp_pkg': CMAKE_PREFIX_PATH=/opt/ros/humble /usr/bin/cmake /home/pc/soomac_ws/src/dongsoo_cpp_pkg -DCMAKE_INSTALL_PREFIX=/home/pc/soomac_ws/install/dongsoo_cpp_pkg
[0.040s] -- The C compiler identification is GNU 11.4.0
[0.073s] -- The CXX compiler identification is GNU 11.4.0
[0.078s] -- Detecting C compiler ABI info
[0.124s] -- Detecting C compiler ABI info - done
[0.128s] -- Check for working C compiler: /usr/bin/cc - skipped
[0.129s] -- Detecting C compile features
[0.129s] -- Detecting C compile features - done
[0.131s] -- Detecting CXX compiler ABI info
[0.179s] -- Detecting CXX compiler ABI info - done
[0.183s] -- Check for working CXX compiler: /usr/bin/c++ - skipped
[0.183s] -- Detecting CXX compile features
[0.183s] -- Detecting CXX compile features - done
[0.184s] -- Found ament_cmake: 1.3.12 (/opt/ros/humble/share/ament_cmake/cmake)
[0.267s] -- Found Python3: /usr/bin/python3 (found version "3.10.12") found components: Interpreter 
[0.310s] -- Found rclcpp: 16.0.15 (/opt/ros/humble/share/rclcpp/cmake)
[0.327s] -- Found rosidl_generator_c: 3.1.7 (/opt/ros/humble/share/rosidl_generator_c/cmake)
[0.329s] -- Found rosidl_adapter: 3.1.7 (/opt/ros/humble/share/rosidl_adapter/cmake)
[0.332s] -- Found rosidl_generator_cpp: 3.1.7 (/opt/ros/humble/share/rosidl_generator_cpp/cmake)
[0.337s] -- Using all available rosidl_typesupport_c: rosidl_typesupport_fastrtps_c;rosidl_typesupport_introspection_c
[0.344s] -- Using all available rosidl_typesupport_cpp: rosidl_typesupport_fastrtps_cpp;rosidl_typesupport_introspection_cpp
[0.361s] -- Found rmw_implementation_cmake: 6.1.2 (/opt/ros/humble/share/rmw_implementation_cmake/cmake)
[0.362s] -- Found rmw_fastrtps_cpp: 6.2.8 (/opt/ros/humble/share/rmw_fastrtps_cpp/cmake)
[0.415s] -- Found OpenSSL: /usr/lib/x86_64-linux-gnu/libcrypto.so (found version "3.0.2")  
[0.432s] -- Found FastRTPS: /opt/ros/humble/include  
[0.456s] -- Using RMW implementation 'rmw_fastrtps_cpp' as default
[0.460s] -- Looking for pthread.h
[0.524s] -- Looking for pthread.h - found
[0.525s] -- Performing Test CMAKE_HAVE_LIBC_PTHREAD
[0.588s] -- Performing Test CMAKE_HAVE_LIBC_PTHREAD - Success
[0.588s] -- Found Threads: TRUE  
[0.617s] -- Configuring incomplete, errors occurred!
[0.617s] See also "/home/pc/soomac_ws/build/dongsoo_cpp_pkg/CMakeFiles/CMakeOutput.log".
[0.617s] [31mCMake Error at CMakeLists.txt:16 (find_package):
[0.617s]   By not providing "Finddynamixel_sdk.cmake" in CMAKE_MODULE_PATH this
[0.617s]   project has asked CMake to find a package configuration file provided by
[0.617s]   "dynamixel_sdk", but CMake did not find one.
[0.617s] 
[0.617s]   Could not find a package configuration file provided by "dynamixel_sdk"
[0.618s]   with any of the following names:
[0.618s] 
[0.618s]     dynamixel_sdkConfig.cmake
[0.618s]     dynamixel_sdk-config.cmake
[0.618s] 
[0.618s]   Add the installation prefix of "dynamixel_sdk" to CMAKE_PREFIX_PATH or set
[0.618s]   "dynamixel_sdk_DIR" to a directory containing one of the above files.  If
[0.618s]   "dynamixel_sdk" provides a separate development package or SDK, be sure it
[0.618s]   has been installed.
[0.618s] 
[0.618s] [0m
[0.621s] Invoked command in '/home/pc/soomac_ws/build/dongsoo_cpp_pkg' returned '1': CMAKE_PREFIX_PATH=/opt/ros/humble /usr/bin/cmake /home/pc/soomac_ws/src/dongsoo_cpp_pkg -DCMAKE_INSTALL_PREFIX=/home/pc/soomac_ws/install/dongsoo_cpp_pkg
