[0.052s] DEBUG:colcon:Command line arguments: ['/usr/bin/colcon', 'build', '--symlink-install', '--packages-select', 'zeus_controller']
[0.052s] DEBUG:colcon:Parsed command line arguments: Namespace(log_base=None, log_level=None, verb_name='build', build_base='build', install_base='install', merge_install=False, symlink_install=True, test_result_base=None, continue_on_error=False, executor='parallel', parallel_workers=32, event_handlers=None, ignore_user_meta=False, metas=['./colcon.meta'], base_paths=['.'], packages_ignore=None, packages_ignore_regex=None, paths=None, packages_up_to=None, packages_up_to_regex=None, packages_above=None, packages_above_and_dependencies=None, packages_above_depth=None, packages_select_by_dep=None, packages_skip_by_dep=None, packages_skip_up_to=None, packages_select_build_failed=False, packages_skip_build_finished=False, packages_select_test_failures=False, packages_skip_test_passed=False, packages_select=['zeus_controller'], packages_skip=None, packages_select_regex=None, packages_skip_regex=None, packages_start=None, packages_end=None, allow_overriding=[], cmake_args=None, cmake_target=None, cmake_target_skip_unavailable=False, cmake_clean_cache=False, cmake_clean_first=False, cmake_force_configure=False, ament_cmake_args=None, catkin_cmake_args=None, catkin_skip_building_tests=False, mixin_files=None, mixin=None, verb_parser=<colcon_mixin.mixin.mixin_argument.MixinArgumentDecorator object at 0x7997b8e83340>, verb_extension=<colcon_core.verb.build.BuildVerb object at 0x7997b8e3d540>, main=<bound method BuildVerb.main of <colcon_core.verb.build.BuildVerb object at 0x7997b8e3d540>>, mixin_verb=('build',))
[0.129s] Level 1:colcon.colcon_core.package_discovery:discover_packages(colcon_meta) check parameters
[0.129s] Level 1:colcon.colcon_core.package_discovery:discover_packages(recursive) check parameters
[0.129s] Level 1:colcon.colcon_core.package_discovery:discover_packages(ignore) check parameters
[0.129s] Level 1:colcon.colcon_core.package_discovery:discover_packages(path) check parameters
[0.129s] Level 1:colcon.colcon_core.package_discovery:discover_packages(colcon_meta) discover
[0.129s] Level 1:colcon.colcon_core.package_discovery:discover_packages(recursive) discover
[0.129s] INFO:colcon.colcon_core.package_discovery:Crawling recursively for packages in '/home/pc/soomac_ws'
[0.129s] Level 1:colcon.colcon_core.package_identification:_identify(.) by extensions ['ignore', 'ignore_ament_install']
[0.129s] Level 1:colcon.colcon_core.package_identification:_identify(.) by extension 'ignore'
[0.129s] Level 1:colcon.colcon_core.package_identification:_identify(.) by extension 'ignore_ament_install'
[0.129s] Level 1:colcon.colcon_core.package_identification:_identify(.) by extensions ['colcon_pkg']
[0.129s] Level 1:colcon.colcon_core.package_identification:_identify(.) by extension 'colcon_pkg'
[0.129s] Level 1:colcon.colcon_core.package_identification:_identify(.) by extensions ['colcon_meta']
[0.129s] Level 1:colcon.colcon_core.package_identification:_identify(.) by extension 'colcon_meta'
[0.129s] Level 1:colcon.colcon_core.package_identification:_identify(.) by extensions ['ros']
[0.129s] Level 1:colcon.colcon_core.package_identification:_identify(.) by extension 'ros'
[0.138s] Level 1:colcon.colcon_core.package_identification:_identify(.) by extensions ['cmake', 'python']
[0.138s] Level 1:colcon.colcon_core.package_identification:_identify(.) by extension 'cmake'
[0.138s] Level 1:colcon.colcon_core.package_identification:_identify(.) by extension 'python'
[0.138s] Level 1:colcon.colcon_core.package_identification:_identify(.) by extensions ['python_setup_py']
[0.138s] Level 1:colcon.colcon_core.package_identification:_identify(.) by extension 'python_setup_py'
[0.138s] Level 1:colcon.colcon_core.package_identification:_identify(build) by extensions ['ignore', 'ignore_ament_install']
[0.138s] Level 1:colcon.colcon_core.package_identification:_identify(build) by extension 'ignore'
[0.139s] Level 1:colcon.colcon_core.package_identification:_identify(build) ignored
[0.139s] Level 1:colcon.colcon_core.package_identification:_identify(etc) by extensions ['ignore', 'ignore_ament_install']
[0.139s] Level 1:colcon.colcon_core.package_identification:_identify(etc) by extension 'ignore'
[0.139s] Level 1:colcon.colcon_core.package_identification:_identify(etc) by extension 'ignore_ament_install'
[0.139s] Level 1:colcon.colcon_core.package_identification:_identify(etc) by extensions ['colcon_pkg']
[0.139s] Level 1:colcon.colcon_core.package_identification:_identify(etc) by extension 'colcon_pkg'
[0.139s] Level 1:colcon.colcon_core.package_identification:_identify(etc) by extensions ['colcon_meta']
[0.139s] Level 1:colcon.colcon_core.package_identification:_identify(etc) by extension 'colcon_meta'
[0.139s] Level 1:colcon.colcon_core.package_identification:_identify(etc) by extensions ['ros']
[0.139s] Level 1:colcon.colcon_core.package_identification:_identify(etc) by extension 'ros'
[0.139s] Level 1:colcon.colcon_core.package_identification:_identify(etc) by extensions ['cmake', 'python']
[0.139s] Level 1:colcon.colcon_core.package_identification:_identify(etc) by extension 'cmake'
[0.139s] Level 1:colcon.colcon_core.package_identification:_identify(etc) by extension 'python'
[0.139s] Level 1:colcon.colcon_core.package_identification:_identify(etc) by extensions ['python_setup_py']
[0.139s] Level 1:colcon.colcon_core.package_identification:_identify(etc) by extension 'python_setup_py'
[0.139s] Level 1:colcon.colcon_core.package_identification:_identify(etc/test_ws) by extensions ['ignore', 'ignore_ament_install']
[0.139s] Level 1:colcon.colcon_core.package_identification:_identify(etc/test_ws) by extension 'ignore'
[0.139s] Level 1:colcon.colcon_core.package_identification:_identify(etc/test_ws) by extension 'ignore_ament_install'
[0.139s] Level 1:colcon.colcon_core.package_identification:_identify(etc/test_ws) by extensions ['colcon_pkg']
[0.139s] Level 1:colcon.colcon_core.package_identification:_identify(etc/test_ws) by extension 'colcon_pkg'
[0.139s] Level 1:colcon.colcon_core.package_identification:_identify(etc/test_ws) by extensions ['colcon_meta']
[0.139s] Level 1:colcon.colcon_core.package_identification:_identify(etc/test_ws) by extension 'colcon_meta'
[0.139s] Level 1:colcon.colcon_core.package_identification:_identify(etc/test_ws) by extensions ['ros']
[0.139s] Level 1:colcon.colcon_core.package_identification:_identify(etc/test_ws) by extension 'ros'
[0.139s] Level 1:colcon.colcon_core.package_identification:_identify(etc/test_ws) by extensions ['cmake', 'python']
[0.139s] Level 1:colcon.colcon_core.package_identification:_identify(etc/test_ws) by extension 'cmake'
[0.139s] Level 1:colcon.colcon_core.package_identification:_identify(etc/test_ws) by extension 'python'
[0.139s] Level 1:colcon.colcon_core.package_identification:_identify(etc/test_ws) by extensions ['python_setup_py']
[0.139s] Level 1:colcon.colcon_core.package_identification:_identify(etc/test_ws) by extension 'python_setup_py'
[0.139s] Level 1:colcon.colcon_core.package_identification:_identify(etc/test_ws/build) by extensions ['ignore', 'ignore_ament_install']
[0.139s] Level 1:colcon.colcon_core.package_identification:_identify(etc/test_ws/build) by extension 'ignore'
[0.139s] Level 1:colcon.colcon_core.package_identification:_identify(etc/test_ws/build) by extension 'ignore_ament_install'
[0.139s] Level 1:colcon.colcon_core.package_identification:_identify(etc/test_ws/build) by extensions ['colcon_pkg']
[0.139s] Level 1:colcon.colcon_core.package_identification:_identify(etc/test_ws/build) by extension 'colcon_pkg'
[0.139s] Level 1:colcon.colcon_core.package_identification:_identify(etc/test_ws/build) by extensions ['colcon_meta']
[0.140s] Level 1:colcon.colcon_core.package_identification:_identify(etc/test_ws/build) by extension 'colcon_meta'
[0.140s] Level 1:colcon.colcon_core.package_identification:_identify(etc/test_ws/build) by extensions ['ros']
[0.140s] Level 1:colcon.colcon_core.package_identification:_identify(etc/test_ws/build) by extension 'ros'
[0.140s] Level 1:colcon.colcon_core.package_identification:_identify(etc/test_ws/build) by extensions ['cmake', 'python']
[0.140s] Level 1:colcon.colcon_core.package_identification:_identify(etc/test_ws/build) by extension 'cmake'
[0.140s] Level 1:colcon.colcon_core.package_identification:_identify(etc/test_ws/build) by extension 'python'
[0.140s] Level 1:colcon.colcon_core.package_identification:_identify(etc/test_ws/build) by extensions ['python_setup_py']
[0.140s] Level 1:colcon.colcon_core.package_identification:_identify(etc/test_ws/build) by extension 'python_setup_py'
[0.140s] Level 1:colcon.colcon_core.package_identification:_identify(etc/test_ws/build/dongsoo_description) by extensions ['ignore', 'ignore_ament_install']
[0.140s] Level 1:colcon.colcon_core.package_identification:_identify(etc/test_ws/build/dongsoo_description) by extension 'ignore'
[0.140s] Level 1:colcon.colcon_core.package_identification:_identify(etc/test_ws/build/dongsoo_description) by extension 'ignore_ament_install'
[0.140s] Level 1:colcon.colcon_core.package_identification:_identify(etc/test_ws/build/dongsoo_description) by extensions ['colcon_pkg']
[0.140s] Level 1:colcon.colcon_core.package_identification:_identify(etc/test_ws/build/dongsoo_description) by extension 'colcon_pkg'
[0.140s] Level 1:colcon.colcon_core.package_identification:_identify(etc/test_ws/build/dongsoo_description) by extensions ['colcon_meta']
[0.140s] Level 1:colcon.colcon_core.package_identification:_identify(etc/test_ws/build/dongsoo_description) by extension 'colcon_meta'
[0.140s] Level 1:colcon.colcon_core.package_identification:_identify(etc/test_ws/build/dongsoo_description) by extensions ['ros']
[0.140s] Level 1:colcon.colcon_core.package_identification:_identify(etc/test_ws/build/dongsoo_description) by extension 'ros'
[0.140s] Level 1:colcon.colcon_core.package_identification:_identify(etc/test_ws/build/dongsoo_description) by extensions ['cmake', 'python']
[0.140s] Level 1:colcon.colcon_core.package_identification:_identify(etc/test_ws/build/dongsoo_description) by extension 'cmake'
[0.140s] Level 1:colcon.colcon_core.package_identification:_identify(etc/test_ws/build/dongsoo_description) by extension 'python'
[0.140s] Level 1:colcon.colcon_core.package_identification:_identify(etc/test_ws/build/dongsoo_description) by extensions ['python_setup_py']
[0.140s] Level 1:colcon.colcon_core.package_identification:_identify(etc/test_ws/build/dongsoo_description) by extension 'python_setup_py'
[0.140s] Level 1:colcon.colcon_core.package_identification:_identify(etc/test_ws/build/dongsoo_description/CMakeFiles) by extensions ['ignore', 'ignore_ament_install']
[0.140s] Level 1:colcon.colcon_core.package_identification:_identify(etc/test_ws/build/dongsoo_description/CMakeFiles) by extension 'ignore'
[0.140s] Level 1:colcon.colcon_core.package_identification:_identify(etc/test_ws/build/dongsoo_description/CMakeFiles) by extension 'ignore_ament_install'
[0.140s] Level 1:colcon.colcon_core.package_identification:_identify(etc/test_ws/build/dongsoo_description/CMakeFiles) by extensions ['colcon_pkg']
[0.140s] Level 1:colcon.colcon_core.package_identification:_identify(etc/test_ws/build/dongsoo_description/CMakeFiles) by extension 'colcon_pkg'
[0.140s] Level 1:colcon.colcon_core.package_identification:_identify(etc/test_ws/build/dongsoo_description/CMakeFiles) by extensions ['colcon_meta']
[0.140s] Level 1:colcon.colcon_core.package_identification:_identify(etc/test_ws/build/dongsoo_description/CMakeFiles) by extension 'colcon_meta'
[0.140s] Level 1:colcon.colcon_core.package_identification:_identify(etc/test_ws/build/dongsoo_description/CMakeFiles) by extensions ['ros']
[0.140s] Level 1:colcon.colcon_core.package_identification:_identify(etc/test_ws/build/dongsoo_description/CMakeFiles) by extension 'ros'
[0.140s] Level 1:colcon.colcon_core.package_identification:_identify(etc/test_ws/build/dongsoo_description/CMakeFiles) by extensions ['cmake', 'python']
[0.140s] Level 1:colcon.colcon_core.package_identification:_identify(etc/test_ws/build/dongsoo_description/CMakeFiles) by extension 'cmake'
[0.140s] Level 1:colcon.colcon_core.package_identification:_identify(etc/test_ws/build/dongsoo_description/CMakeFiles) by extension 'python'
[0.140s] Level 1:colcon.colcon_core.package_identification:_identify(etc/test_ws/build/dongsoo_description/CMakeFiles) by extensions ['python_setup_py']
[0.140s] Level 1:colcon.colcon_core.package_identification:_identify(etc/test_ws/build/dongsoo_description/CMakeFiles) by extension 'python_setup_py'
[0.140s] Level 1:colcon.colcon_core.package_identification:_identify(etc/test_ws/build/dongsoo_description/CMakeFiles/3.22.1) by extensions ['ignore', 'ignore_ament_install']
[0.141s] Level 1:colcon.colcon_core.package_identification:_identify(etc/test_ws/build/dongsoo_description/CMakeFiles/3.22.1) by extension 'ignore'
[0.141s] Level 1:colcon.colcon_core.package_identification:_identify(etc/test_ws/build/dongsoo_description/CMakeFiles/3.22.1) by extension 'ignore_ament_install'
[0.141s] Level 1:colcon.colcon_core.package_identification:_identify(etc/test_ws/build/dongsoo_description/CMakeFiles/3.22.1) by extensions ['colcon_pkg']
[0.141s] Level 1:colcon.colcon_core.package_identification:_identify(etc/test_ws/build/dongsoo_description/CMakeFiles/3.22.1) by extension 'colcon_pkg'
[0.141s] Level 1:colcon.colcon_core.package_identification:_identify(etc/test_ws/build/dongsoo_description/CMakeFiles/3.22.1) by extensions ['colcon_meta']
[0.141s] Level 1:colcon.colcon_core.package_identification:_identify(etc/test_ws/build/dongsoo_description/CMakeFiles/3.22.1) by extension 'colcon_meta'
[0.141s] Level 1:colcon.colcon_core.package_identification:_identify(etc/test_ws/build/dongsoo_description/CMakeFiles/3.22.1) by extensions ['ros']
[0.141s] Level 1:colcon.colcon_core.package_identification:_identify(etc/test_ws/build/dongsoo_description/CMakeFiles/3.22.1) by extension 'ros'
[0.141s] Level 1:colcon.colcon_core.package_identification:_identify(etc/test_ws/build/dongsoo_description/CMakeFiles/3.22.1) by extensions ['cmake', 'python']
[0.141s] Level 1:colcon.colcon_core.package_identification:_identify(etc/test_ws/build/dongsoo_description/CMakeFiles/3.22.1) by extension 'cmake'
[0.141s] Level 1:colcon.colcon_core.package_identification:_identify(etc/test_ws/build/dongsoo_description/CMakeFiles/3.22.1) by extension 'python'
[0.141s] Level 1:colcon.colcon_core.package_identification:_identify(etc/test_ws/build/dongsoo_description/CMakeFiles/3.22.1) by extensions ['python_setup_py']
[0.141s] Level 1:colcon.colcon_core.package_identification:_identify(etc/test_ws/build/dongsoo_description/CMakeFiles/3.22.1) by extension 'python_setup_py'
[0.141s] Level 1:colcon.colcon_core.package_identification:_identify(etc/test_ws/build/dongsoo_description/CMakeFiles/3.22.1/CompilerIdC) by extensions ['ignore', 'ignore_ament_install']
[0.141s] Level 1:colcon.colcon_core.package_identification:_identify(etc/test_ws/build/dongsoo_description/CMakeFiles/3.22.1/CompilerIdC) by extension 'ignore'
[0.141s] Level 1:colcon.colcon_core.package_identification:_identify(etc/test_ws/build/dongsoo_description/CMakeFiles/3.22.1/CompilerIdC) by extension 'ignore_ament_install'
[0.141s] Level 1:colcon.colcon_core.package_identification:_identify(etc/test_ws/build/dongsoo_description/CMakeFiles/3.22.1/CompilerIdC) by extensions ['colcon_pkg']
[0.141s] Level 1:colcon.colcon_core.package_identification:_identify(etc/test_ws/build/dongsoo_description/CMakeFiles/3.22.1/CompilerIdC) by extension 'colcon_pkg'
[0.141s] Level 1:colcon.colcon_core.package_identification:_identify(etc/test_ws/build/dongsoo_description/CMakeFiles/3.22.1/CompilerIdC) by extensions ['colcon_meta']
[0.141s] Level 1:colcon.colcon_core.package_identification:_identify(etc/test_ws/build/dongsoo_description/CMakeFiles/3.22.1/CompilerIdC) by extension 'colcon_meta'
[0.141s] Level 1:colcon.colcon_core.package_identification:_identify(etc/test_ws/build/dongsoo_description/CMakeFiles/3.22.1/CompilerIdC) by extensions ['ros']
[0.141s] Level 1:colcon.colcon_core.package_identification:_identify(etc/test_ws/build/dongsoo_description/CMakeFiles/3.22.1/CompilerIdC) by extension 'ros'
[0.141s] Level 1:colcon.colcon_core.package_identification:_identify(etc/test_ws/build/dongsoo_description/CMakeFiles/3.22.1/CompilerIdC) by extensions ['cmake', 'python']
[0.141s] Level 1:colcon.colcon_core.package_identification:_identify(etc/test_ws/build/dongsoo_description/CMakeFiles/3.22.1/CompilerIdC) by extension 'cmake'
[0.141s] Level 1:colcon.colcon_core.package_identification:_identify(etc/test_ws/build/dongsoo_description/CMakeFiles/3.22.1/CompilerIdC) by extension 'python'
[0.141s] Level 1:colcon.colcon_core.package_identification:_identify(etc/test_ws/build/dongsoo_description/CMakeFiles/3.22.1/CompilerIdC) by extensions ['python_setup_py']
[0.141s] Level 1:colcon.colcon_core.package_identification:_identify(etc/test_ws/build/dongsoo_description/CMakeFiles/3.22.1/CompilerIdC) by extension 'python_setup_py'
[0.141s] Level 1:colcon.colcon_core.package_identification:_identify(etc/test_ws/build/dongsoo_description/CMakeFiles/3.22.1/CompilerIdC/tmp) by extensions ['ignore', 'ignore_ament_install']
[0.141s] Level 1:colcon.colcon_core.package_identification:_identify(etc/test_ws/build/dongsoo_description/CMakeFiles/3.22.1/CompilerIdC/tmp) by extension 'ignore'
[0.141s] Level 1:colcon.colcon_core.package_identification:_identify(etc/test_ws/build/dongsoo_description/CMakeFiles/3.22.1/CompilerIdC/tmp) by extension 'ignore_ament_install'
[0.141s] Level 1:colcon.colcon_core.package_identification:_identify(etc/test_ws/build/dongsoo_description/CMakeFiles/3.22.1/CompilerIdC/tmp) by extensions ['colcon_pkg']
[0.141s] Level 1:colcon.colcon_core.package_identification:_identify(etc/test_ws/build/dongsoo_description/CMakeFiles/3.22.1/CompilerIdC/tmp) by extension 'colcon_pkg'
[0.141s] Level 1:colcon.colcon_core.package_identification:_identify(etc/test_ws/build/dongsoo_description/CMakeFiles/3.22.1/CompilerIdC/tmp) by extensions ['colcon_meta']
[0.141s] Level 1:colcon.colcon_core.package_identification:_identify(etc/test_ws/build/dongsoo_description/CMakeFiles/3.22.1/CompilerIdC/tmp) by extension 'colcon_meta'
[0.141s] Level 1:colcon.colcon_core.package_identification:_identify(etc/test_ws/build/dongsoo_description/CMakeFiles/3.22.1/CompilerIdC/tmp) by extensions ['ros']
[0.141s] Level 1:colcon.colcon_core.package_identification:_identify(etc/test_ws/build/dongsoo_description/CMakeFiles/3.22.1/CompilerIdC/tmp) by extension 'ros'
[0.141s] Level 1:colcon.colcon_core.package_identification:_identify(etc/test_ws/build/dongsoo_description/CMakeFiles/3.22.1/CompilerIdC/tmp) by extensions ['cmake', 'python']
[0.141s] Level 1:colcon.colcon_core.package_identification:_identify(etc/test_ws/build/dongsoo_description/CMakeFiles/3.22.1/CompilerIdC/tmp) by extension 'cmake'
[0.142s] Level 1:colcon.colcon_core.package_identification:_identify(etc/test_ws/build/dongsoo_description/CMakeFiles/3.22.1/CompilerIdC/tmp) by extension 'python'
[0.142s] Level 1:colcon.colcon_core.package_identification:_identify(etc/test_ws/build/dongsoo_description/CMakeFiles/3.22.1/CompilerIdC/tmp) by extensions ['python_setup_py']
[0.142s] Level 1:colcon.colcon_core.package_identification:_identify(etc/test_ws/build/dongsoo_description/CMakeFiles/3.22.1/CompilerIdC/tmp) by extension 'python_setup_py'
[0.142s] Level 1:colcon.colcon_core.package_identification:_identify(etc/test_ws/build/dongsoo_description/CMakeFiles/3.22.1/CompilerIdCXX) by extensions ['ignore', 'ignore_ament_install']
[0.142s] Level 1:colcon.colcon_core.package_identification:_identify(etc/test_ws/build/dongsoo_description/CMakeFiles/3.22.1/CompilerIdCXX) by extension 'ignore'
[0.142s] Level 1:colcon.colcon_core.package_identification:_identify(etc/test_ws/build/dongsoo_description/CMakeFiles/3.22.1/CompilerIdCXX) by extension 'ignore_ament_install'
[0.142s] Level 1:colcon.colcon_core.package_identification:_identify(etc/test_ws/build/dongsoo_description/CMakeFiles/3.22.1/CompilerIdCXX) by extensions ['colcon_pkg']
[0.142s] Level 1:colcon.colcon_core.package_identification:_identify(etc/test_ws/build/dongsoo_description/CMakeFiles/3.22.1/CompilerIdCXX) by extension 'colcon_pkg'
[0.142s] Level 1:colcon.colcon_core.package_identification:_identify(etc/test_ws/build/dongsoo_description/CMakeFiles/3.22.1/CompilerIdCXX) by extensions ['colcon_meta']
[0.142s] Level 1:colcon.colcon_core.package_identification:_identify(etc/test_ws/build/dongsoo_description/CMakeFiles/3.22.1/CompilerIdCXX) by extension 'colcon_meta'
[0.142s] Level 1:colcon.colcon_core.package_identification:_identify(etc/test_ws/build/dongsoo_description/CMakeFiles/3.22.1/CompilerIdCXX) by extensions ['ros']
[0.142s] Level 1:colcon.colcon_core.package_identification:_identify(etc/test_ws/build/dongsoo_description/CMakeFiles/3.22.1/CompilerIdCXX) by extension 'ros'
[0.142s] Level 1:colcon.colcon_core.package_identification:_identify(etc/test_ws/build/dongsoo_description/CMakeFiles/3.22.1/CompilerIdCXX) by extensions ['cmake', 'python']
[0.142s] Level 1:colcon.colcon_core.package_identification:_identify(etc/test_ws/build/dongsoo_description/CMakeFiles/3.22.1/CompilerIdCXX) by extension 'cmake'
[0.142s] Level 1:colcon.colcon_core.package_identification:_identify(etc/test_ws/build/dongsoo_description/CMakeFiles/3.22.1/CompilerIdCXX) by extension 'python'
[0.142s] Level 1:colcon.colcon_core.package_identification:_identify(etc/test_ws/build/dongsoo_description/CMakeFiles/3.22.1/CompilerIdCXX) by extensions ['python_setup_py']
[0.142s] Level 1:colcon.colcon_core.package_identification:_identify(etc/test_ws/build/dongsoo_description/CMakeFiles/3.22.1/CompilerIdCXX) by extension 'python_setup_py'
[0.142s] Level 1:colcon.colcon_core.package_identification:_identify(etc/test_ws/build/dongsoo_description/CMakeFiles/3.22.1/CompilerIdCXX/tmp) by extensions ['ignore', 'ignore_ament_install']
[0.142s] Level 1:colcon.colcon_core.package_identification:_identify(etc/test_ws/build/dongsoo_description/CMakeFiles/3.22.1/CompilerIdCXX/tmp) by extension 'ignore'
[0.142s] Level 1:colcon.colcon_core.package_identification:_identify(etc/test_ws/build/dongsoo_description/CMakeFiles/3.22.1/CompilerIdCXX/tmp) by extension 'ignore_ament_install'
[0.142s] Level 1:colcon.colcon_core.package_identification:_identify(etc/test_ws/build/dongsoo_description/CMakeFiles/3.22.1/CompilerIdCXX/tmp) by extensions ['colcon_pkg']
[0.142s] Level 1:colcon.colcon_core.package_identification:_identify(etc/test_ws/build/dongsoo_description/CMakeFiles/3.22.1/CompilerIdCXX/tmp) by extension 'colcon_pkg'
[0.142s] Level 1:colcon.colcon_core.package_identification:_identify(etc/test_ws/build/dongsoo_description/CMakeFiles/3.22.1/CompilerIdCXX/tmp) by extensions ['colcon_meta']
[0.142s] Level 1:colcon.colcon_core.package_identification:_identify(etc/test_ws/build/dongsoo_description/CMakeFiles/3.22.1/CompilerIdCXX/tmp) by extension 'colcon_meta'
[0.142s] Level 1:colcon.colcon_core.package_identification:_identify(etc/test_ws/build/dongsoo_description/CMakeFiles/3.22.1/CompilerIdCXX/tmp) by extensions ['ros']
[0.142s] Level 1:colcon.colcon_core.package_identification:_identify(etc/test_ws/build/dongsoo_description/CMakeFiles/3.22.1/CompilerIdCXX/tmp) by extension 'ros'
[0.142s] Level 1:colcon.colcon_core.package_identification:_identify(etc/test_ws/build/dongsoo_description/CMakeFiles/3.22.1/CompilerIdCXX/tmp) by extensions ['cmake', 'python']
[0.142s] Level 1:colcon.colcon_core.package_identification:_identify(etc/test_ws/build/dongsoo_description/CMakeFiles/3.22.1/CompilerIdCXX/tmp) by extension 'cmake'
[0.142s] Level 1:colcon.colcon_core.package_identification:_identify(etc/test_ws/build/dongsoo_description/CMakeFiles/3.22.1/CompilerIdCXX/tmp) by extension 'python'
[0.142s] Level 1:colcon.colcon_core.package_identification:_identify(etc/test_ws/build/dongsoo_description/CMakeFiles/3.22.1/CompilerIdCXX/tmp) by extensions ['python_setup_py']
[0.142s] Level 1:colcon.colcon_core.package_identification:_identify(etc/test_ws/build/dongsoo_description/CMakeFiles/3.22.1/CompilerIdCXX/tmp) by extension 'python_setup_py'
[0.142s] Level 1:colcon.colcon_core.package_identification:_identify(etc/test_ws/build/dongsoo_description/CMakeFiles/CMakeTmp) by extensions ['ignore', 'ignore_ament_install']
[0.142s] Level 1:colcon.colcon_core.package_identification:_identify(etc/test_ws/build/dongsoo_description/CMakeFiles/CMakeTmp) by extension 'ignore'
[0.142s] Level 1:colcon.colcon_core.package_identification:_identify(etc/test_ws/build/dongsoo_description/CMakeFiles/CMakeTmp) by extension 'ignore_ament_install'
[0.142s] Level 1:colcon.colcon_core.package_identification:_identify(etc/test_ws/build/dongsoo_description/CMakeFiles/CMakeTmp) by extensions ['colcon_pkg']
[0.142s] Level 1:colcon.colcon_core.package_identification:_identify(etc/test_ws/build/dongsoo_description/CMakeFiles/CMakeTmp) by extension 'colcon_pkg'
[0.142s] Level 1:colcon.colcon_core.package_identification:_identify(etc/test_ws/build/dongsoo_description/CMakeFiles/CMakeTmp) by extensions ['colcon_meta']
[0.142s] Level 1:colcon.colcon_core.package_identification:_identify(etc/test_ws/build/dongsoo_description/CMakeFiles/CMakeTmp) by extension 'colcon_meta'
[0.142s] Level 1:colcon.colcon_core.package_identification:_identify(etc/test_ws/build/dongsoo_description/CMakeFiles/CMakeTmp) by extensions ['ros']
[0.142s] Level 1:colcon.colcon_core.package_identification:_identify(etc/test_ws/build/dongsoo_description/CMakeFiles/CMakeTmp) by extension 'ros'
[0.142s] Level 1:colcon.colcon_core.package_identification:_identify(etc/test_ws/build/dongsoo_description/CMakeFiles/CMakeTmp) by extensions ['cmake', 'python']
[0.142s] Level 1:colcon.colcon_core.package_identification:_identify(etc/test_ws/build/dongsoo_description/CMakeFiles/CMakeTmp) by extension 'cmake'
[0.142s] Level 1:colcon.colcon_core.package_identification:_identify(etc/test_ws/build/dongsoo_description/CMakeFiles/CMakeTmp) by extension 'python'
[0.142s] Level 1:colcon.colcon_core.package_identification:_identify(etc/test_ws/build/dongsoo_description/CMakeFiles/CMakeTmp) by extensions ['python_setup_py']
[0.142s] Level 1:colcon.colcon_core.package_identification:_identify(etc/test_ws/build/dongsoo_description/CMakeFiles/CMakeTmp) by extension 'python_setup_py'
[0.142s] Level 1:colcon.colcon_core.package_identification:_identify(etc/test_ws/build/dongsoo_description/ament_lint_cmake) by extensions ['ignore', 'ignore_ament_install']
[0.142s] Level 1:colcon.colcon_core.package_identification:_identify(etc/test_ws/build/dongsoo_description/ament_lint_cmake) by extension 'ignore'
[0.142s] Level 1:colcon.colcon_core.package_identification:_identify(etc/test_ws/build/dongsoo_description/ament_lint_cmake) by extension 'ignore_ament_install'
[0.142s] Level 1:colcon.colcon_core.package_identification:_identify(etc/test_ws/build/dongsoo_description/ament_lint_cmake) by extensions ['colcon_pkg']
[0.142s] Level 1:colcon.colcon_core.package_identification:_identify(etc/test_ws/build/dongsoo_description/ament_lint_cmake) by extension 'colcon_pkg'
[0.142s] Level 1:colcon.colcon_core.package_identification:_identify(etc/test_ws/build/dongsoo_description/ament_lint_cmake) by extensions ['colcon_meta']
[0.142s] Level 1:colcon.colcon_core.package_identification:_identify(etc/test_ws/build/dongsoo_description/ament_lint_cmake) by extension 'colcon_meta'
[0.143s] Level 1:colcon.colcon_core.package_identification:_identify(etc/test_ws/build/dongsoo_description/ament_lint_cmake) by extensions ['ros']
[0.143s] Level 1:colcon.colcon_core.package_identification:_identify(etc/test_ws/build/dongsoo_description/ament_lint_cmake) by extension 'ros'
[0.143s] Level 1:colcon.colcon_core.package_identification:_identify(etc/test_ws/build/dongsoo_description/ament_lint_cmake) by extensions ['cmake', 'python']
[0.143s] Level 1:colcon.colcon_core.package_identification:_identify(etc/test_ws/build/dongsoo_description/ament_lint_cmake) by extension 'cmake'
[0.143s] Level 1:colcon.colcon_core.package_identification:_identify(etc/test_ws/build/dongsoo_description/ament_lint_cmake) by extension 'python'
[0.143s] Level 1:colcon.colcon_core.package_identification:_identify(etc/test_ws/build/dongsoo_description/ament_lint_cmake) by extensions ['python_setup_py']
[0.143s] Level 1:colcon.colcon_core.package_identification:_identify(etc/test_ws/build/dongsoo_description/ament_lint_cmake) by extension 'python_setup_py'
[0.143s] Level 1:colcon.colcon_core.package_identification:_identify(etc/test_ws/build/dongsoo_description/ament_xmllint) by extensions ['ignore', 'ignore_ament_install']
[0.143s] Level 1:colcon.colcon_core.package_identification:_identify(etc/test_ws/build/dongsoo_description/ament_xmllint) by extension 'ignore'
[0.143s] Level 1:colcon.colcon_core.package_identification:_identify(etc/test_ws/build/dongsoo_description/ament_xmllint) by extension 'ignore_ament_install'
[0.143s] Level 1:colcon.colcon_core.package_identification:_identify(etc/test_ws/build/dongsoo_description/ament_xmllint) by extensions ['colcon_pkg']
[0.143s] Level 1:colcon.colcon_core.package_identification:_identify(etc/test_ws/build/dongsoo_description/ament_xmllint) by extension 'colcon_pkg'
[0.143s] Level 1:colcon.colcon_core.package_identification:_identify(etc/test_ws/build/dongsoo_description/ament_xmllint) by extensions ['colcon_meta']
[0.143s] Level 1:colcon.colcon_core.package_identification:_identify(etc/test_ws/build/dongsoo_description/ament_xmllint) by extension 'colcon_meta'
[0.143s] Level 1:colcon.colcon_core.package_identification:_identify(etc/test_ws/build/dongsoo_description/ament_xmllint) by extensions ['ros']
[0.143s] Level 1:colcon.colcon_core.package_identification:_identify(etc/test_ws/build/dongsoo_description/ament_xmllint) by extension 'ros'
[0.143s] Level 1:colcon.colcon_core.package_identification:_identify(etc/test_ws/build/dongsoo_description/ament_xmllint) by extensions ['cmake', 'python']
[0.143s] Level 1:colcon.colcon_core.package_identification:_identify(etc/test_ws/build/dongsoo_description/ament_xmllint) by extension 'cmake'
[0.143s] Level 1:colcon.colcon_core.package_identification:_identify(etc/test_ws/build/dongsoo_description/ament_xmllint) by extension 'python'
[0.143s] Level 1:colcon.colcon_core.package_identification:_identify(etc/test_ws/build/dongsoo_description/ament_xmllint) by extensions ['python_setup_py']
[0.143s] Level 1:colcon.colcon_core.package_identification:_identify(etc/test_ws/build/dongsoo_description/ament_xmllint) by extension 'python_setup_py'
[0.143s] Level 1:colcon.colcon_core.package_identification:_identify(etc/test_ws/build/dongsoo_interfaces) by extensions ['ignore', 'ignore_ament_install']
[0.143s] Level 1:colcon.colcon_core.package_identification:_identify(etc/test_ws/build/dongsoo_interfaces) by extension 'ignore'
[0.143s] Level 1:colcon.colcon_core.package_identification:_identify(etc/test_ws/build/dongsoo_interfaces) by extension 'ignore_ament_install'
[0.143s] Level 1:colcon.colcon_core.package_identification:_identify(etc/test_ws/build/dongsoo_interfaces) by extensions ['colcon_pkg']
[0.143s] Level 1:colcon.colcon_core.package_identification:_identify(etc/test_ws/build/dongsoo_interfaces) by extension 'colcon_pkg'
[0.143s] Level 1:colcon.colcon_core.package_identification:_identify(etc/test_ws/build/dongsoo_interfaces) by extensions ['colcon_meta']
[0.143s] Level 1:colcon.colcon_core.package_identification:_identify(etc/test_ws/build/dongsoo_interfaces) by extension 'colcon_meta'
[0.143s] Level 1:colcon.colcon_core.package_identification:_identify(etc/test_ws/build/dongsoo_interfaces) by extensions ['ros']
[0.143s] Level 1:colcon.colcon_core.package_identification:_identify(etc/test_ws/build/dongsoo_interfaces) by extension 'ros'
[0.143s] Level 1:colcon.colcon_core.package_identification:_identify(etc/test_ws/build/dongsoo_interfaces) by extensions ['cmake', 'python']
[0.143s] Level 1:colcon.colcon_core.package_identification:_identify(etc/test_ws/build/dongsoo_interfaces) by extension 'cmake'
[0.143s] Level 1:colcon.colcon_core.package_identification:_identify(etc/test_ws/build/dongsoo_interfaces) by extension 'python'
[0.143s] Level 1:colcon.colcon_core.package_identification:_identify(etc/test_ws/build/dongsoo_interfaces) by extensions ['python_setup_py']
[0.143s] Level 1:colcon.colcon_core.package_identification:_identify(etc/test_ws/build/dongsoo_interfaces) by extension 'python_setup_py'
[0.143s] Level 1:colcon.colcon_core.package_identification:_identify(etc/test_ws/build/dongsoo_interfaces/CMakeFiles) by extensions ['ignore', 'ignore_ament_install']
[0.143s] Level 1:colcon.colcon_core.package_identification:_identify(etc/test_ws/build/dongsoo_interfaces/CMakeFiles) by extension 'ignore'
[0.143s] Level 1:colcon.colcon_core.package_identification:_identify(etc/test_ws/build/dongsoo_interfaces/CMakeFiles) by extension 'ignore_ament_install'
[0.143s] Level 1:colcon.colcon_core.package_identification:_identify(etc/test_ws/build/dongsoo_interfaces/CMakeFiles) by extensions ['colcon_pkg']
[0.143s] Level 1:colcon.colcon_core.package_identification:_identify(etc/test_ws/build/dongsoo_interfaces/CMakeFiles) by extension 'colcon_pkg'
[0.143s] Level 1:colcon.colcon_core.package_identification:_identify(etc/test_ws/build/dongsoo_interfaces/CMakeFiles) by extensions ['colcon_meta']
[0.143s] Level 1:colcon.colcon_core.package_identification:_identify(etc/test_ws/build/dongsoo_interfaces/CMakeFiles) by extension 'colcon_meta'
[0.143s] Level 1:colcon.colcon_core.package_identification:_identify(etc/test_ws/build/dongsoo_interfaces/CMakeFiles) by extensions ['ros']
[0.143s] Level 1:colcon.colcon_core.package_identification:_identify(etc/test_ws/build/dongsoo_interfaces/CMakeFiles) by extension 'ros'
[0.143s] Level 1:colcon.colcon_core.package_identification:_identify(etc/test_ws/build/dongsoo_interfaces/CMakeFiles) by extensions ['cmake', 'python']
[0.143s] Level 1:colcon.colcon_core.package_identification:_identify(etc/test_ws/build/dongsoo_interfaces/CMakeFiles) by extension 'cmake'
[0.143s] Level 1:colcon.colcon_core.package_identification:_identify(etc/test_ws/build/dongsoo_interfaces/CMakeFiles) by extension 'python'
[0.143s] Level 1:colcon.colcon_core.package_identification:_identify(etc/test_ws/build/dongsoo_interfaces/CMakeFiles) by extensions ['python_setup_py']
[0.143s] Level 1:colcon.colcon_core.package_identification:_identify(etc/test_ws/build/dongsoo_interfaces/CMakeFiles) by extension 'python_setup_py'
[0.143s] Level 1:colcon.colcon_core.package_identification:_identify(etc/test_ws/build/dongsoo_interfaces/CMakeFiles/3.22.1) by extensions ['ignore', 'ignore_ament_install']
[0.143s] Level 1:colcon.colcon_core.package_identification:_identify(etc/test_ws/build/dongsoo_interfaces/CMakeFiles/3.22.1) by extension 'ignore'
[0.143s] Level 1:colcon.colcon_core.package_identification:_identify(etc/test_ws/build/dongsoo_interfaces/CMakeFiles/3.22.1) by extension 'ignore_ament_install'
[0.143s] Level 1:colcon.colcon_core.package_identification:_identify(etc/test_ws/build/dongsoo_interfaces/CMakeFiles/3.22.1) by extensions ['colcon_pkg']
[0.143s] Level 1:colcon.colcon_core.package_identification:_identify(etc/test_ws/build/dongsoo_interfaces/CMakeFiles/3.22.1) by extension 'colcon_pkg'
[0.143s] Level 1:colcon.colcon_core.package_identification:_identify(etc/test_ws/build/dongsoo_interfaces/CMakeFiles/3.22.1) by extensions ['colcon_meta']
[0.143s] Level 1:colcon.colcon_core.package_identification:_identify(etc/test_ws/build/dongsoo_interfaces/CMakeFiles/3.22.1) by extension 'colcon_meta'
[0.143s] Level 1:colcon.colcon_core.package_identification:_identify(etc/test_ws/build/dongsoo_interfaces/CMakeFiles/3.22.1) by extensions ['ros']
[0.143s] Level 1:colcon.colcon_core.package_identification:_identify(etc/test_ws/build/dongsoo_interfaces/CMakeFiles/3.22.1) by extension 'ros'
[0.144s] Level 1:colcon.colcon_core.package_identification:_identify(etc/test_ws/build/dongsoo_interfaces/CMakeFiles/3.22.1) by extensions ['cmake', 'python']
[0.144s] Level 1:colcon.colcon_core.package_identification:_identify(etc/test_ws/build/dongsoo_interfaces/CMakeFiles/3.22.1) by extension 'cmake'
[0.144s] Level 1:colcon.colcon_core.package_identification:_identify(etc/test_ws/build/dongsoo_interfaces/CMakeFiles/3.22.1) by extension 'python'
[0.144s] Level 1:colcon.colcon_core.package_identification:_identify(etc/test_ws/build/dongsoo_interfaces/CMakeFiles/3.22.1) by extensions ['python_setup_py']
[0.144s] Level 1:colcon.colcon_core.package_identification:_identify(etc/test_ws/build/dongsoo_interfaces/CMakeFiles/3.22.1) by extension 'python_setup_py'
[0.144s] Level 1:colcon.colcon_core.package_identification:_identify(etc/test_ws/build/dongsoo_interfaces/CMakeFiles/3.22.1/CompilerIdC) by extensions ['ignore', 'ignore_ament_install']
[0.144s] Level 1:colcon.colcon_core.package_identification:_identify(etc/test_ws/build/dongsoo_interfaces/CMakeFiles/3.22.1/CompilerIdC) by extension 'ignore'
[0.144s] Level 1:colcon.colcon_core.package_identification:_identify(etc/test_ws/build/dongsoo_interfaces/CMakeFiles/3.22.1/CompilerIdC) by extension 'ignore_ament_install'
[0.144s] Level 1:colcon.colcon_core.package_identification:_identify(etc/test_ws/build/dongsoo_interfaces/CMakeFiles/3.22.1/CompilerIdC) by extensions ['colcon_pkg']
[0.144s] Level 1:colcon.colcon_core.package_identification:_identify(etc/test_ws/build/dongsoo_interfaces/CMakeFiles/3.22.1/CompilerIdC) by extension 'colcon_pkg'
[0.144s] Level 1:colcon.colcon_core.package_identification:_identify(etc/test_ws/build/dongsoo_interfaces/CMakeFiles/3.22.1/CompilerIdC) by extensions ['colcon_meta']
[0.144s] Level 1:colcon.colcon_core.package_identification:_identify(etc/test_ws/build/dongsoo_interfaces/CMakeFiles/3.22.1/CompilerIdC) by extension 'colcon_meta'
[0.144s] Level 1:colcon.colcon_core.package_identification:_identify(etc/test_ws/build/dongsoo_interfaces/CMakeFiles/3.22.1/CompilerIdC) by extensions ['ros']
[0.144s] Level 1:colcon.colcon_core.package_identification:_identify(etc/test_ws/build/dongsoo_interfaces/CMakeFiles/3.22.1/CompilerIdC) by extension 'ros'
[0.144s] Level 1:colcon.colcon_core.package_identification:_identify(etc/test_ws/build/dongsoo_interfaces/CMakeFiles/3.22.1/CompilerIdC) by extensions ['cmake', 'python']
[0.144s] Level 1:colcon.colcon_core.package_identification:_identify(etc/test_ws/build/dongsoo_interfaces/CMakeFiles/3.22.1/CompilerIdC) by extension 'cmake'
[0.144s] Level 1:colcon.colcon_core.package_identification:_identify(etc/test_ws/build/dongsoo_interfaces/CMakeFiles/3.22.1/CompilerIdC) by extension 'python'
[0.144s] Level 1:colcon.colcon_core.package_identification:_identify(etc/test_ws/build/dongsoo_interfaces/CMakeFiles/3.22.1/CompilerIdC) by extensions ['python_setup_py']
[0.144s] Level 1:colcon.colcon_core.package_identification:_identify(etc/test_ws/build/dongsoo_interfaces/CMakeFiles/3.22.1/CompilerIdC) by extension 'python_setup_py'
[0.144s] Level 1:colcon.colcon_core.package_identification:_identify(etc/test_ws/build/dongsoo_interfaces/CMakeFiles/3.22.1/CompilerIdC/tmp) by extensions ['ignore', 'ignore_ament_install']
[0.144s] Level 1:colcon.colcon_core.package_identification:_identify(etc/test_ws/build/dongsoo_interfaces/CMakeFiles/3.22.1/CompilerIdC/tmp) by extension 'ignore'
[0.144s] Level 1:colcon.colcon_core.package_identification:_identify(etc/test_ws/build/dongsoo_interfaces/CMakeFiles/3.22.1/CompilerIdC/tmp) by extension 'ignore_ament_install'
[0.144s] Level 1:colcon.colcon_core.package_identification:_identify(etc/test_ws/build/dongsoo_interfaces/CMakeFiles/3.22.1/CompilerIdC/tmp) by extensions ['colcon_pkg']
[0.144s] Level 1:colcon.colcon_core.package_identification:_identify(etc/test_ws/build/dongsoo_interfaces/CMakeFiles/3.22.1/CompilerIdC/tmp) by extension 'colcon_pkg'
[0.144s] Level 1:colcon.colcon_core.package_identification:_identify(etc/test_ws/build/dongsoo_interfaces/CMakeFiles/3.22.1/CompilerIdC/tmp) by extensions ['colcon_meta']
[0.144s] Level 1:colcon.colcon_core.package_identification:_identify(etc/test_ws/build/dongsoo_interfaces/CMakeFiles/3.22.1/CompilerIdC/tmp) by extension 'colcon_meta'
[0.144s] Level 1:colcon.colcon_core.package_identification:_identify(etc/test_ws/build/dongsoo_interfaces/CMakeFiles/3.22.1/CompilerIdC/tmp) by extensions ['ros']
[0.144s] Level 1:colcon.colcon_core.package_identification:_identify(etc/test_ws/build/dongsoo_interfaces/CMakeFiles/3.22.1/CompilerIdC/tmp) by extension 'ros'
[0.144s] Level 1:colcon.colcon_core.package_identification:_identify(etc/test_ws/build/dongsoo_interfaces/CMakeFiles/3.22.1/CompilerIdC/tmp) by extensions ['cmake', 'python']
[0.144s] Level 1:colcon.colcon_core.package_identification:_identify(etc/test_ws/build/dongsoo_interfaces/CMakeFiles/3.22.1/CompilerIdC/tmp) by extension 'cmake'
[0.144s] Level 1:colcon.colcon_core.package_identification:_identify(etc/test_ws/build/dongsoo_interfaces/CMakeFiles/3.22.1/CompilerIdC/tmp) by extension 'python'
[0.144s] Level 1:colcon.colcon_core.package_identification:_identify(etc/test_ws/build/dongsoo_interfaces/CMakeFiles/3.22.1/CompilerIdC/tmp) by extensions ['python_setup_py']
[0.144s] Level 1:colcon.colcon_core.package_identification:_identify(etc/test_ws/build/dongsoo_interfaces/CMakeFiles/3.22.1/CompilerIdC/tmp) by extension 'python_setup_py'
[0.144s] Level 1:colcon.colcon_core.package_identification:_identify(etc/test_ws/build/dongsoo_interfaces/CMakeFiles/3.22.1/CompilerIdCXX) by extensions ['ignore', 'ignore_ament_install']
[0.144s] Level 1:colcon.colcon_core.package_identification:_identify(etc/test_ws/build/dongsoo_interfaces/CMakeFiles/3.22.1/CompilerIdCXX) by extension 'ignore'
[0.144s] Level 1:colcon.colcon_core.package_identification:_identify(etc/test_ws/build/dongsoo_interfaces/CMakeFiles/3.22.1/CompilerIdCXX) by extension 'ignore_ament_install'
[0.144s] Level 1:colcon.colcon_core.package_identification:_identify(etc/test_ws/build/dongsoo_interfaces/CMakeFiles/3.22.1/CompilerIdCXX) by extensions ['colcon_pkg']
[0.144s] Level 1:colcon.colcon_core.package_identification:_identify(etc/test_ws/build/dongsoo_interfaces/CMakeFiles/3.22.1/CompilerIdCXX) by extension 'colcon_pkg'
[0.144s] Level 1:colcon.colcon_core.package_identification:_identify(etc/test_ws/build/dongsoo_interfaces/CMakeFiles/3.22.1/CompilerIdCXX) by extensions ['colcon_meta']
[0.144s] Level 1:colcon.colcon_core.package_identification:_identify(etc/test_ws/build/dongsoo_interfaces/CMakeFiles/3.22.1/CompilerIdCXX) by extension 'colcon_meta'
[0.144s] Level 1:colcon.colcon_core.package_identification:_identify(etc/test_ws/build/dongsoo_interfaces/CMakeFiles/3.22.1/CompilerIdCXX) by extensions ['ros']
[0.144s] Level 1:colcon.colcon_core.package_identification:_identify(etc/test_ws/build/dongsoo_interfaces/CMakeFiles/3.22.1/CompilerIdCXX) by extension 'ros'
[0.144s] Level 1:colcon.colcon_core.package_identification:_identify(etc/test_ws/build/dongsoo_interfaces/CMakeFiles/3.22.1/CompilerIdCXX) by extensions ['cmake', 'python']
[0.144s] Level 1:colcon.colcon_core.package_identification:_identify(etc/test_ws/build/dongsoo_interfaces/CMakeFiles/3.22.1/CompilerIdCXX) by extension 'cmake'
[0.144s] Level 1:colcon.colcon_core.package_identification:_identify(etc/test_ws/build/dongsoo_interfaces/CMakeFiles/3.22.1/CompilerIdCXX) by extension 'python'
[0.144s] Level 1:colcon.colcon_core.package_identification:_identify(etc/test_ws/build/dongsoo_interfaces/CMakeFiles/3.22.1/CompilerIdCXX) by extensions ['python_setup_py']
[0.144s] Level 1:colcon.colcon_core.package_identification:_identify(etc/test_ws/build/dongsoo_interfaces/CMakeFiles/3.22.1/CompilerIdCXX) by extension 'python_setup_py'
[0.144s] Level 1:colcon.colcon_core.package_identification:_identify(etc/test_ws/build/dongsoo_interfaces/CMakeFiles/3.22.1/CompilerIdCXX/tmp) by extensions ['ignore', 'ignore_ament_install']
[0.144s] Level 1:colcon.colcon_core.package_identification:_identify(etc/test_ws/build/dongsoo_interfaces/CMakeFiles/3.22.1/CompilerIdCXX/tmp) by extension 'ignore'
[0.144s] Level 1:colcon.colcon_core.package_identification:_identify(etc/test_ws/build/dongsoo_interfaces/CMakeFiles/3.22.1/CompilerIdCXX/tmp) by extension 'ignore_ament_install'
[0.144s] Level 1:colcon.colcon_core.package_identification:_identify(etc/test_ws/build/dongsoo_interfaces/CMakeFiles/3.22.1/CompilerIdCXX/tmp) by extensions ['colcon_pkg']
[0.144s] Level 1:colcon.colcon_core.package_identification:_identify(etc/test_ws/build/dongsoo_interfaces/CMakeFiles/3.22.1/CompilerIdCXX/tmp) by extension 'colcon_pkg'
[0.144s] Level 1:colcon.colcon_core.package_identification:_identify(etc/test_ws/build/dongsoo_interfaces/CMakeFiles/3.22.1/CompilerIdCXX/tmp) by extensions ['colcon_meta']
[0.144s] Level 1:colcon.colcon_core.package_identification:_identify(etc/test_ws/build/dongsoo_interfaces/CMakeFiles/3.22.1/CompilerIdCXX/tmp) by extension 'colcon_meta'
[0.144s] Level 1:colcon.colcon_core.package_identification:_identify(etc/test_ws/build/dongsoo_interfaces/CMakeFiles/3.22.1/CompilerIdCXX/tmp) by extensions ['ros']
[0.144s] Level 1:colcon.colcon_core.package_identification:_identify(etc/test_ws/build/dongsoo_interfaces/CMakeFiles/3.22.1/CompilerIdCXX/tmp) by extension 'ros'
[0.145s] Level 1:colcon.colcon_core.package_identification:_identify(etc/test_ws/build/dongsoo_interfaces/CMakeFiles/3.22.1/CompilerIdCXX/tmp) by extensions ['cmake', 'python']
[0.145s] Level 1:colcon.colcon_core.package_identification:_identify(etc/test_ws/build/dongsoo_interfaces/CMakeFiles/3.22.1/CompilerIdCXX/tmp) by extension 'cmake'
[0.145s] Level 1:colcon.colcon_core.package_identification:_identify(etc/test_ws/build/dongsoo_interfaces/CMakeFiles/3.22.1/CompilerIdCXX/tmp) by extension 'python'
[0.145s] Level 1:colcon.colcon_core.package_identification:_identify(etc/test_ws/build/dongsoo_interfaces/CMakeFiles/3.22.1/CompilerIdCXX/tmp) by extensions ['python_setup_py']
[0.145s] Level 1:colcon.colcon_core.package_identification:_identify(etc/test_ws/build/dongsoo_interfaces/CMakeFiles/3.22.1/CompilerIdCXX/tmp) by extension 'python_setup_py'
[0.145s] Level 1:colcon.colcon_core.package_identification:_identify(etc/test_ws/build/dongsoo_interfaces/CMakeFiles/CMakeTmp) by extensions ['ignore', 'ignore_ament_install']
[0.145s] Level 1:colcon.colcon_core.package_identification:_identify(etc/test_ws/build/dongsoo_interfaces/CMakeFiles/CMakeTmp) by extension 'ignore'
[0.145s] Level 1:colcon.colcon_core.package_identification:_identify(etc/test_ws/build/dongsoo_interfaces/CMakeFiles/CMakeTmp) by extension 'ignore_ament_install'
[0.145s] Level 1:colcon.colcon_core.package_identification:_identify(etc/test_ws/build/dongsoo_interfaces/CMakeFiles/CMakeTmp) by extensions ['colcon_pkg']
[0.145s] Level 1:colcon.colcon_core.package_identification:_identify(etc/test_ws/build/dongsoo_interfaces/CMakeFiles/CMakeTmp) by extension 'colcon_pkg'
[0.145s] Level 1:colcon.colcon_core.package_identification:_identify(etc/test_ws/build/dongsoo_interfaces/CMakeFiles/CMakeTmp) by extensions ['colcon_meta']
[0.145s] Level 1:colcon.colcon_core.package_identification:_identify(etc/test_ws/build/dongsoo_interfaces/CMakeFiles/CMakeTmp) by extension 'colcon_meta'
[0.145s] Level 1:colcon.colcon_core.package_identification:_identify(etc/test_ws/build/dongsoo_interfaces/CMakeFiles/CMakeTmp) by extensions ['ros']
[0.145s] Level 1:colcon.colcon_core.package_identification:_identify(etc/test_ws/build/dongsoo_interfaces/CMakeFiles/CMakeTmp) by extension 'ros'
[0.145s] Level 1:colcon.colcon_core.package_identification:_identify(etc/test_ws/build/dongsoo_interfaces/CMakeFiles/CMakeTmp) by extensions ['cmake', 'python']
[0.145s] Level 1:colcon.colcon_core.package_identification:_identify(etc/test_ws/build/dongsoo_interfaces/CMakeFiles/CMakeTmp) by extension 'cmake'
[0.145s] Level 1:colcon.colcon_core.package_identification:_identify(etc/test_ws/build/dongsoo_interfaces/CMakeFiles/CMakeTmp) by extension 'python'
[0.145s] Level 1:colcon.colcon_core.package_identification:_identify(etc/test_ws/build/dongsoo_interfaces/CMakeFiles/CMakeTmp) by extensions ['python_setup_py']
[0.145s] Level 1:colcon.colcon_core.package_identification:_identify(etc/test_ws/build/dongsoo_interfaces/CMakeFiles/CMakeTmp) by extension 'python_setup_py'
[0.145s] Level 1:colcon.colcon_core.package_identification:_identify(etc/test_ws/install) by extensions ['ignore', 'ignore_ament_install']
[0.145s] Level 1:colcon.colcon_core.package_identification:_identify(etc/test_ws/install) by extension 'ignore'
[0.145s] Level 1:colcon.colcon_core.package_identification:_identify(etc/test_ws/install) by extension 'ignore_ament_install'
[0.145s] Level 1:colcon.colcon_core.package_identification:_identify(etc/test_ws/install) by extensions ['colcon_pkg']
[0.145s] Level 1:colcon.colcon_core.package_identification:_identify(etc/test_ws/install) by extension 'colcon_pkg'
[0.145s] Level 1:colcon.colcon_core.package_identification:_identify(etc/test_ws/install) by extensions ['colcon_meta']
[0.145s] Level 1:colcon.colcon_core.package_identification:_identify(etc/test_ws/install) by extension 'colcon_meta'
[0.145s] Level 1:colcon.colcon_core.package_identification:_identify(etc/test_ws/install) by extensions ['ros']
[0.145s] Level 1:colcon.colcon_core.package_identification:_identify(etc/test_ws/install) by extension 'ros'
[0.145s] Level 1:colcon.colcon_core.package_identification:_identify(etc/test_ws/install) by extensions ['cmake', 'python']
[0.145s] Level 1:colcon.colcon_core.package_identification:_identify(etc/test_ws/install) by extension 'cmake'
[0.145s] Level 1:colcon.colcon_core.package_identification:_identify(etc/test_ws/install) by extension 'python'
[0.145s] Level 1:colcon.colcon_core.package_identification:_identify(etc/test_ws/install) by extensions ['python_setup_py']
[0.145s] Level 1:colcon.colcon_core.package_identification:_identify(etc/test_ws/install) by extension 'python_setup_py'
[0.145s] Level 1:colcon.colcon_core.package_identification:_identify(etc/test_ws/install/dongsoo_interfaces) by extensions ['ignore', 'ignore_ament_install']
[0.145s] Level 1:colcon.colcon_core.package_identification:_identify(etc/test_ws/install/dongsoo_interfaces) by extension 'ignore'
[0.145s] Level 1:colcon.colcon_core.package_identification:_identify(etc/test_ws/install/dongsoo_interfaces) by extension 'ignore_ament_install'
[0.145s] Level 1:colcon.colcon_core.package_identification:_identify(etc/test_ws/install/dongsoo_interfaces) by extensions ['colcon_pkg']
[0.145s] Level 1:colcon.colcon_core.package_identification:_identify(etc/test_ws/install/dongsoo_interfaces) by extension 'colcon_pkg'
[0.145s] Level 1:colcon.colcon_core.package_identification:_identify(etc/test_ws/install/dongsoo_interfaces) by extensions ['colcon_meta']
[0.145s] Level 1:colcon.colcon_core.package_identification:_identify(etc/test_ws/install/dongsoo_interfaces) by extension 'colcon_meta'
[0.145s] Level 1:colcon.colcon_core.package_identification:_identify(etc/test_ws/install/dongsoo_interfaces) by extensions ['ros']
[0.145s] Level 1:colcon.colcon_core.package_identification:_identify(etc/test_ws/install/dongsoo_interfaces) by extension 'ros'
[0.145s] Level 1:colcon.colcon_core.package_identification:_identify(etc/test_ws/install/dongsoo_interfaces) by extensions ['cmake', 'python']
[0.145s] Level 1:colcon.colcon_core.package_identification:_identify(etc/test_ws/install/dongsoo_interfaces) by extension 'cmake'
[0.145s] Level 1:colcon.colcon_core.package_identification:_identify(etc/test_ws/install/dongsoo_interfaces) by extension 'python'
[0.145s] Level 1:colcon.colcon_core.package_identification:_identify(etc/test_ws/install/dongsoo_interfaces) by extensions ['python_setup_py']
[0.145s] Level 1:colcon.colcon_core.package_identification:_identify(etc/test_ws/install/dongsoo_interfaces) by extension 'python_setup_py'
[0.145s] Level 1:colcon.colcon_core.package_identification:_identify(etc/test_ws/install/dongsoo_interfaces/include) by extensions ['ignore', 'ignore_ament_install']
[0.145s] Level 1:colcon.colcon_core.package_identification:_identify(etc/test_ws/install/dongsoo_interfaces/include) by extension 'ignore'
[0.145s] Level 1:colcon.colcon_core.package_identification:_identify(etc/test_ws/install/dongsoo_interfaces/include) by extension 'ignore_ament_install'
[0.145s] Level 1:colcon.colcon_core.package_identification:_identify(etc/test_ws/install/dongsoo_interfaces/include) by extensions ['colcon_pkg']
[0.145s] Level 1:colcon.colcon_core.package_identification:_identify(etc/test_ws/install/dongsoo_interfaces/include) by extension 'colcon_pkg'
[0.145s] Level 1:colcon.colcon_core.package_identification:_identify(etc/test_ws/install/dongsoo_interfaces/include) by extensions ['colcon_meta']
[0.145s] Level 1:colcon.colcon_core.package_identification:_identify(etc/test_ws/install/dongsoo_interfaces/include) by extension 'colcon_meta'
[0.145s] Level 1:colcon.colcon_core.package_identification:_identify(etc/test_ws/install/dongsoo_interfaces/include) by extensions ['ros']
[0.145s] Level 1:colcon.colcon_core.package_identification:_identify(etc/test_ws/install/dongsoo_interfaces/include) by extension 'ros'
[0.145s] Level 1:colcon.colcon_core.package_identification:_identify(etc/test_ws/install/dongsoo_interfaces/include) by extensions ['cmake', 'python']
[0.146s] Level 1:colcon.colcon_core.package_identification:_identify(etc/test_ws/install/dongsoo_interfaces/include) by extension 'cmake'
[0.146s] Level 1:colcon.colcon_core.package_identification:_identify(etc/test_ws/install/dongsoo_interfaces/include) by extension 'python'
[0.146s] Level 1:colcon.colcon_core.package_identification:_identify(etc/test_ws/install/dongsoo_interfaces/include) by extensions ['python_setup_py']
[0.146s] Level 1:colcon.colcon_core.package_identification:_identify(etc/test_ws/install/dongsoo_interfaces/include) by extension 'python_setup_py'
[0.146s] Level 1:colcon.colcon_core.package_identification:_identify(etc/test_ws/install/dongsoo_interfaces/include/dongsoo_interfaces) by extensions ['ignore', 'ignore_ament_install']
[0.146s] Level 1:colcon.colcon_core.package_identification:_identify(etc/test_ws/install/dongsoo_interfaces/include/dongsoo_interfaces) by extension 'ignore'
[0.146s] Level 1:colcon.colcon_core.package_identification:_identify(etc/test_ws/install/dongsoo_interfaces/include/dongsoo_interfaces) by extension 'ignore_ament_install'
[0.146s] Level 1:colcon.colcon_core.package_identification:_identify(etc/test_ws/install/dongsoo_interfaces/include/dongsoo_interfaces) by extensions ['colcon_pkg']
[0.146s] Level 1:colcon.colcon_core.package_identification:_identify(etc/test_ws/install/dongsoo_interfaces/include/dongsoo_interfaces) by extension 'colcon_pkg'
[0.146s] Level 1:colcon.colcon_core.package_identification:_identify(etc/test_ws/install/dongsoo_interfaces/include/dongsoo_interfaces) by extensions ['colcon_meta']
[0.146s] Level 1:colcon.colcon_core.package_identification:_identify(etc/test_ws/install/dongsoo_interfaces/include/dongsoo_interfaces) by extension 'colcon_meta'
[0.146s] Level 1:colcon.colcon_core.package_identification:_identify(etc/test_ws/install/dongsoo_interfaces/include/dongsoo_interfaces) by extensions ['ros']
[0.146s] Level 1:colcon.colcon_core.package_identification:_identify(etc/test_ws/install/dongsoo_interfaces/include/dongsoo_interfaces) by extension 'ros'
[0.146s] Level 1:colcon.colcon_core.package_identification:_identify(etc/test_ws/install/dongsoo_interfaces/include/dongsoo_interfaces) by extensions ['cmake', 'python']
[0.146s] Level 1:colcon.colcon_core.package_identification:_identify(etc/test_ws/install/dongsoo_interfaces/include/dongsoo_interfaces) by extension 'cmake'
[0.146s] Level 1:colcon.colcon_core.package_identification:_identify(etc/test_ws/install/dongsoo_interfaces/include/dongsoo_interfaces) by extension 'python'
[0.146s] Level 1:colcon.colcon_core.package_identification:_identify(etc/test_ws/install/dongsoo_interfaces/include/dongsoo_interfaces) by extensions ['python_setup_py']
[0.146s] Level 1:colcon.colcon_core.package_identification:_identify(etc/test_ws/install/dongsoo_interfaces/include/dongsoo_interfaces) by extension 'python_setup_py'
[0.146s] Level 1:colcon.colcon_core.package_identification:_identify(etc/test_ws/install/dongsoo_interfaces/include/dongsoo_interfaces/dongsoo_interfaces) by extensions ['ignore', 'ignore_ament_install']
[0.146s] Level 1:colcon.colcon_core.package_identification:_identify(etc/test_ws/install/dongsoo_interfaces/include/dongsoo_interfaces/dongsoo_interfaces) by extension 'ignore'
[0.146s] Level 1:colcon.colcon_core.package_identification:_identify(etc/test_ws/install/dongsoo_interfaces/include/dongsoo_interfaces/dongsoo_interfaces) by extension 'ignore_ament_install'
[0.146s] Level 1:colcon.colcon_core.package_identification:_identify(etc/test_ws/install/dongsoo_interfaces/include/dongsoo_interfaces/dongsoo_interfaces) by extensions ['colcon_pkg']
[0.146s] Level 1:colcon.colcon_core.package_identification:_identify(etc/test_ws/install/dongsoo_interfaces/include/dongsoo_interfaces/dongsoo_interfaces) by extension 'colcon_pkg'
[0.146s] Level 1:colcon.colcon_core.package_identification:_identify(etc/test_ws/install/dongsoo_interfaces/include/dongsoo_interfaces/dongsoo_interfaces) by extensions ['colcon_meta']
[0.146s] Level 1:colcon.colcon_core.package_identification:_identify(etc/test_ws/install/dongsoo_interfaces/include/dongsoo_interfaces/dongsoo_interfaces) by extension 'colcon_meta'
[0.146s] Level 1:colcon.colcon_core.package_identification:_identify(etc/test_ws/install/dongsoo_interfaces/include/dongsoo_interfaces/dongsoo_interfaces) by extensions ['ros']
[0.146s] Level 1:colcon.colcon_core.package_identification:_identify(etc/test_ws/install/dongsoo_interfaces/include/dongsoo_interfaces/dongsoo_interfaces) by extension 'ros'
[0.146s] Level 1:colcon.colcon_core.package_identification:_identify(etc/test_ws/install/dongsoo_interfaces/include/dongsoo_interfaces/dongsoo_interfaces) by extensions ['cmake', 'python']
[0.146s] Level 1:colcon.colcon_core.package_identification:_identify(etc/test_ws/install/dongsoo_interfaces/include/dongsoo_interfaces/dongsoo_interfaces) by extension 'cmake'
[0.146s] Level 1:colcon.colcon_core.package_identification:_identify(etc/test_ws/install/dongsoo_interfaces/include/dongsoo_interfaces/dongsoo_interfaces) by extension 'python'
[0.146s] Level 1:colcon.colcon_core.package_identification:_identify(etc/test_ws/install/dongsoo_interfaces/include/dongsoo_interfaces/dongsoo_interfaces) by extensions ['python_setup_py']
[0.146s] Level 1:colcon.colcon_core.package_identification:_identify(etc/test_ws/install/dongsoo_interfaces/include/dongsoo_interfaces/dongsoo_interfaces) by extension 'python_setup_py'
[0.146s] Level 1:colcon.colcon_core.package_identification:_identify(etc/test_ws/install/dongsoo_interfaces/include/dongsoo_interfaces/dongsoo_interfaces/msg) by extensions ['ignore', 'ignore_ament_install']
[0.146s] Level 1:colcon.colcon_core.package_identification:_identify(etc/test_ws/install/dongsoo_interfaces/include/dongsoo_interfaces/dongsoo_interfaces/msg) by extension 'ignore'
[0.146s] Level 1:colcon.colcon_core.package_identification:_identify(etc/test_ws/install/dongsoo_interfaces/include/dongsoo_interfaces/dongsoo_interfaces/msg) by extension 'ignore_ament_install'
[0.146s] Level 1:colcon.colcon_core.package_identification:_identify(etc/test_ws/install/dongsoo_interfaces/include/dongsoo_interfaces/dongsoo_interfaces/msg) by extensions ['colcon_pkg']
[0.146s] Level 1:colcon.colcon_core.package_identification:_identify(etc/test_ws/install/dongsoo_interfaces/include/dongsoo_interfaces/dongsoo_interfaces/msg) by extension 'colcon_pkg'
[0.146s] Level 1:colcon.colcon_core.package_identification:_identify(etc/test_ws/install/dongsoo_interfaces/include/dongsoo_interfaces/dongsoo_interfaces/msg) by extensions ['colcon_meta']
[0.146s] Level 1:colcon.colcon_core.package_identification:_identify(etc/test_ws/install/dongsoo_interfaces/include/dongsoo_interfaces/dongsoo_interfaces/msg) by extension 'colcon_meta'
[0.146s] Level 1:colcon.colcon_core.package_identification:_identify(etc/test_ws/install/dongsoo_interfaces/include/dongsoo_interfaces/dongsoo_interfaces/msg) by extensions ['ros']
[0.146s] Level 1:colcon.colcon_core.package_identification:_identify(etc/test_ws/install/dongsoo_interfaces/include/dongsoo_interfaces/dongsoo_interfaces/msg) by extension 'ros'
[0.146s] Level 1:colcon.colcon_core.package_identification:_identify(etc/test_ws/install/dongsoo_interfaces/include/dongsoo_interfaces/dongsoo_interfaces/msg) by extensions ['cmake', 'python']
[0.146s] Level 1:colcon.colcon_core.package_identification:_identify(etc/test_ws/install/dongsoo_interfaces/include/dongsoo_interfaces/dongsoo_interfaces/msg) by extension 'cmake'
[0.146s] Level 1:colcon.colcon_core.package_identification:_identify(etc/test_ws/install/dongsoo_interfaces/include/dongsoo_interfaces/dongsoo_interfaces/msg) by extension 'python'
[0.146s] Level 1:colcon.colcon_core.package_identification:_identify(etc/test_ws/install/dongsoo_interfaces/include/dongsoo_interfaces/dongsoo_interfaces/msg) by extensions ['python_setup_py']
[0.146s] Level 1:colcon.colcon_core.package_identification:_identify(etc/test_ws/install/dongsoo_interfaces/include/dongsoo_interfaces/dongsoo_interfaces/msg) by extension 'python_setup_py'
[0.146s] Level 1:colcon.colcon_core.package_identification:_identify(etc/test_ws/install/dongsoo_interfaces/include/dongsoo_interfaces/dongsoo_interfaces/msg/detail) by extensions ['ignore', 'ignore_ament_install']
[0.146s] Level 1:colcon.colcon_core.package_identification:_identify(etc/test_ws/install/dongsoo_interfaces/include/dongsoo_interfaces/dongsoo_interfaces/msg/detail) by extension 'ignore'
[0.146s] Level 1:colcon.colcon_core.package_identification:_identify(etc/test_ws/install/dongsoo_interfaces/include/dongsoo_interfaces/dongsoo_interfaces/msg/detail) by extension 'ignore_ament_install'
[0.146s] Level 1:colcon.colcon_core.package_identification:_identify(etc/test_ws/install/dongsoo_interfaces/include/dongsoo_interfaces/dongsoo_interfaces/msg/detail) by extensions ['colcon_pkg']
[0.146s] Level 1:colcon.colcon_core.package_identification:_identify(etc/test_ws/install/dongsoo_interfaces/include/dongsoo_interfaces/dongsoo_interfaces/msg/detail) by extension 'colcon_pkg'
[0.146s] Level 1:colcon.colcon_core.package_identification:_identify(etc/test_ws/install/dongsoo_interfaces/include/dongsoo_interfaces/dongsoo_interfaces/msg/detail) by extensions ['colcon_meta']
[0.146s] Level 1:colcon.colcon_core.package_identification:_identify(etc/test_ws/install/dongsoo_interfaces/include/dongsoo_interfaces/dongsoo_interfaces/msg/detail) by extension 'colcon_meta'
[0.146s] Level 1:colcon.colcon_core.package_identification:_identify(etc/test_ws/install/dongsoo_interfaces/include/dongsoo_interfaces/dongsoo_interfaces/msg/detail) by extensions ['ros']
[0.147s] Level 1:colcon.colcon_core.package_identification:_identify(etc/test_ws/install/dongsoo_interfaces/include/dongsoo_interfaces/dongsoo_interfaces/msg/detail) by extension 'ros'
[0.147s] Level 1:colcon.colcon_core.package_identification:_identify(etc/test_ws/install/dongsoo_interfaces/include/dongsoo_interfaces/dongsoo_interfaces/msg/detail) by extensions ['cmake', 'python']
[0.147s] Level 1:colcon.colcon_core.package_identification:_identify(etc/test_ws/install/dongsoo_interfaces/include/dongsoo_interfaces/dongsoo_interfaces/msg/detail) by extension 'cmake'
[0.147s] Level 1:colcon.colcon_core.package_identification:_identify(etc/test_ws/install/dongsoo_interfaces/include/dongsoo_interfaces/dongsoo_interfaces/msg/detail) by extension 'python'
[0.147s] Level 1:colcon.colcon_core.package_identification:_identify(etc/test_ws/install/dongsoo_interfaces/include/dongsoo_interfaces/dongsoo_interfaces/msg/detail) by extensions ['python_setup_py']
[0.147s] Level 1:colcon.colcon_core.package_identification:_identify(etc/test_ws/install/dongsoo_interfaces/include/dongsoo_interfaces/dongsoo_interfaces/msg/detail) by extension 'python_setup_py'
[0.147s] Level 1:colcon.colcon_core.package_identification:_identify(etc/test_ws/install/dongsoo_interfaces/include/dongsoo_interfaces/dongsoo_interfaces/msg/detail/dds_fastrtps) by extensions ['ignore', 'ignore_ament_install']
[0.147s] Level 1:colcon.colcon_core.package_identification:_identify(etc/test_ws/install/dongsoo_interfaces/include/dongsoo_interfaces/dongsoo_interfaces/msg/detail/dds_fastrtps) by extension 'ignore'
[0.147s] Level 1:colcon.colcon_core.package_identification:_identify(etc/test_ws/install/dongsoo_interfaces/include/dongsoo_interfaces/dongsoo_interfaces/msg/detail/dds_fastrtps) by extension 'ignore_ament_install'
[0.147s] Level 1:colcon.colcon_core.package_identification:_identify(etc/test_ws/install/dongsoo_interfaces/include/dongsoo_interfaces/dongsoo_interfaces/msg/detail/dds_fastrtps) by extensions ['colcon_pkg']
[0.147s] Level 1:colcon.colcon_core.package_identification:_identify(etc/test_ws/install/dongsoo_interfaces/include/dongsoo_interfaces/dongsoo_interfaces/msg/detail/dds_fastrtps) by extension 'colcon_pkg'
[0.147s] Level 1:colcon.colcon_core.package_identification:_identify(etc/test_ws/install/dongsoo_interfaces/include/dongsoo_interfaces/dongsoo_interfaces/msg/detail/dds_fastrtps) by extensions ['colcon_meta']
[0.147s] Level 1:colcon.colcon_core.package_identification:_identify(etc/test_ws/install/dongsoo_interfaces/include/dongsoo_interfaces/dongsoo_interfaces/msg/detail/dds_fastrtps) by extension 'colcon_meta'
[0.147s] Level 1:colcon.colcon_core.package_identification:_identify(etc/test_ws/install/dongsoo_interfaces/include/dongsoo_interfaces/dongsoo_interfaces/msg/detail/dds_fastrtps) by extensions ['ros']
[0.147s] Level 1:colcon.colcon_core.package_identification:_identify(etc/test_ws/install/dongsoo_interfaces/include/dongsoo_interfaces/dongsoo_interfaces/msg/detail/dds_fastrtps) by extension 'ros'
[0.147s] Level 1:colcon.colcon_core.package_identification:_identify(etc/test_ws/install/dongsoo_interfaces/include/dongsoo_interfaces/dongsoo_interfaces/msg/detail/dds_fastrtps) by extensions ['cmake', 'python']
[0.147s] Level 1:colcon.colcon_core.package_identification:_identify(etc/test_ws/install/dongsoo_interfaces/include/dongsoo_interfaces/dongsoo_interfaces/msg/detail/dds_fastrtps) by extension 'cmake'
[0.147s] Level 1:colcon.colcon_core.package_identification:_identify(etc/test_ws/install/dongsoo_interfaces/include/dongsoo_interfaces/dongsoo_interfaces/msg/detail/dds_fastrtps) by extension 'python'
[0.147s] Level 1:colcon.colcon_core.package_identification:_identify(etc/test_ws/install/dongsoo_interfaces/include/dongsoo_interfaces/dongsoo_interfaces/msg/detail/dds_fastrtps) by extensions ['python_setup_py']
[0.147s] Level 1:colcon.colcon_core.package_identification:_identify(etc/test_ws/install/dongsoo_interfaces/include/dongsoo_interfaces/dongsoo_interfaces/msg/detail/dds_fastrtps) by extension 'python_setup_py'
[0.147s] Level 1:colcon.colcon_core.package_identification:_identify(etc/test_ws/install/dongsoo_interfaces/include/dongsoo_interfaces/dongsoo_interfaces/srv) by extensions ['ignore', 'ignore_ament_install']
[0.147s] Level 1:colcon.colcon_core.package_identification:_identify(etc/test_ws/install/dongsoo_interfaces/include/dongsoo_interfaces/dongsoo_interfaces/srv) by extension 'ignore'
[0.147s] Level 1:colcon.colcon_core.package_identification:_identify(etc/test_ws/install/dongsoo_interfaces/include/dongsoo_interfaces/dongsoo_interfaces/srv) by extension 'ignore_ament_install'
[0.147s] Level 1:colcon.colcon_core.package_identification:_identify(etc/test_ws/install/dongsoo_interfaces/include/dongsoo_interfaces/dongsoo_interfaces/srv) by extensions ['colcon_pkg']
[0.147s] Level 1:colcon.colcon_core.package_identification:_identify(etc/test_ws/install/dongsoo_interfaces/include/dongsoo_interfaces/dongsoo_interfaces/srv) by extension 'colcon_pkg'
[0.147s] Level 1:colcon.colcon_core.package_identification:_identify(etc/test_ws/install/dongsoo_interfaces/include/dongsoo_interfaces/dongsoo_interfaces/srv) by extensions ['colcon_meta']
[0.147s] Level 1:colcon.colcon_core.package_identification:_identify(etc/test_ws/install/dongsoo_interfaces/include/dongsoo_interfaces/dongsoo_interfaces/srv) by extension 'colcon_meta'
[0.147s] Level 1:colcon.colcon_core.package_identification:_identify(etc/test_ws/install/dongsoo_interfaces/include/dongsoo_interfaces/dongsoo_interfaces/srv) by extensions ['ros']
[0.147s] Level 1:colcon.colcon_core.package_identification:_identify(etc/test_ws/install/dongsoo_interfaces/include/dongsoo_interfaces/dongsoo_interfaces/srv) by extension 'ros'
[0.147s] Level 1:colcon.colcon_core.package_identification:_identify(etc/test_ws/install/dongsoo_interfaces/include/dongsoo_interfaces/dongsoo_interfaces/srv) by extensions ['cmake', 'python']
[0.147s] Level 1:colcon.colcon_core.package_identification:_identify(etc/test_ws/install/dongsoo_interfaces/include/dongsoo_interfaces/dongsoo_interfaces/srv) by extension 'cmake'
[0.147s] Level 1:colcon.colcon_core.package_identification:_identify(etc/test_ws/install/dongsoo_interfaces/include/dongsoo_interfaces/dongsoo_interfaces/srv) by extension 'python'
[0.147s] Level 1:colcon.colcon_core.package_identification:_identify(etc/test_ws/install/dongsoo_interfaces/include/dongsoo_interfaces/dongsoo_interfaces/srv) by extensions ['python_setup_py']
[0.147s] Level 1:colcon.colcon_core.package_identification:_identify(etc/test_ws/install/dongsoo_interfaces/include/dongsoo_interfaces/dongsoo_interfaces/srv) by extension 'python_setup_py'
[0.147s] Level 1:colcon.colcon_core.package_identification:_identify(etc/test_ws/install/dongsoo_interfaces/include/dongsoo_interfaces/dongsoo_interfaces/srv/detail) by extensions ['ignore', 'ignore_ament_install']
[0.147s] Level 1:colcon.colcon_core.package_identification:_identify(etc/test_ws/install/dongsoo_interfaces/include/dongsoo_interfaces/dongsoo_interfaces/srv/detail) by extension 'ignore'
[0.147s] Level 1:colcon.colcon_core.package_identification:_identify(etc/test_ws/install/dongsoo_interfaces/include/dongsoo_interfaces/dongsoo_interfaces/srv/detail) by extension 'ignore_ament_install'
[0.147s] Level 1:colcon.colcon_core.package_identification:_identify(etc/test_ws/install/dongsoo_interfaces/include/dongsoo_interfaces/dongsoo_interfaces/srv/detail) by extensions ['colcon_pkg']
[0.147s] Level 1:colcon.colcon_core.package_identification:_identify(etc/test_ws/install/dongsoo_interfaces/include/dongsoo_interfaces/dongsoo_interfaces/srv/detail) by extension 'colcon_pkg'
[0.147s] Level 1:colcon.colcon_core.package_identification:_identify(etc/test_ws/install/dongsoo_interfaces/include/dongsoo_interfaces/dongsoo_interfaces/srv/detail) by extensions ['colcon_meta']
[0.147s] Level 1:colcon.colcon_core.package_identification:_identify(etc/test_ws/install/dongsoo_interfaces/include/dongsoo_interfaces/dongsoo_interfaces/srv/detail) by extension 'colcon_meta'
[0.147s] Level 1:colcon.colcon_core.package_identification:_identify(etc/test_ws/install/dongsoo_interfaces/include/dongsoo_interfaces/dongsoo_interfaces/srv/detail) by extensions ['ros']
[0.147s] Level 1:colcon.colcon_core.package_identification:_identify(etc/test_ws/install/dongsoo_interfaces/include/dongsoo_interfaces/dongsoo_interfaces/srv/detail) by extension 'ros'
[0.147s] Level 1:colcon.colcon_core.package_identification:_identify(etc/test_ws/install/dongsoo_interfaces/include/dongsoo_interfaces/dongsoo_interfaces/srv/detail) by extensions ['cmake', 'python']
[0.147s] Level 1:colcon.colcon_core.package_identification:_identify(etc/test_ws/install/dongsoo_interfaces/include/dongsoo_interfaces/dongsoo_interfaces/srv/detail) by extension 'cmake'
[0.147s] Level 1:colcon.colcon_core.package_identification:_identify(etc/test_ws/install/dongsoo_interfaces/include/dongsoo_interfaces/dongsoo_interfaces/srv/detail) by extension 'python'
[0.147s] Level 1:colcon.colcon_core.package_identification:_identify(etc/test_ws/install/dongsoo_interfaces/include/dongsoo_interfaces/dongsoo_interfaces/srv/detail) by extensions ['python_setup_py']
[0.147s] Level 1:colcon.colcon_core.package_identification:_identify(etc/test_ws/install/dongsoo_interfaces/include/dongsoo_interfaces/dongsoo_interfaces/srv/detail) by extension 'python_setup_py'
[0.147s] Level 1:colcon.colcon_core.package_identification:_identify(etc/test_ws/install/dongsoo_interfaces/include/dongsoo_interfaces/dongsoo_interfaces/srv/detail/dds_fastrtps) by extensions ['ignore', 'ignore_ament_install']
[0.147s] Level 1:colcon.colcon_core.package_identification:_identify(etc/test_ws/install/dongsoo_interfaces/include/dongsoo_interfaces/dongsoo_interfaces/srv/detail/dds_fastrtps) by extension 'ignore'
[0.147s] Level 1:colcon.colcon_core.package_identification:_identify(etc/test_ws/install/dongsoo_interfaces/include/dongsoo_interfaces/dongsoo_interfaces/srv/detail/dds_fastrtps) by extension 'ignore_ament_install'
[0.147s] Level 1:colcon.colcon_core.package_identification:_identify(etc/test_ws/install/dongsoo_interfaces/include/dongsoo_interfaces/dongsoo_interfaces/srv/detail/dds_fastrtps) by extensions ['colcon_pkg']
[0.148s] Level 1:colcon.colcon_core.package_identification:_identify(etc/test_ws/install/dongsoo_interfaces/include/dongsoo_interfaces/dongsoo_interfaces/srv/detail/dds_fastrtps) by extension 'colcon_pkg'
[0.148s] Level 1:colcon.colcon_core.package_identification:_identify(etc/test_ws/install/dongsoo_interfaces/include/dongsoo_interfaces/dongsoo_interfaces/srv/detail/dds_fastrtps) by extensions ['colcon_meta']
[0.148s] Level 1:colcon.colcon_core.package_identification:_identify(etc/test_ws/install/dongsoo_interfaces/include/dongsoo_interfaces/dongsoo_interfaces/srv/detail/dds_fastrtps) by extension 'colcon_meta'
[0.148s] Level 1:colcon.colcon_core.package_identification:_identify(etc/test_ws/install/dongsoo_interfaces/include/dongsoo_interfaces/dongsoo_interfaces/srv/detail/dds_fastrtps) by extensions ['ros']
[0.148s] Level 1:colcon.colcon_core.package_identification:_identify(etc/test_ws/install/dongsoo_interfaces/include/dongsoo_interfaces/dongsoo_interfaces/srv/detail/dds_fastrtps) by extension 'ros'
[0.148s] Level 1:colcon.colcon_core.package_identification:_identify(etc/test_ws/install/dongsoo_interfaces/include/dongsoo_interfaces/dongsoo_interfaces/srv/detail/dds_fastrtps) by extensions ['cmake', 'python']
[0.148s] Level 1:colcon.colcon_core.package_identification:_identify(etc/test_ws/install/dongsoo_interfaces/include/dongsoo_interfaces/dongsoo_interfaces/srv/detail/dds_fastrtps) by extension 'cmake'
[0.148s] Level 1:colcon.colcon_core.package_identification:_identify(etc/test_ws/install/dongsoo_interfaces/include/dongsoo_interfaces/dongsoo_interfaces/srv/detail/dds_fastrtps) by extension 'python'
[0.148s] Level 1:colcon.colcon_core.package_identification:_identify(etc/test_ws/install/dongsoo_interfaces/include/dongsoo_interfaces/dongsoo_interfaces/srv/detail/dds_fastrtps) by extensions ['python_setup_py']
[0.148s] Level 1:colcon.colcon_core.package_identification:_identify(etc/test_ws/install/dongsoo_interfaces/include/dongsoo_interfaces/dongsoo_interfaces/srv/detail/dds_fastrtps) by extension 'python_setup_py'
[0.148s] Level 1:colcon.colcon_core.package_identification:_identify(install) by extensions ['ignore', 'ignore_ament_install']
[0.148s] Level 1:colcon.colcon_core.package_identification:_identify(install) by extension 'ignore'
[0.148s] Level 1:colcon.colcon_core.package_identification:_identify(install) ignored
[0.148s] Level 1:colcon.colcon_core.package_identification:_identify(log) by extensions ['ignore', 'ignore_ament_install']
[0.148s] Level 1:colcon.colcon_core.package_identification:_identify(log) by extension 'ignore'
[0.148s] Level 1:colcon.colcon_core.package_identification:_identify(log) ignored
[0.148s] Level 1:colcon.colcon_core.package_identification:_identify(src) by extensions ['ignore', 'ignore_ament_install']
[0.148s] Level 1:colcon.colcon_core.package_identification:_identify(src) by extension 'ignore'
[0.148s] Level 1:colcon.colcon_core.package_identification:_identify(src) by extension 'ignore_ament_install'
[0.148s] Level 1:colcon.colcon_core.package_identification:_identify(src) by extensions ['colcon_pkg']
[0.148s] Level 1:colcon.colcon_core.package_identification:_identify(src) by extension 'colcon_pkg'
[0.148s] Level 1:colcon.colcon_core.package_identification:_identify(src) by extensions ['colcon_meta']
[0.148s] Level 1:colcon.colcon_core.package_identification:_identify(src) by extension 'colcon_meta'
[0.148s] Level 1:colcon.colcon_core.package_identification:_identify(src) by extensions ['ros']
[0.148s] Level 1:colcon.colcon_core.package_identification:_identify(src) by extension 'ros'
[0.148s] Level 1:colcon.colcon_core.package_identification:_identify(src) by extensions ['cmake', 'python']
[0.148s] Level 1:colcon.colcon_core.package_identification:_identify(src) by extension 'cmake'
[0.148s] Level 1:colcon.colcon_core.package_identification:_identify(src) by extension 'python'
[0.148s] Level 1:colcon.colcon_core.package_identification:_identify(src) by extensions ['python_setup_py']
[0.148s] Level 1:colcon.colcon_core.package_identification:_identify(src) by extension 'python_setup_py'
[0.148s] Level 1:colcon.colcon_core.package_identification:_identify(src/zeus_controller) by extensions ['ignore', 'ignore_ament_install']
[0.148s] Level 1:colcon.colcon_core.package_identification:_identify(src/zeus_controller) by extension 'ignore'
[0.148s] Level 1:colcon.colcon_core.package_identification:_identify(src/zeus_controller) by extension 'ignore_ament_install'
[0.148s] Level 1:colcon.colcon_core.package_identification:_identify(src/zeus_controller) by extensions ['colcon_pkg']
[0.148s] Level 1:colcon.colcon_core.package_identification:_identify(src/zeus_controller) by extension 'colcon_pkg'
[0.148s] Level 1:colcon.colcon_core.package_identification:_identify(src/zeus_controller) by extensions ['colcon_meta']
[0.148s] Level 1:colcon.colcon_core.package_identification:_identify(src/zeus_controller) by extension 'colcon_meta'
[0.148s] Level 1:colcon.colcon_core.package_identification:_identify(src/zeus_controller) by extensions ['ros']
[0.148s] Level 1:colcon.colcon_core.package_identification:_identify(src/zeus_controller) by extension 'ros'
[0.149s] DEBUG:colcon.colcon_core.package_identification:Package 'src/zeus_controller' with type 'ros.ament_python' and name 'zeus_controller'
[0.150s] Level 1:colcon.colcon_core.package_identification:_identify(src/zeus_description) by extensions ['ignore', 'ignore_ament_install']
[0.150s] Level 1:colcon.colcon_core.package_identification:_identify(src/zeus_description) by extension 'ignore'
[0.150s] Level 1:colcon.colcon_core.package_identification:_identify(src/zeus_description) by extension 'ignore_ament_install'
[0.150s] Level 1:colcon.colcon_core.package_identification:_identify(src/zeus_description) by extensions ['colcon_pkg']
[0.150s] Level 1:colcon.colcon_core.package_identification:_identify(src/zeus_description) by extension 'colcon_pkg'
[0.150s] Level 1:colcon.colcon_core.package_identification:_identify(src/zeus_description) by extensions ['colcon_meta']
[0.150s] Level 1:colcon.colcon_core.package_identification:_identify(src/zeus_description) by extension 'colcon_meta'
[0.150s] Level 1:colcon.colcon_core.package_identification:_identify(src/zeus_description) by extensions ['ros']
[0.150s] Level 1:colcon.colcon_core.package_identification:_identify(src/zeus_description) by extension 'ros'
[0.150s] DEBUG:colcon.colcon_core.package_identification:Package 'src/zeus_description' with type 'ros.ament_cmake' and name 'zeus_description'
[0.150s] Level 1:colcon.colcon_core.package_identification:_identify(src/zeus_interfaces) by extensions ['ignore', 'ignore_ament_install']
[0.150s] Level 1:colcon.colcon_core.package_identification:_identify(src/zeus_interfaces) by extension 'ignore'
[0.150s] Level 1:colcon.colcon_core.package_identification:_identify(src/zeus_interfaces) by extension 'ignore_ament_install'
[0.150s] Level 1:colcon.colcon_core.package_identification:_identify(src/zeus_interfaces) by extensions ['colcon_pkg']
[0.150s] Level 1:colcon.colcon_core.package_identification:_identify(src/zeus_interfaces) by extension 'colcon_pkg'
[0.150s] Level 1:colcon.colcon_core.package_identification:_identify(src/zeus_interfaces) by extensions ['colcon_meta']
[0.150s] Level 1:colcon.colcon_core.package_identification:_identify(src/zeus_interfaces) by extension 'colcon_meta'
[0.150s] Level 1:colcon.colcon_core.package_identification:_identify(src/zeus_interfaces) by extensions ['ros']
[0.150s] Level 1:colcon.colcon_core.package_identification:_identify(src/zeus_interfaces) by extension 'ros'
[0.150s] DEBUG:colcon.colcon_core.package_identification:Package 'src/zeus_interfaces' with type 'ros.ament_cmake' and name 'zeus_interfaces'
[0.150s] Level 1:colcon.colcon_core.package_identification:_identify(src/zeus_vision) by extensions ['ignore', 'ignore_ament_install']
[0.150s] Level 1:colcon.colcon_core.package_identification:_identify(src/zeus_vision) by extension 'ignore'
[0.150s] Level 1:colcon.colcon_core.package_identification:_identify(src/zeus_vision) by extension 'ignore_ament_install'
[0.150s] Level 1:colcon.colcon_core.package_identification:_identify(src/zeus_vision) by extensions ['colcon_pkg']
[0.150s] Level 1:colcon.colcon_core.package_identification:_identify(src/zeus_vision) by extension 'colcon_pkg'
[0.150s] Level 1:colcon.colcon_core.package_identification:_identify(src/zeus_vision) by extensions ['colcon_meta']
[0.150s] Level 1:colcon.colcon_core.package_identification:_identify(src/zeus_vision) by extension 'colcon_meta'
[0.151s] Level 1:colcon.colcon_core.package_identification:_identify(src/zeus_vision) by extensions ['ros']
[0.151s] Level 1:colcon.colcon_core.package_identification:_identify(src/zeus_vision) by extension 'ros'
[0.151s] DEBUG:colcon.colcon_core.package_identification:Package 'src/zeus_vision' with type 'ros.ament_python' and name 'zeus_vision'
[0.151s] Level 1:colcon.colcon_core.package_discovery:discover_packages(recursive) using defaults
[0.151s] Level 1:colcon.colcon_core.package_discovery:discover_packages(ignore) discover
[0.151s] Level 1:colcon.colcon_core.package_discovery:discover_packages(ignore) using defaults
[0.151s] Level 1:colcon.colcon_core.package_discovery:discover_packages(path) discover
[0.151s] Level 1:colcon.colcon_core.package_discovery:discover_packages(path) using defaults
[0.161s] INFO:colcon.colcon_core.package_selection:Skipping not selected package 'zeus_description' in 'src/zeus_description'
[0.161s] INFO:colcon.colcon_core.package_selection:Skipping not selected package 'zeus_interfaces' in 'src/zeus_interfaces'
[0.161s] INFO:colcon.colcon_core.package_selection:Skipping not selected package 'zeus_vision' in 'src/zeus_vision'
[0.161s] Level 1:colcon.colcon_core.package_discovery:discover_packages(prefix_path) check parameters
[0.161s] Level 1:colcon.colcon_core.package_discovery:discover_packages(prefix_path) discover
[0.162s] DEBUG:colcon.colcon_installed_package_information.package_discovery:Found 2 installed packages in /home/pc/zrobot_ws/install
[0.162s] DEBUG:colcon.colcon_installed_package_information.package_discovery:Found 0 installed packages in /home/pc/teensy_ws/install
[0.162s] DEBUG:colcon.colcon_installed_package_information.package_discovery:Found 4 installed packages in /home/pc/cont_ws/install
[0.163s] DEBUG:colcon.colcon_installed_package_information.package_discovery:Found 5 installed packages in /home/pc/mg_motor_ws/install
[0.163s] DEBUG:colcon.colcon_installed_package_information.package_discovery:Found 5 installed packages in /home/pc/soomac_ws/install
[0.163s] DEBUG:colcon.colcon_installed_package_information.package_discovery:Found 272 installed packages in /opt/ros/humble
[0.164s] Level 1:colcon.colcon_core.package_discovery:discover_packages(prefix_path) using defaults
[0.179s] Level 5:colcon.colcon_core.verb:set package 'zeus_controller' build argument 'cmake_args' from command line to 'None'
[0.179s] Level 5:colcon.colcon_core.verb:set package 'zeus_controller' build argument 'cmake_target' from command line to 'None'
[0.179s] Level 5:colcon.colcon_core.verb:set package 'zeus_controller' build argument 'cmake_target_skip_unavailable' from command line to 'False'
[0.179s] Level 5:colcon.colcon_core.verb:set package 'zeus_controller' build argument 'cmake_clean_cache' from command line to 'False'
[0.179s] Level 5:colcon.colcon_core.verb:set package 'zeus_controller' build argument 'cmake_clean_first' from command line to 'False'
[0.179s] Level 5:colcon.colcon_core.verb:set package 'zeus_controller' build argument 'cmake_force_configure' from command line to 'False'
[0.179s] Level 5:colcon.colcon_core.verb:set package 'zeus_controller' build argument 'ament_cmake_args' from command line to 'None'
[0.179s] Level 5:colcon.colcon_core.verb:set package 'zeus_controller' build argument 'catkin_cmake_args' from command line to 'None'
[0.179s] Level 5:colcon.colcon_core.verb:set package 'zeus_controller' build argument 'catkin_skip_building_tests' from command line to 'False'
[0.179s] DEBUG:colcon.colcon_core.verb:Building package 'zeus_controller' with the following arguments: {'ament_cmake_args': None, 'build_base': '/home/pc/soomac_ws/build/zeus_controller', 'catkin_cmake_args': None, 'catkin_skip_building_tests': False, 'cmake_args': None, 'cmake_clean_cache': False, 'cmake_clean_first': False, 'cmake_force_configure': False, 'cmake_target': None, 'cmake_target_skip_unavailable': False, 'install_base': '/home/pc/soomac_ws/install/zeus_controller', 'merge_install': False, 'path': '/home/pc/soomac_ws/src/zeus_controller', 'symlink_install': True, 'test_result_base': None}
[0.179s] INFO:colcon.colcon_core.executor:Executing jobs using 'parallel' executor
[0.179s] DEBUG:colcon.colcon_parallel_executor.executor.parallel:run_until_complete
[0.179s] INFO:colcon.colcon_ros.task.ament_python.build:Building ROS package in '/home/pc/soomac_ws/src/zeus_controller' with build type 'ament_python'
[0.179s] Level 1:colcon.colcon_core.shell:create_environment_hook('zeus_controller', 'ament_prefix_path')
[0.181s] INFO:colcon.colcon_core.plugin_system:Skipping extension 'colcon_core.shell.bat': Not used on non-Windows systems
[0.181s] INFO:colcon.colcon_core.shell:Creating environment hook '/home/pc/soomac_ws/install/zeus_controller/share/zeus_controller/hook/ament_prefix_path.ps1'
[0.181s] INFO:colcon.colcon_core.shell:Creating environment descriptor '/home/pc/soomac_ws/install/zeus_controller/share/zeus_controller/hook/ament_prefix_path.dsv'
[0.181s] INFO:colcon.colcon_core.shell:Creating environment hook '/home/pc/soomac_ws/install/zeus_controller/share/zeus_controller/hook/ament_prefix_path.sh'
[0.181s] INFO:colcon.colcon_core.shell:Skip shell extension 'powershell' for command environment: Not usable outside of PowerShell
[0.181s] DEBUG:colcon.colcon_core.shell:Skip shell extension 'dsv' for command environment
[0.310s] INFO:colcon.colcon_core.task.python.build:Building Python package in '/home/pc/soomac_ws/src/zeus_controller'
[0.310s] INFO:colcon.colcon_core.shell:Skip shell extension 'powershell' for command environment: Not usable outside of PowerShell
[0.310s] DEBUG:colcon.colcon_core.shell:Skip shell extension 'dsv' for command environment
[0.472s] DEBUG:colcon.colcon_core.event_handler.log_command:Invoking command in '/home/pc/soomac_ws/build/zeus_controller': PYTHONPATH=/home/pc/soomac_ws/build/zeus_controller/prefix_override:/usr/lib/python3/dist-packages/colcon_core/task/python/colcon_distutils_commands:/home/pc/soomac_ws/install/zeus_controller/lib/python3.10/site-packages:${PYTHONPATH} /usr/bin/python3 -W ignore:setup.py install is deprecated -W ignore:easy_install command is deprecated setup.py develop --editable --build-directory /home/pc/soomac_ws/build/zeus_controller/build --no-deps symlink_data
[0.689s] Level 1:colcon.colcon_core.shell:create_environment_hook('zeus_controller', 'pythonpath_develop')
[0.689s] DEBUG:colcon.colcon_core.event_handler.log_command:Invoked command in '/home/pc/soomac_ws/build/zeus_controller' returned '0': PYTHONPATH=/home/pc/soomac_ws/build/zeus_controller/prefix_override:/usr/lib/python3/dist-packages/colcon_core/task/python/colcon_distutils_commands:/home/pc/soomac_ws/install/zeus_controller/lib/python3.10/site-packages:${PYTHONPATH} /usr/bin/python3 -W ignore:setup.py install is deprecated -W ignore:easy_install command is deprecated setup.py develop --editable --build-directory /home/pc/soomac_ws/build/zeus_controller/build --no-deps symlink_data
[0.689s] INFO:colcon.colcon_core.shell:Creating environment hook '/home/pc/soomac_ws/build/zeus_controller/share/zeus_controller/hook/pythonpath_develop.ps1'
[0.690s] INFO:colcon.colcon_core.shell:Creating environment descriptor '/home/pc/soomac_ws/build/zeus_controller/share/zeus_controller/hook/pythonpath_develop.dsv'
[0.690s] INFO:colcon.colcon_core.shell:Creating environment hook '/home/pc/soomac_ws/build/zeus_controller/share/zeus_controller/hook/pythonpath_develop.sh'
[0.692s] Level 1:colcon.colcon_core.environment:checking '/home/pc/soomac_ws/install/zeus_controller' for CMake module files
[0.693s] Level 1:colcon.colcon_core.environment:checking '/home/pc/soomac_ws/install/zeus_controller' for CMake config files
[0.693s] Level 1:colcon.colcon_core.environment:checking '/home/pc/soomac_ws/install/zeus_controller/lib'
[0.693s] Level 1:colcon.colcon_core.environment:checking '/home/pc/soomac_ws/install/zeus_controller/bin'
[0.693s] Level 1:colcon.colcon_core.environment:checking '/home/pc/soomac_ws/install/zeus_controller/lib/pkgconfig/zeus_controller.pc'
[0.693s] Level 1:colcon.colcon_core.environment:checking '/home/pc/soomac_ws/install/zeus_controller/lib/python3.10/site-packages'
[0.693s] Level 1:colcon.colcon_core.shell:create_environment_hook('zeus_controller', 'pythonpath')
[0.694s] INFO:colcon.colcon_core.shell:Creating environment hook '/home/pc/soomac_ws/install/zeus_controller/share/zeus_controller/hook/pythonpath.ps1'
[0.694s] INFO:colcon.colcon_core.shell:Creating environment descriptor '/home/pc/soomac_ws/install/zeus_controller/share/zeus_controller/hook/pythonpath.dsv'
[0.694s] INFO:colcon.colcon_core.shell:Creating environment hook '/home/pc/soomac_ws/install/zeus_controller/share/zeus_controller/hook/pythonpath.sh'
[0.695s] Level 1:colcon.colcon_core.environment:checking '/home/pc/soomac_ws/install/zeus_controller/bin'
[0.695s] Level 1:colcon.colcon_core.environment:create_environment_scripts_only(zeus_controller)
[0.695s] INFO:colcon.colcon_core.shell:Creating package script '/home/pc/soomac_ws/install/zeus_controller/share/zeus_controller/package.ps1'
[0.695s] INFO:colcon.colcon_core.shell:Creating package descriptor '/home/pc/soomac_ws/install/zeus_controller/share/zeus_controller/package.dsv'
[0.696s] INFO:colcon.colcon_core.shell:Creating package script '/home/pc/soomac_ws/install/zeus_controller/share/zeus_controller/package.sh'
[0.696s] INFO:colcon.colcon_core.shell:Creating package script '/home/pc/soomac_ws/install/zeus_controller/share/zeus_controller/package.bash'
[0.697s] INFO:colcon.colcon_core.shell:Creating package script '/home/pc/soomac_ws/install/zeus_controller/share/zeus_controller/package.zsh'
[0.697s] Level 1:colcon.colcon_core.environment:create_file_with_runtime_dependencies(/home/pc/soomac_ws/install/zeus_controller/share/colcon-core/packages/zeus_controller)
[0.697s] DEBUG:colcon.colcon_parallel_executor.executor.parallel:closing loop
[0.697s] DEBUG:colcon.colcon_parallel_executor.executor.parallel:loop closed
[0.697s] DEBUG:colcon.colcon_parallel_executor.executor.parallel:run_until_complete finished with '0'
[0.698s] DEBUG:colcon.colcon_core.event_reactor:joining thread
[0.700s] INFO:colcon.colcon_core.plugin_system:Skipping extension 'colcon_notification.desktop_notification.terminal_notifier': Not used on non-Darwin systems
[0.700s] INFO:colcon.colcon_core.plugin_system:Skipping extension 'colcon_notification.desktop_notification.win32': Not used on non-Windows systems
[0.700s] INFO:colcon.colcon_notification.desktop_notification:Sending desktop notification using 'notify2'
[0.708s] DEBUG:colcon.colcon_core.event_reactor:joined thread
[0.708s] INFO:colcon.colcon_core.shell:Creating prefix script '/home/pc/soomac_ws/install/local_setup.ps1'
[0.709s] INFO:colcon.colcon_core.shell:Creating prefix util module '/home/pc/soomac_ws/install/_local_setup_util_ps1.py'
[0.709s] INFO:colcon.colcon_core.shell:Creating prefix chain script '/home/pc/soomac_ws/install/setup.ps1'
[0.710s] INFO:colcon.colcon_core.shell:Creating prefix script '/home/pc/soomac_ws/install/local_setup.sh'
[0.710s] INFO:colcon.colcon_core.shell:Creating prefix util module '/home/pc/soomac_ws/install/_local_setup_util_sh.py'
[0.710s] INFO:colcon.colcon_core.shell:Creating prefix chain script '/home/pc/soomac_ws/install/setup.sh'
[0.711s] INFO:colcon.colcon_core.shell:Creating prefix script '/home/pc/soomac_ws/install/local_setup.bash'
[0.711s] INFO:colcon.colcon_core.shell:Creating prefix chain script '/home/pc/soomac_ws/install/setup.bash'
[0.712s] INFO:colcon.colcon_core.shell:Creating prefix script '/home/pc/soomac_ws/install/local_setup.zsh'
[0.712s] INFO:colcon.colcon_core.shell:Creating prefix chain script '/home/pc/soomac_ws/install/setup.zsh'
