[0.005s] Invoking command in '/home/pc/soomac_ws/build/dongsoo_interfaces': CMAKE_PREFIX_PATH=${CMAKE_PREFIX_PATH}:/home/pc/soomac_ws/install/homework_pkg:/home/pc/soomac_ws/install/finger_test:/home/pc/soomac_ws/install/dx_motor_control:/home/pc/soomac_ws/install/dongsoo_py_pkg:/home/pc/cont_ws/install/torque_test_pkg:/home/pc/cont_ws/install/finger_pkg:/home/pc/cont_ws/install/control_continuum:/home/pc/mg_motor_ws/install/mg_test_pkg:/home/pc/mg_motor_ws/install/mg_motor_test:/home/pc/mg_motor_ws/install/homework_pkg:/home/pc/mg_motor_ws/install/head_moving:/opt/ros/humble /usr/bin/cmake /home/pc/soomac_ws/src/dongsoo_interfaces -DCMAKE_INSTALL_PREFIX=/home/pc/soomac_ws/install/dongsoo_interfaces
[0.014s] -- Found ament_cmake: 1.3.12 (/opt/ros/humble/share/ament_cmake/cmake)
[0.098s] -- Found rosidl_default_generators: 1.2.0 (/opt/ros/humble/share/rosidl_default_generators/cmake)
[0.099s] -- Using all available rosidl_typesupport_c: rosidl_typesupport_fastrtps_c;rosidl_typesupport_introspection_c
[0.100s] -- Found rosidl_adapter: 3.1.7 (/opt/ros/humble/share/rosidl_adapter/cmake)
[0.113s] -- Using all available rosidl_typesupport_cpp: rosidl_typesupport_fastrtps_cpp;rosidl_typesupport_introspection_cpp
[0.272s] -- Found ament_cmake_ros: 0.10.0 (/opt/ros/humble/share/ament_cmake_ros/cmake)
[0.412s] -- Using all available rosidl_typesupport_c: rosidl_typesupport_fastrtps_c;rosidl_typesupport_introspection_c
[0.604s] -- Using all available rosidl_typesupport_cpp: rosidl_typesupport_fastrtps_cpp;rosidl_typesupport_introspection_cpp
[0.634s] -- Found PythonInterp: /usr/bin/python3 (found suitable version "3.10.12", minimum required is "3.6") 
[0.635s] -- Found python_cmake_module: 0.10.0 (/opt/ros/humble/share/python_cmake_module/cmake)
[0.663s] -- Found PythonLibs: /usr/lib/x86_64-linux-gnu/libpython3.10.so (found suitable version "3.10.12", minimum required is "3.5") 
[0.663s] -- Using PYTHON_EXECUTABLE: /usr/bin/python3
[0.663s] -- Using PYTHON_INCLUDE_DIRS: /usr/include/python3.10
[0.663s] -- Using PYTHON_LIBRARIES: /usr/lib/x86_64-linux-gnu/libpython3.10.so
[0.680s] -- Found PythonExtra: .so  
[0.710s] -- Configuring done
[0.720s] -- Generating done
[0.724s] -- Build files have been written to: /home/pc/soomac_ws/build/dongsoo_interfaces
[0.726s] Invoked command in '/home/pc/soomac_ws/build/dongsoo_interfaces' returned '0': CMAKE_PREFIX_PATH=${CMAKE_PREFIX_PATH}:/home/pc/soomac_ws/install/homework_pkg:/home/pc/soomac_ws/install/finger_test:/home/pc/soomac_ws/install/dx_motor_control:/home/pc/soomac_ws/install/dongsoo_py_pkg:/home/pc/cont_ws/install/torque_test_pkg:/home/pc/cont_ws/install/finger_pkg:/home/pc/cont_ws/install/control_continuum:/home/pc/mg_motor_ws/install/mg_test_pkg:/home/pc/mg_motor_ws/install/mg_motor_test:/home/pc/mg_motor_ws/install/homework_pkg:/home/pc/mg_motor_ws/install/head_moving:/opt/ros/humble /usr/bin/cmake /home/pc/soomac_ws/src/dongsoo_interfaces -DCMAKE_INSTALL_PREFIX=/home/pc/soomac_ws/install/dongsoo_interfaces
[0.728s] Invoking command in '/home/pc/soomac_ws/build/dongsoo_interfaces': CMAKE_PREFIX_PATH=${CMAKE_PREFIX_PATH}:/home/pc/soomac_ws/install/homework_pkg:/home/pc/soomac_ws/install/finger_test:/home/pc/soomac_ws/install/dx_motor_control:/home/pc/soomac_ws/install/dongsoo_py_pkg:/home/pc/cont_ws/install/torque_test_pkg:/home/pc/cont_ws/install/finger_pkg:/home/pc/cont_ws/install/control_continuum:/home/pc/mg_motor_ws/install/mg_test_pkg:/home/pc/mg_motor_ws/install/mg_motor_test:/home/pc/mg_motor_ws/install/homework_pkg:/home/pc/mg_motor_ws/install/head_moving:/opt/ros/humble /usr/bin/cmake --build /home/pc/soomac_ws/build/dongsoo_interfaces -- -j32 -l32
[0.754s] [  3%] [34m[1mGenerating C code for ROS interfaces[0m
[0.761s] [  6%] [34m[1mGenerating C++ code for ROS interfaces[0m
[0.766s] [  6%] Built target ament_cmake_python_copy_dongsoo_interfaces
[0.878s] running egg_info
[0.878s] creating dongsoo_interfaces.egg-info
[0.878s] writing dongsoo_interfaces.egg-info/PKG-INFO
[0.878s] writing dependency_links to dongsoo_interfaces.egg-info/dependency_links.txt
[0.878s] writing top-level names to dongsoo_interfaces.egg-info/top_level.txt
[0.879s] writing manifest file 'dongsoo_interfaces.egg-info/SOURCES.txt'
[0.880s] reading manifest file 'dongsoo_interfaces.egg-info/SOURCES.txt'
[0.880s] writing manifest file 'dongsoo_interfaces.egg-info/SOURCES.txt'
[0.893s] [  6%] Built target ament_cmake_python_build_dongsoo_interfaces_egg
[0.899s] [  9%] [32mBuilding C object CMakeFiles/dongsoo_interfaces__rosidl_generator_c.dir/rosidl_generator_c/dongsoo_interfaces/srv/detail/dong_soo_executor__functions.c.o[0m
[0.904s] [  9%] Built target dongsoo_interfaces__cpp
[0.910s] [ 12%] [34m[1mGenerating C++ type support for eProsima Fast-RTPS[0m
[0.910s] [ 16%] [34m[1mGenerating C++ introspection for ROS interfaces[0m
[0.910s] [ 19%] [34m[1mGenerating C++ type support dispatch for ROS interfaces[0m
[0.938s] [ 22%] [32m[1mLinking C shared library libdongsoo_interfaces__rosidl_generator_c.so[0m
[0.959s] [ 22%] Built target dongsoo_interfaces__rosidl_generator_c
[0.965s] [ 25%] [34m[1mGenerating C type support dispatch for ROS interfaces[0m
[0.965s] [ 32%] [34m[1mGenerating C type support for eProsima Fast-RTPS[0m
[0.965s] [ 32%] [34m[1mGenerating C introspection for ROS interfaces[0m
[1.029s] [ 35%] [32mBuilding CXX object CMakeFiles/dongsoo_interfaces__rosidl_typesupport_cpp.dir/rosidl_typesupport_cpp/dongsoo_interfaces/srv/dong_soo_executor__type_support.cpp.o[0m
[1.036s] [ 38%] [32mBuilding CXX object CMakeFiles/dongsoo_interfaces__rosidl_typesupport_introspection_cpp.dir/rosidl_typesupport_introspection_cpp/dongsoo_interfaces/srv/detail/dong_soo_executor__type_support.cpp.o[0m
[1.043s] [ 41%] [32mBuilding CXX object CMakeFiles/dongsoo_interfaces__rosidl_typesupport_fastrtps_cpp.dir/rosidl_typesupport_fastrtps_cpp/dongsoo_interfaces/srv/detail/dds_fastrtps/dong_soo_executor__type_support.cpp.o[0m
[1.079s] [ 45%] [32mBuilding CXX object CMakeFiles/dongsoo_interfaces__rosidl_typesupport_c.dir/rosidl_typesupport_c/dongsoo_interfaces/srv/dong_soo_executor__type_support.cpp.o[0m
[1.096s] [ 48%] [32m[1mLinking CXX shared library libdongsoo_interfaces__rosidl_typesupport_c.so[0m
[1.096s] [ 54%] [32mBuilding C object CMakeFiles/dongsoo_interfaces__rosidl_typesupport_introspection_c.dir/rosidl_typesupport_introspection_c/dongsoo_interfaces/srv/detail/dong_soo_executor__type_support.c.o[0m
[1.096s] [ 54%] [32mBuilding CXX object CMakeFiles/dongsoo_interfaces__rosidl_typesupport_fastrtps_c.dir/rosidl_typesupport_fastrtps_c/dongsoo_interfaces/srv/detail/dong_soo_executor__type_support_c.cpp.o[0m
[1.115s] [ 58%] [32m[1mLinking C shared library libdongsoo_interfaces__rosidl_typesupport_introspection_c.so[0m
[1.117s] [ 58%] Built target dongsoo_interfaces__rosidl_typesupport_c
[1.133s] [ 58%] Built target dongsoo_interfaces__rosidl_typesupport_introspection_c
[1.147s] [ 61%] [32m[1mLinking CXX shared library libdongsoo_interfaces__rosidl_typesupport_cpp.so[0m
[1.166s] [ 61%] Built target dongsoo_interfaces__rosidl_typesupport_cpp
[1.192s] [ 64%] [32m[1mLinking CXX shared library libdongsoo_interfaces__rosidl_typesupport_introspection_cpp.so[0m
[1.209s] [ 67%] [32m[1mLinking CXX shared library libdongsoo_interfaces__rosidl_typesupport_fastrtps_cpp.so[0m
[1.222s] [ 67%] Built target dongsoo_interfaces__rosidl_typesupport_introspection_cpp
[1.242s] [ 67%] Built target dongsoo_interfaces__rosidl_typesupport_fastrtps_cpp
[1.248s] [ 70%] [32m[1mLinking CXX shared library libdongsoo_interfaces__rosidl_typesupport_fastrtps_c.so[0m
[1.287s] [ 70%] Built target dongsoo_interfaces__rosidl_typesupport_fastrtps_c
[1.307s] [ 70%] Built target dongsoo_interfaces
[1.342s] [ 74%] [34m[1mGenerating Python code for ROS interfaces[0m
[1.537s] [ 74%] Built target dongsoo_interfaces__py
[1.548s] [ 77%] [32mBuilding C object CMakeFiles/dongsoo_interfaces__rosidl_generator_py.dir/rosidl_generator_py/dongsoo_interfaces/srv/_dong_soo_executor_s.c.o[0m
[1.627s] [ 80%] [32m[1mLinking C shared library rosidl_generator_py/dongsoo_interfaces/libdongsoo_interfaces__rosidl_generator_py.so[0m
[1.661s] [ 80%] Built target dongsoo_interfaces__rosidl_generator_py
[1.679s] [ 83%] [32mBuilding C object CMakeFiles/dongsoo_interfaces__rosidl_typesupport_c__pyext.dir/rosidl_generator_py/dongsoo_interfaces/_dongsoo_interfaces_s.ep.rosidl_typesupport_c.c.o[0m
[1.679s] [ 87%] [32mBuilding C object CMakeFiles/dongsoo_interfaces__rosidl_typesupport_fastrtps_c__pyext.dir/rosidl_generator_py/dongsoo_interfaces/_dongsoo_interfaces_s.ep.rosidl_typesupport_fastrtps_c.c.o[0m
[1.679s] [ 90%] [32mBuilding C object CMakeFiles/dongsoo_interfaces__rosidl_typesupport_introspection_c__pyext.dir/rosidl_generator_py/dongsoo_interfaces/_dongsoo_interfaces_s.ep.rosidl_typesupport_introspection_c.c.o[0m
[1.723s] [ 93%] [32m[1mLinking C shared library rosidl_generator_py/dongsoo_interfaces/dongsoo_interfaces_s__rosidl_typesupport_introspection_c.cpython-310-x86_64-linux-gnu.so[0m
[1.723s] [ 96%] [32m[1mLinking C shared library rosidl_generator_py/dongsoo_interfaces/dongsoo_interfaces_s__rosidl_typesupport_fastrtps_c.cpython-310-x86_64-linux-gnu.so[0m
[1.724s] [100%] [32m[1mLinking C shared library rosidl_generator_py/dongsoo_interfaces/dongsoo_interfaces_s__rosidl_typesupport_c.cpython-310-x86_64-linux-gnu.so[0m
[1.741s] [100%] Built target dongsoo_interfaces__rosidl_typesupport_fastrtps_c__pyext
[1.742s] [100%] Built target dongsoo_interfaces__rosidl_typesupport_introspection_c__pyext
[1.742s] [100%] Built target dongsoo_interfaces__rosidl_typesupport_c__pyext
[1.750s] Invoked command in '/home/pc/soomac_ws/build/dongsoo_interfaces' returned '0': CMAKE_PREFIX_PATH=${CMAKE_PREFIX_PATH}:/home/pc/soomac_ws/install/homework_pkg:/home/pc/soomac_ws/install/finger_test:/home/pc/soomac_ws/install/dx_motor_control:/home/pc/soomac_ws/install/dongsoo_py_pkg:/home/pc/cont_ws/install/torque_test_pkg:/home/pc/cont_ws/install/finger_pkg:/home/pc/cont_ws/install/control_continuum:/home/pc/mg_motor_ws/install/mg_test_pkg:/home/pc/mg_motor_ws/install/mg_motor_test:/home/pc/mg_motor_ws/install/homework_pkg:/home/pc/mg_motor_ws/install/head_moving:/opt/ros/humble /usr/bin/cmake --build /home/pc/soomac_ws/build/dongsoo_interfaces -- -j32 -l32
[1.757s] Invoking command in '/home/pc/soomac_ws/build/dongsoo_interfaces': CMAKE_PREFIX_PATH=${CMAKE_PREFIX_PATH}:/home/pc/soomac_ws/install/homework_pkg:/home/pc/soomac_ws/install/finger_test:/home/pc/soomac_ws/install/dx_motor_control:/home/pc/soomac_ws/install/dongsoo_py_pkg:/home/pc/cont_ws/install/torque_test_pkg:/home/pc/cont_ws/install/finger_pkg:/home/pc/cont_ws/install/control_continuum:/home/pc/mg_motor_ws/install/mg_test_pkg:/home/pc/mg_motor_ws/install/mg_motor_test:/home/pc/mg_motor_ws/install/homework_pkg:/home/pc/mg_motor_ws/install/head_moving:/opt/ros/humble /usr/bin/cmake --install /home/pc/soomac_ws/build/dongsoo_interfaces
[1.763s] -- Install configuration: ""
[1.763s] -- Installing: /home/pc/soomac_ws/install/dongsoo_interfaces/share/ament_index/resource_index/rosidl_interfaces/dongsoo_interfaces
[1.763s] -- Installing: /home/pc/soomac_ws/install/dongsoo_interfaces/include/dongsoo_interfaces/dongsoo_interfaces
[1.763s] -- Installing: /home/pc/soomac_ws/install/dongsoo_interfaces/include/dongsoo_interfaces/dongsoo_interfaces/msg
[1.763s] -- Installing: /home/pc/soomac_ws/install/dongsoo_interfaces/include/dongsoo_interfaces/dongsoo_interfaces/msg/rosidl_generator_c__visibility_control.h
[1.763s] -- Installing: /home/pc/soomac_ws/install/dongsoo_interfaces/include/dongsoo_interfaces/dongsoo_interfaces/srv
[1.763s] -- Installing: /home/pc/soomac_ws/install/dongsoo_interfaces/include/dongsoo_interfaces/dongsoo_interfaces/srv/dong_soo_executor.h
[1.763s] -- Installing: /home/pc/soomac_ws/install/dongsoo_interfaces/include/dongsoo_interfaces/dongsoo_interfaces/srv/detail
[1.763s] -- Installing: /home/pc/soomac_ws/install/dongsoo_interfaces/include/dongsoo_interfaces/dongsoo_interfaces/srv/detail/dong_soo_executor__functions.h
[1.763s] -- Installing: /home/pc/soomac_ws/install/dongsoo_interfaces/include/dongsoo_interfaces/dongsoo_interfaces/srv/detail/dong_soo_executor__type_support.h
[1.763s] -- Installing: /home/pc/soomac_ws/install/dongsoo_interfaces/include/dongsoo_interfaces/dongsoo_interfaces/srv/detail/dong_soo_executor__functions.c
[1.763s] -- Installing: /home/pc/soomac_ws/install/dongsoo_interfaces/include/dongsoo_interfaces/dongsoo_interfaces/srv/detail/dong_soo_executor__struct.h
[1.763s] -- Installing: /home/pc/soomac_ws/install/dongsoo_interfaces/share/dongsoo_interfaces/environment/library_path.sh
[1.763s] -- Installing: /home/pc/soomac_ws/install/dongsoo_interfaces/share/dongsoo_interfaces/environment/library_path.dsv
[1.764s] -- Installing: /home/pc/soomac_ws/install/dongsoo_interfaces/lib/libdongsoo_interfaces__rosidl_generator_c.so
[1.764s] -- Set runtime path of "/home/pc/soomac_ws/install/dongsoo_interfaces/lib/libdongsoo_interfaces__rosidl_generator_c.so" to ""
[1.764s] -- Up-to-date: /home/pc/soomac_ws/install/dongsoo_interfaces/include/dongsoo_interfaces/dongsoo_interfaces
[1.764s] -- Up-to-date: /home/pc/soomac_ws/install/dongsoo_interfaces/include/dongsoo_interfaces/dongsoo_interfaces/msg
[1.764s] -- Installing: /home/pc/soomac_ws/install/dongsoo_interfaces/include/dongsoo_interfaces/dongsoo_interfaces/msg/rosidl_typesupport_fastrtps_c__visibility_control.h
[1.764s] -- Up-to-date: /home/pc/soomac_ws/install/dongsoo_interfaces/include/dongsoo_interfaces/dongsoo_interfaces/srv
[1.764s] -- Up-to-date: /home/pc/soomac_ws/install/dongsoo_interfaces/include/dongsoo_interfaces/dongsoo_interfaces/srv/detail
[1.764s] -- Installing: /home/pc/soomac_ws/install/dongsoo_interfaces/include/dongsoo_interfaces/dongsoo_interfaces/srv/detail/dong_soo_executor__rosidl_typesupport_fastrtps_c.h
[1.764s] -- Installing: /home/pc/soomac_ws/install/dongsoo_interfaces/lib/libdongsoo_interfaces__rosidl_typesupport_fastrtps_c.so
[1.764s] -- Set runtime path of "/home/pc/soomac_ws/install/dongsoo_interfaces/lib/libdongsoo_interfaces__rosidl_typesupport_fastrtps_c.so" to ""
[1.764s] -- Up-to-date: /home/pc/soomac_ws/install/dongsoo_interfaces/include/dongsoo_interfaces/dongsoo_interfaces
[1.764s] -- Up-to-date: /home/pc/soomac_ws/install/dongsoo_interfaces/include/dongsoo_interfaces/dongsoo_interfaces/msg
[1.764s] -- Installing: /home/pc/soomac_ws/install/dongsoo_interfaces/include/dongsoo_interfaces/dongsoo_interfaces/msg/rosidl_typesupport_introspection_c__visibility_control.h
[1.764s] -- Up-to-date: /home/pc/soomac_ws/install/dongsoo_interfaces/include/dongsoo_interfaces/dongsoo_interfaces/srv
[1.764s] -- Up-to-date: /home/pc/soomac_ws/install/dongsoo_interfaces/include/dongsoo_interfaces/dongsoo_interfaces/srv/detail
[1.764s] -- Installing: /home/pc/soomac_ws/install/dongsoo_interfaces/include/dongsoo_interfaces/dongsoo_interfaces/srv/detail/dong_soo_executor__type_support.c
[1.765s] -- Installing: /home/pc/soomac_ws/install/dongsoo_interfaces/include/dongsoo_interfaces/dongsoo_interfaces/srv/detail/dong_soo_executor__rosidl_typesupport_introspection_c.h
[1.765s] -- Installing: /home/pc/soomac_ws/install/dongsoo_interfaces/lib/libdongsoo_interfaces__rosidl_typesupport_introspection_c.so
[1.765s] -- Set runtime path of "/home/pc/soomac_ws/install/dongsoo_interfaces/lib/libdongsoo_interfaces__rosidl_typesupport_introspection_c.so" to ""
[1.765s] -- Installing: /home/pc/soomac_ws/install/dongsoo_interfaces/lib/libdongsoo_interfaces__rosidl_typesupport_c.so
[1.765s] -- Set runtime path of "/home/pc/soomac_ws/install/dongsoo_interfaces/lib/libdongsoo_interfaces__rosidl_typesupport_c.so" to ""
[1.765s] -- Up-to-date: /home/pc/soomac_ws/install/dongsoo_interfaces/include/dongsoo_interfaces/dongsoo_interfaces
[1.765s] -- Up-to-date: /home/pc/soomac_ws/install/dongsoo_interfaces/include/dongsoo_interfaces/dongsoo_interfaces/msg
[1.765s] -- Installing: /home/pc/soomac_ws/install/dongsoo_interfaces/include/dongsoo_interfaces/dongsoo_interfaces/msg/rosidl_generator_cpp__visibility_control.hpp
[1.765s] -- Up-to-date: /home/pc/soomac_ws/install/dongsoo_interfaces/include/dongsoo_interfaces/dongsoo_interfaces/srv
[1.765s] -- Up-to-date: /home/pc/soomac_ws/install/dongsoo_interfaces/include/dongsoo_interfaces/dongsoo_interfaces/srv/detail
[1.765s] -- Installing: /home/pc/soomac_ws/install/dongsoo_interfaces/include/dongsoo_interfaces/dongsoo_interfaces/srv/detail/dong_soo_executor__struct.hpp
[1.765s] -- Installing: /home/pc/soomac_ws/install/dongsoo_interfaces/include/dongsoo_interfaces/dongsoo_interfaces/srv/detail/dong_soo_executor__type_support.hpp
[1.765s] -- Installing: /home/pc/soomac_ws/install/dongsoo_interfaces/include/dongsoo_interfaces/dongsoo_interfaces/srv/detail/dong_soo_executor__builder.hpp
[1.765s] -- Installing: /home/pc/soomac_ws/install/dongsoo_interfaces/include/dongsoo_interfaces/dongsoo_interfaces/srv/detail/dong_soo_executor__traits.hpp
[1.765s] -- Installing: /home/pc/soomac_ws/install/dongsoo_interfaces/include/dongsoo_interfaces/dongsoo_interfaces/srv/dong_soo_executor.hpp
[1.766s] -- Up-to-date: /home/pc/soomac_ws/install/dongsoo_interfaces/include/dongsoo_interfaces/dongsoo_interfaces
[1.766s] -- Up-to-date: /home/pc/soomac_ws/install/dongsoo_interfaces/include/dongsoo_interfaces/dongsoo_interfaces/msg
[1.766s] -- Installing: /home/pc/soomac_ws/install/dongsoo_interfaces/include/dongsoo_interfaces/dongsoo_interfaces/msg/rosidl_typesupport_fastrtps_cpp__visibility_control.h
[1.766s] -- Up-to-date: /home/pc/soomac_ws/install/dongsoo_interfaces/include/dongsoo_interfaces/dongsoo_interfaces/srv
[1.766s] -- Up-to-date: /home/pc/soomac_ws/install/dongsoo_interfaces/include/dongsoo_interfaces/dongsoo_interfaces/srv/detail
[1.766s] -- Installing: /home/pc/soomac_ws/install/dongsoo_interfaces/include/dongsoo_interfaces/dongsoo_interfaces/srv/detail/dds_fastrtps
[1.766s] -- Installing: /home/pc/soomac_ws/install/dongsoo_interfaces/include/dongsoo_interfaces/dongsoo_interfaces/srv/detail/dong_soo_executor__rosidl_typesupport_fastrtps_cpp.hpp
[1.766s] -- Installing: /home/pc/soomac_ws/install/dongsoo_interfaces/lib/libdongsoo_interfaces__rosidl_typesupport_fastrtps_cpp.so
[1.766s] -- Set runtime path of "/home/pc/soomac_ws/install/dongsoo_interfaces/lib/libdongsoo_interfaces__rosidl_typesupport_fastrtps_cpp.so" to ""
[1.766s] -- Up-to-date: /home/pc/soomac_ws/install/dongsoo_interfaces/include/dongsoo_interfaces/dongsoo_interfaces
[1.766s] -- Up-to-date: /home/pc/soomac_ws/install/dongsoo_interfaces/include/dongsoo_interfaces/dongsoo_interfaces/srv
[1.766s] -- Up-to-date: /home/pc/soomac_ws/install/dongsoo_interfaces/include/dongsoo_interfaces/dongsoo_interfaces/srv/detail
[1.766s] -- Installing: /home/pc/soomac_ws/install/dongsoo_interfaces/include/dongsoo_interfaces/dongsoo_interfaces/srv/detail/dong_soo_executor__type_support.cpp
[1.766s] -- Installing: /home/pc/soomac_ws/install/dongsoo_interfaces/include/dongsoo_interfaces/dongsoo_interfaces/srv/detail/dong_soo_executor__rosidl_typesupport_introspection_cpp.hpp
[1.766s] -- Installing: /home/pc/soomac_ws/install/dongsoo_interfaces/lib/libdongsoo_interfaces__rosidl_typesupport_introspection_cpp.so
[1.767s] -- Set runtime path of "/home/pc/soomac_ws/install/dongsoo_interfaces/lib/libdongsoo_interfaces__rosidl_typesupport_introspection_cpp.so" to ""
[1.767s] -- Installing: /home/pc/soomac_ws/install/dongsoo_interfaces/lib/libdongsoo_interfaces__rosidl_typesupport_cpp.so
[1.767s] -- Set runtime path of "/home/pc/soomac_ws/install/dongsoo_interfaces/lib/libdongsoo_interfaces__rosidl_typesupport_cpp.so" to ""
[1.767s] -- Installing: /home/pc/soomac_ws/install/dongsoo_interfaces/share/dongsoo_interfaces/environment/pythonpath.sh
[1.767s] -- Installing: /home/pc/soomac_ws/install/dongsoo_interfaces/share/dongsoo_interfaces/environment/pythonpath.dsv
[1.767s] -- Installing: /home/pc/soomac_ws/install/dongsoo_interfaces/local/lib/python3.10/dist-packages/dongsoo_interfaces-0.0.0-py3.10.egg-info
[1.767s] -- Installing: /home/pc/soomac_ws/install/dongsoo_interfaces/local/lib/python3.10/dist-packages/dongsoo_interfaces-0.0.0-py3.10.egg-info/top_level.txt
[1.767s] -- Installing: /home/pc/soomac_ws/install/dongsoo_interfaces/local/lib/python3.10/dist-packages/dongsoo_interfaces-0.0.0-py3.10.egg-info/dependency_links.txt
[1.767s] -- Installing: /home/pc/soomac_ws/install/dongsoo_interfaces/local/lib/python3.10/dist-packages/dongsoo_interfaces-0.0.0-py3.10.egg-info/SOURCES.txt
[1.767s] -- Installing: /home/pc/soomac_ws/install/dongsoo_interfaces/local/lib/python3.10/dist-packages/dongsoo_interfaces-0.0.0-py3.10.egg-info/PKG-INFO
[1.767s] -- Installing: /home/pc/soomac_ws/install/dongsoo_interfaces/local/lib/python3.10/dist-packages/dongsoo_interfaces
[1.767s] -- Installing: /home/pc/soomac_ws/install/dongsoo_interfaces/local/lib/python3.10/dist-packages/dongsoo_interfaces/libdongsoo_interfaces__rosidl_generator_py.so
[1.768s] -- Installing: /home/pc/soomac_ws/install/dongsoo_interfaces/local/lib/python3.10/dist-packages/dongsoo_interfaces/_dongsoo_interfaces_s.ep.rosidl_typesupport_introspection_c.c
[1.768s] -- Installing: /home/pc/soomac_ws/install/dongsoo_interfaces/local/lib/python3.10/dist-packages/dongsoo_interfaces/_dongsoo_interfaces_s.ep.rosidl_typesupport_c.c
[1.768s] -- Installing: /home/pc/soomac_ws/install/dongsoo_interfaces/local/lib/python3.10/dist-packages/dongsoo_interfaces/__init__.py
[1.768s] -- Installing: /home/pc/soomac_ws/install/dongsoo_interfaces/local/lib/python3.10/dist-packages/dongsoo_interfaces/_dongsoo_interfaces_s.ep.rosidl_typesupport_fastrtps_c.c
[1.768s] -- Installing: /home/pc/soomac_ws/install/dongsoo_interfaces/local/lib/python3.10/dist-packages/dongsoo_interfaces/srv
[1.768s] -- Installing: /home/pc/soomac_ws/install/dongsoo_interfaces/local/lib/python3.10/dist-packages/dongsoo_interfaces/srv/_dong_soo_executor_s.c
[1.768s] -- Installing: /home/pc/soomac_ws/install/dongsoo_interfaces/local/lib/python3.10/dist-packages/dongsoo_interfaces/srv/__init__.py
[1.768s] -- Installing: /home/pc/soomac_ws/install/dongsoo_interfaces/local/lib/python3.10/dist-packages/dongsoo_interfaces/srv/_dong_soo_executor.py
[1.768s] -- Installing: /home/pc/soomac_ws/install/dongsoo_interfaces/local/lib/python3.10/dist-packages/dongsoo_interfaces/dongsoo_interfaces_s__rosidl_typesupport_fastrtps_c.cpython-310-x86_64-linux-gnu.so
[1.768s] -- Installing: /home/pc/soomac_ws/install/dongsoo_interfaces/local/lib/python3.10/dist-packages/dongsoo_interfaces/dongsoo_interfaces_s__rosidl_typesupport_introspection_c.cpython-310-x86_64-linux-gnu.so
[1.768s] -- Installing: /home/pc/soomac_ws/install/dongsoo_interfaces/local/lib/python3.10/dist-packages/dongsoo_interfaces/dongsoo_interfaces_s__rosidl_typesupport_c.cpython-310-x86_64-linux-gnu.so
[1.789s] Listing '/home/pc/soomac_ws/install/dongsoo_interfaces/local/lib/python3.10/dist-packages/dongsoo_interfaces'...
[1.790s] Compiling '/home/pc/soomac_ws/install/dongsoo_interfaces/local/lib/python3.10/dist-packages/dongsoo_interfaces/__init__.py'...
[1.790s] Listing '/home/pc/soomac_ws/install/dongsoo_interfaces/local/lib/python3.10/dist-packages/dongsoo_interfaces/srv'...
[1.790s] Compiling '/home/pc/soomac_ws/install/dongsoo_interfaces/local/lib/python3.10/dist-packages/dongsoo_interfaces/srv/__init__.py'...
[1.790s] Compiling '/home/pc/soomac_ws/install/dongsoo_interfaces/local/lib/python3.10/dist-packages/dongsoo_interfaces/srv/_dong_soo_executor.py'...
[1.791s] -- Installing: /home/pc/soomac_ws/install/dongsoo_interfaces/local/lib/python3.10/dist-packages/dongsoo_interfaces/dongsoo_interfaces_s__rosidl_typesupport_fastrtps_c.cpython-310-x86_64-linux-gnu.so
[1.791s] -- Set runtime path of "/home/pc/soomac_ws/install/dongsoo_interfaces/local/lib/python3.10/dist-packages/dongsoo_interfaces/dongsoo_interfaces_s__rosidl_typesupport_fastrtps_c.cpython-310-x86_64-linux-gnu.so" to ""
[1.792s] -- Installing: /home/pc/soomac_ws/install/dongsoo_interfaces/local/lib/python3.10/dist-packages/dongsoo_interfaces/dongsoo_interfaces_s__rosidl_typesupport_introspection_c.cpython-310-x86_64-linux-gnu.so
[1.792s] -- Set runtime path of "/home/pc/soomac_ws/install/dongsoo_interfaces/local/lib/python3.10/dist-packages/dongsoo_interfaces/dongsoo_interfaces_s__rosidl_typesupport_introspection_c.cpython-310-x86_64-linux-gnu.so" to ""
[1.792s] -- Installing: /home/pc/soomac_ws/install/dongsoo_interfaces/local/lib/python3.10/dist-packages/dongsoo_interfaces/dongsoo_interfaces_s__rosidl_typesupport_c.cpython-310-x86_64-linux-gnu.so
[1.792s] -- Set runtime path of "/home/pc/soomac_ws/install/dongsoo_interfaces/local/lib/python3.10/dist-packages/dongsoo_interfaces/dongsoo_interfaces_s__rosidl_typesupport_c.cpython-310-x86_64-linux-gnu.so" to ""
[1.792s] -- Installing: /home/pc/soomac_ws/install/dongsoo_interfaces/lib/libdongsoo_interfaces__rosidl_generator_py.so
[1.792s] -- Set runtime path of "/home/pc/soomac_ws/install/dongsoo_interfaces/lib/libdongsoo_interfaces__rosidl_generator_py.so" to ""
[1.792s] -- Installing: /home/pc/soomac_ws/install/dongsoo_interfaces/share/dongsoo_interfaces/srv/DongSooExecutor.idl
[1.792s] -- Installing: /home/pc/soomac_ws/install/dongsoo_interfaces/share/dongsoo_interfaces/srv/DongSooExecutor.srv
[1.792s] -- Installing: /home/pc/soomac_ws/install/dongsoo_interfaces/share/dongsoo_interfaces/srv/DongSooExecutor_Request.msg
[1.792s] -- Installing: /home/pc/soomac_ws/install/dongsoo_interfaces/share/dongsoo_interfaces/srv/DongSooExecutor_Response.msg
[1.792s] -- Installing: /home/pc/soomac_ws/install/dongsoo_interfaces/share/ament_index/resource_index/package_run_dependencies/dongsoo_interfaces
[1.792s] -- Installing: /home/pc/soomac_ws/install/dongsoo_interfaces/share/ament_index/resource_index/parent_prefix_path/dongsoo_interfaces
[1.792s] -- Installing: /home/pc/soomac_ws/install/dongsoo_interfaces/share/dongsoo_interfaces/environment/ament_prefix_path.sh
[1.792s] -- Installing: /home/pc/soomac_ws/install/dongsoo_interfaces/share/dongsoo_interfaces/environment/ament_prefix_path.dsv
[1.792s] -- Installing: /home/pc/soomac_ws/install/dongsoo_interfaces/share/dongsoo_interfaces/environment/path.sh
[1.792s] -- Installing: /home/pc/soomac_ws/install/dongsoo_interfaces/share/dongsoo_interfaces/environment/path.dsv
[1.792s] -- Installing: /home/pc/soomac_ws/install/dongsoo_interfaces/share/dongsoo_interfaces/local_setup.bash
[1.792s] -- Installing: /home/pc/soomac_ws/install/dongsoo_interfaces/share/dongsoo_interfaces/local_setup.sh
[1.792s] -- Installing: /home/pc/soomac_ws/install/dongsoo_interfaces/share/dongsoo_interfaces/local_setup.zsh
[1.792s] -- Installing: /home/pc/soomac_ws/install/dongsoo_interfaces/share/dongsoo_interfaces/local_setup.dsv
[1.792s] -- Installing: /home/pc/soomac_ws/install/dongsoo_interfaces/share/dongsoo_interfaces/package.dsv
[1.792s] -- Installing: /home/pc/soomac_ws/install/dongsoo_interfaces/share/ament_index/resource_index/packages/dongsoo_interfaces
[1.792s] -- Installing: /home/pc/soomac_ws/install/dongsoo_interfaces/share/dongsoo_interfaces/cmake/export_dongsoo_interfaces__rosidl_generator_cExport.cmake
[1.793s] -- Installing: /home/pc/soomac_ws/install/dongsoo_interfaces/share/dongsoo_interfaces/cmake/export_dongsoo_interfaces__rosidl_generator_cExport-noconfig.cmake
[1.793s] -- Installing: /home/pc/soomac_ws/install/dongsoo_interfaces/share/dongsoo_interfaces/cmake/export_dongsoo_interfaces__rosidl_typesupport_fastrtps_cExport.cmake
[1.793s] -- Installing: /home/pc/soomac_ws/install/dongsoo_interfaces/share/dongsoo_interfaces/cmake/export_dongsoo_interfaces__rosidl_typesupport_fastrtps_cExport-noconfig.cmake
[1.793s] -- Installing: /home/pc/soomac_ws/install/dongsoo_interfaces/share/dongsoo_interfaces/cmake/dongsoo_interfaces__rosidl_typesupport_introspection_cExport.cmake
[1.793s] -- Installing: /home/pc/soomac_ws/install/dongsoo_interfaces/share/dongsoo_interfaces/cmake/dongsoo_interfaces__rosidl_typesupport_introspection_cExport-noconfig.cmake
[1.793s] -- Installing: /home/pc/soomac_ws/install/dongsoo_interfaces/share/dongsoo_interfaces/cmake/dongsoo_interfaces__rosidl_typesupport_cExport.cmake
[1.793s] -- Installing: /home/pc/soomac_ws/install/dongsoo_interfaces/share/dongsoo_interfaces/cmake/dongsoo_interfaces__rosidl_typesupport_cExport-noconfig.cmake
[1.793s] -- Installing: /home/pc/soomac_ws/install/dongsoo_interfaces/share/dongsoo_interfaces/cmake/export_dongsoo_interfaces__rosidl_generator_cppExport.cmake
[1.793s] -- Installing: /home/pc/soomac_ws/install/dongsoo_interfaces/share/dongsoo_interfaces/cmake/export_dongsoo_interfaces__rosidl_typesupport_fastrtps_cppExport.cmake
[1.793s] -- Installing: /home/pc/soomac_ws/install/dongsoo_interfaces/share/dongsoo_interfaces/cmake/export_dongsoo_interfaces__rosidl_typesupport_fastrtps_cppExport-noconfig.cmake
[1.793s] -- Installing: /home/pc/soomac_ws/install/dongsoo_interfaces/share/dongsoo_interfaces/cmake/dongsoo_interfaces__rosidl_typesupport_introspection_cppExport.cmake
[1.793s] -- Installing: /home/pc/soomac_ws/install/dongsoo_interfaces/share/dongsoo_interfaces/cmake/dongsoo_interfaces__rosidl_typesupport_introspection_cppExport-noconfig.cmake
[1.793s] -- Installing: /home/pc/soomac_ws/install/dongsoo_interfaces/share/dongsoo_interfaces/cmake/dongsoo_interfaces__rosidl_typesupport_cppExport.cmake
[1.793s] -- Installing: /home/pc/soomac_ws/install/dongsoo_interfaces/share/dongsoo_interfaces/cmake/dongsoo_interfaces__rosidl_typesupport_cppExport-noconfig.cmake
[1.793s] -- Installing: /home/pc/soomac_ws/install/dongsoo_interfaces/share/dongsoo_interfaces/cmake/export_dongsoo_interfaces__rosidl_generator_pyExport.cmake
[1.793s] -- Installing: /home/pc/soomac_ws/install/dongsoo_interfaces/share/dongsoo_interfaces/cmake/export_dongsoo_interfaces__rosidl_generator_pyExport-noconfig.cmake
[1.793s] -- Installing: /home/pc/soomac_ws/install/dongsoo_interfaces/share/dongsoo_interfaces/cmake/rosidl_cmake-extras.cmake
[1.793s] -- Installing: /home/pc/soomac_ws/install/dongsoo_interfaces/share/dongsoo_interfaces/cmake/ament_cmake_export_include_directories-extras.cmake
[1.793s] -- Installing: /home/pc/soomac_ws/install/dongsoo_interfaces/share/dongsoo_interfaces/cmake/ament_cmake_export_libraries-extras.cmake
[1.793s] -- Installing: /home/pc/soomac_ws/install/dongsoo_interfaces/share/dongsoo_interfaces/cmake/ament_cmake_export_targets-extras.cmake
[1.793s] -- Installing: /home/pc/soomac_ws/install/dongsoo_interfaces/share/dongsoo_interfaces/cmake/rosidl_cmake_export_typesupport_targets-extras.cmake
[1.793s] -- Installing: /home/pc/soomac_ws/install/dongsoo_interfaces/share/dongsoo_interfaces/cmake/ament_cmake_export_dependencies-extras.cmake
[1.793s] -- Installing: /home/pc/soomac_ws/install/dongsoo_interfaces/share/dongsoo_interfaces/cmake/rosidl_cmake_export_typesupport_libraries-extras.cmake
[1.793s] -- Installing: /home/pc/soomac_ws/install/dongsoo_interfaces/share/dongsoo_interfaces/cmake/dongsoo_interfacesConfig.cmake
[1.793s] -- Installing: /home/pc/soomac_ws/install/dongsoo_interfaces/share/dongsoo_interfaces/cmake/dongsoo_interfacesConfig-version.cmake
[1.793s] -- Installing: /home/pc/soomac_ws/install/dongsoo_interfaces/share/dongsoo_interfaces/package.xml
[1.795s] Invoked command in '/home/pc/soomac_ws/build/dongsoo_interfaces' returned '0': CMAKE_PREFIX_PATH=${CMAKE_PREFIX_PATH}:/home/pc/soomac_ws/install/homework_pkg:/home/pc/soomac_ws/install/finger_test:/home/pc/soomac_ws/install/dx_motor_control:/home/pc/soomac_ws/install/dongsoo_py_pkg:/home/pc/cont_ws/install/torque_test_pkg:/home/pc/cont_ws/install/finger_pkg:/home/pc/cont_ws/install/control_continuum:/home/pc/mg_motor_ws/install/mg_test_pkg:/home/pc/mg_motor_ws/install/mg_motor_test:/home/pc/mg_motor_ws/install/homework_pkg:/home/pc/mg_motor_ws/install/head_moving:/opt/ros/humble /usr/bin/cmake --install /home/pc/soomac_ws/build/dongsoo_interfaces
