[0.311s] Invoking command in '/home/pc/soomac_ws/build/dongsoo_vision_pkg': PYTHONPATH=/home/pc/soomac_ws/build/dongsoo_vision_pkg/prefix_override:/usr/lib/python3/dist-packages/colcon_core/task/python/colcon_distutils_commands:/home/pc/soomac_ws/install/dongsoo_vision_pkg/lib/python3.10/site-packages:${PYTHONPATH} /usr/bin/python3 -W ignore:setup.py install is deprecated -W ignore:easy_install command is deprecated setup.py develop --editable --build-directory /home/pc/soomac_ws/build/dongsoo_vision_pkg/build --no-deps symlink_data
[0.442s] running develop
[0.521s] running egg_info
[0.521s] creating dongsoo_vision_pkg.egg-info
[0.521s] writing dongsoo_vision_pkg.egg-info/PKG-INFO
[0.521s] writing dependency_links to dongsoo_vision_pkg.egg-info/dependency_links.txt
[0.521s] writing entry points to dongsoo_vision_pkg.egg-info/entry_points.txt
[0.521s] writing requirements to dongsoo_vision_pkg.egg-info/requires.txt
[0.521s] writing top-level names to dongsoo_vision_pkg.egg-info/top_level.txt
[0.521s] writing manifest file 'dongsoo_vision_pkg.egg-info/SOURCES.txt'
[0.521s] reading manifest file 'dongsoo_vision_pkg.egg-info/SOURCES.txt'
[0.522s] writing manifest file 'dongsoo_vision_pkg.egg-info/SOURCES.txt'
[0.522s] running build_ext
[0.522s] Creating /home/pc/soomac_ws/install/dongsoo_vision_pkg/lib/python3.10/site-packages/dongsoo-vision-pkg.egg-link (link to .)
[0.523s] Installing tool_detect script to /home/pc/soomac_ws/install/dongsoo_vision_pkg/lib/dongsoo_vision_pkg
[0.523s] 
[0.523s] Installed /home/pc/soomac_ws/build/dongsoo_vision_pkg
[0.523s] running symlink_data
[0.523s] creating /home/pc/soomac_ws/install/dongsoo_vision_pkg/share/ament_index
[0.523s] creating /home/pc/soomac_ws/install/dongsoo_vision_pkg/share/ament_index/resource_index
[0.523s] creating /home/pc/soomac_ws/install/dongsoo_vision_pkg/share/ament_index/resource_index/packages
[0.523s] symbolically linking /home/pc/soomac_ws/build/dongsoo_vision_pkg/resource/dongsoo_vision_pkg -> /home/pc/soomac_ws/install/dongsoo_vision_pkg/share/ament_index/resource_index/packages
[0.523s] symbolically linking /home/pc/soomac_ws/build/dongsoo_vision_pkg/package.xml -> /home/pc/soomac_ws/install/dongsoo_vision_pkg/share/dongsoo_vision_pkg
[0.534s] Invoked command in '/home/pc/soomac_ws/build/dongsoo_vision_pkg' returned '0': PYTHONPATH=/home/pc/soomac_ws/build/dongsoo_vision_pkg/prefix_override:/usr/lib/python3/dist-packages/colcon_core/task/python/colcon_distutils_commands:/home/pc/soomac_ws/install/dongsoo_vision_pkg/lib/python3.10/site-packages:${PYTHONPATH} /usr/bin/python3 -W ignore:setup.py install is deprecated -W ignore:easy_install command is deprecated setup.py develop --editable --build-directory /home/pc/soomac_ws/build/dongsoo_vision_pkg/build --no-deps symlink_data
