[0.541s] Invoking command in '/home/temp_id/ros2_ws/src/vision_node': HISTTIMEFORMAT=20%y/%m/%d %T PYTHONPATH=/home/temp_id/ros2_ws/build/vision_node/prefix_override:/usr/lib/python3/dist-packages/colcon_core/task/python/colcon_distutils_commands:/home/temp_id/ros2_ws/install/vision_node/lib/python3.10/site-packages:${PYTHONPATH} /usr/bin/python3 -W ignore:setup.py install is deprecated -W ignore:easy_install command is deprecated setup.py egg_info --egg-base ../../build/vision_node build --build-base /home/temp_id/ros2_ws/build/vision_node/build install --record /home/temp_id/ros2_ws/build/vision_node/install.log --single-version-externally-managed install_data
[0.735s] running egg_info
[0.735s] creating ../../build/vision_node/vision_node.egg-info
[0.735s] writing ../../build/vision_node/vision_node.egg-info/PKG-INFO
[0.736s] writing dependency_links to ../../build/vision_node/vision_node.egg-info/dependency_links.txt
[0.736s] writing entry points to ../../build/vision_node/vision_node.egg-info/entry_points.txt
[0.736s] writing requirements to ../../build/vision_node/vision_node.egg-info/requires.txt
[0.736s] writing top-level names to ../../build/vision_node/vision_node.egg-info/top_level.txt
[0.736s] writing manifest file '../../build/vision_node/vision_node.egg-info/SOURCES.txt'
[0.737s] reading manifest file '../../build/vision_node/vision_node.egg-info/SOURCES.txt'
[0.737s] adding license file 'LICENSE'
[0.737s] writing manifest file '../../build/vision_node/vision_node.egg-info/SOURCES.txt'
[0.737s] running build
[0.737s] running build_py
[0.737s] creating /home/temp_id/ros2_ws/build/vision_node/build
[0.737s] creating /home/temp_id/ros2_ws/build/vision_node/build/lib
[0.737s] creating /home/temp_id/ros2_ws/build/vision_node/build/lib/vision_node
[0.738s] copying vision_node/tool_detect.py -> /home/temp_id/ros2_ws/build/vision_node/build/lib/vision_node
[0.738s] copying vision_node/__init__.py -> /home/temp_id/ros2_ws/build/vision_node/build/lib/vision_node
[0.738s] running install
[0.738s] running install_lib
[0.738s] creating /home/temp_id/ros2_ws/install/vision_node/lib/python3.10/site-packages/vision_node
[0.738s] copying /home/temp_id/ros2_ws/build/vision_node/build/lib/vision_node/tool_detect.py -> /home/temp_id/ros2_ws/install/vision_node/lib/python3.10/site-packages/vision_node
[0.738s] copying /home/temp_id/ros2_ws/build/vision_node/build/lib/vision_node/__init__.py -> /home/temp_id/ros2_ws/install/vision_node/lib/python3.10/site-packages/vision_node
[0.739s] byte-compiling /home/temp_id/ros2_ws/install/vision_node/lib/python3.10/site-packages/vision_node/tool_detect.py to tool_detect.cpython-310.pyc
[0.741s] byte-compiling /home/temp_id/ros2_ws/install/vision_node/lib/python3.10/site-packages/vision_node/__init__.py to __init__.cpython-310.pyc
[0.741s] running install_data
[0.741s] creating /home/temp_id/ros2_ws/install/vision_node/share/ament_index
[0.741s] creating /home/temp_id/ros2_ws/install/vision_node/share/ament_index/resource_index
[0.741s] creating /home/temp_id/ros2_ws/install/vision_node/share/ament_index/resource_index/packages
[0.741s] copying resource/vision_node -> /home/temp_id/ros2_ws/install/vision_node/share/ament_index/resource_index/packages
[0.741s] copying package.xml -> /home/temp_id/ros2_ws/install/vision_node/share/vision_node
[0.741s] running install_egg_info
[0.743s] Copying ../../build/vision_node/vision_node.egg-info to /home/temp_id/ros2_ws/install/vision_node/lib/python3.10/site-packages/vision_node-0.0.0-py3.10.egg-info
[0.743s] running install_scripts
[0.759s] Installing vision_node script to /home/temp_id/ros2_ws/install/vision_node/lib/vision_node
[0.760s] writing list of installed files to '/home/temp_id/ros2_ws/build/vision_node/install.log'
[0.791s] Invoked command in '/home/temp_id/ros2_ws/src/vision_node' returned '0': HISTTIMEFORMAT=20%y/%m/%d %T PYTHONPATH=/home/temp_id/ros2_ws/build/vision_node/prefix_override:/usr/lib/python3/dist-packages/colcon_core/task/python/colcon_distutils_commands:/home/temp_id/ros2_ws/install/vision_node/lib/python3.10/site-packages:${PYTHONPATH} /usr/bin/python3 -W ignore:setup.py install is deprecated -W ignore:easy_install command is deprecated setup.py egg_info --egg-base ../../build/vision_node build --build-base /home/temp_id/ros2_ws/build/vision_node/build install --record /home/temp_id/ros2_ws/build/vision_node/install.log --single-version-externally-managed install_data
