[0.280s] Invoking command in '/home/pc/soomac_ws/build/dongsoo_py_pkg': PYTHONPATH=/home/pc/soomac_ws/build/dongsoo_py_pkg/prefix_override:/usr/lib/python3/dist-packages/colcon_core/task/python/colcon_distutils_commands:/home/pc/soomac_ws/install/dongsoo_py_pkg/lib/python3.10/site-packages:${PYTHONPATH} /usr/bin/python3 -W ignore:setup.py install is deprecated -W ignore:easy_install command is deprecated setup.py develop --editable --build-directory /home/pc/soomac_ws/build/dongsoo_py_pkg/build --no-deps symlink_data
[0.402s] running develop
[0.464s] running egg_info
[0.464s] creating dongsoo_py_pkg.egg-info
[0.464s] writing dongsoo_py_pkg.egg-info/PKG-INFO
[0.464s] writing dependency_links to dongsoo_py_pkg.egg-info/dependency_links.txt
[0.464s] writing entry points to dongsoo_py_pkg.egg-info/entry_points.txt
[0.464s] writing requirements to dongsoo_py_pkg.egg-info/requires.txt
[0.464s] writing top-level names to dongsoo_py_pkg.egg-info/top_level.txt
[0.464s] writing manifest file 'dongsoo_py_pkg.egg-info/SOURCES.txt'
[0.465s] reading manifest file 'dongsoo_py_pkg.egg-info/SOURCES.txt'
[0.465s] writing manifest file 'dongsoo_py_pkg.egg-info/SOURCES.txt'
[0.465s] running build_ext
[0.465s] Creating /home/pc/soomac_ws/install/dongsoo_py_pkg/lib/python3.10/site-packages/dongsoo-py-pkg.egg-link (link to .)
[0.466s] Installing one_way_trajectory script to /home/pc/soomac_ws/install/dongsoo_py_pkg/lib/dongsoo_py_pkg
[0.466s] Installing trajectory_test script to /home/pc/soomac_ws/install/dongsoo_py_pkg/lib/dongsoo_py_pkg
[0.466s] 
[0.466s] Installed /home/pc/soomac_ws/build/dongsoo_py_pkg
[0.466s] running symlink_data
[0.466s] creating /home/pc/soomac_ws/install/dongsoo_py_pkg/share/ament_index
[0.466s] creating /home/pc/soomac_ws/install/dongsoo_py_pkg/share/ament_index/resource_index
[0.466s] creating /home/pc/soomac_ws/install/dongsoo_py_pkg/share/ament_index/resource_index/packages
[0.466s] symbolically linking /home/pc/soomac_ws/build/dongsoo_py_pkg/resource/dongsoo_py_pkg -> /home/pc/soomac_ws/install/dongsoo_py_pkg/share/ament_index/resource_index/packages
[0.466s] symbolically linking /home/pc/soomac_ws/build/dongsoo_py_pkg/package.xml -> /home/pc/soomac_ws/install/dongsoo_py_pkg/share/dongsoo_py_pkg
[0.478s] Invoked command in '/home/pc/soomac_ws/build/dongsoo_py_pkg' returned '0': PYTHONPATH=/home/pc/soomac_ws/build/dongsoo_py_pkg/prefix_override:/usr/lib/python3/dist-packages/colcon_core/task/python/colcon_distutils_commands:/home/pc/soomac_ws/install/dongsoo_py_pkg/lib/python3.10/site-packages:${PYTHONPATH} /usr/bin/python3 -W ignore:setup.py install is deprecated -W ignore:easy_install command is deprecated setup.py develop --editable --build-directory /home/pc/soomac_ws/build/dongsoo_py_pkg/build --no-deps symlink_data
