[0.004s] Invoking command in '/home/pc/soomac_ws/build/dongsoo_description': CMAKE_PREFIX_PATH=${CMAKE_PREFIX_PATH}:/home/pc/soomac_ws/install/homework_pkg:/home/pc/soomac_ws/install/finger_test:/home/pc/soomac_ws/install/dx_motor_control:/home/pc/soomac_ws/install/dongsoo_py_pkg:/home/pc/cont_ws/install/torque_test_pkg:/home/pc/cont_ws/install/finger_pkg:/home/pc/cont_ws/install/control_continuum:/home/pc/mg_motor_ws/install/mg_test_pkg:/home/pc/mg_motor_ws/install/mg_motor_test:/home/pc/mg_motor_ws/install/homework_pkg:/home/pc/mg_motor_ws/install/head_moving:/opt/ros/humble /usr/bin/cmake /home/pc/soomac_ws/src/dongsoo_description -DCMAKE_INSTALL_PREFIX=/home/pc/soomac_ws/install/dongsoo_description
[0.088s] -- The C compiler identification is GNU 11.4.0
[0.128s] -- The CXX compiler identification is GNU 11.4.0
[0.133s] -- Detecting C compiler ABI info
[0.189s] -- Detecting C compiler ABI info - done
[0.193s] -- Check for working C compiler: /usr/bin/cc - skipped
[0.193s] -- Detecting C compile features
[0.194s] -- Detecting C compile features - done
[0.196s] -- Detecting CXX compiler ABI info
[0.261s] -- Detecting CXX compiler ABI info - done
[0.267s] -- Check for working CXX compiler: /usr/bin/c++ - skipped
[0.267s] -- Detecting CXX compile features
[0.268s] -- Detecting CXX compile features - done
[0.270s] -- Found ament_cmake: 1.3.12 (/opt/ros/humble/share/ament_cmake/cmake)
[0.388s] -- Found Python3: /usr/bin/python3 (found version "3.10.12") found components: Interpreter 
[0.453s] -- Found ament_lint_auto: 0.12.14 (/opt/ros/humble/share/ament_lint_auto/cmake)
[0.504s] -- Added test 'lint_cmake' to check CMake code style
[0.505s] -- Added test 'xmllint' to check XML markup files
[0.505s] -- Configuring done
[0.507s] -- Generating done
[0.508s] -- Build files have been written to: /home/pc/soomac_ws/build/dongsoo_description
[0.510s] Invoked command in '/home/pc/soomac_ws/build/dongsoo_description' returned '0': CMAKE_PREFIX_PATH=${CMAKE_PREFIX_PATH}:/home/pc/soomac_ws/install/homework_pkg:/home/pc/soomac_ws/install/finger_test:/home/pc/soomac_ws/install/dx_motor_control:/home/pc/soomac_ws/install/dongsoo_py_pkg:/home/pc/cont_ws/install/torque_test_pkg:/home/pc/cont_ws/install/finger_pkg:/home/pc/cont_ws/install/control_continuum:/home/pc/mg_motor_ws/install/mg_test_pkg:/home/pc/mg_motor_ws/install/mg_motor_test:/home/pc/mg_motor_ws/install/homework_pkg:/home/pc/mg_motor_ws/install/head_moving:/opt/ros/humble /usr/bin/cmake /home/pc/soomac_ws/src/dongsoo_description -DCMAKE_INSTALL_PREFIX=/home/pc/soomac_ws/install/dongsoo_description
[0.512s] Invoking command in '/home/pc/soomac_ws/build/dongsoo_description': CMAKE_PREFIX_PATH=${CMAKE_PREFIX_PATH}:/home/pc/soomac_ws/install/homework_pkg:/home/pc/soomac_ws/install/finger_test:/home/pc/soomac_ws/install/dx_motor_control:/home/pc/soomac_ws/install/dongsoo_py_pkg:/home/pc/cont_ws/install/torque_test_pkg:/home/pc/cont_ws/install/finger_pkg:/home/pc/cont_ws/install/control_continuum:/home/pc/mg_motor_ws/install/mg_test_pkg:/home/pc/mg_motor_ws/install/mg_motor_test:/home/pc/mg_motor_ws/install/homework_pkg:/home/pc/mg_motor_ws/install/head_moving:/opt/ros/humble /usr/bin/cmake --build /home/pc/soomac_ws/build/dongsoo_description -- -j32 -l32
[0.556s] Invoked command in '/home/pc/soomac_ws/build/dongsoo_description' returned '0': CMAKE_PREFIX_PATH=${CMAKE_PREFIX_PATH}:/home/pc/soomac_ws/install/homework_pkg:/home/pc/soomac_ws/install/finger_test:/home/pc/soomac_ws/install/dx_motor_control:/home/pc/soomac_ws/install/dongsoo_py_pkg:/home/pc/cont_ws/install/torque_test_pkg:/home/pc/cont_ws/install/finger_pkg:/home/pc/cont_ws/install/control_continuum:/home/pc/mg_motor_ws/install/mg_test_pkg:/home/pc/mg_motor_ws/install/mg_motor_test:/home/pc/mg_motor_ws/install/homework_pkg:/home/pc/mg_motor_ws/install/head_moving:/opt/ros/humble /usr/bin/cmake --build /home/pc/soomac_ws/build/dongsoo_description -- -j32 -l32
[0.575s] Invoking command in '/home/pc/soomac_ws/build/dongsoo_description': CMAKE_PREFIX_PATH=${CMAKE_PREFIX_PATH}:/home/pc/soomac_ws/install/homework_pkg:/home/pc/soomac_ws/install/finger_test:/home/pc/soomac_ws/install/dx_motor_control:/home/pc/soomac_ws/install/dongsoo_py_pkg:/home/pc/cont_ws/install/torque_test_pkg:/home/pc/cont_ws/install/finger_pkg:/home/pc/cont_ws/install/control_continuum:/home/pc/mg_motor_ws/install/mg_test_pkg:/home/pc/mg_motor_ws/install/mg_motor_test:/home/pc/mg_motor_ws/install/homework_pkg:/home/pc/mg_motor_ws/install/head_moving:/opt/ros/humble /usr/bin/cmake --install /home/pc/soomac_ws/build/dongsoo_description
[0.590s] -- Install configuration: ""
[0.590s] -- Installing: /home/pc/soomac_ws/install/dongsoo_description/share/dongsoo_description/config
[0.590s] -- Installing: /home/pc/soomac_ws/install/dongsoo_description/share/dongsoo_description/config/base_to_gripper_dh.json
[0.590s] -- Installing: /home/pc/soomac_ws/install/dongsoo_description/share/dongsoo_description/config/base_to_camera_dh.json
[0.590s] -- Installing: /home/pc/soomac_ws/install/dongsoo_description/share/dongsoo_description/config/link_inertial.json
[0.590s] -- Installing: /home/pc/soomac_ws/install/dongsoo_description/share/dongsoo_description/config/README.md
[0.590s] -- Installing: /home/pc/soomac_ws/install/dongsoo_description/share/dongsoo_description/config/gravity_dh_param.json
[0.591s] -- Installing: /home/pc/soomac_ws/install/dongsoo_description/share/ament_index/resource_index/package_run_dependencies/dongsoo_description
[0.591s] -- Installing: /home/pc/soomac_ws/install/dongsoo_description/share/ament_index/resource_index/parent_prefix_path/dongsoo_description
[0.591s] -- Installing: /home/pc/soomac_ws/install/dongsoo_description/share/dongsoo_description/environment/ament_prefix_path.sh
[0.591s] -- Installing: /home/pc/soomac_ws/install/dongsoo_description/share/dongsoo_description/environment/ament_prefix_path.dsv
[0.591s] -- Installing: /home/pc/soomac_ws/install/dongsoo_description/share/dongsoo_description/environment/path.sh
[0.591s] -- Installing: /home/pc/soomac_ws/install/dongsoo_description/share/dongsoo_description/environment/path.dsv
[0.591s] -- Installing: /home/pc/soomac_ws/install/dongsoo_description/share/dongsoo_description/local_setup.bash
[0.592s] -- Installing: /home/pc/soomac_ws/install/dongsoo_description/share/dongsoo_description/local_setup.sh
[0.592s] -- Installing: /home/pc/soomac_ws/install/dongsoo_description/share/dongsoo_description/local_setup.zsh
[0.592s] -- Installing: /home/pc/soomac_ws/install/dongsoo_description/share/dongsoo_description/local_setup.dsv
[0.592s] -- Installing: /home/pc/soomac_ws/install/dongsoo_description/share/dongsoo_description/package.dsv
[0.592s] -- Installing: /home/pc/soomac_ws/install/dongsoo_description/share/ament_index/resource_index/packages/dongsoo_description
[0.592s] -- Installing: /home/pc/soomac_ws/install/dongsoo_description/share/dongsoo_description/cmake/dongsoo_descriptionConfig.cmake
[0.592s] -- Installing: /home/pc/soomac_ws/install/dongsoo_description/share/dongsoo_description/cmake/dongsoo_descriptionConfig-version.cmake
[0.592s] -- Installing: /home/pc/soomac_ws/install/dongsoo_description/share/dongsoo_description/package.xml
[0.594s] Invoked command in '/home/pc/soomac_ws/build/dongsoo_description' returned '0': CMAKE_PREFIX_PATH=${CMAKE_PREFIX_PATH}:/home/pc/soomac_ws/install/homework_pkg:/home/pc/soomac_ws/install/finger_test:/home/pc/soomac_ws/install/dx_motor_control:/home/pc/soomac_ws/install/dongsoo_py_pkg:/home/pc/cont_ws/install/torque_test_pkg:/home/pc/cont_ws/install/finger_pkg:/home/pc/cont_ws/install/control_continuum:/home/pc/mg_motor_ws/install/mg_test_pkg:/home/pc/mg_motor_ws/install/mg_motor_test:/home/pc/mg_motor_ws/install/homework_pkg:/home/pc/mg_motor_ws/install/head_moving:/opt/ros/humble /usr/bin/cmake --install /home/pc/soomac_ws/build/dongsoo_description
