[0.668s] Invoking command in '/home/temp_id/ros2_ws/src/vision_node': HISTTIMEFORMAT=20%y/%m/%d %T PS1=\[\e[1;47;30m\][\u@\h:\W]\$\[\e[m\] PYTHONPATH=/home/temp_id/ros2_ws/build/vision_node/prefix_override:/usr/lib/python3/dist-packages/colcon_core/task/python/colcon_distutils_commands:/home/temp_id/ros2_ws/install/vision_node/lib/python3.10/site-packages:${PYTHONPATH} /usr/bin/python3 -W ignore:setup.py install is deprecated -W ignore:easy_install command is deprecated setup.py egg_info --egg-base ../../build/vision_node build --build-base /home/temp_id/ros2_ws/build/vision_node/build install --record /home/temp_id/ros2_ws/build/vision_node/install.log --single-version-externally-managed install_data
[0.848s] running egg_info
[0.848s] writing ../../build/vision_node/vision_node.egg-info/PKG-INFO
[0.848s] writing dependency_links to ../../build/vision_node/vision_node.egg-info/dependency_links.txt
[0.848s] writing entry points to ../../build/vision_node/vision_node.egg-info/entry_points.txt
[0.848s] writing requirements to ../../build/vision_node/vision_node.egg-info/requires.txt
[0.848s] writing top-level names to ../../build/vision_node/vision_node.egg-info/top_level.txt
[0.850s] reading manifest file '../../build/vision_node/vision_node.egg-info/SOURCES.txt'
[0.850s] adding license file 'LICENSE'
[0.850s] writing manifest file '../../build/vision_node/vision_node.egg-info/SOURCES.txt'
[0.850s] running build
[0.850s] running build_py
[0.850s] running install
[0.851s] running install_lib
[0.852s] running install_data
[0.852s] running install_egg_info
[0.853s] removing '/home/temp_id/ros2_ws/install/vision_node/lib/python3.10/site-packages/vision_node-0.0.0-py3.10.egg-info' (and everything under it)
[0.853s] Copying ../../build/vision_node/vision_node.egg-info to /home/temp_id/ros2_ws/install/vision_node/lib/python3.10/site-packages/vision_node-0.0.0-py3.10.egg-info
[0.853s] running install_scripts
[0.867s] Installing vision_node script to /home/temp_id/ros2_ws/install/vision_node/lib/vision_node
[0.867s] writing list of installed files to '/home/temp_id/ros2_ws/build/vision_node/install.log'
[0.890s] Invoked command in '/home/temp_id/ros2_ws/src/vision_node' returned '0': HISTTIMEFORMAT=20%y/%m/%d %T PS1=\[\e[1;47;30m\][\u@\h:\W]\$\[\e[m\] PYTHONPATH=/home/temp_id/ros2_ws/build/vision_node/prefix_override:/usr/lib/python3/dist-packages/colcon_core/task/python/colcon_distutils_commands:/home/temp_id/ros2_ws/install/vision_node/lib/python3.10/site-packages:${PYTHONPATH} /usr/bin/python3 -W ignore:setup.py install is deprecated -W ignore:easy_install command is deprecated setup.py egg_info --egg-base ../../build/vision_node build --build-base /home/temp_id/ros2_ws/build/vision_node/build install --record /home/temp_id/ros2_ws/build/vision_node/install.log --single-version-externally-managed install_data
