[0.134s] Invoking command in '/home/pc/soomac_ws/build/zeus_description': CMAKE_PREFIX_PATH=${CMAKE_PREFIX_PATH}:/home/pc/soomac_ws/install/zeus_vision:/home/pc/soomac_ws/install/zeus_dxl:/home/pc/soomac_ws/install/zeus_controller:/home/pc/cont_ws/install/torque_test_pkg:/home/pc/cont_ws/install/finger_pkg:/home/pc/cont_ws/install/control_continuum:/home/pc/mg_motor_ws/install/mg_test_pkg:/home/pc/mg_motor_ws/install/mg_motor_test:/home/pc/mg_motor_ws/install/homework_pkg:/home/pc/mg_motor_ws/install/head_moving:/opt/ros/humble /usr/bin/cmake --build /home/pc/soomac_ws/build/zeus_description -- -j32 -l32
[0.263s] -- Found ament_cmake: 1.3.12 (/opt/ros/humble/share/ament_cmake/cmake)
[0.263s] -- Override CMake install command with custom implementation using symlinks instead of copying resources
[0.263s] -- Found ament_lint_auto: 0.12.14 (/opt/ros/humble/share/ament_lint_auto/cmake)
[0.263s] -- Added test 'lint_cmake' to check CMake code style
[0.263s] -- Added test 'xmllint' to check XML markup files
[0.263s] -- Configuring done
[0.263s] -- Generating done
[0.263s] -- Build files have been written to: /home/pc/soomac_ws/build/zeus_description
[0.397s] Invoked command in '/home/pc/soomac_ws/build/zeus_description' returned '0': CMAKE_PREFIX_PATH=${CMAKE_PREFIX_PATH}:/home/pc/soomac_ws/install/zeus_vision:/home/pc/soomac_ws/install/zeus_dxl:/home/pc/soomac_ws/install/zeus_controller:/home/pc/cont_ws/install/torque_test_pkg:/home/pc/cont_ws/install/finger_pkg:/home/pc/cont_ws/install/control_continuum:/home/pc/mg_motor_ws/install/mg_test_pkg:/home/pc/mg_motor_ws/install/mg_motor_test:/home/pc/mg_motor_ws/install/homework_pkg:/home/pc/mg_motor_ws/install/head_moving:/opt/ros/humble /usr/bin/cmake --build /home/pc/soomac_ws/build/zeus_description -- -j32 -l32
[0.403s] Invoking command in '/home/pc/soomac_ws/build/zeus_description': CMAKE_PREFIX_PATH=${CMAKE_PREFIX_PATH}:/home/pc/soomac_ws/install/zeus_vision:/home/pc/soomac_ws/install/zeus_dxl:/home/pc/soomac_ws/install/zeus_controller:/home/pc/cont_ws/install/torque_test_pkg:/home/pc/cont_ws/install/finger_pkg:/home/pc/cont_ws/install/control_continuum:/home/pc/mg_motor_ws/install/mg_test_pkg:/home/pc/mg_motor_ws/install/mg_motor_test:/home/pc/mg_motor_ws/install/homework_pkg:/home/pc/mg_motor_ws/install/head_moving:/opt/ros/humble /usr/bin/cmake --install /home/pc/soomac_ws/build/zeus_description
[0.407s] -- Install configuration: ""
[0.407s] -- Execute custom install script
[0.407s] -- Up-to-date symlink: /home/pc/soomac_ws/install/zeus_description/share/zeus_description/config/base_to_camera_dh.json
[0.407s] -- Up-to-date symlink: /home/pc/soomac_ws/install/zeus_description/share/ament_index/resource_index/package_run_dependencies/zeus_description
[0.407s] -- Up-to-date symlink: /home/pc/soomac_ws/install/zeus_description/share/ament_index/resource_index/parent_prefix_path/zeus_description
[0.408s] -- Up-to-date symlink: /home/pc/soomac_ws/install/zeus_description/share/zeus_description/environment/ament_prefix_path.sh
[0.408s] -- Up-to-date symlink: /home/pc/soomac_ws/install/zeus_description/share/zeus_description/environment/ament_prefix_path.dsv
[0.408s] -- Up-to-date symlink: /home/pc/soomac_ws/install/zeus_description/share/zeus_description/environment/path.sh
[0.408s] -- Up-to-date symlink: /home/pc/soomac_ws/install/zeus_description/share/zeus_description/environment/path.dsv
[0.408s] -- Up-to-date symlink: /home/pc/soomac_ws/install/zeus_description/share/zeus_description/local_setup.bash
[0.408s] -- Up-to-date symlink: /home/pc/soomac_ws/install/zeus_description/share/zeus_description/local_setup.sh
[0.408s] -- Up-to-date symlink: /home/pc/soomac_ws/install/zeus_description/share/zeus_description/local_setup.zsh
[0.408s] -- Up-to-date symlink: /home/pc/soomac_ws/install/zeus_description/share/zeus_description/local_setup.dsv
[0.408s] -- Symlinking: /home/pc/soomac_ws/install/zeus_description/share/zeus_description/package.dsv
[0.413s] -- Up-to-date symlink: /home/pc/soomac_ws/install/zeus_description/share/ament_index/resource_index/packages/zeus_description
[0.413s] -- Up-to-date symlink: /home/pc/soomac_ws/install/zeus_description/share/zeus_description/cmake/zeus_descriptionConfig.cmake
[0.413s] -- Up-to-date symlink: /home/pc/soomac_ws/install/zeus_description/share/zeus_description/cmake/zeus_descriptionConfig-version.cmake
[0.413s] -- Up-to-date symlink: /home/pc/soomac_ws/install/zeus_description/share/zeus_description/package.xml
[0.414s] Invoked command in '/home/pc/soomac_ws/build/zeus_description' returned '0': CMAKE_PREFIX_PATH=${CMAKE_PREFIX_PATH}:/home/pc/soomac_ws/install/zeus_vision:/home/pc/soomac_ws/install/zeus_dxl:/home/pc/soomac_ws/install/zeus_controller:/home/pc/cont_ws/install/torque_test_pkg:/home/pc/cont_ws/install/finger_pkg:/home/pc/cont_ws/install/control_continuum:/home/pc/mg_motor_ws/install/mg_test_pkg:/home/pc/mg_motor_ws/install/mg_motor_test:/home/pc/mg_motor_ws/install/homework_pkg:/home/pc/mg_motor_ws/install/head_moving:/opt/ros/humble /usr/bin/cmake --install /home/pc/soomac_ws/build/zeus_description
