[01m[K/home/pc/soomac_ws/src/dongsoo_cpp_pkg/src/chat_motor_connect.cpp:[m[K In member function ‘[01m[Kvoid GravityArmNode::buildPlanFromCurrent()[m[K’:
[01m[K/home/pc/soomac_ws/src/dongsoo_cpp_pkg/src/chat_motor_connect.cpp:336:43:[m[K [01;31m[Kerror: [m[Kno matching function for call to ‘[01m[Kmax(double&, float)[m[K’
  336 |       for(int i=0;i<4;++i) dmax = [01;31m[Kstd::max(dmax, std::fabs(wps[k+1][i]-wps[k][i]))[m[K;
      |                                   [01;31m[K~~~~~~~~^~~~~~~~~~~~~~~~~~~~~~~~~~~~~~~~~~~~~~~~[m[K
In file included from [01m[K/usr/include/c++/11/memory:63[m[K,
                 from [01m[K/home/pc/soomac_ws/src/dongsoo_cpp_pkg/src/chat_motor_connect.cpp:3[m[K:
[01m[K/usr/include/c++/11/bits/stl_algobase.h:254:5:[m[K [01;36m[Knote: [m[Kcandidate: ‘[01m[Ktemplate<class _Tp> constexpr const _Tp& std::max(const _Tp&, const _Tp&)[m[K’
  254 |     [01;36m[Kmax[m[K(const _Tp& __a, const _Tp& __b)
      |     [01;36m[K^~~[m[K
[01m[K/usr/include/c++/11/bits/stl_algobase.h:254:5:[m[K [01;36m[Knote: [m[K  template argument deduction/substitution failed:
[01m[K/home/pc/soomac_ws/src/dongsoo_cpp_pkg/src/chat_motor_connect.cpp:336:43:[m[K [01;36m[Knote: [m[K  deduced conflicting types for parameter ‘[01m[Kconst _Tp[m[K’ (‘[01m[Kdouble[m[K’ and ‘[01m[Kfloat[m[K’)
  336 |       for(int i=0;i<4;++i) dmax = [01;36m[Kstd::max(dmax, std::fabs(wps[k+1][i]-wps[k][i]))[m[K;
      |                                   [01;36m[K~~~~~~~~^~~~~~~~~~~~~~~~~~~~~~~~~~~~~~~~~~~~~~~~[m[K
In file included from [01m[K/usr/include/c++/11/memory:63[m[K,
                 from [01m[K/home/pc/soomac_ws/src/dongsoo_cpp_pkg/src/chat_motor_connect.cpp:3[m[K:
[01m[K/usr/include/c++/11/bits/stl_algobase.h:300:5:[m[K [01;36m[Knote: [m[Kcandidate: ‘[01m[Ktemplate<class _Tp, class _Compare> constexpr const _Tp& std::max(const _Tp&, const _Tp&, _Compare)[m[K’
  300 |     [01;36m[Kmax[m[K(const _Tp& __a, const _Tp& __b, _Compare __comp)
      |     [01;36m[K^~~[m[K
[01m[K/usr/include/c++/11/bits/stl_algobase.h:300:5:[m[K [01;36m[Knote: [m[K  template argument deduction/substitution failed:
[01m[K/home/pc/soomac_ws/src/dongsoo_cpp_pkg/src/chat_motor_connect.cpp:336:43:[m[K [01;36m[Knote: [m[K  deduced conflicting types for parameter ‘[01m[Kconst _Tp[m[K’ (‘[01m[Kdouble[m[K’ and ‘[01m[Kfloat[m[K’)
  336 |       for(int i=0;i<4;++i) dmax = [01;36m[Kstd::max(dmax, std::fabs(wps[k+1][i]-wps[k][i]))[m[K;
      |                                   [01;36m[K~~~~~~~~^~~~~~~~~~~~~~~~~~~~~~~~~~~~~~~~~~~~~~~~[m[K
In file included from [01m[K/usr/include/c++/11/algorithm:62[m[K,
                 from [01m[K/home/pc/soomac_ws/src/dongsoo_cpp_pkg/src/chat_motor_connect.cpp:8[m[K:
[01m[K/usr/include/c++/11/bits/stl_algo.h:3461:5:[m[K [01;36m[Knote: [m[Kcandidate: ‘[01m[Ktemplate<class _Tp> constexpr _Tp std::max(std::initializer_list<_Tp>)[m[K’
 3461 |     [01;36m[Kmax[m[K(initializer_list<_Tp> __l)
      |     [01;36m[K^~~[m[K
[01m[K/usr/include/c++/11/bits/stl_algo.h:3461:5:[m[K [01;36m[Knote: [m[K  template argument deduction/substitution failed:
[01m[K/home/pc/soomac_ws/src/dongsoo_cpp_pkg/src/chat_motor_connect.cpp:336:43:[m[K [01;36m[Knote: [m[K  mismatched types ‘[01m[Kstd::initializer_list<_Tp>[m[K’ and ‘[01m[Kdouble[m[K’
  336 |       for(int i=0;i<4;++i) dmax = [01;36m[Kstd::max(dmax, std::fabs(wps[k+1][i]-wps[k][i]))[m[K;
      |                                   [01;36m[K~~~~~~~~^~~~~~~~~~~~~~~~~~~~~~~~~~~~~~~~~~~~~~~~[m[K
In file included from [01m[K/usr/include/c++/11/algorithm:62[m[K,
                 from [01m[K/home/pc/soomac_ws/src/dongsoo_cpp_pkg/src/chat_motor_connect.cpp:8[m[K:
[01m[K/usr/include/c++/11/bits/stl_algo.h:3467:5:[m[K [01;36m[Knote: [m[Kcandidate: ‘[01m[Ktemplate<class _Tp, class _Compare> constexpr _Tp std::max(std::initializer_list<_Tp>, _Compare)[m[K’
 3467 |     [01;36m[Kmax[m[K(initializer_list<_Tp> __l, _Compare __comp)
      |     [01;36m[K^~~[m[K
[01m[K/usr/include/c++/11/bits/stl_algo.h:3467:5:[m[K [01;36m[Knote: [m[K  template argument deduction/substitution failed:
[01m[K/home/pc/soomac_ws/src/dongsoo_cpp_pkg/src/chat_motor_connect.cpp:336:43:[m[K [01;36m[Knote: [m[K  mismatched types ‘[01m[Kstd::initializer_list<_Tp>[m[K’ and ‘[01m[Kdouble[m[K’
  336 |       for(int i=0;i<4;++i) dmax = [01;36m[Kstd::max(dmax, std::fabs(wps[k+1][i]-wps[k][i]))[m[K;
      |                                   [01;36m[K~~~~~~~~^~~~~~~~~~~~~~~~~~~~~~~~~~~~~~~~~~~~~~~~[m[K
[01m[K/home/pc/soomac_ws/src/dongsoo_cpp_pkg/src/chat_motor_connect.cpp:[m[K In static member function ‘[01m[Kstatic double GravityArmNode::sampleS(const GravityArmNode::Segment&, double, double&)[m[K’:
[01m[K/home/pc/soomac_ws/src/dongsoo_cpp_pkg/src/chat_motor_connect.cpp:409:16:[m[K [01;35m[Kwarning: [m[Kunused variable ‘[01m[Ka[m[K’ [[01;35m[K]8;;https://gcc.gnu.org/onlinedocs/gcc/Warning-Options.html#index-Wunused-variable-Wunused-variable]8;;[m[K]
  409 |         double [01;35m[Ka[m[K = s.a;
      |                [01;35m[K^[m[K
gmake[2]: *** [CMakeFiles/chat_motor_connect.dir/build.make:76: CMakeFiles/chat_motor_connect.dir/src/chat_motor_connect.cpp.o] Error 1
gmake[1]: *** [CMakeFiles/Makefile2:165: CMakeFiles/chat_motor_connect.dir/all] Error 2
gmake: *** [Makefile:146: all] Error 2
