[0.006s] Invoking command in '/home/pc/soomac_ws/build/dongsoo_cpp_pkg': CMAKE_PREFIX_PATH=${CMAKE_PREFIX_PATH}:/home/pc/soomac_ws/install/dongsoo_vision_pkg:/home/pc/soomac_ws/install/dongsoo_py_pkg:/home/pc/cont_ws/install/torque_test_pkg:/home/pc/cont_ws/install/finger_pkg:/home/pc/cont_ws/install/control_continuum:/home/pc/mg_motor_ws/install/mg_test_pkg:/home/pc/mg_motor_ws/install/mg_motor_test:/home/pc/mg_motor_ws/install/homework_pkg:/home/pc/mg_motor_ws/install/head_moving:/opt/ros/humble /usr/bin/cmake --build /home/pc/soomac_ws/build/dongsoo_cpp_pkg -- -j32 -l32
[0.020s] -- Found ament_cmake: 1.3.12 (/opt/ros/humble/share/ament_cmake/cmake)
[0.089s] -- Found rclcpp: 16.0.15 (/opt/ros/humble/share/rclcpp/cmake)
[0.101s] -- Found rosidl_generator_c: 3.1.7 (/opt/ros/humble/share/rosidl_generator_c/cmake)
[0.102s] -- Found rosidl_adapter: 3.1.7 (/opt/ros/humble/share/rosidl_adapter/cmake)
[0.104s] -- Found rosidl_generator_cpp: 3.1.7 (/opt/ros/humble/share/rosidl_generator_cpp/cmake)
[0.108s] -- Using all available rosidl_typesupport_c: rosidl_typesupport_fastrtps_c;rosidl_typesupport_introspection_c
[0.113s] -- Using all available rosidl_typesupport_cpp: rosidl_typesupport_fastrtps_cpp;rosidl_typesupport_introspection_cpp
[0.127s] -- Found rmw_implementation_cmake: 6.1.2 (/opt/ros/humble/share/rmw_implementation_cmake/cmake)
[0.128s] -- Found rmw_fastrtps_cpp: 6.2.8 (/opt/ros/humble/share/rmw_fastrtps_cpp/cmake)
[0.176s] -- Using RMW implementation 'rmw_fastrtps_cpp' as default
[0.198s] -- Found dynamixel_sdk: 3.8.4 (/opt/ros/humble/share/dynamixel_sdk/cmake)
[0.233s] -- Configuring done
[0.238s] -- Generating done
[0.240s] -- Build files have been written to: /home/pc/soomac_ws/build/dongsoo_cpp_pkg
[0.254s] [35m[1mConsolidate compiler generated dependencies of target motor_connect[0m
[0.259s] [ 25%] [32mBuilding CXX object CMakeFiles/chat_motor_connect.dir/src/chat_motor_connect.cpp.o[0m
[0.264s] [ 75%] Built target motor_connect
[1.701s] [01m[K/home/pc/soomac_ws/src/dongsoo_cpp_pkg/src/chat_motor_connect.cpp:[m[K In member function ‘[01m[Kvoid GravityArmNode::buildPlanFromCurrent()[m[K’:
[1.701s] [01m[K/home/pc/soomac_ws/src/dongsoo_cpp_pkg/src/chat_motor_connect.cpp:336:43:[m[K [01;31m[Kerror: [m[Kno matching function for call to ‘[01m[Kmax(double&, float)[m[K’
[1.701s]   336 |       for(int i=0;i<4;++i) dmax = [01;31m[Kstd::max(dmax, std::fabs(wps[k+1][i]-wps[k][i]))[m[K;
[1.701s]       |                                   [01;31m[K~~~~~~~~^~~~~~~~~~~~~~~~~~~~~~~~~~~~~~~~~~~~~~~~[m[K
[1.701s] In file included from [01m[K/usr/include/c++/11/memory:63[m[K,
[1.701s]                  from [01m[K/home/pc/soomac_ws/src/dongsoo_cpp_pkg/src/chat_motor_connect.cpp:3[m[K:
[1.701s] [01m[K/usr/include/c++/11/bits/stl_algobase.h:254:5:[m[K [01;36m[Knote: [m[Kcandidate: ‘[01m[Ktemplate<class _Tp> constexpr const _Tp& std::max(const _Tp&, const _Tp&)[m[K’
[1.701s]   254 |     [01;36m[Kmax[m[K(const _Tp& __a, const _Tp& __b)
[1.701s]       |     [01;36m[K^~~[m[K
[1.701s] [01m[K/usr/include/c++/11/bits/stl_algobase.h:254:5:[m[K [01;36m[Knote: [m[K  template argument deduction/substitution failed:
[1.701s] [01m[K/home/pc/soomac_ws/src/dongsoo_cpp_pkg/src/chat_motor_connect.cpp:336:43:[m[K [01;36m[Knote: [m[K  deduced conflicting types for parameter ‘[01m[Kconst _Tp[m[K’ (‘[01m[Kdouble[m[K’ and ‘[01m[Kfloat[m[K’)
[1.701s]   336 |       for(int i=0;i<4;++i) dmax = [01;36m[Kstd::max(dmax, std::fabs(wps[k+1][i]-wps[k][i]))[m[K;
[1.701s]       |                                   [01;36m[K~~~~~~~~^~~~~~~~~~~~~~~~~~~~~~~~~~~~~~~~~~~~~~~~[m[K
[1.701s] In file included from [01m[K/usr/include/c++/11/memory:63[m[K,
[1.701s]                  from [01m[K/home/pc/soomac_ws/src/dongsoo_cpp_pkg/src/chat_motor_connect.cpp:3[m[K:
[1.701s] [01m[K/usr/include/c++/11/bits/stl_algobase.h:300:5:[m[K [01;36m[Knote: [m[Kcandidate: ‘[01m[Ktemplate<class _Tp, class _Compare> constexpr const _Tp& std::max(const _Tp&, const _Tp&, _Compare)[m[K’
[1.701s]   300 |     [01;36m[Kmax[m[K(const _Tp& __a, const _Tp& __b, _Compare __comp)
[1.701s]       |     [01;36m[K^~~[m[K
[1.701s] [01m[K/usr/include/c++/11/bits/stl_algobase.h:300:5:[m[K [01;36m[Knote: [m[K  template argument deduction/substitution failed:
[1.701s] [01m[K/home/pc/soomac_ws/src/dongsoo_cpp_pkg/src/chat_motor_connect.cpp:336:43:[m[K [01;36m[Knote: [m[K  deduced conflicting types for parameter ‘[01m[Kconst _Tp[m[K’ (‘[01m[Kdouble[m[K’ and ‘[01m[Kfloat[m[K’)
[1.701s]   336 |       for(int i=0;i<4;++i) dmax = [01;36m[Kstd::max(dmax, std::fabs(wps[k+1][i]-wps[k][i]))[m[K;
[1.701s]       |                                   [01;36m[K~~~~~~~~^~~~~~~~~~~~~~~~~~~~~~~~~~~~~~~~~~~~~~~~[m[K
[1.701s] In file included from [01m[K/usr/include/c++/11/algorithm:62[m[K,
[1.701s]                  from [01m[K/home/pc/soomac_ws/src/dongsoo_cpp_pkg/src/chat_motor_connect.cpp:8[m[K:
[1.701s] [01m[K/usr/include/c++/11/bits/stl_algo.h:3461:5:[m[K [01;36m[Knote: [m[Kcandidate: ‘[01m[Ktemplate<class _Tp> constexpr _Tp std::max(std::initializer_list<_Tp>)[m[K’
[1.701s]  3461 |     [01;36m[Kmax[m[K(initializer_list<_Tp> __l)
[1.701s]       |     [01;36m[K^~~[m[K
[1.701s] [01m[K/usr/include/c++/11/bits/stl_algo.h:3461:5:[m[K [01;36m[Knote: [m[K  template argument deduction/substitution failed:
[1.701s] [01m[K/home/pc/soomac_ws/src/dongsoo_cpp_pkg/src/chat_motor_connect.cpp:336:43:[m[K [01;36m[Knote: [m[K  mismatched types ‘[01m[Kstd::initializer_list<_Tp>[m[K’ and ‘[01m[Kdouble[m[K’
[1.701s]   336 |       for(int i=0;i<4;++i) dmax = [01;36m[Kstd::max(dmax, std::fabs(wps[k+1][i]-wps[k][i]))[m[K;
[1.701s]       |                                   [01;36m[K~~~~~~~~^~~~~~~~~~~~~~~~~~~~~~~~~~~~~~~~~~~~~~~~[m[K
[1.701s] In file included from [01m[K/usr/include/c++/11/algorithm:62[m[K,
[1.701s]                  from [01m[K/home/pc/soomac_ws/src/dongsoo_cpp_pkg/src/chat_motor_connect.cpp:8[m[K:
[1.701s] [01m[K/usr/include/c++/11/bits/stl_algo.h:3467:5:[m[K [01;36m[Knote: [m[Kcandidate: ‘[01m[Ktemplate<class _Tp, class _Compare> constexpr _Tp std::max(std::initializer_list<_Tp>, _Compare)[m[K’
[1.701s]  3467 |     [01;36m[Kmax[m[K(initializer_list<_Tp> __l, _Compare __comp)
[1.701s]       |     [01;36m[K^~~[m[K
[1.702s] [01m[K/usr/include/c++/11/bits/stl_algo.h:3467:5:[m[K [01;36m[Knote: [m[K  template argument deduction/substitution failed:
[1.702s] [01m[K/home/pc/soomac_ws/src/dongsoo_cpp_pkg/src/chat_motor_connect.cpp:336:43:[m[K [01;36m[Knote: [m[K  mismatched types ‘[01m[Kstd::initializer_list<_Tp>[m[K’ and ‘[01m[Kdouble[m[K’
[1.702s]   336 |       for(int i=0;i<4;++i) dmax = [01;36m[Kstd::max(dmax, std::fabs(wps[k+1][i]-wps[k][i]))[m[K;
[1.702s]       |                                   [01;36m[K~~~~~~~~^~~~~~~~~~~~~~~~~~~~~~~~~~~~~~~~~~~~~~~~[m[K
[1.702s] [01m[K/home/pc/soomac_ws/src/dongsoo_cpp_pkg/src/chat_motor_connect.cpp:[m[K In static member function ‘[01m[Kstatic double GravityArmNode::sampleS(const GravityArmNode::Segment&, double, double&)[m[K’:
[1.702s] [01m[K/home/pc/soomac_ws/src/dongsoo_cpp_pkg/src/chat_motor_connect.cpp:409:16:[m[K [01;35m[Kwarning: [m[Kunused variable ‘[01m[Ka[m[K’ [[01;35m[K]8;;https://gcc.gnu.org/onlinedocs/gcc/Warning-Options.html#index-Wunused-variable-Wunused-variable]8;;[m[K]
[1.702s]   409 |         double [01;35m[Ka[m[K = s.a;
[1.702s]       |                [01;35m[K^[m[K
[3.220s] gmake[2]: *** [CMakeFiles/chat_motor_connect.dir/build.make:76: CMakeFiles/chat_motor_connect.dir/src/chat_motor_connect.cpp.o] Error 1
[3.220s] gmake[1]: *** [CMakeFiles/Makefile2:165: CMakeFiles/chat_motor_connect.dir/all] Error 2
[3.220s] gmake: *** [Makefile:146: all] Error 2
[3.222s] Invoked command in '/home/pc/soomac_ws/build/dongsoo_cpp_pkg' returned '2': CMAKE_PREFIX_PATH=${CMAKE_PREFIX_PATH}:/home/pc/soomac_ws/install/dongsoo_vision_pkg:/home/pc/soomac_ws/install/dongsoo_py_pkg:/home/pc/cont_ws/install/torque_test_pkg:/home/pc/cont_ws/install/finger_pkg:/home/pc/cont_ws/install/control_continuum:/home/pc/mg_motor_ws/install/mg_test_pkg:/home/pc/mg_motor_ws/install/mg_motor_test:/home/pc/mg_motor_ws/install/homework_pkg:/home/pc/mg_motor_ws/install/head_moving:/opt/ros/humble /usr/bin/cmake --build /home/pc/soomac_ws/build/dongsoo_cpp_pkg -- -j32 -l32
