[0.375s] Invoking command in '/home/pc/soomac_ws/build/homework_pkg': PYTHONPATH=/home/pc/soomac_ws/build/homework_pkg/prefix_override:/usr/lib/python3/dist-packages/colcon_core/task/python/colcon_distutils_commands:/home/pc/soomac_ws/install/homework_pkg/lib/python3.10/site-packages:${PYTHONPATH} /usr/bin/python3 -W ignore:setup.py install is deprecated -W ignore:easy_install command is deprecated setup.py develop --editable --build-directory /home/pc/soomac_ws/build/homework_pkg/build --no-deps symlink_data
[0.493s] running develop
[0.552s] running egg_info
[0.552s] creating homework_pkg.egg-info
[0.552s] writing homework_pkg.egg-info/PKG-INFO
[0.552s] writing dependency_links to homework_pkg.egg-info/dependency_links.txt
[0.552s] writing entry points to homework_pkg.egg-info/entry_points.txt
[0.552s] writing requirements to homework_pkg.egg-info/requires.txt
[0.552s] writing top-level names to homework_pkg.egg-info/top_level.txt
[0.552s] writing manifest file 'homework_pkg.egg-info/SOURCES.txt'
[0.553s] reading manifest file 'homework_pkg.egg-info/SOURCES.txt'
[0.553s] writing manifest file 'homework_pkg.egg-info/SOURCES.txt'
[0.554s] running build_ext
[0.554s] Creating /home/pc/soomac_ws/install/homework_pkg/lib/python3.10/site-packages/homework-pkg.egg-link (link to .)
[0.554s] Installing homework01 script to /home/pc/soomac_ws/install/homework_pkg/lib/homework_pkg
[0.554s] 
[0.554s] Installed /home/pc/soomac_ws/build/homework_pkg
[0.554s] running symlink_data
[0.554s] creating /home/pc/soomac_ws/install/homework_pkg/share/ament_index
[0.554s] creating /home/pc/soomac_ws/install/homework_pkg/share/ament_index/resource_index
[0.554s] creating /home/pc/soomac_ws/install/homework_pkg/share/ament_index/resource_index/packages
[0.554s] symbolically linking /home/pc/soomac_ws/build/homework_pkg/resource/homework_pkg -> /home/pc/soomac_ws/install/homework_pkg/share/ament_index/resource_index/packages
[0.554s] symbolically linking /home/pc/soomac_ws/build/homework_pkg/package.xml -> /home/pc/soomac_ws/install/homework_pkg/share/homework_pkg
[0.566s] Invoked command in '/home/pc/soomac_ws/build/homework_pkg' returned '0': PYTHONPATH=/home/pc/soomac_ws/build/homework_pkg/prefix_override:/usr/lib/python3/dist-packages/colcon_core/task/python/colcon_distutils_commands:/home/pc/soomac_ws/install/homework_pkg/lib/python3.10/site-packages:${PYTHONPATH} /usr/bin/python3 -W ignore:setup.py install is deprecated -W ignore:easy_install command is deprecated setup.py develop --editable --build-directory /home/pc/soomac_ws/build/homework_pkg/build --no-deps symlink_data
