[0.285s] Invoking command in '/home/pc/soomac_ws/build/dongsoo_control_pkg': CMAKE_PREFIX_PATH=/home/pc/soomac_ws/install/dongsoo_interfaces:/home/pc/soomac_ws/install/dongsoo_description:/usr/local PYTHONPATH=/home/pc/soomac_ws/build/dongsoo_control_pkg/prefix_override:/usr/lib/python3/dist-packages/colcon_core/task/python/colcon_distutils_commands:/home/pc/soomac_ws/install/dongsoo_control_pkg/lib/python3.10/site-packages:${PYTHONPATH} /usr/bin/python3 -W ignore:setup.py install is deprecated -W ignore:easy_install command is deprecated setup.py develop --editable --build-directory /home/pc/soomac_ws/build/dongsoo_control_pkg/build --no-deps symlink_data
[0.410s] running develop
[0.482s] running egg_info
[0.482s] creating dongsoo_control_pkg.egg-info
[0.482s] writing dongsoo_control_pkg.egg-info/PKG-INFO
[0.482s] writing dependency_links to dongsoo_control_pkg.egg-info/dependency_links.txt
[0.482s] writing entry points to dongsoo_control_pkg.egg-info/entry_points.txt
[0.482s] writing requirements to dongsoo_control_pkg.egg-info/requires.txt
[0.482s] writing top-level names to dongsoo_control_pkg.egg-info/top_level.txt
[0.482s] writing manifest file 'dongsoo_control_pkg.egg-info/SOURCES.txt'
[0.483s] reading manifest file 'dongsoo_control_pkg.egg-info/SOURCES.txt'
[0.483s] writing manifest file 'dongsoo_control_pkg.egg-info/SOURCES.txt'
[0.484s] running build_ext
[0.484s] Creating /home/pc/soomac_ws/install/dongsoo_control_pkg/lib/python3.10/site-packages/dongsoo-control-pkg.egg-link (link to .)
[0.484s] 
[0.484s] Installed /home/pc/soomac_ws/build/dongsoo_control_pkg
[0.484s] running symlink_data
[0.484s] creating /home/pc/soomac_ws/install/dongsoo_control_pkg/share/ament_index
[0.485s] creating /home/pc/soomac_ws/install/dongsoo_control_pkg/share/ament_index/resource_index
[0.485s] creating /home/pc/soomac_ws/install/dongsoo_control_pkg/share/ament_index/resource_index/packages
[0.485s] symbolically linking /home/pc/soomac_ws/build/dongsoo_control_pkg/resource/dongsoo_control_pkg -> /home/pc/soomac_ws/install/dongsoo_control_pkg/share/ament_index/resource_index/packages
[0.485s] symbolically linking /home/pc/soomac_ws/build/dongsoo_control_pkg/package.xml -> /home/pc/soomac_ws/install/dongsoo_control_pkg/share/dongsoo_control_pkg
[0.498s] Invoked command in '/home/pc/soomac_ws/build/dongsoo_control_pkg' returned '0': CMAKE_PREFIX_PATH=/home/pc/soomac_ws/install/dongsoo_interfaces:/home/pc/soomac_ws/install/dongsoo_description:/usr/local PYTHONPATH=/home/pc/soomac_ws/build/dongsoo_control_pkg/prefix_override:/usr/lib/python3/dist-packages/colcon_core/task/python/colcon_distutils_commands:/home/pc/soomac_ws/install/dongsoo_control_pkg/lib/python3.10/site-packages:${PYTHONPATH} /usr/bin/python3 -W ignore:setup.py install is deprecated -W ignore:easy_install command is deprecated setup.py develop --editable --build-directory /home/pc/soomac_ws/build/dongsoo_control_pkg/build --no-deps symlink_data
