/home/wt/zeus_ws/install/vision_node/lib/python3.10/site-packages/vision_node/tool_detect_pre.py
/home/wt/zeus_ws/install/vision_node/lib/python3.10/site-packages/vision_node/tool_detect_.py
/home/wt/zeus_ws/install/vision_node/lib/python3.10/site-packages/vision_node/tool_detect.py
/home/wt/zeus_ws/install/vision_node/lib/python3.10/site-packages/vision_node/block_detect_node.py
/home/wt/zeus_ws/install/vision_node/lib/python3.10/site-packages/vision_node/__init__.py
/home/wt/zeus_ws/install/vision_node/lib/python3.10/site-packages/vision_node/block_detect.py
/home/wt/zeus_ws/install/vision_node/lib/python3.10/site-packages/vision_node/__pycache__/tool_detect_pre.cpython-310.pyc
/home/wt/zeus_ws/install/vision_node/lib/python3.10/site-packages/vision_node/__pycache__/tool_detect_.cpython-310.pyc
/home/wt/zeus_ws/install/vision_node/lib/python3.10/site-packages/vision_node/__pycache__/tool_detect.cpython-310.pyc
/home/wt/zeus_ws/install/vision_node/lib/python3.10/site-packages/vision_node/__pycache__/block_detect_node.cpython-310.pyc
/home/wt/zeus_ws/install/vision_node/lib/python3.10/site-packages/vision_node/__pycache__/__init__.cpython-310.pyc
/home/wt/zeus_ws/install/vision_node/lib/python3.10/site-packages/vision_node/__pycache__/block_detect.cpython-310.pyc
/home/wt/zeus_ws/install/vision_node/share/ament_index/resource_index/packages/vision_node
/home/wt/zeus_ws/install/vision_node/share/vision_node/package.xml
/home/wt/zeus_ws/install/vision_node/lib/python3.10/site-packages/vision_node-0.0.0-py3.10.egg-info/SOURCES.txt
/home/wt/zeus_ws/install/vision_node/lib/python3.10/site-packages/vision_node-0.0.0-py3.10.egg-info/zip-safe
/home/wt/zeus_ws/install/vision_node/lib/python3.10/site-packages/vision_node-0.0.0-py3.10.egg-info/PKG-INFO
/home/wt/zeus_ws/install/vision_node/lib/python3.10/site-packages/vision_node-0.0.0-py3.10.egg-info/entry_points.txt
/home/wt/zeus_ws/install/vision_node/lib/python3.10/site-packages/vision_node-0.0.0-py3.10.egg-info/requires.txt
/home/wt/zeus_ws/install/vision_node/lib/python3.10/site-packages/vision_node-0.0.0-py3.10.egg-info/top_level.txt
/home/wt/zeus_ws/install/vision_node/lib/python3.10/site-packages/vision_node-0.0.0-py3.10.egg-info/dependency_links.txt
/home/wt/zeus_ws/install/vision_node/lib/vision_node/block_detect
/home/wt/zeus_ws/install/vision_node/lib/vision_node/block_detect_node
/home/wt/zeus_ws/install/vision_node/lib/vision_node/vision_node
