-- Found ament_cmake: 1.3.12 (/opt/ros/humble/share/ament_cmake/cmake)
-- Override CMake install command with custom implementation using symlinks instead of copying resources
-- Found rosidl_default_generators: 1.2.0 (/opt/ros/humble/share/rosidl_default_generators/cmake)
-- Using all available rosidl_typesupport_c: rosidl_typesupport_fastrtps_c;rosidl_typesupport_introspection_c
-- Found rosidl_adapter: 3.1.7 (/opt/ros/humble/share/rosidl_adapter/cmake)
-- Using all available rosidl_typesupport_cpp: rosidl_typesupport_fastrtps_cpp;rosidl_typesupport_introspection_cpp
-- Found ament_cmake_ros: 0.10.0 (/opt/ros/humble/share/ament_cmake_ros/cmake)
-- Using all available rosidl_typesupport_c: rosidl_typesupport_fastrtps_c;rosidl_typesupport_introspection_c
-- Using all available rosidl_typesupport_cpp: rosidl_typesupport_fastrtps_cpp;rosidl_typesupport_introspection_cpp
-- Found python_cmake_module: 0.10.0 (/opt/ros/humble/share/python_cmake_module/cmake)
-- Using PYTHON_EXECUTABLE: /usr/bin/python3
-- Using PYTHON_INCLUDE_DIRS: /usr/include/python3.10
-- Using PYTHON_LIBRARIES: /usr/lib/x86_64-linux-gnu/libpython3.10.so
-- Configuring done
-- Generating done
-- Build files have been written to: /home/pc/soomac_ws/build/zeus_interfaces
[35m[1mConsolidate compiler generated dependencies of target zeus_interfaces__rosidl_generator_c[0m
[  2%] [32mBuilding C object CMakeFiles/zeus_interfaces__rosidl_generator_c.dir/rosidl_generator_c/zeus_interfaces/srv/detail/zeus_executor__functions.c.o[0m
[  2%] Built target ament_cmake_python_symlink_zeus_interfaces
[  5%] Built target zeus_interfaces__cpp
[  7%] [32mBuilding C object CMakeFiles/zeus_interfaces__rosidl_generator_c.dir/rosidl_generator_c/zeus_interfaces/msg/detail/zeus_main_command__functions.c.o[0m
[35m[1mConsolidate compiler generated dependencies of target zeus_interfaces__rosidl_typesupport_cpp[0m
[35m[1mConsolidate compiler generated dependencies of target zeus_interfaces__rosidl_typesupport_fastrtps_cpp[0m
[35m[1mConsolidate compiler generated dependencies of target zeus_interfaces__rosidl_typesupport_introspection_cpp[0m
[ 10%] [32mBuilding CXX object CMakeFiles/zeus_interfaces__rosidl_typesupport_cpp.dir/rosidl_typesupport_cpp/zeus_interfaces/srv/zeus_executor__type_support.cpp.o[0m
[ 12%] [32mBuilding CXX object CMakeFiles/zeus_interfaces__rosidl_typesupport_cpp.dir/rosidl_typesupport_cpp/zeus_interfaces/msg/zeus_main_command__type_support.cpp.o[0m
[ 15%] [32mBuilding CXX object CMakeFiles/zeus_interfaces__rosidl_typesupport_introspection_cpp.dir/rosidl_typesupport_introspection_cpp/zeus_interfaces/srv/detail/zeus_executor__type_support.cpp.o[0m
[ 17%] [32mBuilding CXX object CMakeFiles/zeus_interfaces__rosidl_typesupport_fastrtps_cpp.dir/rosidl_typesupport_fastrtps_cpp/zeus_interfaces/srv/detail/dds_fastrtps/zeus_executor__type_support.cpp.o[0m
[ 20%] [32mBuilding CXX object CMakeFiles/zeus_interfaces__rosidl_typesupport_introspection_cpp.dir/rosidl_typesupport_introspection_cpp/zeus_interfaces/msg/detail/zeus_main_command__type_support.cpp.o[0m
[ 23%] [32mBuilding CXX object CMakeFiles/zeus_interfaces__rosidl_typesupport_fastrtps_cpp.dir/rosidl_typesupport_fastrtps_cpp/zeus_interfaces/msg/detail/dds_fastrtps/zeus_main_command__type_support.cpp.o[0m
[ 25%] [32m[1mLinking C shared library libzeus_interfaces__rosidl_generator_c.so[0m
[ 28%] Built target zeus_interfaces__rosidl_generator_c
[35m[1mConsolidate compiler generated dependencies of target zeus_interfaces__rosidl_typesupport_introspection_c[0m
[35m[1mConsolidate compiler generated dependencies of target zeus_interfaces__rosidl_typesupport_c[0m
[35m[1mConsolidate compiler generated dependencies of target zeus_interfaces__rosidl_typesupport_fastrtps_c[0m
[ 30%] [32mBuilding C object CMakeFiles/zeus_interfaces__rosidl_typesupport_introspection_c.dir/rosidl_typesupport_introspection_c/zeus_interfaces/srv/detail/zeus_executor__type_support.c.o[0m
[ 33%] [32mBuilding C object CMakeFiles/zeus_interfaces__rosidl_typesupport_introspection_c.dir/rosidl_typesupport_introspection_c/zeus_interfaces/msg/detail/zeus_main_command__type_support.c.o[0m
[ 38%] [32mBuilding CXX object CMakeFiles/zeus_interfaces__rosidl_typesupport_c.dir/rosidl_typesupport_c/zeus_interfaces/msg/zeus_main_command__type_support.cpp.o[0m
[ 38%] [32mBuilding CXX object CMakeFiles/zeus_interfaces__rosidl_typesupport_c.dir/rosidl_typesupport_c/zeus_interfaces/srv/zeus_executor__type_support.cpp.o[0m
[ 43%] [32mBuilding CXX object CMakeFiles/zeus_interfaces__rosidl_typesupport_fastrtps_c.dir/rosidl_typesupport_fastrtps_c/zeus_interfaces/srv/detail/zeus_executor__type_support_c.cpp.o[0m
[ 43%] [32mBuilding CXX object CMakeFiles/zeus_interfaces__rosidl_typesupport_fastrtps_c.dir/rosidl_typesupport_fastrtps_c/zeus_interfaces/msg/detail/zeus_main_command__type_support_c.cpp.o[0m
[ 46%] [32m[1mLinking CXX shared library libzeus_interfaces__rosidl_typesupport_c.so[0m
[ 48%] [32m[1mLinking C shared library libzeus_interfaces__rosidl_typesupport_introspection_c.so[0m
[ 51%] [32m[1mLinking CXX shared library libzeus_interfaces__rosidl_typesupport_cpp.so[0m
running egg_info
writing zeus_interfaces.egg-info/PKG-INFO
writing dependency_links to zeus_interfaces.egg-info/dependency_links.txt
writing top-level names to zeus_interfaces.egg-info/top_level.txt
reading manifest file 'zeus_interfaces.egg-info/SOURCES.txt'
writing manifest file 'zeus_interfaces.egg-info/SOURCES.txt'
[ 53%] Built target zeus_interfaces__rosidl_typesupport_c
[ 56%] Built target zeus_interfaces__rosidl_typesupport_introspection_c
[ 56%] Built target ament_cmake_python_build_zeus_interfaces_egg
[ 58%] Built target zeus_interfaces__rosidl_typesupport_cpp
[ 61%] [32m[1mLinking CXX shared library libzeus_interfaces__rosidl_typesupport_introspection_cpp.so[0m
[ 64%] Built target zeus_interfaces__rosidl_typesupport_introspection_cpp
[ 66%] [32m[1mLinking CXX shared library libzeus_interfaces__rosidl_typesupport_fastrtps_cpp.so[0m
[ 69%] [32m[1mLinking CXX shared library libzeus_interfaces__rosidl_typesupport_fastrtps_c.so[0m
[ 71%] Built target zeus_interfaces__rosidl_typesupport_fastrtps_cpp
[ 74%] Built target zeus_interfaces__rosidl_typesupport_fastrtps_c
[ 74%] Built target zeus_interfaces
[ 76%] Built target zeus_interfaces__py
[35m[1mConsolidate compiler generated dependencies of target zeus_interfaces__rosidl_generator_py[0m
[ 79%] [32mBuilding C object CMakeFiles/zeus_interfaces__rosidl_generator_py.dir/rosidl_generator_py/zeus_interfaces/srv/_zeus_executor_s.c.o[0m
[ 82%] [32mBuilding C object CMakeFiles/zeus_interfaces__rosidl_generator_py.dir/rosidl_generator_py/zeus_interfaces/msg/_zeus_main_command_s.c.o[0m
[ 84%] [32m[1mLinking C shared library rosidl_generator_py/zeus_interfaces/libzeus_interfaces__rosidl_generator_py.so[0m
[ 84%] Built target zeus_interfaces__rosidl_generator_py
[35m[1mConsolidate compiler generated dependencies of target zeus_interfaces__rosidl_typesupport_fastrtps_c__pyext[0m
[35m[1mConsolidate compiler generated dependencies of target zeus_interfaces__rosidl_typesupport_introspection_c__pyext[0m
[35m[1mConsolidate compiler generated dependencies of target zeus_interfaces__rosidl_typesupport_c__pyext[0m
[ 87%] [32mBuilding C object CMakeFiles/zeus_interfaces__rosidl_typesupport_fastrtps_c__pyext.dir/rosidl_generator_py/zeus_interfaces/_zeus_interfaces_s.ep.rosidl_typesupport_fastrtps_c.c.o[0m
[ 89%] [32mBuilding C object CMakeFiles/zeus_interfaces__rosidl_typesupport_introspection_c__pyext.dir/rosidl_generator_py/zeus_interfaces/_zeus_interfaces_s.ep.rosidl_typesupport_introspection_c.c.o[0m
[ 92%] [32mBuilding C object CMakeFiles/zeus_interfaces__rosidl_typesupport_c__pyext.dir/rosidl_generator_py/zeus_interfaces/_zeus_interfaces_s.ep.rosidl_typesupport_c.c.o[0m
[ 94%] [32m[1mLinking C shared library rosidl_generator_py/zeus_interfaces/zeus_interfaces_s__rosidl_typesupport_fastrtps_c.cpython-310-x86_64-linux-gnu.so[0m
[100%] [32m[1mLinking C shared library rosidl_generator_py/zeus_interfaces/zeus_interfaces_s__rosidl_typesupport_introspection_c.cpython-310-x86_64-linux-gnu.so[0m
[100%] [32m[1mLinking C shared library rosidl_generator_py/zeus_interfaces/zeus_interfaces_s__rosidl_typesupport_c.cpython-310-x86_64-linux-gnu.so[0m
[100%] Built target zeus_interfaces__rosidl_typesupport_introspection_c__pyext
[100%] Built target zeus_interfaces__rosidl_typesupport_fastrtps_c__pyext
[100%] Built target zeus_interfaces__rosidl_typesupport_c__pyext
-- Install configuration: ""
-- Execute custom install script
-- Up-to-date symlink: /home/pc/soomac_ws/install/zeus_interfaces/share/ament_index/resource_index/rosidl_interfaces/zeus_interfaces
-- Up-to-date symlink: /home/pc/soomac_ws/install/zeus_interfaces/include/zeus_interfaces/zeus_interfaces/msg/detail/zeus_main_command__functions.h
-- Up-to-date symlink: /home/pc/soomac_ws/install/zeus_interfaces/include/zeus_interfaces/zeus_interfaces/msg/detail/zeus_main_command__struct.h
-- Up-to-date symlink: /home/pc/soomac_ws/install/zeus_interfaces/include/zeus_interfaces/zeus_interfaces/msg/detail/zeus_main_command__type_support.h
-- Up-to-date symlink: /home/pc/soomac_ws/install/zeus_interfaces/include/zeus_interfaces/zeus_interfaces/msg/rosidl_generator_c__visibility_control.h
-- Up-to-date symlink: /home/pc/soomac_ws/install/zeus_interfaces/include/zeus_interfaces/zeus_interfaces/msg/zeus_main_command.h
-- Up-to-date symlink: /home/pc/soomac_ws/install/zeus_interfaces/include/zeus_interfaces/zeus_interfaces/srv/detail/zeus_executor__functions.h
-- Up-to-date symlink: /home/pc/soomac_ws/install/zeus_interfaces/include/zeus_interfaces/zeus_interfaces/srv/detail/zeus_executor__struct.h
-- Up-to-date symlink: /home/pc/soomac_ws/install/zeus_interfaces/include/zeus_interfaces/zeus_interfaces/srv/detail/zeus_executor__type_support.h
-- Up-to-date symlink: /home/pc/soomac_ws/install/zeus_interfaces/include/zeus_interfaces/zeus_interfaces/srv/zeus_executor.h
-- Up-to-date symlink: /home/pc/soomac_ws/install/zeus_interfaces/share/zeus_interfaces/environment/library_path.sh
-- Up-to-date symlink: /home/pc/soomac_ws/install/zeus_interfaces/share/zeus_interfaces/environment/library_path.dsv
-- Up-to-date symlink: /home/pc/soomac_ws/install/zeus_interfaces/include/zeus_interfaces/zeus_interfaces/msg/detail/zeus_main_command__rosidl_typesupport_fastrtps_c.h
-- Up-to-date symlink: /home/pc/soomac_ws/install/zeus_interfaces/include/zeus_interfaces/zeus_interfaces/msg/rosidl_typesupport_fastrtps_c__visibility_control.h
-- Up-to-date symlink: /home/pc/soomac_ws/install/zeus_interfaces/include/zeus_interfaces/zeus_interfaces/srv/detail/zeus_executor__rosidl_typesupport_fastrtps_c.h
-- Up-to-date symlink: /home/pc/soomac_ws/install/zeus_interfaces/include/zeus_interfaces/zeus_interfaces/msg/detail/zeus_main_command__rosidl_typesupport_introspection_c.h
-- Up-to-date symlink: /home/pc/soomac_ws/install/zeus_interfaces/include/zeus_interfaces/zeus_interfaces/msg/rosidl_typesupport_introspection_c__visibility_control.h
-- Up-to-date symlink: /home/pc/soomac_ws/install/zeus_interfaces/include/zeus_interfaces/zeus_interfaces/srv/detail/zeus_executor__rosidl_typesupport_introspection_c.h
-- Up-to-date symlink: /home/pc/soomac_ws/install/zeus_interfaces/include/zeus_interfaces/zeus_interfaces/msg/detail/zeus_main_command__builder.hpp
-- Up-to-date symlink: /home/pc/soomac_ws/install/zeus_interfaces/include/zeus_interfaces/zeus_interfaces/msg/detail/zeus_main_command__struct.hpp
-- Up-to-date symlink: /home/pc/soomac_ws/install/zeus_interfaces/include/zeus_interfaces/zeus_interfaces/msg/detail/zeus_main_command__traits.hpp
-- Up-to-date symlink: /home/pc/soomac_ws/install/zeus_interfaces/include/zeus_interfaces/zeus_interfaces/msg/detail/zeus_main_command__type_support.hpp
-- Up-to-date symlink: /home/pc/soomac_ws/install/zeus_interfaces/include/zeus_interfaces/zeus_interfaces/msg/rosidl_generator_cpp__visibility_control.hpp
-- Up-to-date symlink: /home/pc/soomac_ws/install/zeus_interfaces/include/zeus_interfaces/zeus_interfaces/msg/zeus_main_command.hpp
-- Up-to-date symlink: /home/pc/soomac_ws/install/zeus_interfaces/include/zeus_interfaces/zeus_interfaces/srv/detail/zeus_executor__builder.hpp
-- Up-to-date symlink: /home/pc/soomac_ws/install/zeus_interfaces/include/zeus_interfaces/zeus_interfaces/srv/detail/zeus_executor__struct.hpp
-- Up-to-date symlink: /home/pc/soomac_ws/install/zeus_interfaces/include/zeus_interfaces/zeus_interfaces/srv/detail/zeus_executor__traits.hpp
-- Up-to-date symlink: /home/pc/soomac_ws/install/zeus_interfaces/include/zeus_interfaces/zeus_interfaces/srv/detail/zeus_executor__type_support.hpp
-- Up-to-date symlink: /home/pc/soomac_ws/install/zeus_interfaces/include/zeus_interfaces/zeus_interfaces/srv/zeus_executor.hpp
-- Up-to-date symlink: /home/pc/soomac_ws/install/zeus_interfaces/include/zeus_interfaces/zeus_interfaces/msg/detail/zeus_main_command__rosidl_typesupport_fastrtps_cpp.hpp
-- Up-to-date symlink: /home/pc/soomac_ws/install/zeus_interfaces/include/zeus_interfaces/zeus_interfaces/msg/rosidl_typesupport_fastrtps_cpp__visibility_control.h
-- Up-to-date symlink: /home/pc/soomac_ws/install/zeus_interfaces/include/zeus_interfaces/zeus_interfaces/srv/detail/zeus_executor__rosidl_typesupport_fastrtps_cpp.hpp
-- Up-to-date symlink: /home/pc/soomac_ws/install/zeus_interfaces/include/zeus_interfaces/zeus_interfaces/msg/detail/zeus_main_command__rosidl_typesupport_introspection_cpp.hpp
-- Up-to-date symlink: /home/pc/soomac_ws/install/zeus_interfaces/include/zeus_interfaces/zeus_interfaces/srv/detail/zeus_executor__rosidl_typesupport_introspection_cpp.hpp
-- Up-to-date symlink: /home/pc/soomac_ws/install/zeus_interfaces/share/zeus_interfaces/environment/pythonpath.sh
-- Up-to-date symlink: /home/pc/soomac_ws/install/zeus_interfaces/share/zeus_interfaces/environment/pythonpath.dsv
-- Up-to-date symlink: /home/pc/soomac_ws/install/zeus_interfaces/local/lib/python3.10/dist-packages/zeus_interfaces-0.0.0-py3.10.egg-info/PKG-INFO
-- Up-to-date symlink: /home/pc/soomac_ws/install/zeus_interfaces/local/lib/python3.10/dist-packages/zeus_interfaces-0.0.0-py3.10.egg-info/SOURCES.txt
-- Up-to-date symlink: /home/pc/soomac_ws/install/zeus_interfaces/local/lib/python3.10/dist-packages/zeus_interfaces-0.0.0-py3.10.egg-info/dependency_links.txt
-- Up-to-date symlink: /home/pc/soomac_ws/install/zeus_interfaces/local/lib/python3.10/dist-packages/zeus_interfaces-0.0.0-py3.10.egg-info/top_level.txt
-- Up-to-date symlink: /home/pc/soomac_ws/install/zeus_interfaces/local/lib/python3.10/dist-packages/zeus_interfaces/__init__.py
-- Up-to-date symlink: /home/pc/soomac_ws/install/zeus_interfaces/local/lib/python3.10/dist-packages/zeus_interfaces/_zeus_interfaces_s.ep.rosidl_typesupport_c.c
-- Up-to-date symlink: /home/pc/soomac_ws/install/zeus_interfaces/local/lib/python3.10/dist-packages/zeus_interfaces/_zeus_interfaces_s.ep.rosidl_typesupport_fastrtps_c.c
-- Up-to-date symlink: /home/pc/soomac_ws/install/zeus_interfaces/local/lib/python3.10/dist-packages/zeus_interfaces/_zeus_interfaces_s.ep.rosidl_typesupport_introspection_c.c
-- Up-to-date symlink: /home/pc/soomac_ws/install/zeus_interfaces/local/lib/python3.10/dist-packages/zeus_interfaces/libzeus_interfaces__rosidl_generator_py.so
-- Up-to-date symlink: /home/pc/soomac_ws/install/zeus_interfaces/local/lib/python3.10/dist-packages/zeus_interfaces/msg/__init__.py
-- Up-to-date symlink: /home/pc/soomac_ws/install/zeus_interfaces/local/lib/python3.10/dist-packages/zeus_interfaces/msg/_zeus_main_command.py
-- Up-to-date symlink: /home/pc/soomac_ws/install/zeus_interfaces/local/lib/python3.10/dist-packages/zeus_interfaces/msg/_zeus_main_command_s.c
-- Up-to-date symlink: /home/pc/soomac_ws/install/zeus_interfaces/local/lib/python3.10/dist-packages/zeus_interfaces/srv/__init__.py
-- Up-to-date symlink: /home/pc/soomac_ws/install/zeus_interfaces/local/lib/python3.10/dist-packages/zeus_interfaces/srv/_zeus_executor.py
-- Up-to-date symlink: /home/pc/soomac_ws/install/zeus_interfaces/local/lib/python3.10/dist-packages/zeus_interfaces/srv/_zeus_executor_s.c
-- Up-to-date symlink: /home/pc/soomac_ws/install/zeus_interfaces/local/lib/python3.10/dist-packages/zeus_interfaces/zeus_interfaces_s__rosidl_typesupport_c.cpython-310-x86_64-linux-gnu.so
-- Up-to-date symlink: /home/pc/soomac_ws/install/zeus_interfaces/local/lib/python3.10/dist-packages/zeus_interfaces/zeus_interfaces_s__rosidl_typesupport_fastrtps_c.cpython-310-x86_64-linux-gnu.so
-- Up-to-date symlink: /home/pc/soomac_ws/install/zeus_interfaces/local/lib/python3.10/dist-packages/zeus_interfaces/zeus_interfaces_s__rosidl_typesupport_introspection_c.cpython-310-x86_64-linux-gnu.so
-- Up-to-date symlink: /home/pc/soomac_ws/install/zeus_interfaces/local/lib/python3.10/dist-packages/zeus_interfaces/zeus_interfaces_s__rosidl_typesupport_fastrtps_c.cpython-310-x86_64-linux-gnu.so
-- Up-to-date symlink: /home/pc/soomac_ws/install/zeus_interfaces/local/lib/python3.10/dist-packages/zeus_interfaces/zeus_interfaces_s__rosidl_typesupport_introspection_c.cpython-310-x86_64-linux-gnu.so
-- Up-to-date symlink: /home/pc/soomac_ws/install/zeus_interfaces/local/lib/python3.10/dist-packages/zeus_interfaces/zeus_interfaces_s__rosidl_typesupport_c.cpython-310-x86_64-linux-gnu.so
-- Up-to-date symlink: /home/pc/soomac_ws/install/zeus_interfaces/share/zeus_interfaces/srv/ZeusExecutor.idl
-- Up-to-date symlink: /home/pc/soomac_ws/install/zeus_interfaces/share/zeus_interfaces/msg/ZeusMainCommand.idl
-- Up-to-date symlink: /home/pc/soomac_ws/install/zeus_interfaces/share/zeus_interfaces/srv/ZeusExecutor.srv
-- Up-to-date symlink: /home/pc/soomac_ws/install/zeus_interfaces/share/zeus_interfaces/srv/ZeusExecutor_Request.msg
-- Up-to-date symlink: /home/pc/soomac_ws/install/zeus_interfaces/share/zeus_interfaces/srv/ZeusExecutor_Response.msg
-- Up-to-date symlink: /home/pc/soomac_ws/install/zeus_interfaces/share/zeus_interfaces/msg/ZeusMainCommand.msg
-- Up-to-date symlink: /home/pc/soomac_ws/install/zeus_interfaces/share/ament_index/resource_index/package_run_dependencies/zeus_interfaces
-- Up-to-date symlink: /home/pc/soomac_ws/install/zeus_interfaces/share/ament_index/resource_index/parent_prefix_path/zeus_interfaces
-- Up-to-date symlink: /home/pc/soomac_ws/install/zeus_interfaces/share/zeus_interfaces/environment/ament_prefix_path.sh
-- Up-to-date symlink: /home/pc/soomac_ws/install/zeus_interfaces/share/zeus_interfaces/environment/ament_prefix_path.dsv
-- Up-to-date symlink: /home/pc/soomac_ws/install/zeus_interfaces/share/zeus_interfaces/environment/path.sh
-- Up-to-date symlink: /home/pc/soomac_ws/install/zeus_interfaces/share/zeus_interfaces/environment/path.dsv
-- Up-to-date symlink: /home/pc/soomac_ws/install/zeus_interfaces/share/zeus_interfaces/local_setup.bash
-- Up-to-date symlink: /home/pc/soomac_ws/install/zeus_interfaces/share/zeus_interfaces/local_setup.sh
-- Up-to-date symlink: /home/pc/soomac_ws/install/zeus_interfaces/share/zeus_interfaces/local_setup.zsh
-- Up-to-date symlink: /home/pc/soomac_ws/install/zeus_interfaces/share/zeus_interfaces/local_setup.dsv
-- Symlinking: /home/pc/soomac_ws/install/zeus_interfaces/share/zeus_interfaces/package.dsv
-- Up-to-date symlink: /home/pc/soomac_ws/install/zeus_interfaces/share/ament_index/resource_index/packages/zeus_interfaces
-- Up-to-date symlink: /home/pc/soomac_ws/install/zeus_interfaces/share/zeus_interfaces/cmake/rosidl_cmake-extras.cmake
-- Up-to-date symlink: /home/pc/soomac_ws/install/zeus_interfaces/share/zeus_interfaces/cmake/ament_cmake_export_include_directories-extras.cmake
-- Up-to-date symlink: /home/pc/soomac_ws/install/zeus_interfaces/share/zeus_interfaces/cmake/ament_cmake_export_libraries-extras.cmake
-- Up-to-date symlink: /home/pc/soomac_ws/install/zeus_interfaces/share/zeus_interfaces/cmake/ament_cmake_export_targets-extras.cmake
-- Up-to-date symlink: /home/pc/soomac_ws/install/zeus_interfaces/share/zeus_interfaces/cmake/rosidl_cmake_export_typesupport_targets-extras.cmake
-- Up-to-date symlink: /home/pc/soomac_ws/install/zeus_interfaces/share/zeus_interfaces/cmake/ament_cmake_export_dependencies-extras.cmake
-- Up-to-date symlink: /home/pc/soomac_ws/install/zeus_interfaces/share/zeus_interfaces/cmake/rosidl_cmake_export_typesupport_libraries-extras.cmake
-- Up-to-date symlink: /home/pc/soomac_ws/install/zeus_interfaces/share/zeus_interfaces/cmake/zeus_interfacesConfig.cmake
-- Up-to-date symlink: /home/pc/soomac_ws/install/zeus_interfaces/share/zeus_interfaces/cmake/zeus_interfacesConfig-version.cmake
-- Up-to-date symlink: /home/pc/soomac_ws/install/zeus_interfaces/share/zeus_interfaces/package.xml
-- Installing: /home/pc/soomac_ws/install/zeus_interfaces/lib/libzeus_interfaces__rosidl_generator_c.so
-- Set runtime path of "/home/pc/soomac_ws/install/zeus_interfaces/lib/libzeus_interfaces__rosidl_generator_c.so" to ""
-- Installing: /home/pc/soomac_ws/install/zeus_interfaces/lib/libzeus_interfaces__rosidl_typesupport_fastrtps_c.so
-- Set runtime path of "/home/pc/soomac_ws/install/zeus_interfaces/lib/libzeus_interfaces__rosidl_typesupport_fastrtps_c.so" to ""
-- Installing: /home/pc/soomac_ws/install/zeus_interfaces/lib/libzeus_interfaces__rosidl_typesupport_introspection_c.so
-- Set runtime path of "/home/pc/soomac_ws/install/zeus_interfaces/lib/libzeus_interfaces__rosidl_typesupport_introspection_c.so" to ""
-- Installing: /home/pc/soomac_ws/install/zeus_interfaces/lib/libzeus_interfaces__rosidl_typesupport_c.so
-- Set runtime path of "/home/pc/soomac_ws/install/zeus_interfaces/lib/libzeus_interfaces__rosidl_typesupport_c.so" to ""
-- Installing: /home/pc/soomac_ws/install/zeus_interfaces/lib/libzeus_interfaces__rosidl_typesupport_fastrtps_cpp.so
-- Set runtime path of "/home/pc/soomac_ws/install/zeus_interfaces/lib/libzeus_interfaces__rosidl_typesupport_fastrtps_cpp.so" to ""
-- Installing: /home/pc/soomac_ws/install/zeus_interfaces/lib/libzeus_interfaces__rosidl_typesupport_introspection_cpp.so
-- Set runtime path of "/home/pc/soomac_ws/install/zeus_interfaces/lib/libzeus_interfaces__rosidl_typesupport_introspection_cpp.so" to ""
-- Installing: /home/pc/soomac_ws/install/zeus_interfaces/lib/libzeus_interfaces__rosidl_typesupport_cpp.so
-- Set runtime path of "/home/pc/soomac_ws/install/zeus_interfaces/lib/libzeus_interfaces__rosidl_typesupport_cpp.so" to ""
Listing '/home/pc/soomac_ws/install/zeus_interfaces/local/lib/python3.10/dist-packages/zeus_interfaces'...
Compiling '/home/pc/soomac_ws/install/zeus_interfaces/local/lib/python3.10/dist-packages/zeus_interfaces/__init__.py'...
Listing '/home/pc/soomac_ws/install/zeus_interfaces/local/lib/python3.10/dist-packages/zeus_interfaces/msg'...
Compiling '/home/pc/soomac_ws/install/zeus_interfaces/local/lib/python3.10/dist-packages/zeus_interfaces/msg/__init__.py'...
Compiling '/home/pc/soomac_ws/install/zeus_interfaces/local/lib/python3.10/dist-packages/zeus_interfaces/msg/_zeus_main_command.py'...
Listing '/home/pc/soomac_ws/install/zeus_interfaces/local/lib/python3.10/dist-packages/zeus_interfaces/srv'...
-- Installing: /home/pc/soomac_ws/install/zeus_interfaces/lib/libzeus_interfaces__rosidl_generator_py.so
-- Set runtime path of "/home/pc/soomac_ws/install/zeus_interfaces/lib/libzeus_interfaces__rosidl_generator_py.so" to ""
-- Up-to-date: /home/pc/soomac_ws/install/zeus_interfaces/share/zeus_interfaces/cmake/export_zeus_interfaces__rosidl_generator_cExport.cmake
-- Up-to-date: /home/pc/soomac_ws/install/zeus_interfaces/share/zeus_interfaces/cmake/export_zeus_interfaces__rosidl_generator_cExport-noconfig.cmake
-- Up-to-date: /home/pc/soomac_ws/install/zeus_interfaces/share/zeus_interfaces/cmake/export_zeus_interfaces__rosidl_typesupport_fastrtps_cExport.cmake
-- Up-to-date: /home/pc/soomac_ws/install/zeus_interfaces/share/zeus_interfaces/cmake/export_zeus_interfaces__rosidl_typesupport_fastrtps_cExport-noconfig.cmake
-- Up-to-date: /home/pc/soomac_ws/install/zeus_interfaces/share/zeus_interfaces/cmake/zeus_interfaces__rosidl_typesupport_introspection_cExport.cmake
-- Up-to-date: /home/pc/soomac_ws/install/zeus_interfaces/share/zeus_interfaces/cmake/zeus_interfaces__rosidl_typesupport_introspection_cExport-noconfig.cmake
-- Up-to-date: /home/pc/soomac_ws/install/zeus_interfaces/share/zeus_interfaces/cmake/zeus_interfaces__rosidl_typesupport_cExport.cmake
-- Up-to-date: /home/pc/soomac_ws/install/zeus_interfaces/share/zeus_interfaces/cmake/zeus_interfaces__rosidl_typesupport_cExport-noconfig.cmake
-- Up-to-date: /home/pc/soomac_ws/install/zeus_interfaces/share/zeus_interfaces/cmake/export_zeus_interfaces__rosidl_generator_cppExport.cmake
-- Up-to-date: /home/pc/soomac_ws/install/zeus_interfaces/share/zeus_interfaces/cmake/export_zeus_interfaces__rosidl_typesupport_fastrtps_cppExport.cmake
-- Up-to-date: /home/pc/soomac_ws/install/zeus_interfaces/share/zeus_interfaces/cmake/export_zeus_interfaces__rosidl_typesupport_fastrtps_cppExport-noconfig.cmake
-- Up-to-date: /home/pc/soomac_ws/install/zeus_interfaces/share/zeus_interfaces/cmake/zeus_interfaces__rosidl_typesupport_introspection_cppExport.cmake
-- Up-to-date: /home/pc/soomac_ws/install/zeus_interfaces/share/zeus_interfaces/cmake/zeus_interfaces__rosidl_typesupport_introspection_cppExport-noconfig.cmake
-- Up-to-date: /home/pc/soomac_ws/install/zeus_interfaces/share/zeus_interfaces/cmake/zeus_interfaces__rosidl_typesupport_cppExport.cmake
-- Up-to-date: /home/pc/soomac_ws/install/zeus_interfaces/share/zeus_interfaces/cmake/zeus_interfaces__rosidl_typesupport_cppExport-noconfig.cmake
-- Up-to-date: /home/pc/soomac_ws/install/zeus_interfaces/share/zeus_interfaces/cmake/export_zeus_interfaces__rosidl_generator_pyExport.cmake
-- Up-to-date: /home/pc/soomac_ws/install/zeus_interfaces/share/zeus_interfaces/cmake/export_zeus_interfaces__rosidl_generator_pyExport-noconfig.cmake
