[0.749s] Invoking command in '/home/temp_id/ros2_ws/src/llm_node': HISTTIMEFORMAT=20%y/%m/%d %T PS1=\[\e[1;47;30m\][\u@\h:\W]\$\[\e[m\] PYTHONPATH=/home/temp_id/ros2_ws/build/llm_node/prefix_override:/usr/lib/python3/dist-packages/colcon_core/task/python/colcon_distutils_commands:/home/temp_id/ros2_ws/install/llm_node/lib/python3.10/site-packages:${PYTHONPATH} /usr/bin/python3 -W ignore:setup.py install is deprecated -W ignore:easy_install command is deprecated setup.py egg_info --egg-base ../../build/llm_node build --build-base /home/temp_id/ros2_ws/build/llm_node/build install --record /home/temp_id/ros2_ws/build/llm_node/install.log --single-version-externally-managed install_data
[0.948s] running egg_info
[0.949s] writing ../../build/llm_node/llm_node.egg-info/PKG-INFO
[0.949s] writing dependency_links to ../../build/llm_node/llm_node.egg-info/dependency_links.txt
[0.949s] writing entry points to ../../build/llm_node/llm_node.egg-info/entry_points.txt
[0.949s] writing requirements to ../../build/llm_node/llm_node.egg-info/requires.txt
[0.949s] writing top-level names to ../../build/llm_node/llm_node.egg-info/top_level.txt
[0.951s] reading manifest file '../../build/llm_node/llm_node.egg-info/SOURCES.txt'
[0.951s] writing manifest file '../../build/llm_node/llm_node.egg-info/SOURCES.txt'
[0.951s] running build
[0.951s] running build_py
[0.951s] running install
[0.952s] running install_lib
[0.953s] running install_data
[0.953s] running install_egg_info
[0.954s] removing '/home/temp_id/ros2_ws/install/llm_node/lib/python3.10/site-packages/llm_node-0.0.0-py3.10.egg-info' (and everything under it)
[0.954s] Copying ../../build/llm_node/llm_node.egg-info to /home/temp_id/ros2_ws/install/llm_node/lib/python3.10/site-packages/llm_node-0.0.0-py3.10.egg-info
[0.955s] running install_scripts
[0.971s] Installing ros2_chat_node script to /home/temp_id/ros2_ws/install/llm_node/lib/llm_node
[0.971s] writing list of installed files to '/home/temp_id/ros2_ws/build/llm_node/install.log'
[1.011s] Invoked command in '/home/temp_id/ros2_ws/src/llm_node' returned '0': HISTTIMEFORMAT=20%y/%m/%d %T PS1=\[\e[1;47;30m\][\u@\h:\W]\$\[\e[m\] PYTHONPATH=/home/temp_id/ros2_ws/build/llm_node/prefix_override:/usr/lib/python3/dist-packages/colcon_core/task/python/colcon_distutils_commands:/home/temp_id/ros2_ws/install/llm_node/lib/python3.10/site-packages:${PYTHONPATH} /usr/bin/python3 -W ignore:setup.py install is deprecated -W ignore:easy_install command is deprecated setup.py egg_info --egg-base ../../build/llm_node build --build-base /home/temp_id/ros2_ws/build/llm_node/build install --record /home/temp_id/ros2_ws/build/llm_node/install.log --single-version-externally-managed install_data
