/home/pc/soomac_ws/src/dongsoo_cpp_pkg/src/motor_connect.cpp: In member function ‘void TestDxlCurrentNode::readAndPublish()’:
/home/pc/soomac_ws/src/dongsoo_cpp_pkg/src/motor_connect.cpp:567:28: error: no matching function for call to ‘clamp(double, float, float)’
  567 |       v_set[i] = std::clamp(v_set[i] + a_cmd * dt_use, -VMAX, +VMAX);
      |                  ~~~~~~~~~~^~~~~~~~~~~~~~~~~~~~~~~~~~~~~~~~~~~~~~~~~
In file included from /usr/include/c++/11/algorithm:62,
                 from /home/pc/soomac_ws/src/dongsoo_cpp_pkg/src/motor_connect.cpp:15:
/usr/include/c++/11/bits/stl_algo.h:3656:5: note: candidate: ‘template<class _Tp> constexpr const _Tp& std::clamp(const _Tp&, const _Tp&, const _Tp&)’
 3656 |     clamp(const _Tp& __val, const _Tp& __lo, const _Tp& __hi)
      |     ^~~~~
/usr/include/c++/11/bits/stl_algo.h:3656:5: note:   template argument deduction/substitution failed:
/home/pc/soomac_ws/src/dongsoo_cpp_pkg/src/motor_connect.cpp:567:28: note:   deduced conflicting types for parameter ‘const _Tp’ (‘double’ and ‘float’)
  567 |       v_set[i] = std::clamp(v_set[i] + a_cmd * dt_use, -VMAX, +VMAX);
      |                  ~~~~~~~~~~^~~~~~~~~~~~~~~~~~~~~~~~~~~~~~~~~~~~~~~~~
In file included from /usr/include/c++/11/algorithm:62,
                 from /home/pc/soomac_ws/src/dongsoo_cpp_pkg/src/motor_connect.cpp:15:
/usr/include/c++/11/bits/stl_algo.h:3674:5: note: candidate: ‘template<class _Tp, class _Compare> constexpr const _Tp& std::clamp(const _Tp&, const _Tp&, const _Tp&, _Compare)’
 3674 |     clamp(const _Tp& __val, const _Tp& __lo, const _Tp& __hi, _Compare __comp)
      |     ^~~~~
/usr/include/c++/11/bits/stl_algo.h:3674:5: note:   template argument deduction/substitution failed:
/home/pc/soomac_ws/src/dongsoo_cpp_pkg/src/motor_connect.cpp:567:28: note:   deduced conflicting types for parameter ‘const _Tp’ (‘double’ and ‘float’)
  567 |       v_set[i] = std::clamp(v_set[i] + a_cmd * dt_use, -VMAX, +VMAX);
      |                  ~~~~~~~~~~^~~~~~~~~~~~~~~~~~~~~~~~~~~~~~~~~~~~~~~~~
/home/pc/soomac_ws/src/dongsoo_cpp_pkg/src/motor_connect.cpp:675:42: error: no matching function for call to ‘clamp(double, float, float)’
  675 |           integral_error_[i] = std::clamp(integral_error_[i] + pos_err * dt_use,
      |                                ~~~~~~~~~~^~~~~~~~~~~~~~~~~~~~~~~~~~~~~~~~~~~~~~~
  676 |                                           -MAX_INTEGRAL_ERROR, +MAX_INTEGRAL_ERROR);
      |                                           ~~~~~~~~~~~~~~~~~~~~~~~~~~~~~~~~~~~~~~~~~
In file included from /usr/include/c++/11/algorithm:62,
                 from /home/pc/soomac_ws/src/dongsoo_cpp_pkg/src/motor_connect.cpp:15:
/usr/include/c++/11/bits/stl_algo.h:3656:5: note: candidate: ‘template<class _Tp> constexpr const _Tp& std::clamp(const _Tp&, const _Tp&, const _Tp&)’
 3656 |     clamp(const _Tp& __val, const _Tp& __lo, const _Tp& __hi)
      |     ^~~~~
/usr/include/c++/11/bits/stl_algo.h:3656:5: note:   template argument deduction/substitution failed:
/home/pc/soomac_ws/src/dongsoo_cpp_pkg/src/motor_connect.cpp:675:42: note:   deduced conflicting types for parameter ‘const _Tp’ (‘double’ and ‘float’)
  675 |           integral_error_[i] = std::clamp(integral_error_[i] + pos_err * dt_use,
      |                                ~~~~~~~~~~^~~~~~~~~~~~~~~~~~~~~~~~~~~~~~~~~~~~~~~
  676 |                                           -MAX_INTEGRAL_ERROR, +MAX_INTEGRAL_ERROR);
      |                                           ~~~~~~~~~~~~~~~~~~~~~~~~~~~~~~~~~~~~~~~~~
In file included from /usr/include/c++/11/algorithm:62,
                 from /home/pc/soomac_ws/src/dongsoo_cpp_pkg/src/motor_connect.cpp:15:
/usr/include/c++/11/bits/stl_algo.h:3674:5: note: candidate: ‘template<class _Tp, class _Compare> constexpr const _Tp& std::clamp(const _Tp&, const _Tp&, const _Tp&, _Compare)’
 3674 |     clamp(const _Tp& __val, const _Tp& __lo, const _Tp& __hi, _Compare __comp)
      |     ^~~~~
/usr/include/c++/11/bits/stl_algo.h:3674:5: note:   template argument deduction/substitution failed:
/home/pc/soomac_ws/src/dongsoo_cpp_pkg/src/motor_connect.cpp:675:42: note:   deduced conflicting types for parameter ‘const _Tp’ (‘double’ and ‘float’)
  675 |           integral_error_[i] = std::clamp(integral_error_[i] + pos_err * dt_use,
      |                                ~~~~~~~~~~^~~~~~~~~~~~~~~~~~~~~~~~~~~~~~~~~~~~~~~
  676 |                                           -MAX_INTEGRAL_ERROR, +MAX_INTEGRAL_ERROR);
      |                                           ~~~~~~~~~~~~~~~~~~~~~~~~~~~~~~~~~~~~~~~~~
/home/pc/soomac_ws/src/dongsoo_cpp_pkg/src/motor_connect.cpp:655:13: warning: unused variable ‘pre_sat_cmd’ [-Wunused-variable]
  655 |       float pre_sat_cmd = pid_raw + ff_raw;
      |             ^~~~~~~~~~~
/home/pc/soomac_ws/src/dongsoo_cpp_pkg/src/motor_connect.cpp:670:13: warning: unused variable ‘u_sat’ [-Wunused-variable]
  670 |       float u_sat = std::clamp(u_unsat, -limit, +limit);
      |             ^~~~~
gmake[2]: *** [CMakeFiles/motor_connect.dir/build.make:76: CMakeFiles/motor_connect.dir/src/motor_connect.cpp.o] Error 1
gmake[1]: *** [CMakeFiles/Makefile2:137: CMakeFiles/motor_connect.dir/all] Error 2
gmake: *** [Makefile:146: all] Error 2
