-- Found ament_cmake: 1.3.12 (/opt/ros/humble/share/ament_cmake/cmake)
-- Found rclcpp: 16.0.15 (/opt/ros/humble/share/rclcpp/cmake)
-- Found rosidl_generator_c: 3.1.7 (/opt/ros/humble/share/rosidl_generator_c/cmake)
-- Found rosidl_adapter: 3.1.7 (/opt/ros/humble/share/rosidl_adapter/cmake)
-- Found rosidl_generator_cpp: 3.1.7 (/opt/ros/humble/share/rosidl_generator_cpp/cmake)
-- Using all available rosidl_typesupport_c: rosidl_typesupport_fastrtps_c;rosidl_typesupport_introspection_c
-- Using all available rosidl_typesupport_cpp: rosidl_typesupport_fastrtps_cpp;rosidl_typesupport_introspection_cpp
-- Found rmw_implementation_cmake: 6.1.2 (/opt/ros/humble/share/rmw_implementation_cmake/cmake)
-- Found rmw_fastrtps_cpp: 6.2.8 (/opt/ros/humble/share/rmw_fastrtps_cpp/cmake)
-- Using RMW implementation 'rmw_fastrtps_cpp' as default
-- Found dynamixel_sdk: 3.8.4 (/opt/ros/humble/share/dynamixel_sdk/cmake)
-- Configuring done
-- Generating done
-- Build files have been written to: /home/pc/soomac_ws/build/dongsoo_cpp_pkg
Consolidate compiler generated dependencies of target motor_connect
[ 50%] Building CXX object CMakeFiles/motor_connect.dir/src/motor_connect.cpp.o
/home/pc/soomac_ws/src/dongsoo_cpp_pkg/src/motor_connect.cpp: In member function ‘void TestDxlCurrentNode::readAndPublish()’:
/home/pc/soomac_ws/src/dongsoo_cpp_pkg/src/motor_connect.cpp:567:28: error: no matching function for call to ‘clamp(double, float, float)’
  567 |       v_set[i] = std::clamp(v_set[i] + a_cmd * dt_use, -VMAX, +VMAX);
      |                  ~~~~~~~~~~^~~~~~~~~~~~~~~~~~~~~~~~~~~~~~~~~~~~~~~~~
In file included from /usr/include/c++/11/algorithm:62,
                 from /home/pc/soomac_ws/src/dongsoo_cpp_pkg/src/motor_connect.cpp:15:
/usr/include/c++/11/bits/stl_algo.h:3656:5: note: candidate: ‘template<class _Tp> constexpr const _Tp& std::clamp(const _Tp&, const _Tp&, const _Tp&)’
 3656 |     clamp(const _Tp& __val, const _Tp& __lo, const _Tp& __hi)
      |     ^~~~~
/usr/include/c++/11/bits/stl_algo.h:3656:5: note:   template argument deduction/substitution failed:
/home/pc/soomac_ws/src/dongsoo_cpp_pkg/src/motor_connect.cpp:567:28: note:   deduced conflicting types for parameter ‘const _Tp’ (‘double’ and ‘float’)
  567 |       v_set[i] = std::clamp(v_set[i] + a_cmd * dt_use, -VMAX, +VMAX);
      |                  ~~~~~~~~~~^~~~~~~~~~~~~~~~~~~~~~~~~~~~~~~~~~~~~~~~~
In file included from /usr/include/c++/11/algorithm:62,
                 from /home/pc/soomac_ws/src/dongsoo_cpp_pkg/src/motor_connect.cpp:15:
/usr/include/c++/11/bits/stl_algo.h:3674:5: note: candidate: ‘template<class _Tp, class _Compare> constexpr const _Tp& std::clamp(const _Tp&, const _Tp&, const _Tp&, _Compare)’
 3674 |     clamp(const _Tp& __val, const _Tp& __lo, const _Tp& __hi, _Compare __comp)
      |     ^~~~~
/usr/include/c++/11/bits/stl_algo.h:3674:5: note:   template argument deduction/substitution failed:
/home/pc/soomac_ws/src/dongsoo_cpp_pkg/src/motor_connect.cpp:567:28: note:   deduced conflicting types for parameter ‘const _Tp’ (‘double’ and ‘float’)
  567 |       v_set[i] = std::clamp(v_set[i] + a_cmd * dt_use, -VMAX, +VMAX);
      |                  ~~~~~~~~~~^~~~~~~~~~~~~~~~~~~~~~~~~~~~~~~~~~~~~~~~~
/home/pc/soomac_ws/src/dongsoo_cpp_pkg/src/motor_connect.cpp:675:42: error: no matching function for call to ‘clamp(double, float, float)’
  675 |           integral_error_[i] = std::clamp(integral_error_[i] + pos_err * dt_use,
      |                                ~~~~~~~~~~^~~~~~~~~~~~~~~~~~~~~~~~~~~~~~~~~~~~~~~
  676 |                                           -MAX_INTEGRAL_ERROR, +MAX_INTEGRAL_ERROR);
      |                                           ~~~~~~~~~~~~~~~~~~~~~~~~~~~~~~~~~~~~~~~~~
In file included from /usr/include/c++/11/algorithm:62,
                 from /home/pc/soomac_ws/src/dongsoo_cpp_pkg/src/motor_connect.cpp:15:
/usr/include/c++/11/bits/stl_algo.h:3656:5: note: candidate: ‘template<class _Tp> constexpr const _Tp& std::clamp(const _Tp&, const _Tp&, const _Tp&)’
 3656 |     clamp(const _Tp& __val, const _Tp& __lo, const _Tp& __hi)
      |     ^~~~~
/usr/include/c++/11/bits/stl_algo.h:3656:5: note:   template argument deduction/substitution failed:
/home/pc/soomac_ws/src/dongsoo_cpp_pkg/src/motor_connect.cpp:675:42: note:   deduced conflicting types for parameter ‘const _Tp’ (‘double’ and ‘float’)
  675 |           integral_error_[i] = std::clamp(integral_error_[i] + pos_err * dt_use,
      |                                ~~~~~~~~~~^~~~~~~~~~~~~~~~~~~~~~~~~~~~~~~~~~~~~~~
  676 |                                           -MAX_INTEGRAL_ERROR, +MAX_INTEGRAL_ERROR);
      |                                           ~~~~~~~~~~~~~~~~~~~~~~~~~~~~~~~~~~~~~~~~~
In file included from /usr/include/c++/11/algorithm:62,
                 from /home/pc/soomac_ws/src/dongsoo_cpp_pkg/src/motor_connect.cpp:15:
/usr/include/c++/11/bits/stl_algo.h:3674:5: note: candidate: ‘template<class _Tp, class _Compare> constexpr const _Tp& std::clamp(const _Tp&, const _Tp&, const _Tp&, _Compare)’
 3674 |     clamp(const _Tp& __val, const _Tp& __lo, const _Tp& __hi, _Compare __comp)
      |     ^~~~~
/usr/include/c++/11/bits/stl_algo.h:3674:5: note:   template argument deduction/substitution failed:
/home/pc/soomac_ws/src/dongsoo_cpp_pkg/src/motor_connect.cpp:675:42: note:   deduced conflicting types for parameter ‘const _Tp’ (‘double’ and ‘float’)
  675 |           integral_error_[i] = std::clamp(integral_error_[i] + pos_err * dt_use,
      |                                ~~~~~~~~~~^~~~~~~~~~~~~~~~~~~~~~~~~~~~~~~~~~~~~~~
  676 |                                           -MAX_INTEGRAL_ERROR, +MAX_INTEGRAL_ERROR);
      |                                           ~~~~~~~~~~~~~~~~~~~~~~~~~~~~~~~~~~~~~~~~~
/home/pc/soomac_ws/src/dongsoo_cpp_pkg/src/motor_connect.cpp:655:13: warning: unused variable ‘pre_sat_cmd’ [-Wunused-variable]
  655 |       float pre_sat_cmd = pid_raw + ff_raw;
      |             ^~~~~~~~~~~
/home/pc/soomac_ws/src/dongsoo_cpp_pkg/src/motor_connect.cpp:670:13: warning: unused variable ‘u_sat’ [-Wunused-variable]
  670 |       float u_sat = std::clamp(u_unsat, -limit, +limit);
      |             ^~~~~
gmake[2]: *** [CMakeFiles/motor_connect.dir/build.make:76: CMakeFiles/motor_connect.dir/src/motor_connect.cpp.o] Error 1
gmake[1]: *** [CMakeFiles/Makefile2:137: CMakeFiles/motor_connect.dir/all] Error 2
gmake: *** [Makefile:146: all] Error 2
