running develop
Removing /home/pc/soomac_ws/install/zeus_controller/lib/python3.10/site-packages/zeus-controller.egg-link (link to .)
running egg_info
writing ../../build/zeus_controller/zeus_controller.egg-info/PKG-INFO
writing dependency_links to ../../build/zeus_controller/zeus_controller.egg-info/dependency_links.txt
writing entry points to ../../build/zeus_controller/zeus_controller.egg-info/entry_points.txt
writing requirements to ../../build/zeus_controller/zeus_controller.egg-info/requires.txt
writing top-level names to ../../build/zeus_controller/zeus_controller.egg-info/top_level.txt
reading manifest file '../../build/zeus_controller/zeus_controller.egg-info/SOURCES.txt'
writing manifest file '../../build/zeus_controller/zeus_controller.egg-info/SOURCES.txt'
running build
running build_py
copying zeus_controller/zeus_client.py -> /home/pc/soomac_ws/build/zeus_controller/build/lib/zeus_controller
running install
running install_lib
creating /home/pc/soomac_ws/install/zeus_controller/lib/python3.10/site-packages/zeus_controller
copying /home/pc/soomac_ws/build/zeus_controller/build/lib/zeus_controller/__init__.py -> /home/pc/soomac_ws/install/zeus_controller/lib/python3.10/site-packages/zeus_controller
copying /home/pc/soomac_ws/build/zeus_controller/build/lib/zeus_controller/read_json.py -> /home/pc/soomac_ws/install/zeus_controller/lib/python3.10/site-packages/zeus_controller
copying /home/pc/soomac_ws/build/zeus_controller/build/lib/zeus_controller/gripper_controller.py -> /home/pc/soomac_ws/install/zeus_controller/lib/python3.10/site-packages/zeus_controller
copying /home/pc/soomac_ws/build/zeus_controller/build/lib/zeus_controller/zeus_server.py -> /home/pc/soomac_ws/install/zeus_controller/lib/python3.10/site-packages/zeus_controller
copying /home/pc/soomac_ws/build/zeus_controller/build/lib/zeus_controller/zeus_connect.py -> /home/pc/soomac_ws/install/zeus_controller/lib/python3.10/site-packages/zeus_controller
copying /home/pc/soomac_ws/build/zeus_controller/build/lib/zeus_controller/zeus_client.py -> /home/pc/soomac_ws/install/zeus_controller/lib/python3.10/site-packages/zeus_controller
byte-compiling /home/pc/soomac_ws/install/zeus_controller/lib/python3.10/site-packages/zeus_controller/__init__.py to __init__.cpython-310.pyc
byte-compiling /home/pc/soomac_ws/install/zeus_controller/lib/python3.10/site-packages/zeus_controller/read_json.py to read_json.cpython-310.pyc
byte-compiling /home/pc/soomac_ws/install/zeus_controller/lib/python3.10/site-packages/zeus_controller/gripper_controller.py to gripper_controller.cpython-310.pyc
byte-compiling /home/pc/soomac_ws/install/zeus_controller/lib/python3.10/site-packages/zeus_controller/zeus_server.py to zeus_server.cpython-310.pyc
byte-compiling /home/pc/soomac_ws/install/zeus_controller/lib/python3.10/site-packages/zeus_controller/zeus_connect.py to zeus_connect.cpython-310.pyc
byte-compiling /home/pc/soomac_ws/install/zeus_controller/lib/python3.10/site-packages/zeus_controller/zeus_client.py to zeus_client.cpython-310.pyc
running install_data
copying resource/zeus_controller -> /home/pc/soomac_ws/install/zeus_controller/share/ament_index/resource_index/packages
copying package.xml -> /home/pc/soomac_ws/install/zeus_controller/share/zeus_controller
running install_egg_info
Copying ../../build/zeus_controller/zeus_controller.egg-info to /home/pc/soomac_ws/install/zeus_controller/lib/python3.10/site-packages/zeus_controller-0.0.0-py3.10.egg-info
running install_scripts
Installing client_zeus script to /home/pc/soomac_ws/install/zeus_controller/lib/zeus_controller
Installing connect_zeus script to /home/pc/soomac_ws/install/zeus_controller/lib/zeus_controller
Installing gripper_zeus script to /home/pc/soomac_ws/install/zeus_controller/lib/zeus_controller
Installing server_zeus script to /home/pc/soomac_ws/install/zeus_controller/lib/zeus_controller
writing list of installed files to '/home/pc/soomac_ws/build/zeus_controller/install.log'
