[0.087s] colcon DEBUG Command line arguments: ['/usr/bin/colcon', 'build', '--packages-select', 'vision_node']
[0.087s] colcon DEBUG Parsed command line arguments: Namespace(log_base=None, log_level=None, verb_name='build', build_base='build', install_base='install', merge_install=False, symlink_install=False, test_result_base=None, continue_on_error=False, executor='parallel', parallel_workers=32, event_handlers=None, ignore_user_meta=False, metas=['./colcon.meta'], base_paths=['.'], packages_ignore=None, packages_ignore_regex=None, paths=None, packages_up_to=None, packages_up_to_regex=None, packages_above=None, packages_above_and_dependencies=None, packages_above_depth=None, packages_select_by_dep=None, packages_skip_by_dep=None, packages_skip_up_to=None, packages_select_build_failed=False, packages_skip_build_finished=False, packages_select_test_failures=False, packages_skip_test_passed=False, packages_select=['vision_node'], packages_skip=None, packages_select_regex=None, packages_skip_regex=None, packages_start=None, packages_end=None, allow_overriding=[], cmake_args=None, cmake_target=None, cmake_target_skip_unavailable=False, cmake_clean_cache=False, cmake_clean_first=False, cmake_force_configure=False, ament_cmake_args=None, catkin_cmake_args=None, catkin_skip_building_tests=False, mixin_files=None, mixin=None, verb_parser=<colcon_mixin.mixin.mixin_argument.MixinArgumentDecorator object at 0x7ff42638b730>, verb_extension=<colcon_core.verb.build.BuildVerb object at 0x7ff42638b0a0>, main=<bound method BuildVerb.main of <colcon_core.verb.build.BuildVerb object at 0x7ff42638b0a0>>, mixin_verb=('build',))
[0.236s] colcon.colcon_core.package_discovery Level 1 discover_packages(colcon_meta) check parameters
[0.236s] colcon.colcon_core.package_discovery Level 1 discover_packages(recursive) check parameters
[0.236s] colcon.colcon_core.package_discovery Level 1 discover_packages(ignore) check parameters
[0.236s] colcon.colcon_core.package_discovery Level 1 discover_packages(path) check parameters
[0.236s] colcon.colcon_core.package_discovery Level 1 discover_packages(colcon_meta) discover
[0.236s] colcon.colcon_core.package_discovery Level 1 discover_packages(recursive) discover
[0.236s] colcon.colcon_core.package_discovery INFO Crawling recursively for packages in '/home/temp_id/ros2_ws'
[0.236s] colcon.colcon_core.package_identification Level 1 _identify(.) by extensions ['ignore', 'ignore_ament_install']
[0.236s] colcon.colcon_core.package_identification Level 1 _identify(.) by extension 'ignore'
[0.236s] colcon.colcon_core.package_identification Level 1 _identify(.) by extension 'ignore_ament_install'
[0.236s] colcon.colcon_core.package_identification Level 1 _identify(.) by extensions ['colcon_pkg']
[0.236s] colcon.colcon_core.package_identification Level 1 _identify(.) by extension 'colcon_pkg'
[0.236s] colcon.colcon_core.package_identification Level 1 _identify(.) by extensions ['colcon_meta']
[0.236s] colcon.colcon_core.package_identification Level 1 _identify(.) by extension 'colcon_meta'
[0.236s] colcon.colcon_core.package_identification Level 1 _identify(.) by extensions ['ros']
[0.236s] colcon.colcon_core.package_identification Level 1 _identify(.) by extension 'ros'
[0.245s] colcon.colcon_core.package_identification Level 1 _identify(.) by extensions ['cmake', 'python']
[0.245s] colcon.colcon_core.package_identification Level 1 _identify(.) by extension 'cmake'
[0.245s] colcon.colcon_core.package_identification Level 1 _identify(.) by extension 'python'
[0.245s] colcon.colcon_core.package_identification Level 1 _identify(.) by extensions ['python_setup_py']
[0.245s] colcon.colcon_core.package_identification Level 1 _identify(.) by extension 'python_setup_py'
[0.245s] colcon.colcon_core.package_identification Level 1 _identify(build) by extensions ['ignore', 'ignore_ament_install']
[0.245s] colcon.colcon_core.package_identification Level 1 _identify(build) by extension 'ignore'
[0.245s] colcon.colcon_core.package_identification Level 1 _identify(build) ignored
[0.245s] colcon.colcon_core.package_identification Level 1 _identify(install) by extensions ['ignore', 'ignore_ament_install']
[0.245s] colcon.colcon_core.package_identification Level 1 _identify(install) by extension 'ignore'
[0.245s] colcon.colcon_core.package_identification Level 1 _identify(install) ignored
[0.246s] colcon.colcon_core.package_identification Level 1 _identify(log) by extensions ['ignore', 'ignore_ament_install']
[0.246s] colcon.colcon_core.package_identification Level 1 _identify(log) by extension 'ignore'
[0.246s] colcon.colcon_core.package_identification Level 1 _identify(log) ignored
[0.246s] colcon.colcon_core.package_identification Level 1 _identify(src) by extensions ['ignore', 'ignore_ament_install']
[0.246s] colcon.colcon_core.package_identification Level 1 _identify(src) by extension 'ignore'
[0.246s] colcon.colcon_core.package_identification Level 1 _identify(src) by extension 'ignore_ament_install'
[0.246s] colcon.colcon_core.package_identification Level 1 _identify(src) by extensions ['colcon_pkg']
[0.246s] colcon.colcon_core.package_identification Level 1 _identify(src) by extension 'colcon_pkg'
[0.246s] colcon.colcon_core.package_identification Level 1 _identify(src) by extensions ['colcon_meta']
[0.246s] colcon.colcon_core.package_identification Level 1 _identify(src) by extension 'colcon_meta'
[0.246s] colcon.colcon_core.package_identification Level 1 _identify(src) by extensions ['ros']
[0.246s] colcon.colcon_core.package_identification Level 1 _identify(src) by extension 'ros'
[0.246s] colcon.colcon_core.package_identification Level 1 _identify(src) by extensions ['cmake', 'python']
[0.246s] colcon.colcon_core.package_identification Level 1 _identify(src) by extension 'cmake'
[0.246s] colcon.colcon_core.package_identification Level 1 _identify(src) by extension 'python'
[0.246s] colcon.colcon_core.package_identification Level 1 _identify(src) by extensions ['python_setup_py']
[0.246s] colcon.colcon_core.package_identification Level 1 _identify(src) by extension 'python_setup_py'
[0.246s] colcon.colcon_core.package_identification Level 1 _identify(src/llm_node) by extensions ['ignore', 'ignore_ament_install']
[0.246s] colcon.colcon_core.package_identification Level 1 _identify(src/llm_node) by extension 'ignore'
[0.246s] colcon.colcon_core.package_identification Level 1 _identify(src/llm_node) by extension 'ignore_ament_install'
[0.246s] colcon.colcon_core.package_identification Level 1 _identify(src/llm_node) by extensions ['colcon_pkg']
[0.246s] colcon.colcon_core.package_identification Level 1 _identify(src/llm_node) by extension 'colcon_pkg'
[0.246s] colcon.colcon_core.package_identification Level 1 _identify(src/llm_node) by extensions ['colcon_meta']
[0.246s] colcon.colcon_core.package_identification Level 1 _identify(src/llm_node) by extension 'colcon_meta'
[0.246s] colcon.colcon_core.package_identification Level 1 _identify(src/llm_node) by extensions ['ros']
[0.246s] colcon.colcon_core.package_identification Level 1 _identify(src/llm_node) by extension 'ros'
[0.248s] colcon.colcon_core.package_identification DEBUG Package 'src/llm_node' with type 'ros.ament_python' and name 'llm_node'
[0.248s] colcon.colcon_core.package_identification Level 1 _identify(src/vision_node) by extensions ['ignore', 'ignore_ament_install']
[0.248s] colcon.colcon_core.package_identification Level 1 _identify(src/vision_node) by extension 'ignore'
[0.248s] colcon.colcon_core.package_identification Level 1 _identify(src/vision_node) by extension 'ignore_ament_install'
[0.248s] colcon.colcon_core.package_identification Level 1 _identify(src/vision_node) by extensions ['colcon_pkg']
[0.248s] colcon.colcon_core.package_identification Level 1 _identify(src/vision_node) by extension 'colcon_pkg'
[0.248s] colcon.colcon_core.package_identification Level 1 _identify(src/vision_node) by extensions ['colcon_meta']
[0.248s] colcon.colcon_core.package_identification Level 1 _identify(src/vision_node) by extension 'colcon_meta'
[0.248s] colcon.colcon_core.package_identification Level 1 _identify(src/vision_node) by extensions ['ros']
[0.248s] colcon.colcon_core.package_identification Level 1 _identify(src/vision_node) by extension 'ros'
[0.249s] colcon.colcon_core.package_identification DEBUG Package 'src/vision_node' with type 'ros.ament_python' and name 'vision_node'
[0.249s] colcon.colcon_core.package_discovery Level 1 discover_packages(recursive) using defaults
[0.249s] colcon.colcon_core.package_discovery Level 1 discover_packages(ignore) discover
[0.249s] colcon.colcon_core.package_discovery Level 1 discover_packages(ignore) using defaults
[0.249s] colcon.colcon_core.package_discovery Level 1 discover_packages(path) discover
[0.249s] colcon.colcon_core.package_discovery Level 1 discover_packages(path) using defaults
[0.262s] colcon.colcon_core.package_selection INFO Skipping not selected package 'llm_node' in 'src/llm_node'
[0.262s] colcon.colcon_core.package_discovery Level 1 discover_packages(prefix_path) check parameters
[0.262s] colcon.colcon_core.package_discovery Level 1 discover_packages(prefix_path) discover
[0.263s] colcon.colcon_ros.prefix_path.ament WARNING The path '/home/temp_id/ros2_ws/install/vision_node' in the environment variable AMENT_PREFIX_PATH doesn't exist
[0.263s] colcon.colcon_ros.prefix_path.ament WARNING The path '/home/temp_id/ros2_ws/install/llm_node' in the environment variable AMENT_PREFIX_PATH doesn't exist
[0.263s] colcon.colcon_installed_package_information.package_discovery DEBUG Found 0 installed packages in /home/temp_id/ros2_ws/install
[0.264s] colcon.colcon_installed_package_information.package_discovery DEBUG Found 271 installed packages in /opt/ros/humble
[0.265s] colcon.colcon_core.package_discovery Level 1 discover_packages(prefix_path) using defaults
[0.286s] colcon.colcon_core.verb Level 5 set package 'vision_node' build argument 'cmake_args' from command line to 'None'
[0.286s] colcon.colcon_core.verb Level 5 set package 'vision_node' build argument 'cmake_target' from command line to 'None'
[0.286s] colcon.colcon_core.verb Level 5 set package 'vision_node' build argument 'cmake_target_skip_unavailable' from command line to 'False'
[0.286s] colcon.colcon_core.verb Level 5 set package 'vision_node' build argument 'cmake_clean_cache' from command line to 'False'
[0.286s] colcon.colcon_core.verb Level 5 set package 'vision_node' build argument 'cmake_clean_first' from command line to 'False'
[0.286s] colcon.colcon_core.verb Level 5 set package 'vision_node' build argument 'cmake_force_configure' from command line to 'False'
[0.286s] colcon.colcon_core.verb Level 5 set package 'vision_node' build argument 'ament_cmake_args' from command line to 'None'
[0.286s] colcon.colcon_core.verb Level 5 set package 'vision_node' build argument 'catkin_cmake_args' from command line to 'None'
[0.286s] colcon.colcon_core.verb Level 5 set package 'vision_node' build argument 'catkin_skip_building_tests' from command line to 'False'
[0.286s] colcon.colcon_core.verb DEBUG Building package 'vision_node' with the following arguments: {'ament_cmake_args': None, 'build_base': '/home/temp_id/ros2_ws/build/vision_node', 'catkin_cmake_args': None, 'catkin_skip_building_tests': False, 'cmake_args': None, 'cmake_clean_cache': False, 'cmake_clean_first': False, 'cmake_force_configure': False, 'cmake_target': None, 'cmake_target_skip_unavailable': False, 'install_base': '/home/temp_id/ros2_ws/install/vision_node', 'merge_install': False, 'path': '/home/temp_id/ros2_ws/src/vision_node', 'symlink_install': False, 'test_result_base': None}
[0.286s] colcon.colcon_core.executor INFO Executing jobs using 'parallel' executor
[0.288s] colcon.colcon_parallel_executor.executor.parallel DEBUG run_until_complete
[0.288s] colcon.colcon_ros.task.ament_python.build INFO Building ROS package in '/home/temp_id/ros2_ws/src/vision_node' with build type 'ament_python'
[0.288s] colcon.colcon_core.shell Level 1 create_environment_hook('vision_node', 'ament_prefix_path')
[0.289s] colcon.colcon_core.plugin_system INFO Skipping extension 'colcon_core.shell.bat': Not used on non-Windows systems
[0.290s] colcon.colcon_core.shell INFO Creating environment hook '/home/temp_id/ros2_ws/install/vision_node/share/vision_node/hook/ament_prefix_path.ps1'
[0.290s] colcon.colcon_core.shell INFO Creating environment descriptor '/home/temp_id/ros2_ws/install/vision_node/share/vision_node/hook/ament_prefix_path.dsv'
[0.290s] colcon.colcon_core.shell INFO Creating environment hook '/home/temp_id/ros2_ws/install/vision_node/share/vision_node/hook/ament_prefix_path.sh'
[0.291s] colcon.colcon_core.shell INFO Skip shell extension 'powershell' for command environment: Not usable outside of PowerShell
[0.291s] colcon.colcon_core.shell DEBUG Skip shell extension 'dsv' for command environment
[0.513s] colcon.colcon_core.task.python.build INFO Building Python package in '/home/temp_id/ros2_ws/src/vision_node'
[0.514s] colcon.colcon_core.shell INFO Skip shell extension 'powershell' for command environment: Not usable outside of PowerShell
[0.514s] colcon.colcon_core.shell DEBUG Skip shell extension 'dsv' for command environment
[0.829s] colcon.colcon_core.event_handler.log_command DEBUG Invoking command in '/home/temp_id/ros2_ws/src/vision_node': HISTTIMEFORMAT=20%y/%m/%d %T PYTHONPATH=/home/temp_id/ros2_ws/build/vision_node/prefix_override:/usr/lib/python3/dist-packages/colcon_core/task/python/colcon_distutils_commands:/home/temp_id/ros2_ws/install/vision_node/lib/python3.10/site-packages:${PYTHONPATH} /usr/bin/python3 -W ignore:setup.py install is deprecated -W ignore:easy_install command is deprecated setup.py egg_info --egg-base ../../build/vision_node build --build-base /home/temp_id/ros2_ws/build/vision_node/build install --record /home/temp_id/ros2_ws/build/vision_node/install.log --single-version-externally-managed install_data
[1.079s] colcon.colcon_core.event_handler.log_command DEBUG Invoked command in '/home/temp_id/ros2_ws/src/vision_node' returned '0': HISTTIMEFORMAT=20%y/%m/%d %T PYTHONPATH=/home/temp_id/ros2_ws/build/vision_node/prefix_override:/usr/lib/python3/dist-packages/colcon_core/task/python/colcon_distutils_commands:/home/temp_id/ros2_ws/install/vision_node/lib/python3.10/site-packages:${PYTHONPATH} /usr/bin/python3 -W ignore:setup.py install is deprecated -W ignore:easy_install command is deprecated setup.py egg_info --egg-base ../../build/vision_node build --build-base /home/temp_id/ros2_ws/build/vision_node/build install --record /home/temp_id/ros2_ws/build/vision_node/install.log --single-version-externally-managed install_data
[1.081s] colcon.colcon_core.environment Level 1 checking '/home/temp_id/ros2_ws/install/vision_node' for CMake module files
[1.082s] colcon.colcon_core.environment Level 1 checking '/home/temp_id/ros2_ws/install/vision_node' for CMake config files
[1.082s] colcon.colcon_core.environment Level 1 checking '/home/temp_id/ros2_ws/install/vision_node/lib'
[1.082s] colcon.colcon_core.environment Level 1 checking '/home/temp_id/ros2_ws/install/vision_node/bin'
[1.082s] colcon.colcon_core.environment Level 1 checking '/home/temp_id/ros2_ws/install/vision_node/lib/pkgconfig/vision_node.pc'
[1.082s] colcon.colcon_core.environment Level 1 checking '/home/temp_id/ros2_ws/install/vision_node/lib/python3.10/site-packages'
[1.082s] colcon.colcon_core.shell Level 1 create_environment_hook('vision_node', 'pythonpath')
[1.083s] colcon.colcon_core.shell INFO Creating environment hook '/home/temp_id/ros2_ws/install/vision_node/share/vision_node/hook/pythonpath.ps1'
[1.083s] colcon.colcon_core.shell INFO Creating environment descriptor '/home/temp_id/ros2_ws/install/vision_node/share/vision_node/hook/pythonpath.dsv'
[1.083s] colcon.colcon_core.shell INFO Creating environment hook '/home/temp_id/ros2_ws/install/vision_node/share/vision_node/hook/pythonpath.sh'
[1.084s] colcon.colcon_core.environment Level 1 checking '/home/temp_id/ros2_ws/install/vision_node/bin'
[1.084s] colcon.colcon_core.environment Level 1 create_environment_scripts_only(vision_node)
[1.084s] colcon.colcon_core.shell INFO Creating package script '/home/temp_id/ros2_ws/install/vision_node/share/vision_node/package.ps1'
[1.084s] colcon.colcon_core.shell INFO Creating package descriptor '/home/temp_id/ros2_ws/install/vision_node/share/vision_node/package.dsv'
[1.085s] colcon.colcon_core.shell INFO Creating package script '/home/temp_id/ros2_ws/install/vision_node/share/vision_node/package.sh'
[1.085s] colcon.colcon_core.shell INFO Creating package script '/home/temp_id/ros2_ws/install/vision_node/share/vision_node/package.bash'
[1.085s] colcon.colcon_core.shell INFO Creating package script '/home/temp_id/ros2_ws/install/vision_node/share/vision_node/package.zsh'
[1.086s] colcon.colcon_core.environment Level 1 create_file_with_runtime_dependencies(/home/temp_id/ros2_ws/install/vision_node/share/colcon-core/packages/vision_node)
[1.086s] colcon.colcon_parallel_executor.executor.parallel DEBUG closing loop
[1.086s] colcon.colcon_parallel_executor.executor.parallel DEBUG loop closed
[1.086s] colcon.colcon_parallel_executor.executor.parallel DEBUG run_until_complete finished with '0'
[1.086s] colcon.colcon_core.event_reactor DEBUG joining thread
[1.091s] colcon.colcon_core.plugin_system INFO Skipping extension 'colcon_notification.desktop_notification.terminal_notifier': Not used on non-Darwin systems
[1.092s] colcon.colcon_core.plugin_system INFO Skipping extension 'colcon_notification.desktop_notification.win32': Not used on non-Windows systems
[1.092s] colcon.colcon_notification.desktop_notification INFO Sending desktop notification using 'notify2'
[1.099s] colcon.colcon_core.event_reactor DEBUG joined thread
[1.101s] colcon.colcon_core.shell INFO Creating prefix script '/home/temp_id/ros2_ws/install/local_setup.ps1'
[1.102s] colcon.colcon_core.shell INFO Creating prefix util module '/home/temp_id/ros2_ws/install/_local_setup_util_ps1.py'
[1.103s] colcon.colcon_core.shell INFO Creating prefix chain script '/home/temp_id/ros2_ws/install/setup.ps1'
[1.103s] colcon.colcon_core.shell INFO Creating prefix script '/home/temp_id/ros2_ws/install/local_setup.sh'
[1.104s] colcon.colcon_core.shell INFO Creating prefix util module '/home/temp_id/ros2_ws/install/_local_setup_util_sh.py'
[1.104s] colcon.colcon_core.shell INFO Creating prefix chain script '/home/temp_id/ros2_ws/install/setup.sh'
[1.105s] colcon.colcon_core.shell INFO Creating prefix script '/home/temp_id/ros2_ws/install/local_setup.bash'
[1.105s] colcon.colcon_core.shell INFO Creating prefix chain script '/home/temp_id/ros2_ws/install/setup.bash'
[1.105s] colcon.colcon_core.shell INFO Creating prefix script '/home/temp_id/ros2_ws/install/local_setup.zsh'
[1.106s] colcon.colcon_core.shell INFO Creating prefix chain script '/home/temp_id/ros2_ws/install/setup.zsh'
