[0.758s] Invoking command in '/home/temp_id/ros2_ws/src/vision_node': HISTTIMEFORMAT=20%y/%m/%d %T PS1=\[\e[1;47;30m\][\u@\h:\W]\$\[\e[m\] PYTHONPATH=/home/temp_id/ros2_ws/build/vision_node/prefix_override:/usr/lib/python3/dist-packages/colcon_core/task/python/colcon_distutils_commands:/home/temp_id/ros2_ws/install/vision_node/lib/python3.10/site-packages:${PYTHONPATH} /usr/bin/python3 -W ignore:setup.py install is deprecated -W ignore:easy_install command is deprecated setup.py egg_info --egg-base ../../build/vision_node build --build-base /home/temp_id/ros2_ws/build/vision_node/build install --record /home/temp_id/ros2_ws/build/vision_node/install.log --single-version-externally-managed install_data
[0.948s] running egg_info
[0.948s] writing ../../build/vision_node/vision_node.egg-info/PKG-INFO
[0.949s] writing dependency_links to ../../build/vision_node/vision_node.egg-info/dependency_links.txt
[0.949s] writing entry points to ../../build/vision_node/vision_node.egg-info/entry_points.txt
[0.949s] writing requirements to ../../build/vision_node/vision_node.egg-info/requires.txt
[0.949s] writing top-level names to ../../build/vision_node/vision_node.egg-info/top_level.txt
[0.950s] reading manifest file '../../build/vision_node/vision_node.egg-info/SOURCES.txt'
[0.950s] adding license file 'LICENSE'
[0.951s] writing manifest file '../../build/vision_node/vision_node.egg-info/SOURCES.txt'
[0.951s] running build
[0.951s] running build_py
[0.951s] copying vision_node/tool_detect_pre.py -> /home/temp_id/ros2_ws/build/vision_node/build/lib/vision_node
[0.951s] copying vision_node/tool_detect.py -> /home/temp_id/ros2_ws/build/vision_node/build/lib/vision_node
[0.951s] copying vision_node/tool_detect_.py -> /home/temp_id/ros2_ws/build/vision_node/build/lib/vision_node
[0.951s] running install
[0.952s] running install_lib
[0.952s] copying /home/temp_id/ros2_ws/build/vision_node/build/lib/vision_node/tool_detect_pre.py -> /home/temp_id/ros2_ws/install/vision_node/lib/python3.10/site-packages/vision_node
[0.953s] copying /home/temp_id/ros2_ws/build/vision_node/build/lib/vision_node/tool_detect.py -> /home/temp_id/ros2_ws/install/vision_node/lib/python3.10/site-packages/vision_node
[0.953s] copying /home/temp_id/ros2_ws/build/vision_node/build/lib/vision_node/tool_detect_.py -> /home/temp_id/ros2_ws/install/vision_node/lib/python3.10/site-packages/vision_node
[0.953s] byte-compiling /home/temp_id/ros2_ws/install/vision_node/lib/python3.10/site-packages/vision_node/tool_detect_pre.py to tool_detect_pre.cpython-310.pyc
[0.958s] byte-compiling /home/temp_id/ros2_ws/install/vision_node/lib/python3.10/site-packages/vision_node/tool_detect.py to tool_detect.cpython-310.pyc
[0.961s] byte-compiling /home/temp_id/ros2_ws/install/vision_node/lib/python3.10/site-packages/vision_node/tool_detect_.py to tool_detect_.cpython-310.pyc
[0.964s] running install_data
[0.965s] running install_egg_info
[0.966s] removing '/home/temp_id/ros2_ws/install/vision_node/lib/python3.10/site-packages/vision_node-0.0.0-py3.10.egg-info' (and everything under it)
[0.966s] Copying ../../build/vision_node/vision_node.egg-info to /home/temp_id/ros2_ws/install/vision_node/lib/python3.10/site-packages/vision_node-0.0.0-py3.10.egg-info
[0.967s] running install_scripts
[0.982s] Installing vision_node script to /home/temp_id/ros2_ws/install/vision_node/lib/vision_node
[0.983s] writing list of installed files to '/home/temp_id/ros2_ws/build/vision_node/install.log'
[1.014s] Invoked command in '/home/temp_id/ros2_ws/src/vision_node' returned '0': HISTTIMEFORMAT=20%y/%m/%d %T PS1=\[\e[1;47;30m\][\u@\h:\W]\$\[\e[m\] PYTHONPATH=/home/temp_id/ros2_ws/build/vision_node/prefix_override:/usr/lib/python3/dist-packages/colcon_core/task/python/colcon_distutils_commands:/home/temp_id/ros2_ws/install/vision_node/lib/python3.10/site-packages:${PYTHONPATH} /usr/bin/python3 -W ignore:setup.py install is deprecated -W ignore:easy_install command is deprecated setup.py egg_info --egg-base ../../build/vision_node build --build-base /home/temp_id/ros2_ws/build/vision_node/build install --record /home/temp_id/ros2_ws/build/vision_node/install.log --single-version-externally-managed install_data
