running egg_info
writing ../../build/zeus_dxl/zeus_dxl.egg-info/PKG-INFO
writing dependency_links to ../../build/zeus_dxl/zeus_dxl.egg-info/dependency_links.txt
writing entry points to ../../build/zeus_dxl/zeus_dxl.egg-info/entry_points.txt
writing requirements to ../../build/zeus_dxl/zeus_dxl.egg-info/requires.txt
writing top-level names to ../../build/zeus_dxl/zeus_dxl.egg-info/top_level.txt
reading manifest file '../../build/zeus_dxl/zeus_dxl.egg-info/SOURCES.txt'
writing manifest file '../../build/zeus_dxl/zeus_dxl.egg-info/SOURCES.txt'
running build
running build_py
running install
running install_lib
running install_data
running install_egg_info
removing '/home/pc/soomac_ws/install/zeus_dxl/lib/python3.10/site-packages/zeus_dxl-0.0.0-py3.10.egg-info' (and everything under it)
Copying ../../build/zeus_dxl/zeus_dxl.egg-info to /home/pc/soomac_ws/install/zeus_dxl/lib/python3.10/site-packages/zeus_dxl-0.0.0-py3.10.egg-info
running install_scripts
Installing block_run script to /home/pc/soomac_ws/install/zeus_dxl/lib/zeus_dxl
Installing gripper_run script to /home/pc/soomac_ws/install/zeus_dxl/lib/zeus_dxl
writing list of installed files to '/home/pc/soomac_ws/build/zeus_dxl/install.log'
