[0.558s] Invoking command in '/home/pc/soomac_ws/src/zeus_dxl': PYTHONPATH=/home/pc/soomac_ws/build/zeus_dxl/prefix_override:/usr/lib/python3/dist-packages/colcon_core/task/python/colcon_distutils_commands:/home/pc/soomac_ws/install/zeus_dxl/lib/python3.10/site-packages:${PYTHONPATH} /usr/bin/python3 -W ignore:setup.py install is deprecated -W ignore:easy_install command is deprecated setup.py egg_info --egg-base ../../build/zeus_dxl build --build-base /home/pc/soomac_ws/build/zeus_dxl/build install --record /home/pc/soomac_ws/build/zeus_dxl/install.log --single-version-externally-managed install_data
[0.672s] running egg_info
[0.672s] writing ../../build/zeus_dxl/zeus_dxl.egg-info/PKG-INFO
[0.673s] writing dependency_links to ../../build/zeus_dxl/zeus_dxl.egg-info/dependency_links.txt
[0.673s] writing entry points to ../../build/zeus_dxl/zeus_dxl.egg-info/entry_points.txt
[0.673s] writing requirements to ../../build/zeus_dxl/zeus_dxl.egg-info/requires.txt
[0.673s] writing top-level names to ../../build/zeus_dxl/zeus_dxl.egg-info/top_level.txt
[0.673s] reading manifest file '../../build/zeus_dxl/zeus_dxl.egg-info/SOURCES.txt'
[0.674s] writing manifest file '../../build/zeus_dxl/zeus_dxl.egg-info/SOURCES.txt'
[0.674s] running build
[0.674s] running build_py
[0.674s] running install
[0.674s] running install_lib
[0.675s] running install_data
[0.675s] running install_egg_info
[0.675s] removing '/home/pc/soomac_ws/install/zeus_dxl/lib/python3.10/site-packages/zeus_dxl-0.0.0-py3.10.egg-info' (and everything under it)
[0.676s] Copying ../../build/zeus_dxl/zeus_dxl.egg-info to /home/pc/soomac_ws/install/zeus_dxl/lib/python3.10/site-packages/zeus_dxl-0.0.0-py3.10.egg-info
[0.676s] running install_scripts
[0.686s] Installing block_run script to /home/pc/soomac_ws/install/zeus_dxl/lib/zeus_dxl
[0.686s] Installing gripper_run script to /home/pc/soomac_ws/install/zeus_dxl/lib/zeus_dxl
[0.686s] writing list of installed files to '/home/pc/soomac_ws/build/zeus_dxl/install.log'
[0.698s] Invoked command in '/home/pc/soomac_ws/src/zeus_dxl' returned '0': PYTHONPATH=/home/pc/soomac_ws/build/zeus_dxl/prefix_override:/usr/lib/python3/dist-packages/colcon_core/task/python/colcon_distutils_commands:/home/pc/soomac_ws/install/zeus_dxl/lib/python3.10/site-packages:${PYTHONPATH} /usr/bin/python3 -W ignore:setup.py install is deprecated -W ignore:easy_install command is deprecated setup.py egg_info --egg-base ../../build/zeus_dxl build --build-base /home/pc/soomac_ws/build/zeus_dxl/build install --record /home/pc/soomac_ws/build/zeus_dxl/install.log --single-version-externally-managed install_data
