[0.295s] Invoking command in '/home/pc/soomac_ws/build/zeus_dxl': PYTHONPATH=/home/pc/soomac_ws/build/zeus_dxl/prefix_override:/usr/lib/python3/dist-packages/colcon_core/task/python/colcon_distutils_commands:/home/pc/soomac_ws/install/zeus_dxl/lib/python3.10/site-packages:${PYTHONPATH} /usr/bin/python3 -W ignore:setup.py install is deprecated -W ignore:easy_install command is deprecated setup.py develop --editable --build-directory /home/pc/soomac_ws/build/zeus_dxl/build --no-deps symlink_data
[0.415s] running develop
[0.478s] running egg_info
[0.478s] creating zeus_dxl.egg-info
[0.478s] writing zeus_dxl.egg-info/PKG-INFO
[0.478s] writing dependency_links to zeus_dxl.egg-info/dependency_links.txt
[0.479s] writing entry points to zeus_dxl.egg-info/entry_points.txt
[0.479s] writing requirements to zeus_dxl.egg-info/requires.txt
[0.479s] writing top-level names to zeus_dxl.egg-info/top_level.txt
[0.479s] writing manifest file 'zeus_dxl.egg-info/SOURCES.txt'
[0.479s] reading manifest file 'zeus_dxl.egg-info/SOURCES.txt'
[0.480s] writing manifest file 'zeus_dxl.egg-info/SOURCES.txt'
[0.480s] running build_ext
[0.480s] Creating /home/pc/soomac_ws/install/zeus_dxl/lib/python3.10/site-packages/zeus-dxl.egg-link (link to .)
[0.481s] Installing gripper_run script to /home/pc/soomac_ws/install/zeus_dxl/lib/zeus_dxl
[0.481s] 
[0.481s] Installed /home/pc/soomac_ws/build/zeus_dxl
[0.481s] running symlink_data
[0.481s] creating /home/pc/soomac_ws/install/zeus_dxl/share/ament_index
[0.481s] creating /home/pc/soomac_ws/install/zeus_dxl/share/ament_index/resource_index
[0.481s] creating /home/pc/soomac_ws/install/zeus_dxl/share/ament_index/resource_index/packages
[0.481s] symbolically linking /home/pc/soomac_ws/build/zeus_dxl/resource/zeus_dxl -> /home/pc/soomac_ws/install/zeus_dxl/share/ament_index/resource_index/packages
[0.481s] symbolically linking /home/pc/soomac_ws/build/zeus_dxl/package.xml -> /home/pc/soomac_ws/install/zeus_dxl/share/zeus_dxl
[0.492s] Invoked command in '/home/pc/soomac_ws/build/zeus_dxl' returned '0': PYTHONPATH=/home/pc/soomac_ws/build/zeus_dxl/prefix_override:/usr/lib/python3/dist-packages/colcon_core/task/python/colcon_distutils_commands:/home/pc/soomac_ws/install/zeus_dxl/lib/python3.10/site-packages:${PYTHONPATH} /usr/bin/python3 -W ignore:setup.py install is deprecated -W ignore:easy_install command is deprecated setup.py develop --editable --build-directory /home/pc/soomac_ws/build/zeus_dxl/build --no-deps symlink_data
