running egg_info
creating ../../build/vision_node/vision_node.egg-info
writing ../../build/vision_node/vision_node.egg-info/PKG-INFO
writing dependency_links to ../../build/vision_node/vision_node.egg-info/dependency_links.txt
writing entry points to ../../build/vision_node/vision_node.egg-info/entry_points.txt
writing requirements to ../../build/vision_node/vision_node.egg-info/requires.txt
writing top-level names to ../../build/vision_node/vision_node.egg-info/top_level.txt
writing manifest file '../../build/vision_node/vision_node.egg-info/SOURCES.txt'
reading manifest file '../../build/vision_node/vision_node.egg-info/SOURCES.txt'
adding license file 'LICENSE'
writing manifest file '../../build/vision_node/vision_node.egg-info/SOURCES.txt'
running build
running build_py
creating /home/wt/zeus_ws/build/vision_node/build
creating /home/wt/zeus_ws/build/vision_node/build/lib
creating /home/wt/zeus_ws/build/vision_node/build/lib/vision_node
copying vision_node/tool_detect_pre.py -> /home/wt/zeus_ws/build/vision_node/build/lib/vision_node
copying vision_node/tool_detect_.py -> /home/wt/zeus_ws/build/vision_node/build/lib/vision_node
copying vision_node/tool_detect.py -> /home/wt/zeus_ws/build/vision_node/build/lib/vision_node
copying vision_node/block_detect_node.py -> /home/wt/zeus_ws/build/vision_node/build/lib/vision_node
copying vision_node/__init__.py -> /home/wt/zeus_ws/build/vision_node/build/lib/vision_node
copying vision_node/block_detect.py -> /home/wt/zeus_ws/build/vision_node/build/lib/vision_node
running install
running install_lib
creating /home/wt/zeus_ws/install/vision_node/lib/python3.10/site-packages/vision_node
copying /home/wt/zeus_ws/build/vision_node/build/lib/vision_node/tool_detect_pre.py -> /home/wt/zeus_ws/install/vision_node/lib/python3.10/site-packages/vision_node
copying /home/wt/zeus_ws/build/vision_node/build/lib/vision_node/tool_detect_.py -> /home/wt/zeus_ws/install/vision_node/lib/python3.10/site-packages/vision_node
copying /home/wt/zeus_ws/build/vision_node/build/lib/vision_node/tool_detect.py -> /home/wt/zeus_ws/install/vision_node/lib/python3.10/site-packages/vision_node
copying /home/wt/zeus_ws/build/vision_node/build/lib/vision_node/block_detect_node.py -> /home/wt/zeus_ws/install/vision_node/lib/python3.10/site-packages/vision_node
copying /home/wt/zeus_ws/build/vision_node/build/lib/vision_node/__init__.py -> /home/wt/zeus_ws/install/vision_node/lib/python3.10/site-packages/vision_node
copying /home/wt/zeus_ws/build/vision_node/build/lib/vision_node/block_detect.py -> /home/wt/zeus_ws/install/vision_node/lib/python3.10/site-packages/vision_node
byte-compiling /home/wt/zeus_ws/install/vision_node/lib/python3.10/site-packages/vision_node/tool_detect_pre.py to tool_detect_pre.cpython-310.pyc
byte-compiling /home/wt/zeus_ws/install/vision_node/lib/python3.10/site-packages/vision_node/tool_detect_.py to tool_detect_.cpython-310.pyc
byte-compiling /home/wt/zeus_ws/install/vision_node/lib/python3.10/site-packages/vision_node/tool_detect.py to tool_detect.cpython-310.pyc
byte-compiling /home/wt/zeus_ws/install/vision_node/lib/python3.10/site-packages/vision_node/block_detect_node.py to block_detect_node.cpython-310.pyc
byte-compiling /home/wt/zeus_ws/install/vision_node/lib/python3.10/site-packages/vision_node/__init__.py to __init__.cpython-310.pyc
byte-compiling /home/wt/zeus_ws/install/vision_node/lib/python3.10/site-packages/vision_node/block_detect.py to block_detect.cpython-310.pyc
running install_data
creating /home/wt/zeus_ws/install/vision_node/share/ament_index
creating /home/wt/zeus_ws/install/vision_node/share/ament_index/resource_index
creating /home/wt/zeus_ws/install/vision_node/share/ament_index/resource_index/packages
copying resource/vision_node -> /home/wt/zeus_ws/install/vision_node/share/ament_index/resource_index/packages
copying package.xml -> /home/wt/zeus_ws/install/vision_node/share/vision_node
running install_egg_info
Copying ../../build/vision_node/vision_node.egg-info to /home/wt/zeus_ws/install/vision_node/lib/python3.10/site-packages/vision_node-0.0.0-py3.10.egg-info
running install_scripts
Installing block_detect script to /home/wt/zeus_ws/install/vision_node/lib/vision_node
Installing block_detect_node script to /home/wt/zeus_ws/install/vision_node/lib/vision_node
Installing vision_node script to /home/wt/zeus_ws/install/vision_node/lib/vision_node
writing list of installed files to '/home/wt/zeus_ws/build/vision_node/install.log'
