[0.050s] DEBUG:colcon:Command line arguments: ['/usr/bin/colcon', 'build', '--packages-select', 'zeus_interfaces']
[0.050s] DEBUG:colcon:Parsed command line arguments: Namespace(log_base=None, log_level=None, verb_name='build', build_base='build', install_base='install', merge_install=False, symlink_install=False, test_result_base=None, continue_on_error=False, executor='parallel', parallel_workers=32, event_handlers=None, ignore_user_meta=False, metas=['./colcon.meta'], base_paths=['.'], packages_ignore=None, packages_ignore_regex=None, paths=None, packages_up_to=None, packages_up_to_regex=None, packages_above=None, packages_above_and_dependencies=None, packages_above_depth=None, packages_select_by_dep=None, packages_skip_by_dep=None, packages_skip_up_to=None, packages_select_build_failed=False, packages_skip_build_finished=False, packages_select_test_failures=False, packages_skip_test_passed=False, packages_select=['zeus_interfaces'], packages_skip=None, packages_select_regex=None, packages_skip_regex=None, packages_start=None, packages_end=None, allow_overriding=[], cmake_args=None, cmake_target=None, cmake_target_skip_unavailable=False, cmake_clean_cache=False, cmake_clean_first=False, cmake_force_configure=False, ament_cmake_args=None, catkin_cmake_args=None, catkin_skip_building_tests=False, mixin_files=None, mixin=None, verb_parser=<colcon_mixin.mixin.mixin_argument.MixinArgumentDecorator object at 0x77c45b693310>, verb_extension=<colcon_core.verb.build.BuildVerb object at 0x77c45b64d510>, main=<bound method BuildVerb.main of <colcon_core.verb.build.BuildVerb object at 0x77c45b64d510>>, mixin_verb=('build',))
[0.121s] Level 1:colcon.colcon_core.package_discovery:discover_packages(colcon_meta) check parameters
[0.121s] Level 1:colcon.colcon_core.package_discovery:discover_packages(recursive) check parameters
[0.121s] Level 1:colcon.colcon_core.package_discovery:discover_packages(ignore) check parameters
[0.121s] Level 1:colcon.colcon_core.package_discovery:discover_packages(path) check parameters
[0.121s] Level 1:colcon.colcon_core.package_discovery:discover_packages(colcon_meta) discover
[0.121s] Level 1:colcon.colcon_core.package_discovery:discover_packages(recursive) discover
[0.121s] INFO:colcon.colcon_core.package_discovery:Crawling recursively for packages in '/home/pc/soomac_ws'
[0.121s] Level 1:colcon.colcon_core.package_identification:_identify(.) by extensions ['ignore', 'ignore_ament_install']
[0.121s] Level 1:colcon.colcon_core.package_identification:_identify(.) by extension 'ignore'
[0.121s] Level 1:colcon.colcon_core.package_identification:_identify(.) by extension 'ignore_ament_install'
[0.121s] Level 1:colcon.colcon_core.package_identification:_identify(.) by extensions ['colcon_pkg']
[0.121s] Level 1:colcon.colcon_core.package_identification:_identify(.) by extension 'colcon_pkg'
[0.121s] Level 1:colcon.colcon_core.package_identification:_identify(.) by extensions ['colcon_meta']
[0.121s] Level 1:colcon.colcon_core.package_identification:_identify(.) by extension 'colcon_meta'
[0.121s] Level 1:colcon.colcon_core.package_identification:_identify(.) by extensions ['ros']
[0.121s] Level 1:colcon.colcon_core.package_identification:_identify(.) by extension 'ros'
[0.129s] Level 1:colcon.colcon_core.package_identification:_identify(.) by extensions ['cmake', 'python']
[0.129s] Level 1:colcon.colcon_core.package_identification:_identify(.) by extension 'cmake'
[0.129s] Level 1:colcon.colcon_core.package_identification:_identify(.) by extension 'python'
[0.129s] Level 1:colcon.colcon_core.package_identification:_identify(.) by extensions ['python_setup_py']
[0.129s] Level 1:colcon.colcon_core.package_identification:_identify(.) by extension 'python_setup_py'
[0.129s] Level 1:colcon.colcon_core.package_identification:_identify(build) by extensions ['ignore', 'ignore_ament_install']
[0.129s] Level 1:colcon.colcon_core.package_identification:_identify(build) by extension 'ignore'
[0.129s] Level 1:colcon.colcon_core.package_identification:_identify(build) ignored
[0.129s] Level 1:colcon.colcon_core.package_identification:_identify(etc) by extensions ['ignore', 'ignore_ament_install']
[0.129s] Level 1:colcon.colcon_core.package_identification:_identify(etc) by extension 'ignore'
[0.129s] Level 1:colcon.colcon_core.package_identification:_identify(etc) by extension 'ignore_ament_install'
[0.129s] Level 1:colcon.colcon_core.package_identification:_identify(etc) by extensions ['colcon_pkg']
[0.129s] Level 1:colcon.colcon_core.package_identification:_identify(etc) by extension 'colcon_pkg'
[0.130s] Level 1:colcon.colcon_core.package_identification:_identify(etc) by extensions ['colcon_meta']
[0.130s] Level 1:colcon.colcon_core.package_identification:_identify(etc) by extension 'colcon_meta'
[0.130s] Level 1:colcon.colcon_core.package_identification:_identify(etc) by extensions ['ros']
[0.130s] Level 1:colcon.colcon_core.package_identification:_identify(etc) by extension 'ros'
[0.130s] Level 1:colcon.colcon_core.package_identification:_identify(etc) by extensions ['cmake', 'python']
[0.130s] Level 1:colcon.colcon_core.package_identification:_identify(etc) by extension 'cmake'
[0.130s] Level 1:colcon.colcon_core.package_identification:_identify(etc) by extension 'python'
[0.130s] Level 1:colcon.colcon_core.package_identification:_identify(etc) by extensions ['python_setup_py']
[0.130s] Level 1:colcon.colcon_core.package_identification:_identify(etc) by extension 'python_setup_py'
[0.130s] Level 1:colcon.colcon_core.package_identification:_identify(etc/test_ws) by extensions ['ignore', 'ignore_ament_install']
[0.130s] Level 1:colcon.colcon_core.package_identification:_identify(etc/test_ws) by extension 'ignore'
[0.130s] Level 1:colcon.colcon_core.package_identification:_identify(etc/test_ws) by extension 'ignore_ament_install'
[0.130s] Level 1:colcon.colcon_core.package_identification:_identify(etc/test_ws) by extensions ['colcon_pkg']
[0.130s] Level 1:colcon.colcon_core.package_identification:_identify(etc/test_ws) by extension 'colcon_pkg'
[0.130s] Level 1:colcon.colcon_core.package_identification:_identify(etc/test_ws) by extensions ['colcon_meta']
[0.130s] Level 1:colcon.colcon_core.package_identification:_identify(etc/test_ws) by extension 'colcon_meta'
[0.130s] Level 1:colcon.colcon_core.package_identification:_identify(etc/test_ws) by extensions ['ros']
[0.130s] Level 1:colcon.colcon_core.package_identification:_identify(etc/test_ws) by extension 'ros'
[0.130s] Level 1:colcon.colcon_core.package_identification:_identify(etc/test_ws) by extensions ['cmake', 'python']
[0.130s] Level 1:colcon.colcon_core.package_identification:_identify(etc/test_ws) by extension 'cmake'
[0.130s] Level 1:colcon.colcon_core.package_identification:_identify(etc/test_ws) by extension 'python'
[0.130s] Level 1:colcon.colcon_core.package_identification:_identify(etc/test_ws) by extensions ['python_setup_py']
[0.130s] Level 1:colcon.colcon_core.package_identification:_identify(etc/test_ws) by extension 'python_setup_py'
[0.130s] Level 1:colcon.colcon_core.package_identification:_identify(etc/test_ws/build) by extensions ['ignore', 'ignore_ament_install']
[0.130s] Level 1:colcon.colcon_core.package_identification:_identify(etc/test_ws/build) by extension 'ignore'
[0.130s] Level 1:colcon.colcon_core.package_identification:_identify(etc/test_ws/build) by extension 'ignore_ament_install'
[0.130s] Level 1:colcon.colcon_core.package_identification:_identify(etc/test_ws/build) by extensions ['colcon_pkg']
[0.130s] Level 1:colcon.colcon_core.package_identification:_identify(etc/test_ws/build) by extension 'colcon_pkg'
[0.130s] Level 1:colcon.colcon_core.package_identification:_identify(etc/test_ws/build) by extensions ['colcon_meta']
[0.130s] Level 1:colcon.colcon_core.package_identification:_identify(etc/test_ws/build) by extension 'colcon_meta'
[0.130s] Level 1:colcon.colcon_core.package_identification:_identify(etc/test_ws/build) by extensions ['ros']
[0.130s] Level 1:colcon.colcon_core.package_identification:_identify(etc/test_ws/build) by extension 'ros'
[0.130s] Level 1:colcon.colcon_core.package_identification:_identify(etc/test_ws/build) by extensions ['cmake', 'python']
[0.130s] Level 1:colcon.colcon_core.package_identification:_identify(etc/test_ws/build) by extension 'cmake'
[0.130s] Level 1:colcon.colcon_core.package_identification:_identify(etc/test_ws/build) by extension 'python'
[0.130s] Level 1:colcon.colcon_core.package_identification:_identify(etc/test_ws/build) by extensions ['python_setup_py']
[0.130s] Level 1:colcon.colcon_core.package_identification:_identify(etc/test_ws/build) by extension 'python_setup_py'
[0.130s] Level 1:colcon.colcon_core.package_identification:_identify(etc/test_ws/build/dongsoo_description) by extensions ['ignore', 'ignore_ament_install']
[0.130s] Level 1:colcon.colcon_core.package_identification:_identify(etc/test_ws/build/dongsoo_description) by extension 'ignore'
[0.130s] Level 1:colcon.colcon_core.package_identification:_identify(etc/test_ws/build/dongsoo_description) by extension 'ignore_ament_install'
[0.130s] Level 1:colcon.colcon_core.package_identification:_identify(etc/test_ws/build/dongsoo_description) by extensions ['colcon_pkg']
[0.130s] Level 1:colcon.colcon_core.package_identification:_identify(etc/test_ws/build/dongsoo_description) by extension 'colcon_pkg'
[0.130s] Level 1:colcon.colcon_core.package_identification:_identify(etc/test_ws/build/dongsoo_description) by extensions ['colcon_meta']
[0.130s] Level 1:colcon.colcon_core.package_identification:_identify(etc/test_ws/build/dongsoo_description) by extension 'colcon_meta'
[0.130s] Level 1:colcon.colcon_core.package_identification:_identify(etc/test_ws/build/dongsoo_description) by extensions ['ros']
[0.130s] Level 1:colcon.colcon_core.package_identification:_identify(etc/test_ws/build/dongsoo_description) by extension 'ros'
[0.130s] Level 1:colcon.colcon_core.package_identification:_identify(etc/test_ws/build/dongsoo_description) by extensions ['cmake', 'python']
[0.130s] Level 1:colcon.colcon_core.package_identification:_identify(etc/test_ws/build/dongsoo_description) by extension 'cmake'
[0.130s] Level 1:colcon.colcon_core.package_identification:_identify(etc/test_ws/build/dongsoo_description) by extension 'python'
[0.130s] Level 1:colcon.colcon_core.package_identification:_identify(etc/test_ws/build/dongsoo_description) by extensions ['python_setup_py']
[0.130s] Level 1:colcon.colcon_core.package_identification:_identify(etc/test_ws/build/dongsoo_description) by extension 'python_setup_py'
[0.130s] Level 1:colcon.colcon_core.package_identification:_identify(etc/test_ws/build/dongsoo_description/CMakeFiles) by extensions ['ignore', 'ignore_ament_install']
[0.130s] Level 1:colcon.colcon_core.package_identification:_identify(etc/test_ws/build/dongsoo_description/CMakeFiles) by extension 'ignore'
[0.130s] Level 1:colcon.colcon_core.package_identification:_identify(etc/test_ws/build/dongsoo_description/CMakeFiles) by extension 'ignore_ament_install'
[0.130s] Level 1:colcon.colcon_core.package_identification:_identify(etc/test_ws/build/dongsoo_description/CMakeFiles) by extensions ['colcon_pkg']
[0.130s] Level 1:colcon.colcon_core.package_identification:_identify(etc/test_ws/build/dongsoo_description/CMakeFiles) by extension 'colcon_pkg'
[0.130s] Level 1:colcon.colcon_core.package_identification:_identify(etc/test_ws/build/dongsoo_description/CMakeFiles) by extensions ['colcon_meta']
[0.130s] Level 1:colcon.colcon_core.package_identification:_identify(etc/test_ws/build/dongsoo_description/CMakeFiles) by extension 'colcon_meta'
[0.130s] Level 1:colcon.colcon_core.package_identification:_identify(etc/test_ws/build/dongsoo_description/CMakeFiles) by extensions ['ros']
[0.130s] Level 1:colcon.colcon_core.package_identification:_identify(etc/test_ws/build/dongsoo_description/CMakeFiles) by extension 'ros'
[0.131s] Level 1:colcon.colcon_core.package_identification:_identify(etc/test_ws/build/dongsoo_description/CMakeFiles) by extensions ['cmake', 'python']
[0.131s] Level 1:colcon.colcon_core.package_identification:_identify(etc/test_ws/build/dongsoo_description/CMakeFiles) by extension 'cmake'
[0.131s] Level 1:colcon.colcon_core.package_identification:_identify(etc/test_ws/build/dongsoo_description/CMakeFiles) by extension 'python'
[0.131s] Level 1:colcon.colcon_core.package_identification:_identify(etc/test_ws/build/dongsoo_description/CMakeFiles) by extensions ['python_setup_py']
[0.131s] Level 1:colcon.colcon_core.package_identification:_identify(etc/test_ws/build/dongsoo_description/CMakeFiles) by extension 'python_setup_py'
[0.131s] Level 1:colcon.colcon_core.package_identification:_identify(etc/test_ws/build/dongsoo_description/CMakeFiles/3.22.1) by extensions ['ignore', 'ignore_ament_install']
[0.131s] Level 1:colcon.colcon_core.package_identification:_identify(etc/test_ws/build/dongsoo_description/CMakeFiles/3.22.1) by extension 'ignore'
[0.131s] Level 1:colcon.colcon_core.package_identification:_identify(etc/test_ws/build/dongsoo_description/CMakeFiles/3.22.1) by extension 'ignore_ament_install'
[0.131s] Level 1:colcon.colcon_core.package_identification:_identify(etc/test_ws/build/dongsoo_description/CMakeFiles/3.22.1) by extensions ['colcon_pkg']
[0.131s] Level 1:colcon.colcon_core.package_identification:_identify(etc/test_ws/build/dongsoo_description/CMakeFiles/3.22.1) by extension 'colcon_pkg'
[0.131s] Level 1:colcon.colcon_core.package_identification:_identify(etc/test_ws/build/dongsoo_description/CMakeFiles/3.22.1) by extensions ['colcon_meta']
[0.131s] Level 1:colcon.colcon_core.package_identification:_identify(etc/test_ws/build/dongsoo_description/CMakeFiles/3.22.1) by extension 'colcon_meta'
[0.131s] Level 1:colcon.colcon_core.package_identification:_identify(etc/test_ws/build/dongsoo_description/CMakeFiles/3.22.1) by extensions ['ros']
[0.131s] Level 1:colcon.colcon_core.package_identification:_identify(etc/test_ws/build/dongsoo_description/CMakeFiles/3.22.1) by extension 'ros'
[0.131s] Level 1:colcon.colcon_core.package_identification:_identify(etc/test_ws/build/dongsoo_description/CMakeFiles/3.22.1) by extensions ['cmake', 'python']
[0.131s] Level 1:colcon.colcon_core.package_identification:_identify(etc/test_ws/build/dongsoo_description/CMakeFiles/3.22.1) by extension 'cmake'
[0.131s] Level 1:colcon.colcon_core.package_identification:_identify(etc/test_ws/build/dongsoo_description/CMakeFiles/3.22.1) by extension 'python'
[0.131s] Level 1:colcon.colcon_core.package_identification:_identify(etc/test_ws/build/dongsoo_description/CMakeFiles/3.22.1) by extensions ['python_setup_py']
[0.131s] Level 1:colcon.colcon_core.package_identification:_identify(etc/test_ws/build/dongsoo_description/CMakeFiles/3.22.1) by extension 'python_setup_py'
[0.131s] Level 1:colcon.colcon_core.package_identification:_identify(etc/test_ws/build/dongsoo_description/CMakeFiles/3.22.1/CompilerIdC) by extensions ['ignore', 'ignore_ament_install']
[0.131s] Level 1:colcon.colcon_core.package_identification:_identify(etc/test_ws/build/dongsoo_description/CMakeFiles/3.22.1/CompilerIdC) by extension 'ignore'
[0.131s] Level 1:colcon.colcon_core.package_identification:_identify(etc/test_ws/build/dongsoo_description/CMakeFiles/3.22.1/CompilerIdC) by extension 'ignore_ament_install'
[0.131s] Level 1:colcon.colcon_core.package_identification:_identify(etc/test_ws/build/dongsoo_description/CMakeFiles/3.22.1/CompilerIdC) by extensions ['colcon_pkg']
[0.131s] Level 1:colcon.colcon_core.package_identification:_identify(etc/test_ws/build/dongsoo_description/CMakeFiles/3.22.1/CompilerIdC) by extension 'colcon_pkg'
[0.131s] Level 1:colcon.colcon_core.package_identification:_identify(etc/test_ws/build/dongsoo_description/CMakeFiles/3.22.1/CompilerIdC) by extensions ['colcon_meta']
[0.131s] Level 1:colcon.colcon_core.package_identification:_identify(etc/test_ws/build/dongsoo_description/CMakeFiles/3.22.1/CompilerIdC) by extension 'colcon_meta'
[0.131s] Level 1:colcon.colcon_core.package_identification:_identify(etc/test_ws/build/dongsoo_description/CMakeFiles/3.22.1/CompilerIdC) by extensions ['ros']
[0.131s] Level 1:colcon.colcon_core.package_identification:_identify(etc/test_ws/build/dongsoo_description/CMakeFiles/3.22.1/CompilerIdC) by extension 'ros'
[0.131s] Level 1:colcon.colcon_core.package_identification:_identify(etc/test_ws/build/dongsoo_description/CMakeFiles/3.22.1/CompilerIdC) by extensions ['cmake', 'python']
[0.131s] Level 1:colcon.colcon_core.package_identification:_identify(etc/test_ws/build/dongsoo_description/CMakeFiles/3.22.1/CompilerIdC) by extension 'cmake'
[0.131s] Level 1:colcon.colcon_core.package_identification:_identify(etc/test_ws/build/dongsoo_description/CMakeFiles/3.22.1/CompilerIdC) by extension 'python'
[0.131s] Level 1:colcon.colcon_core.package_identification:_identify(etc/test_ws/build/dongsoo_description/CMakeFiles/3.22.1/CompilerIdC) by extensions ['python_setup_py']
[0.131s] Level 1:colcon.colcon_core.package_identification:_identify(etc/test_ws/build/dongsoo_description/CMakeFiles/3.22.1/CompilerIdC) by extension 'python_setup_py'
[0.131s] Level 1:colcon.colcon_core.package_identification:_identify(etc/test_ws/build/dongsoo_description/CMakeFiles/3.22.1/CompilerIdC/tmp) by extensions ['ignore', 'ignore_ament_install']
[0.131s] Level 1:colcon.colcon_core.package_identification:_identify(etc/test_ws/build/dongsoo_description/CMakeFiles/3.22.1/CompilerIdC/tmp) by extension 'ignore'
[0.131s] Level 1:colcon.colcon_core.package_identification:_identify(etc/test_ws/build/dongsoo_description/CMakeFiles/3.22.1/CompilerIdC/tmp) by extension 'ignore_ament_install'
[0.131s] Level 1:colcon.colcon_core.package_identification:_identify(etc/test_ws/build/dongsoo_description/CMakeFiles/3.22.1/CompilerIdC/tmp) by extensions ['colcon_pkg']
[0.131s] Level 1:colcon.colcon_core.package_identification:_identify(etc/test_ws/build/dongsoo_description/CMakeFiles/3.22.1/CompilerIdC/tmp) by extension 'colcon_pkg'
[0.131s] Level 1:colcon.colcon_core.package_identification:_identify(etc/test_ws/build/dongsoo_description/CMakeFiles/3.22.1/CompilerIdC/tmp) by extensions ['colcon_meta']
[0.131s] Level 1:colcon.colcon_core.package_identification:_identify(etc/test_ws/build/dongsoo_description/CMakeFiles/3.22.1/CompilerIdC/tmp) by extension 'colcon_meta'
[0.131s] Level 1:colcon.colcon_core.package_identification:_identify(etc/test_ws/build/dongsoo_description/CMakeFiles/3.22.1/CompilerIdC/tmp) by extensions ['ros']
[0.131s] Level 1:colcon.colcon_core.package_identification:_identify(etc/test_ws/build/dongsoo_description/CMakeFiles/3.22.1/CompilerIdC/tmp) by extension 'ros'
[0.131s] Level 1:colcon.colcon_core.package_identification:_identify(etc/test_ws/build/dongsoo_description/CMakeFiles/3.22.1/CompilerIdC/tmp) by extensions ['cmake', 'python']
[0.131s] Level 1:colcon.colcon_core.package_identification:_identify(etc/test_ws/build/dongsoo_description/CMakeFiles/3.22.1/CompilerIdC/tmp) by extension 'cmake'
[0.131s] Level 1:colcon.colcon_core.package_identification:_identify(etc/test_ws/build/dongsoo_description/CMakeFiles/3.22.1/CompilerIdC/tmp) by extension 'python'
[0.131s] Level 1:colcon.colcon_core.package_identification:_identify(etc/test_ws/build/dongsoo_description/CMakeFiles/3.22.1/CompilerIdC/tmp) by extensions ['python_setup_py']
[0.131s] Level 1:colcon.colcon_core.package_identification:_identify(etc/test_ws/build/dongsoo_description/CMakeFiles/3.22.1/CompilerIdC/tmp) by extension 'python_setup_py'
[0.131s] Level 1:colcon.colcon_core.package_identification:_identify(etc/test_ws/build/dongsoo_description/CMakeFiles/3.22.1/CompilerIdCXX) by extensions ['ignore', 'ignore_ament_install']
[0.131s] Level 1:colcon.colcon_core.package_identification:_identify(etc/test_ws/build/dongsoo_description/CMakeFiles/3.22.1/CompilerIdCXX) by extension 'ignore'
[0.131s] Level 1:colcon.colcon_core.package_identification:_identify(etc/test_ws/build/dongsoo_description/CMakeFiles/3.22.1/CompilerIdCXX) by extension 'ignore_ament_install'
[0.131s] Level 1:colcon.colcon_core.package_identification:_identify(etc/test_ws/build/dongsoo_description/CMakeFiles/3.22.1/CompilerIdCXX) by extensions ['colcon_pkg']
[0.131s] Level 1:colcon.colcon_core.package_identification:_identify(etc/test_ws/build/dongsoo_description/CMakeFiles/3.22.1/CompilerIdCXX) by extension 'colcon_pkg'
[0.131s] Level 1:colcon.colcon_core.package_identification:_identify(etc/test_ws/build/dongsoo_description/CMakeFiles/3.22.1/CompilerIdCXX) by extensions ['colcon_meta']
[0.131s] Level 1:colcon.colcon_core.package_identification:_identify(etc/test_ws/build/dongsoo_description/CMakeFiles/3.22.1/CompilerIdCXX) by extension 'colcon_meta'
[0.131s] Level 1:colcon.colcon_core.package_identification:_identify(etc/test_ws/build/dongsoo_description/CMakeFiles/3.22.1/CompilerIdCXX) by extensions ['ros']
[0.132s] Level 1:colcon.colcon_core.package_identification:_identify(etc/test_ws/build/dongsoo_description/CMakeFiles/3.22.1/CompilerIdCXX) by extension 'ros'
[0.132s] Level 1:colcon.colcon_core.package_identification:_identify(etc/test_ws/build/dongsoo_description/CMakeFiles/3.22.1/CompilerIdCXX) by extensions ['cmake', 'python']
[0.132s] Level 1:colcon.colcon_core.package_identification:_identify(etc/test_ws/build/dongsoo_description/CMakeFiles/3.22.1/CompilerIdCXX) by extension 'cmake'
[0.132s] Level 1:colcon.colcon_core.package_identification:_identify(etc/test_ws/build/dongsoo_description/CMakeFiles/3.22.1/CompilerIdCXX) by extension 'python'
[0.132s] Level 1:colcon.colcon_core.package_identification:_identify(etc/test_ws/build/dongsoo_description/CMakeFiles/3.22.1/CompilerIdCXX) by extensions ['python_setup_py']
[0.132s] Level 1:colcon.colcon_core.package_identification:_identify(etc/test_ws/build/dongsoo_description/CMakeFiles/3.22.1/CompilerIdCXX) by extension 'python_setup_py'
[0.132s] Level 1:colcon.colcon_core.package_identification:_identify(etc/test_ws/build/dongsoo_description/CMakeFiles/3.22.1/CompilerIdCXX/tmp) by extensions ['ignore', 'ignore_ament_install']
[0.132s] Level 1:colcon.colcon_core.package_identification:_identify(etc/test_ws/build/dongsoo_description/CMakeFiles/3.22.1/CompilerIdCXX/tmp) by extension 'ignore'
[0.132s] Level 1:colcon.colcon_core.package_identification:_identify(etc/test_ws/build/dongsoo_description/CMakeFiles/3.22.1/CompilerIdCXX/tmp) by extension 'ignore_ament_install'
[0.132s] Level 1:colcon.colcon_core.package_identification:_identify(etc/test_ws/build/dongsoo_description/CMakeFiles/3.22.1/CompilerIdCXX/tmp) by extensions ['colcon_pkg']
[0.132s] Level 1:colcon.colcon_core.package_identification:_identify(etc/test_ws/build/dongsoo_description/CMakeFiles/3.22.1/CompilerIdCXX/tmp) by extension 'colcon_pkg'
[0.132s] Level 1:colcon.colcon_core.package_identification:_identify(etc/test_ws/build/dongsoo_description/CMakeFiles/3.22.1/CompilerIdCXX/tmp) by extensions ['colcon_meta']
[0.132s] Level 1:colcon.colcon_core.package_identification:_identify(etc/test_ws/build/dongsoo_description/CMakeFiles/3.22.1/CompilerIdCXX/tmp) by extension 'colcon_meta'
[0.132s] Level 1:colcon.colcon_core.package_identification:_identify(etc/test_ws/build/dongsoo_description/CMakeFiles/3.22.1/CompilerIdCXX/tmp) by extensions ['ros']
[0.132s] Level 1:colcon.colcon_core.package_identification:_identify(etc/test_ws/build/dongsoo_description/CMakeFiles/3.22.1/CompilerIdCXX/tmp) by extension 'ros'
[0.132s] Level 1:colcon.colcon_core.package_identification:_identify(etc/test_ws/build/dongsoo_description/CMakeFiles/3.22.1/CompilerIdCXX/tmp) by extensions ['cmake', 'python']
[0.132s] Level 1:colcon.colcon_core.package_identification:_identify(etc/test_ws/build/dongsoo_description/CMakeFiles/3.22.1/CompilerIdCXX/tmp) by extension 'cmake'
[0.132s] Level 1:colcon.colcon_core.package_identification:_identify(etc/test_ws/build/dongsoo_description/CMakeFiles/3.22.1/CompilerIdCXX/tmp) by extension 'python'
[0.132s] Level 1:colcon.colcon_core.package_identification:_identify(etc/test_ws/build/dongsoo_description/CMakeFiles/3.22.1/CompilerIdCXX/tmp) by extensions ['python_setup_py']
[0.132s] Level 1:colcon.colcon_core.package_identification:_identify(etc/test_ws/build/dongsoo_description/CMakeFiles/3.22.1/CompilerIdCXX/tmp) by extension 'python_setup_py'
[0.132s] Level 1:colcon.colcon_core.package_identification:_identify(etc/test_ws/build/dongsoo_description/CMakeFiles/CMakeTmp) by extensions ['ignore', 'ignore_ament_install']
[0.132s] Level 1:colcon.colcon_core.package_identification:_identify(etc/test_ws/build/dongsoo_description/CMakeFiles/CMakeTmp) by extension 'ignore'
[0.132s] Level 1:colcon.colcon_core.package_identification:_identify(etc/test_ws/build/dongsoo_description/CMakeFiles/CMakeTmp) by extension 'ignore_ament_install'
[0.132s] Level 1:colcon.colcon_core.package_identification:_identify(etc/test_ws/build/dongsoo_description/CMakeFiles/CMakeTmp) by extensions ['colcon_pkg']
[0.132s] Level 1:colcon.colcon_core.package_identification:_identify(etc/test_ws/build/dongsoo_description/CMakeFiles/CMakeTmp) by extension 'colcon_pkg'
[0.132s] Level 1:colcon.colcon_core.package_identification:_identify(etc/test_ws/build/dongsoo_description/CMakeFiles/CMakeTmp) by extensions ['colcon_meta']
[0.132s] Level 1:colcon.colcon_core.package_identification:_identify(etc/test_ws/build/dongsoo_description/CMakeFiles/CMakeTmp) by extension 'colcon_meta'
[0.132s] Level 1:colcon.colcon_core.package_identification:_identify(etc/test_ws/build/dongsoo_description/CMakeFiles/CMakeTmp) by extensions ['ros']
[0.132s] Level 1:colcon.colcon_core.package_identification:_identify(etc/test_ws/build/dongsoo_description/CMakeFiles/CMakeTmp) by extension 'ros'
[0.132s] Level 1:colcon.colcon_core.package_identification:_identify(etc/test_ws/build/dongsoo_description/CMakeFiles/CMakeTmp) by extensions ['cmake', 'python']
[0.132s] Level 1:colcon.colcon_core.package_identification:_identify(etc/test_ws/build/dongsoo_description/CMakeFiles/CMakeTmp) by extension 'cmake'
[0.132s] Level 1:colcon.colcon_core.package_identification:_identify(etc/test_ws/build/dongsoo_description/CMakeFiles/CMakeTmp) by extension 'python'
[0.132s] Level 1:colcon.colcon_core.package_identification:_identify(etc/test_ws/build/dongsoo_description/CMakeFiles/CMakeTmp) by extensions ['python_setup_py']
[0.132s] Level 1:colcon.colcon_core.package_identification:_identify(etc/test_ws/build/dongsoo_description/CMakeFiles/CMakeTmp) by extension 'python_setup_py'
[0.132s] Level 1:colcon.colcon_core.package_identification:_identify(etc/test_ws/build/dongsoo_description/ament_lint_cmake) by extensions ['ignore', 'ignore_ament_install']
[0.132s] Level 1:colcon.colcon_core.package_identification:_identify(etc/test_ws/build/dongsoo_description/ament_lint_cmake) by extension 'ignore'
[0.132s] Level 1:colcon.colcon_core.package_identification:_identify(etc/test_ws/build/dongsoo_description/ament_lint_cmake) by extension 'ignore_ament_install'
[0.132s] Level 1:colcon.colcon_core.package_identification:_identify(etc/test_ws/build/dongsoo_description/ament_lint_cmake) by extensions ['colcon_pkg']
[0.132s] Level 1:colcon.colcon_core.package_identification:_identify(etc/test_ws/build/dongsoo_description/ament_lint_cmake) by extension 'colcon_pkg'
[0.132s] Level 1:colcon.colcon_core.package_identification:_identify(etc/test_ws/build/dongsoo_description/ament_lint_cmake) by extensions ['colcon_meta']
[0.132s] Level 1:colcon.colcon_core.package_identification:_identify(etc/test_ws/build/dongsoo_description/ament_lint_cmake) by extension 'colcon_meta'
[0.132s] Level 1:colcon.colcon_core.package_identification:_identify(etc/test_ws/build/dongsoo_description/ament_lint_cmake) by extensions ['ros']
[0.132s] Level 1:colcon.colcon_core.package_identification:_identify(etc/test_ws/build/dongsoo_description/ament_lint_cmake) by extension 'ros'
[0.132s] Level 1:colcon.colcon_core.package_identification:_identify(etc/test_ws/build/dongsoo_description/ament_lint_cmake) by extensions ['cmake', 'python']
[0.132s] Level 1:colcon.colcon_core.package_identification:_identify(etc/test_ws/build/dongsoo_description/ament_lint_cmake) by extension 'cmake'
[0.132s] Level 1:colcon.colcon_core.package_identification:_identify(etc/test_ws/build/dongsoo_description/ament_lint_cmake) by extension 'python'
[0.132s] Level 1:colcon.colcon_core.package_identification:_identify(etc/test_ws/build/dongsoo_description/ament_lint_cmake) by extensions ['python_setup_py']
[0.132s] Level 1:colcon.colcon_core.package_identification:_identify(etc/test_ws/build/dongsoo_description/ament_lint_cmake) by extension 'python_setup_py'
[0.132s] Level 1:colcon.colcon_core.package_identification:_identify(etc/test_ws/build/dongsoo_description/ament_xmllint) by extensions ['ignore', 'ignore_ament_install']
[0.132s] Level 1:colcon.colcon_core.package_identification:_identify(etc/test_ws/build/dongsoo_description/ament_xmllint) by extension 'ignore'
[0.132s] Level 1:colcon.colcon_core.package_identification:_identify(etc/test_ws/build/dongsoo_description/ament_xmllint) by extension 'ignore_ament_install'
[0.132s] Level 1:colcon.colcon_core.package_identification:_identify(etc/test_ws/build/dongsoo_description/ament_xmllint) by extensions ['colcon_pkg']
[0.132s] Level 1:colcon.colcon_core.package_identification:_identify(etc/test_ws/build/dongsoo_description/ament_xmllint) by extension 'colcon_pkg'
[0.132s] Level 1:colcon.colcon_core.package_identification:_identify(etc/test_ws/build/dongsoo_description/ament_xmllint) by extensions ['colcon_meta']
[0.132s] Level 1:colcon.colcon_core.package_identification:_identify(etc/test_ws/build/dongsoo_description/ament_xmllint) by extension 'colcon_meta'
[0.132s] Level 1:colcon.colcon_core.package_identification:_identify(etc/test_ws/build/dongsoo_description/ament_xmllint) by extensions ['ros']
[0.132s] Level 1:colcon.colcon_core.package_identification:_identify(etc/test_ws/build/dongsoo_description/ament_xmllint) by extension 'ros'
[0.133s] Level 1:colcon.colcon_core.package_identification:_identify(etc/test_ws/build/dongsoo_description/ament_xmllint) by extensions ['cmake', 'python']
[0.133s] Level 1:colcon.colcon_core.package_identification:_identify(etc/test_ws/build/dongsoo_description/ament_xmllint) by extension 'cmake'
[0.133s] Level 1:colcon.colcon_core.package_identification:_identify(etc/test_ws/build/dongsoo_description/ament_xmllint) by extension 'python'
[0.133s] Level 1:colcon.colcon_core.package_identification:_identify(etc/test_ws/build/dongsoo_description/ament_xmllint) by extensions ['python_setup_py']
[0.133s] Level 1:colcon.colcon_core.package_identification:_identify(etc/test_ws/build/dongsoo_description/ament_xmllint) by extension 'python_setup_py'
[0.133s] Level 1:colcon.colcon_core.package_identification:_identify(etc/test_ws/build/dongsoo_interfaces) by extensions ['ignore', 'ignore_ament_install']
[0.133s] Level 1:colcon.colcon_core.package_identification:_identify(etc/test_ws/build/dongsoo_interfaces) by extension 'ignore'
[0.133s] Level 1:colcon.colcon_core.package_identification:_identify(etc/test_ws/build/dongsoo_interfaces) by extension 'ignore_ament_install'
[0.133s] Level 1:colcon.colcon_core.package_identification:_identify(etc/test_ws/build/dongsoo_interfaces) by extensions ['colcon_pkg']
[0.133s] Level 1:colcon.colcon_core.package_identification:_identify(etc/test_ws/build/dongsoo_interfaces) by extension 'colcon_pkg'
[0.133s] Level 1:colcon.colcon_core.package_identification:_identify(etc/test_ws/build/dongsoo_interfaces) by extensions ['colcon_meta']
[0.133s] Level 1:colcon.colcon_core.package_identification:_identify(etc/test_ws/build/dongsoo_interfaces) by extension 'colcon_meta'
[0.133s] Level 1:colcon.colcon_core.package_identification:_identify(etc/test_ws/build/dongsoo_interfaces) by extensions ['ros']
[0.133s] Level 1:colcon.colcon_core.package_identification:_identify(etc/test_ws/build/dongsoo_interfaces) by extension 'ros'
[0.133s] Level 1:colcon.colcon_core.package_identification:_identify(etc/test_ws/build/dongsoo_interfaces) by extensions ['cmake', 'python']
[0.133s] Level 1:colcon.colcon_core.package_identification:_identify(etc/test_ws/build/dongsoo_interfaces) by extension 'cmake'
[0.133s] Level 1:colcon.colcon_core.package_identification:_identify(etc/test_ws/build/dongsoo_interfaces) by extension 'python'
[0.133s] Level 1:colcon.colcon_core.package_identification:_identify(etc/test_ws/build/dongsoo_interfaces) by extensions ['python_setup_py']
[0.133s] Level 1:colcon.colcon_core.package_identification:_identify(etc/test_ws/build/dongsoo_interfaces) by extension 'python_setup_py'
[0.133s] Level 1:colcon.colcon_core.package_identification:_identify(etc/test_ws/build/dongsoo_interfaces/CMakeFiles) by extensions ['ignore', 'ignore_ament_install']
[0.133s] Level 1:colcon.colcon_core.package_identification:_identify(etc/test_ws/build/dongsoo_interfaces/CMakeFiles) by extension 'ignore'
[0.133s] Level 1:colcon.colcon_core.package_identification:_identify(etc/test_ws/build/dongsoo_interfaces/CMakeFiles) by extension 'ignore_ament_install'
[0.133s] Level 1:colcon.colcon_core.package_identification:_identify(etc/test_ws/build/dongsoo_interfaces/CMakeFiles) by extensions ['colcon_pkg']
[0.133s] Level 1:colcon.colcon_core.package_identification:_identify(etc/test_ws/build/dongsoo_interfaces/CMakeFiles) by extension 'colcon_pkg'
[0.133s] Level 1:colcon.colcon_core.package_identification:_identify(etc/test_ws/build/dongsoo_interfaces/CMakeFiles) by extensions ['colcon_meta']
[0.133s] Level 1:colcon.colcon_core.package_identification:_identify(etc/test_ws/build/dongsoo_interfaces/CMakeFiles) by extension 'colcon_meta'
[0.133s] Level 1:colcon.colcon_core.package_identification:_identify(etc/test_ws/build/dongsoo_interfaces/CMakeFiles) by extensions ['ros']
[0.133s] Level 1:colcon.colcon_core.package_identification:_identify(etc/test_ws/build/dongsoo_interfaces/CMakeFiles) by extension 'ros'
[0.133s] Level 1:colcon.colcon_core.package_identification:_identify(etc/test_ws/build/dongsoo_interfaces/CMakeFiles) by extensions ['cmake', 'python']
[0.133s] Level 1:colcon.colcon_core.package_identification:_identify(etc/test_ws/build/dongsoo_interfaces/CMakeFiles) by extension 'cmake'
[0.133s] Level 1:colcon.colcon_core.package_identification:_identify(etc/test_ws/build/dongsoo_interfaces/CMakeFiles) by extension 'python'
[0.133s] Level 1:colcon.colcon_core.package_identification:_identify(etc/test_ws/build/dongsoo_interfaces/CMakeFiles) by extensions ['python_setup_py']
[0.133s] Level 1:colcon.colcon_core.package_identification:_identify(etc/test_ws/build/dongsoo_interfaces/CMakeFiles) by extension 'python_setup_py'
[0.133s] Level 1:colcon.colcon_core.package_identification:_identify(etc/test_ws/build/dongsoo_interfaces/CMakeFiles/3.22.1) by extensions ['ignore', 'ignore_ament_install']
[0.133s] Level 1:colcon.colcon_core.package_identification:_identify(etc/test_ws/build/dongsoo_interfaces/CMakeFiles/3.22.1) by extension 'ignore'
[0.133s] Level 1:colcon.colcon_core.package_identification:_identify(etc/test_ws/build/dongsoo_interfaces/CMakeFiles/3.22.1) by extension 'ignore_ament_install'
[0.133s] Level 1:colcon.colcon_core.package_identification:_identify(etc/test_ws/build/dongsoo_interfaces/CMakeFiles/3.22.1) by extensions ['colcon_pkg']
[0.133s] Level 1:colcon.colcon_core.package_identification:_identify(etc/test_ws/build/dongsoo_interfaces/CMakeFiles/3.22.1) by extension 'colcon_pkg'
[0.133s] Level 1:colcon.colcon_core.package_identification:_identify(etc/test_ws/build/dongsoo_interfaces/CMakeFiles/3.22.1) by extensions ['colcon_meta']
[0.133s] Level 1:colcon.colcon_core.package_identification:_identify(etc/test_ws/build/dongsoo_interfaces/CMakeFiles/3.22.1) by extension 'colcon_meta'
[0.133s] Level 1:colcon.colcon_core.package_identification:_identify(etc/test_ws/build/dongsoo_interfaces/CMakeFiles/3.22.1) by extensions ['ros']
[0.133s] Level 1:colcon.colcon_core.package_identification:_identify(etc/test_ws/build/dongsoo_interfaces/CMakeFiles/3.22.1) by extension 'ros'
[0.133s] Level 1:colcon.colcon_core.package_identification:_identify(etc/test_ws/build/dongsoo_interfaces/CMakeFiles/3.22.1) by extensions ['cmake', 'python']
[0.133s] Level 1:colcon.colcon_core.package_identification:_identify(etc/test_ws/build/dongsoo_interfaces/CMakeFiles/3.22.1) by extension 'cmake'
[0.133s] Level 1:colcon.colcon_core.package_identification:_identify(etc/test_ws/build/dongsoo_interfaces/CMakeFiles/3.22.1) by extension 'python'
[0.133s] Level 1:colcon.colcon_core.package_identification:_identify(etc/test_ws/build/dongsoo_interfaces/CMakeFiles/3.22.1) by extensions ['python_setup_py']
[0.133s] Level 1:colcon.colcon_core.package_identification:_identify(etc/test_ws/build/dongsoo_interfaces/CMakeFiles/3.22.1) by extension 'python_setup_py'
[0.133s] Level 1:colcon.colcon_core.package_identification:_identify(etc/test_ws/build/dongsoo_interfaces/CMakeFiles/3.22.1/CompilerIdC) by extensions ['ignore', 'ignore_ament_install']
[0.133s] Level 1:colcon.colcon_core.package_identification:_identify(etc/test_ws/build/dongsoo_interfaces/CMakeFiles/3.22.1/CompilerIdC) by extension 'ignore'
[0.133s] Level 1:colcon.colcon_core.package_identification:_identify(etc/test_ws/build/dongsoo_interfaces/CMakeFiles/3.22.1/CompilerIdC) by extension 'ignore_ament_install'
[0.133s] Level 1:colcon.colcon_core.package_identification:_identify(etc/test_ws/build/dongsoo_interfaces/CMakeFiles/3.22.1/CompilerIdC) by extensions ['colcon_pkg']
[0.133s] Level 1:colcon.colcon_core.package_identification:_identify(etc/test_ws/build/dongsoo_interfaces/CMakeFiles/3.22.1/CompilerIdC) by extension 'colcon_pkg'
[0.133s] Level 1:colcon.colcon_core.package_identification:_identify(etc/test_ws/build/dongsoo_interfaces/CMakeFiles/3.22.1/CompilerIdC) by extensions ['colcon_meta']
[0.133s] Level 1:colcon.colcon_core.package_identification:_identify(etc/test_ws/build/dongsoo_interfaces/CMakeFiles/3.22.1/CompilerIdC) by extension 'colcon_meta'
[0.133s] Level 1:colcon.colcon_core.package_identification:_identify(etc/test_ws/build/dongsoo_interfaces/CMakeFiles/3.22.1/CompilerIdC) by extensions ['ros']
[0.133s] Level 1:colcon.colcon_core.package_identification:_identify(etc/test_ws/build/dongsoo_interfaces/CMakeFiles/3.22.1/CompilerIdC) by extension 'ros'
[0.133s] Level 1:colcon.colcon_core.package_identification:_identify(etc/test_ws/build/dongsoo_interfaces/CMakeFiles/3.22.1/CompilerIdC) by extensions ['cmake', 'python']
[0.133s] Level 1:colcon.colcon_core.package_identification:_identify(etc/test_ws/build/dongsoo_interfaces/CMakeFiles/3.22.1/CompilerIdC) by extension 'cmake'
[0.134s] Level 1:colcon.colcon_core.package_identification:_identify(etc/test_ws/build/dongsoo_interfaces/CMakeFiles/3.22.1/CompilerIdC) by extension 'python'
[0.134s] Level 1:colcon.colcon_core.package_identification:_identify(etc/test_ws/build/dongsoo_interfaces/CMakeFiles/3.22.1/CompilerIdC) by extensions ['python_setup_py']
[0.134s] Level 1:colcon.colcon_core.package_identification:_identify(etc/test_ws/build/dongsoo_interfaces/CMakeFiles/3.22.1/CompilerIdC) by extension 'python_setup_py'
[0.134s] Level 1:colcon.colcon_core.package_identification:_identify(etc/test_ws/build/dongsoo_interfaces/CMakeFiles/3.22.1/CompilerIdC/tmp) by extensions ['ignore', 'ignore_ament_install']
[0.134s] Level 1:colcon.colcon_core.package_identification:_identify(etc/test_ws/build/dongsoo_interfaces/CMakeFiles/3.22.1/CompilerIdC/tmp) by extension 'ignore'
[0.134s] Level 1:colcon.colcon_core.package_identification:_identify(etc/test_ws/build/dongsoo_interfaces/CMakeFiles/3.22.1/CompilerIdC/tmp) by extension 'ignore_ament_install'
[0.134s] Level 1:colcon.colcon_core.package_identification:_identify(etc/test_ws/build/dongsoo_interfaces/CMakeFiles/3.22.1/CompilerIdC/tmp) by extensions ['colcon_pkg']
[0.134s] Level 1:colcon.colcon_core.package_identification:_identify(etc/test_ws/build/dongsoo_interfaces/CMakeFiles/3.22.1/CompilerIdC/tmp) by extension 'colcon_pkg'
[0.134s] Level 1:colcon.colcon_core.package_identification:_identify(etc/test_ws/build/dongsoo_interfaces/CMakeFiles/3.22.1/CompilerIdC/tmp) by extensions ['colcon_meta']
[0.134s] Level 1:colcon.colcon_core.package_identification:_identify(etc/test_ws/build/dongsoo_interfaces/CMakeFiles/3.22.1/CompilerIdC/tmp) by extension 'colcon_meta'
[0.134s] Level 1:colcon.colcon_core.package_identification:_identify(etc/test_ws/build/dongsoo_interfaces/CMakeFiles/3.22.1/CompilerIdC/tmp) by extensions ['ros']
[0.134s] Level 1:colcon.colcon_core.package_identification:_identify(etc/test_ws/build/dongsoo_interfaces/CMakeFiles/3.22.1/CompilerIdC/tmp) by extension 'ros'
[0.134s] Level 1:colcon.colcon_core.package_identification:_identify(etc/test_ws/build/dongsoo_interfaces/CMakeFiles/3.22.1/CompilerIdC/tmp) by extensions ['cmake', 'python']
[0.134s] Level 1:colcon.colcon_core.package_identification:_identify(etc/test_ws/build/dongsoo_interfaces/CMakeFiles/3.22.1/CompilerIdC/tmp) by extension 'cmake'
[0.134s] Level 1:colcon.colcon_core.package_identification:_identify(etc/test_ws/build/dongsoo_interfaces/CMakeFiles/3.22.1/CompilerIdC/tmp) by extension 'python'
[0.134s] Level 1:colcon.colcon_core.package_identification:_identify(etc/test_ws/build/dongsoo_interfaces/CMakeFiles/3.22.1/CompilerIdC/tmp) by extensions ['python_setup_py']
[0.134s] Level 1:colcon.colcon_core.package_identification:_identify(etc/test_ws/build/dongsoo_interfaces/CMakeFiles/3.22.1/CompilerIdC/tmp) by extension 'python_setup_py'
[0.134s] Level 1:colcon.colcon_core.package_identification:_identify(etc/test_ws/build/dongsoo_interfaces/CMakeFiles/3.22.1/CompilerIdCXX) by extensions ['ignore', 'ignore_ament_install']
[0.134s] Level 1:colcon.colcon_core.package_identification:_identify(etc/test_ws/build/dongsoo_interfaces/CMakeFiles/3.22.1/CompilerIdCXX) by extension 'ignore'
[0.134s] Level 1:colcon.colcon_core.package_identification:_identify(etc/test_ws/build/dongsoo_interfaces/CMakeFiles/3.22.1/CompilerIdCXX) by extension 'ignore_ament_install'
[0.134s] Level 1:colcon.colcon_core.package_identification:_identify(etc/test_ws/build/dongsoo_interfaces/CMakeFiles/3.22.1/CompilerIdCXX) by extensions ['colcon_pkg']
[0.134s] Level 1:colcon.colcon_core.package_identification:_identify(etc/test_ws/build/dongsoo_interfaces/CMakeFiles/3.22.1/CompilerIdCXX) by extension 'colcon_pkg'
[0.134s] Level 1:colcon.colcon_core.package_identification:_identify(etc/test_ws/build/dongsoo_interfaces/CMakeFiles/3.22.1/CompilerIdCXX) by extensions ['colcon_meta']
[0.134s] Level 1:colcon.colcon_core.package_identification:_identify(etc/test_ws/build/dongsoo_interfaces/CMakeFiles/3.22.1/CompilerIdCXX) by extension 'colcon_meta'
[0.134s] Level 1:colcon.colcon_core.package_identification:_identify(etc/test_ws/build/dongsoo_interfaces/CMakeFiles/3.22.1/CompilerIdCXX) by extensions ['ros']
[0.134s] Level 1:colcon.colcon_core.package_identification:_identify(etc/test_ws/build/dongsoo_interfaces/CMakeFiles/3.22.1/CompilerIdCXX) by extension 'ros'
[0.134s] Level 1:colcon.colcon_core.package_identification:_identify(etc/test_ws/build/dongsoo_interfaces/CMakeFiles/3.22.1/CompilerIdCXX) by extensions ['cmake', 'python']
[0.134s] Level 1:colcon.colcon_core.package_identification:_identify(etc/test_ws/build/dongsoo_interfaces/CMakeFiles/3.22.1/CompilerIdCXX) by extension 'cmake'
[0.134s] Level 1:colcon.colcon_core.package_identification:_identify(etc/test_ws/build/dongsoo_interfaces/CMakeFiles/3.22.1/CompilerIdCXX) by extension 'python'
[0.134s] Level 1:colcon.colcon_core.package_identification:_identify(etc/test_ws/build/dongsoo_interfaces/CMakeFiles/3.22.1/CompilerIdCXX) by extensions ['python_setup_py']
[0.134s] Level 1:colcon.colcon_core.package_identification:_identify(etc/test_ws/build/dongsoo_interfaces/CMakeFiles/3.22.1/CompilerIdCXX) by extension 'python_setup_py'
[0.134s] Level 1:colcon.colcon_core.package_identification:_identify(etc/test_ws/build/dongsoo_interfaces/CMakeFiles/3.22.1/CompilerIdCXX/tmp) by extensions ['ignore', 'ignore_ament_install']
[0.134s] Level 1:colcon.colcon_core.package_identification:_identify(etc/test_ws/build/dongsoo_interfaces/CMakeFiles/3.22.1/CompilerIdCXX/tmp) by extension 'ignore'
[0.134s] Level 1:colcon.colcon_core.package_identification:_identify(etc/test_ws/build/dongsoo_interfaces/CMakeFiles/3.22.1/CompilerIdCXX/tmp) by extension 'ignore_ament_install'
[0.134s] Level 1:colcon.colcon_core.package_identification:_identify(etc/test_ws/build/dongsoo_interfaces/CMakeFiles/3.22.1/CompilerIdCXX/tmp) by extensions ['colcon_pkg']
[0.134s] Level 1:colcon.colcon_core.package_identification:_identify(etc/test_ws/build/dongsoo_interfaces/CMakeFiles/3.22.1/CompilerIdCXX/tmp) by extension 'colcon_pkg'
[0.134s] Level 1:colcon.colcon_core.package_identification:_identify(etc/test_ws/build/dongsoo_interfaces/CMakeFiles/3.22.1/CompilerIdCXX/tmp) by extensions ['colcon_meta']
[0.134s] Level 1:colcon.colcon_core.package_identification:_identify(etc/test_ws/build/dongsoo_interfaces/CMakeFiles/3.22.1/CompilerIdCXX/tmp) by extension 'colcon_meta'
[0.134s] Level 1:colcon.colcon_core.package_identification:_identify(etc/test_ws/build/dongsoo_interfaces/CMakeFiles/3.22.1/CompilerIdCXX/tmp) by extensions ['ros']
[0.134s] Level 1:colcon.colcon_core.package_identification:_identify(etc/test_ws/build/dongsoo_interfaces/CMakeFiles/3.22.1/CompilerIdCXX/tmp) by extension 'ros'
[0.134s] Level 1:colcon.colcon_core.package_identification:_identify(etc/test_ws/build/dongsoo_interfaces/CMakeFiles/3.22.1/CompilerIdCXX/tmp) by extensions ['cmake', 'python']
[0.134s] Level 1:colcon.colcon_core.package_identification:_identify(etc/test_ws/build/dongsoo_interfaces/CMakeFiles/3.22.1/CompilerIdCXX/tmp) by extension 'cmake'
[0.134s] Level 1:colcon.colcon_core.package_identification:_identify(etc/test_ws/build/dongsoo_interfaces/CMakeFiles/3.22.1/CompilerIdCXX/tmp) by extension 'python'
[0.134s] Level 1:colcon.colcon_core.package_identification:_identify(etc/test_ws/build/dongsoo_interfaces/CMakeFiles/3.22.1/CompilerIdCXX/tmp) by extensions ['python_setup_py']
[0.134s] Level 1:colcon.colcon_core.package_identification:_identify(etc/test_ws/build/dongsoo_interfaces/CMakeFiles/3.22.1/CompilerIdCXX/tmp) by extension 'python_setup_py'
[0.134s] Level 1:colcon.colcon_core.package_identification:_identify(etc/test_ws/build/dongsoo_interfaces/CMakeFiles/CMakeTmp) by extensions ['ignore', 'ignore_ament_install']
[0.134s] Level 1:colcon.colcon_core.package_identification:_identify(etc/test_ws/build/dongsoo_interfaces/CMakeFiles/CMakeTmp) by extension 'ignore'
[0.134s] Level 1:colcon.colcon_core.package_identification:_identify(etc/test_ws/build/dongsoo_interfaces/CMakeFiles/CMakeTmp) by extension 'ignore_ament_install'
[0.134s] Level 1:colcon.colcon_core.package_identification:_identify(etc/test_ws/build/dongsoo_interfaces/CMakeFiles/CMakeTmp) by extensions ['colcon_pkg']
[0.134s] Level 1:colcon.colcon_core.package_identification:_identify(etc/test_ws/build/dongsoo_interfaces/CMakeFiles/CMakeTmp) by extension 'colcon_pkg'
[0.134s] Level 1:colcon.colcon_core.package_identification:_identify(etc/test_ws/build/dongsoo_interfaces/CMakeFiles/CMakeTmp) by extensions ['colcon_meta']
[0.134s] Level 1:colcon.colcon_core.package_identification:_identify(etc/test_ws/build/dongsoo_interfaces/CMakeFiles/CMakeTmp) by extension 'colcon_meta'
[0.134s] Level 1:colcon.colcon_core.package_identification:_identify(etc/test_ws/build/dongsoo_interfaces/CMakeFiles/CMakeTmp) by extensions ['ros']
[0.134s] Level 1:colcon.colcon_core.package_identification:_identify(etc/test_ws/build/dongsoo_interfaces/CMakeFiles/CMakeTmp) by extension 'ros'
[0.134s] Level 1:colcon.colcon_core.package_identification:_identify(etc/test_ws/build/dongsoo_interfaces/CMakeFiles/CMakeTmp) by extensions ['cmake', 'python']
[0.134s] Level 1:colcon.colcon_core.package_identification:_identify(etc/test_ws/build/dongsoo_interfaces/CMakeFiles/CMakeTmp) by extension 'cmake'
[0.135s] Level 1:colcon.colcon_core.package_identification:_identify(etc/test_ws/build/dongsoo_interfaces/CMakeFiles/CMakeTmp) by extension 'python'
[0.135s] Level 1:colcon.colcon_core.package_identification:_identify(etc/test_ws/build/dongsoo_interfaces/CMakeFiles/CMakeTmp) by extensions ['python_setup_py']
[0.135s] Level 1:colcon.colcon_core.package_identification:_identify(etc/test_ws/build/dongsoo_interfaces/CMakeFiles/CMakeTmp) by extension 'python_setup_py'
[0.135s] Level 1:colcon.colcon_core.package_identification:_identify(etc/test_ws/install) by extensions ['ignore', 'ignore_ament_install']
[0.135s] Level 1:colcon.colcon_core.package_identification:_identify(etc/test_ws/install) by extension 'ignore'
[0.135s] Level 1:colcon.colcon_core.package_identification:_identify(etc/test_ws/install) by extension 'ignore_ament_install'
[0.135s] Level 1:colcon.colcon_core.package_identification:_identify(etc/test_ws/install) by extensions ['colcon_pkg']
[0.135s] Level 1:colcon.colcon_core.package_identification:_identify(etc/test_ws/install) by extension 'colcon_pkg'
[0.135s] Level 1:colcon.colcon_core.package_identification:_identify(etc/test_ws/install) by extensions ['colcon_meta']
[0.135s] Level 1:colcon.colcon_core.package_identification:_identify(etc/test_ws/install) by extension 'colcon_meta'
[0.135s] Level 1:colcon.colcon_core.package_identification:_identify(etc/test_ws/install) by extensions ['ros']
[0.135s] Level 1:colcon.colcon_core.package_identification:_identify(etc/test_ws/install) by extension 'ros'
[0.135s] Level 1:colcon.colcon_core.package_identification:_identify(etc/test_ws/install) by extensions ['cmake', 'python']
[0.135s] Level 1:colcon.colcon_core.package_identification:_identify(etc/test_ws/install) by extension 'cmake'
[0.135s] Level 1:colcon.colcon_core.package_identification:_identify(etc/test_ws/install) by extension 'python'
[0.135s] Level 1:colcon.colcon_core.package_identification:_identify(etc/test_ws/install) by extensions ['python_setup_py']
[0.135s] Level 1:colcon.colcon_core.package_identification:_identify(etc/test_ws/install) by extension 'python_setup_py'
[0.135s] Level 1:colcon.colcon_core.package_identification:_identify(etc/test_ws/install/dongsoo_interfaces) by extensions ['ignore', 'ignore_ament_install']
[0.135s] Level 1:colcon.colcon_core.package_identification:_identify(etc/test_ws/install/dongsoo_interfaces) by extension 'ignore'
[0.135s] Level 1:colcon.colcon_core.package_identification:_identify(etc/test_ws/install/dongsoo_interfaces) by extension 'ignore_ament_install'
[0.135s] Level 1:colcon.colcon_core.package_identification:_identify(etc/test_ws/install/dongsoo_interfaces) by extensions ['colcon_pkg']
[0.135s] Level 1:colcon.colcon_core.package_identification:_identify(etc/test_ws/install/dongsoo_interfaces) by extension 'colcon_pkg'
[0.135s] Level 1:colcon.colcon_core.package_identification:_identify(etc/test_ws/install/dongsoo_interfaces) by extensions ['colcon_meta']
[0.135s] Level 1:colcon.colcon_core.package_identification:_identify(etc/test_ws/install/dongsoo_interfaces) by extension 'colcon_meta'
[0.135s] Level 1:colcon.colcon_core.package_identification:_identify(etc/test_ws/install/dongsoo_interfaces) by extensions ['ros']
[0.135s] Level 1:colcon.colcon_core.package_identification:_identify(etc/test_ws/install/dongsoo_interfaces) by extension 'ros'
[0.135s] Level 1:colcon.colcon_core.package_identification:_identify(etc/test_ws/install/dongsoo_interfaces) by extensions ['cmake', 'python']
[0.135s] Level 1:colcon.colcon_core.package_identification:_identify(etc/test_ws/install/dongsoo_interfaces) by extension 'cmake'
[0.135s] Level 1:colcon.colcon_core.package_identification:_identify(etc/test_ws/install/dongsoo_interfaces) by extension 'python'
[0.135s] Level 1:colcon.colcon_core.package_identification:_identify(etc/test_ws/install/dongsoo_interfaces) by extensions ['python_setup_py']
[0.135s] Level 1:colcon.colcon_core.package_identification:_identify(etc/test_ws/install/dongsoo_interfaces) by extension 'python_setup_py'
[0.135s] Level 1:colcon.colcon_core.package_identification:_identify(etc/test_ws/install/dongsoo_interfaces/include) by extensions ['ignore', 'ignore_ament_install']
[0.135s] Level 1:colcon.colcon_core.package_identification:_identify(etc/test_ws/install/dongsoo_interfaces/include) by extension 'ignore'
[0.135s] Level 1:colcon.colcon_core.package_identification:_identify(etc/test_ws/install/dongsoo_interfaces/include) by extension 'ignore_ament_install'
[0.135s] Level 1:colcon.colcon_core.package_identification:_identify(etc/test_ws/install/dongsoo_interfaces/include) by extensions ['colcon_pkg']
[0.135s] Level 1:colcon.colcon_core.package_identification:_identify(etc/test_ws/install/dongsoo_interfaces/include) by extension 'colcon_pkg'
[0.135s] Level 1:colcon.colcon_core.package_identification:_identify(etc/test_ws/install/dongsoo_interfaces/include) by extensions ['colcon_meta']
[0.135s] Level 1:colcon.colcon_core.package_identification:_identify(etc/test_ws/install/dongsoo_interfaces/include) by extension 'colcon_meta'
[0.135s] Level 1:colcon.colcon_core.package_identification:_identify(etc/test_ws/install/dongsoo_interfaces/include) by extensions ['ros']
[0.135s] Level 1:colcon.colcon_core.package_identification:_identify(etc/test_ws/install/dongsoo_interfaces/include) by extension 'ros'
[0.135s] Level 1:colcon.colcon_core.package_identification:_identify(etc/test_ws/install/dongsoo_interfaces/include) by extensions ['cmake', 'python']
[0.135s] Level 1:colcon.colcon_core.package_identification:_identify(etc/test_ws/install/dongsoo_interfaces/include) by extension 'cmake'
[0.135s] Level 1:colcon.colcon_core.package_identification:_identify(etc/test_ws/install/dongsoo_interfaces/include) by extension 'python'
[0.135s] Level 1:colcon.colcon_core.package_identification:_identify(etc/test_ws/install/dongsoo_interfaces/include) by extensions ['python_setup_py']
[0.135s] Level 1:colcon.colcon_core.package_identification:_identify(etc/test_ws/install/dongsoo_interfaces/include) by extension 'python_setup_py'
[0.135s] Level 1:colcon.colcon_core.package_identification:_identify(etc/test_ws/install/dongsoo_interfaces/include/dongsoo_interfaces) by extensions ['ignore', 'ignore_ament_install']
[0.135s] Level 1:colcon.colcon_core.package_identification:_identify(etc/test_ws/install/dongsoo_interfaces/include/dongsoo_interfaces) by extension 'ignore'
[0.135s] Level 1:colcon.colcon_core.package_identification:_identify(etc/test_ws/install/dongsoo_interfaces/include/dongsoo_interfaces) by extension 'ignore_ament_install'
[0.135s] Level 1:colcon.colcon_core.package_identification:_identify(etc/test_ws/install/dongsoo_interfaces/include/dongsoo_interfaces) by extensions ['colcon_pkg']
[0.135s] Level 1:colcon.colcon_core.package_identification:_identify(etc/test_ws/install/dongsoo_interfaces/include/dongsoo_interfaces) by extension 'colcon_pkg'
[0.135s] Level 1:colcon.colcon_core.package_identification:_identify(etc/test_ws/install/dongsoo_interfaces/include/dongsoo_interfaces) by extensions ['colcon_meta']
[0.135s] Level 1:colcon.colcon_core.package_identification:_identify(etc/test_ws/install/dongsoo_interfaces/include/dongsoo_interfaces) by extension 'colcon_meta'
[0.135s] Level 1:colcon.colcon_core.package_identification:_identify(etc/test_ws/install/dongsoo_interfaces/include/dongsoo_interfaces) by extensions ['ros']
[0.135s] Level 1:colcon.colcon_core.package_identification:_identify(etc/test_ws/install/dongsoo_interfaces/include/dongsoo_interfaces) by extension 'ros'
[0.135s] Level 1:colcon.colcon_core.package_identification:_identify(etc/test_ws/install/dongsoo_interfaces/include/dongsoo_interfaces) by extensions ['cmake', 'python']
[0.135s] Level 1:colcon.colcon_core.package_identification:_identify(etc/test_ws/install/dongsoo_interfaces/include/dongsoo_interfaces) by extension 'cmake'
[0.135s] Level 1:colcon.colcon_core.package_identification:_identify(etc/test_ws/install/dongsoo_interfaces/include/dongsoo_interfaces) by extension 'python'
[0.135s] Level 1:colcon.colcon_core.package_identification:_identify(etc/test_ws/install/dongsoo_interfaces/include/dongsoo_interfaces) by extensions ['python_setup_py']
[0.135s] Level 1:colcon.colcon_core.package_identification:_identify(etc/test_ws/install/dongsoo_interfaces/include/dongsoo_interfaces) by extension 'python_setup_py'
[0.136s] Level 1:colcon.colcon_core.package_identification:_identify(etc/test_ws/install/dongsoo_interfaces/include/dongsoo_interfaces/dongsoo_interfaces) by extensions ['ignore', 'ignore_ament_install']
[0.136s] Level 1:colcon.colcon_core.package_identification:_identify(etc/test_ws/install/dongsoo_interfaces/include/dongsoo_interfaces/dongsoo_interfaces) by extension 'ignore'
[0.136s] Level 1:colcon.colcon_core.package_identification:_identify(etc/test_ws/install/dongsoo_interfaces/include/dongsoo_interfaces/dongsoo_interfaces) by extension 'ignore_ament_install'
[0.136s] Level 1:colcon.colcon_core.package_identification:_identify(etc/test_ws/install/dongsoo_interfaces/include/dongsoo_interfaces/dongsoo_interfaces) by extensions ['colcon_pkg']
[0.136s] Level 1:colcon.colcon_core.package_identification:_identify(etc/test_ws/install/dongsoo_interfaces/include/dongsoo_interfaces/dongsoo_interfaces) by extension 'colcon_pkg'
[0.136s] Level 1:colcon.colcon_core.package_identification:_identify(etc/test_ws/install/dongsoo_interfaces/include/dongsoo_interfaces/dongsoo_interfaces) by extensions ['colcon_meta']
[0.136s] Level 1:colcon.colcon_core.package_identification:_identify(etc/test_ws/install/dongsoo_interfaces/include/dongsoo_interfaces/dongsoo_interfaces) by extension 'colcon_meta'
[0.136s] Level 1:colcon.colcon_core.package_identification:_identify(etc/test_ws/install/dongsoo_interfaces/include/dongsoo_interfaces/dongsoo_interfaces) by extensions ['ros']
[0.136s] Level 1:colcon.colcon_core.package_identification:_identify(etc/test_ws/install/dongsoo_interfaces/include/dongsoo_interfaces/dongsoo_interfaces) by extension 'ros'
[0.136s] Level 1:colcon.colcon_core.package_identification:_identify(etc/test_ws/install/dongsoo_interfaces/include/dongsoo_interfaces/dongsoo_interfaces) by extensions ['cmake', 'python']
[0.136s] Level 1:colcon.colcon_core.package_identification:_identify(etc/test_ws/install/dongsoo_interfaces/include/dongsoo_interfaces/dongsoo_interfaces) by extension 'cmake'
[0.136s] Level 1:colcon.colcon_core.package_identification:_identify(etc/test_ws/install/dongsoo_interfaces/include/dongsoo_interfaces/dongsoo_interfaces) by extension 'python'
[0.136s] Level 1:colcon.colcon_core.package_identification:_identify(etc/test_ws/install/dongsoo_interfaces/include/dongsoo_interfaces/dongsoo_interfaces) by extensions ['python_setup_py']
[0.136s] Level 1:colcon.colcon_core.package_identification:_identify(etc/test_ws/install/dongsoo_interfaces/include/dongsoo_interfaces/dongsoo_interfaces) by extension 'python_setup_py'
[0.136s] Level 1:colcon.colcon_core.package_identification:_identify(etc/test_ws/install/dongsoo_interfaces/include/dongsoo_interfaces/dongsoo_interfaces/msg) by extensions ['ignore', 'ignore_ament_install']
[0.136s] Level 1:colcon.colcon_core.package_identification:_identify(etc/test_ws/install/dongsoo_interfaces/include/dongsoo_interfaces/dongsoo_interfaces/msg) by extension 'ignore'
[0.136s] Level 1:colcon.colcon_core.package_identification:_identify(etc/test_ws/install/dongsoo_interfaces/include/dongsoo_interfaces/dongsoo_interfaces/msg) by extension 'ignore_ament_install'
[0.136s] Level 1:colcon.colcon_core.package_identification:_identify(etc/test_ws/install/dongsoo_interfaces/include/dongsoo_interfaces/dongsoo_interfaces/msg) by extensions ['colcon_pkg']
[0.136s] Level 1:colcon.colcon_core.package_identification:_identify(etc/test_ws/install/dongsoo_interfaces/include/dongsoo_interfaces/dongsoo_interfaces/msg) by extension 'colcon_pkg'
[0.136s] Level 1:colcon.colcon_core.package_identification:_identify(etc/test_ws/install/dongsoo_interfaces/include/dongsoo_interfaces/dongsoo_interfaces/msg) by extensions ['colcon_meta']
[0.136s] Level 1:colcon.colcon_core.package_identification:_identify(etc/test_ws/install/dongsoo_interfaces/include/dongsoo_interfaces/dongsoo_interfaces/msg) by extension 'colcon_meta'
[0.136s] Level 1:colcon.colcon_core.package_identification:_identify(etc/test_ws/install/dongsoo_interfaces/include/dongsoo_interfaces/dongsoo_interfaces/msg) by extensions ['ros']
[0.136s] Level 1:colcon.colcon_core.package_identification:_identify(etc/test_ws/install/dongsoo_interfaces/include/dongsoo_interfaces/dongsoo_interfaces/msg) by extension 'ros'
[0.136s] Level 1:colcon.colcon_core.package_identification:_identify(etc/test_ws/install/dongsoo_interfaces/include/dongsoo_interfaces/dongsoo_interfaces/msg) by extensions ['cmake', 'python']
[0.136s] Level 1:colcon.colcon_core.package_identification:_identify(etc/test_ws/install/dongsoo_interfaces/include/dongsoo_interfaces/dongsoo_interfaces/msg) by extension 'cmake'
[0.136s] Level 1:colcon.colcon_core.package_identification:_identify(etc/test_ws/install/dongsoo_interfaces/include/dongsoo_interfaces/dongsoo_interfaces/msg) by extension 'python'
[0.136s] Level 1:colcon.colcon_core.package_identification:_identify(etc/test_ws/install/dongsoo_interfaces/include/dongsoo_interfaces/dongsoo_interfaces/msg) by extensions ['python_setup_py']
[0.136s] Level 1:colcon.colcon_core.package_identification:_identify(etc/test_ws/install/dongsoo_interfaces/include/dongsoo_interfaces/dongsoo_interfaces/msg) by extension 'python_setup_py'
[0.136s] Level 1:colcon.colcon_core.package_identification:_identify(etc/test_ws/install/dongsoo_interfaces/include/dongsoo_interfaces/dongsoo_interfaces/msg/detail) by extensions ['ignore', 'ignore_ament_install']
[0.136s] Level 1:colcon.colcon_core.package_identification:_identify(etc/test_ws/install/dongsoo_interfaces/include/dongsoo_interfaces/dongsoo_interfaces/msg/detail) by extension 'ignore'
[0.136s] Level 1:colcon.colcon_core.package_identification:_identify(etc/test_ws/install/dongsoo_interfaces/include/dongsoo_interfaces/dongsoo_interfaces/msg/detail) by extension 'ignore_ament_install'
[0.136s] Level 1:colcon.colcon_core.package_identification:_identify(etc/test_ws/install/dongsoo_interfaces/include/dongsoo_interfaces/dongsoo_interfaces/msg/detail) by extensions ['colcon_pkg']
[0.136s] Level 1:colcon.colcon_core.package_identification:_identify(etc/test_ws/install/dongsoo_interfaces/include/dongsoo_interfaces/dongsoo_interfaces/msg/detail) by extension 'colcon_pkg'
[0.136s] Level 1:colcon.colcon_core.package_identification:_identify(etc/test_ws/install/dongsoo_interfaces/include/dongsoo_interfaces/dongsoo_interfaces/msg/detail) by extensions ['colcon_meta']
[0.136s] Level 1:colcon.colcon_core.package_identification:_identify(etc/test_ws/install/dongsoo_interfaces/include/dongsoo_interfaces/dongsoo_interfaces/msg/detail) by extension 'colcon_meta'
[0.136s] Level 1:colcon.colcon_core.package_identification:_identify(etc/test_ws/install/dongsoo_interfaces/include/dongsoo_interfaces/dongsoo_interfaces/msg/detail) by extensions ['ros']
[0.136s] Level 1:colcon.colcon_core.package_identification:_identify(etc/test_ws/install/dongsoo_interfaces/include/dongsoo_interfaces/dongsoo_interfaces/msg/detail) by extension 'ros'
[0.136s] Level 1:colcon.colcon_core.package_identification:_identify(etc/test_ws/install/dongsoo_interfaces/include/dongsoo_interfaces/dongsoo_interfaces/msg/detail) by extensions ['cmake', 'python']
[0.136s] Level 1:colcon.colcon_core.package_identification:_identify(etc/test_ws/install/dongsoo_interfaces/include/dongsoo_interfaces/dongsoo_interfaces/msg/detail) by extension 'cmake'
[0.136s] Level 1:colcon.colcon_core.package_identification:_identify(etc/test_ws/install/dongsoo_interfaces/include/dongsoo_interfaces/dongsoo_interfaces/msg/detail) by extension 'python'
[0.136s] Level 1:colcon.colcon_core.package_identification:_identify(etc/test_ws/install/dongsoo_interfaces/include/dongsoo_interfaces/dongsoo_interfaces/msg/detail) by extensions ['python_setup_py']
[0.136s] Level 1:colcon.colcon_core.package_identification:_identify(etc/test_ws/install/dongsoo_interfaces/include/dongsoo_interfaces/dongsoo_interfaces/msg/detail) by extension 'python_setup_py'
[0.136s] Level 1:colcon.colcon_core.package_identification:_identify(etc/test_ws/install/dongsoo_interfaces/include/dongsoo_interfaces/dongsoo_interfaces/msg/detail/dds_fastrtps) by extensions ['ignore', 'ignore_ament_install']
[0.136s] Level 1:colcon.colcon_core.package_identification:_identify(etc/test_ws/install/dongsoo_interfaces/include/dongsoo_interfaces/dongsoo_interfaces/msg/detail/dds_fastrtps) by extension 'ignore'
[0.136s] Level 1:colcon.colcon_core.package_identification:_identify(etc/test_ws/install/dongsoo_interfaces/include/dongsoo_interfaces/dongsoo_interfaces/msg/detail/dds_fastrtps) by extension 'ignore_ament_install'
[0.136s] Level 1:colcon.colcon_core.package_identification:_identify(etc/test_ws/install/dongsoo_interfaces/include/dongsoo_interfaces/dongsoo_interfaces/msg/detail/dds_fastrtps) by extensions ['colcon_pkg']
[0.136s] Level 1:colcon.colcon_core.package_identification:_identify(etc/test_ws/install/dongsoo_interfaces/include/dongsoo_interfaces/dongsoo_interfaces/msg/detail/dds_fastrtps) by extension 'colcon_pkg'
[0.136s] Level 1:colcon.colcon_core.package_identification:_identify(etc/test_ws/install/dongsoo_interfaces/include/dongsoo_interfaces/dongsoo_interfaces/msg/detail/dds_fastrtps) by extensions ['colcon_meta']
[0.136s] Level 1:colcon.colcon_core.package_identification:_identify(etc/test_ws/install/dongsoo_interfaces/include/dongsoo_interfaces/dongsoo_interfaces/msg/detail/dds_fastrtps) by extension 'colcon_meta'
[0.136s] Level 1:colcon.colcon_core.package_identification:_identify(etc/test_ws/install/dongsoo_interfaces/include/dongsoo_interfaces/dongsoo_interfaces/msg/detail/dds_fastrtps) by extensions ['ros']
[0.136s] Level 1:colcon.colcon_core.package_identification:_identify(etc/test_ws/install/dongsoo_interfaces/include/dongsoo_interfaces/dongsoo_interfaces/msg/detail/dds_fastrtps) by extension 'ros'
[0.136s] Level 1:colcon.colcon_core.package_identification:_identify(etc/test_ws/install/dongsoo_interfaces/include/dongsoo_interfaces/dongsoo_interfaces/msg/detail/dds_fastrtps) by extensions ['cmake', 'python']
[0.136s] Level 1:colcon.colcon_core.package_identification:_identify(etc/test_ws/install/dongsoo_interfaces/include/dongsoo_interfaces/dongsoo_interfaces/msg/detail/dds_fastrtps) by extension 'cmake'
[0.136s] Level 1:colcon.colcon_core.package_identification:_identify(etc/test_ws/install/dongsoo_interfaces/include/dongsoo_interfaces/dongsoo_interfaces/msg/detail/dds_fastrtps) by extension 'python'
[0.137s] Level 1:colcon.colcon_core.package_identification:_identify(etc/test_ws/install/dongsoo_interfaces/include/dongsoo_interfaces/dongsoo_interfaces/msg/detail/dds_fastrtps) by extensions ['python_setup_py']
[0.137s] Level 1:colcon.colcon_core.package_identification:_identify(etc/test_ws/install/dongsoo_interfaces/include/dongsoo_interfaces/dongsoo_interfaces/msg/detail/dds_fastrtps) by extension 'python_setup_py'
[0.137s] Level 1:colcon.colcon_core.package_identification:_identify(etc/test_ws/install/dongsoo_interfaces/include/dongsoo_interfaces/dongsoo_interfaces/srv) by extensions ['ignore', 'ignore_ament_install']
[0.137s] Level 1:colcon.colcon_core.package_identification:_identify(etc/test_ws/install/dongsoo_interfaces/include/dongsoo_interfaces/dongsoo_interfaces/srv) by extension 'ignore'
[0.137s] Level 1:colcon.colcon_core.package_identification:_identify(etc/test_ws/install/dongsoo_interfaces/include/dongsoo_interfaces/dongsoo_interfaces/srv) by extension 'ignore_ament_install'
[0.137s] Level 1:colcon.colcon_core.package_identification:_identify(etc/test_ws/install/dongsoo_interfaces/include/dongsoo_interfaces/dongsoo_interfaces/srv) by extensions ['colcon_pkg']
[0.137s] Level 1:colcon.colcon_core.package_identification:_identify(etc/test_ws/install/dongsoo_interfaces/include/dongsoo_interfaces/dongsoo_interfaces/srv) by extension 'colcon_pkg'
[0.137s] Level 1:colcon.colcon_core.package_identification:_identify(etc/test_ws/install/dongsoo_interfaces/include/dongsoo_interfaces/dongsoo_interfaces/srv) by extensions ['colcon_meta']
[0.137s] Level 1:colcon.colcon_core.package_identification:_identify(etc/test_ws/install/dongsoo_interfaces/include/dongsoo_interfaces/dongsoo_interfaces/srv) by extension 'colcon_meta'
[0.137s] Level 1:colcon.colcon_core.package_identification:_identify(etc/test_ws/install/dongsoo_interfaces/include/dongsoo_interfaces/dongsoo_interfaces/srv) by extensions ['ros']
[0.137s] Level 1:colcon.colcon_core.package_identification:_identify(etc/test_ws/install/dongsoo_interfaces/include/dongsoo_interfaces/dongsoo_interfaces/srv) by extension 'ros'
[0.137s] Level 1:colcon.colcon_core.package_identification:_identify(etc/test_ws/install/dongsoo_interfaces/include/dongsoo_interfaces/dongsoo_interfaces/srv) by extensions ['cmake', 'python']
[0.137s] Level 1:colcon.colcon_core.package_identification:_identify(etc/test_ws/install/dongsoo_interfaces/include/dongsoo_interfaces/dongsoo_interfaces/srv) by extension 'cmake'
[0.137s] Level 1:colcon.colcon_core.package_identification:_identify(etc/test_ws/install/dongsoo_interfaces/include/dongsoo_interfaces/dongsoo_interfaces/srv) by extension 'python'
[0.137s] Level 1:colcon.colcon_core.package_identification:_identify(etc/test_ws/install/dongsoo_interfaces/include/dongsoo_interfaces/dongsoo_interfaces/srv) by extensions ['python_setup_py']
[0.137s] Level 1:colcon.colcon_core.package_identification:_identify(etc/test_ws/install/dongsoo_interfaces/include/dongsoo_interfaces/dongsoo_interfaces/srv) by extension 'python_setup_py'
[0.137s] Level 1:colcon.colcon_core.package_identification:_identify(etc/test_ws/install/dongsoo_interfaces/include/dongsoo_interfaces/dongsoo_interfaces/srv/detail) by extensions ['ignore', 'ignore_ament_install']
[0.137s] Level 1:colcon.colcon_core.package_identification:_identify(etc/test_ws/install/dongsoo_interfaces/include/dongsoo_interfaces/dongsoo_interfaces/srv/detail) by extension 'ignore'
[0.137s] Level 1:colcon.colcon_core.package_identification:_identify(etc/test_ws/install/dongsoo_interfaces/include/dongsoo_interfaces/dongsoo_interfaces/srv/detail) by extension 'ignore_ament_install'
[0.137s] Level 1:colcon.colcon_core.package_identification:_identify(etc/test_ws/install/dongsoo_interfaces/include/dongsoo_interfaces/dongsoo_interfaces/srv/detail) by extensions ['colcon_pkg']
[0.137s] Level 1:colcon.colcon_core.package_identification:_identify(etc/test_ws/install/dongsoo_interfaces/include/dongsoo_interfaces/dongsoo_interfaces/srv/detail) by extension 'colcon_pkg'
[0.137s] Level 1:colcon.colcon_core.package_identification:_identify(etc/test_ws/install/dongsoo_interfaces/include/dongsoo_interfaces/dongsoo_interfaces/srv/detail) by extensions ['colcon_meta']
[0.137s] Level 1:colcon.colcon_core.package_identification:_identify(etc/test_ws/install/dongsoo_interfaces/include/dongsoo_interfaces/dongsoo_interfaces/srv/detail) by extension 'colcon_meta'
[0.137s] Level 1:colcon.colcon_core.package_identification:_identify(etc/test_ws/install/dongsoo_interfaces/include/dongsoo_interfaces/dongsoo_interfaces/srv/detail) by extensions ['ros']
[0.137s] Level 1:colcon.colcon_core.package_identification:_identify(etc/test_ws/install/dongsoo_interfaces/include/dongsoo_interfaces/dongsoo_interfaces/srv/detail) by extension 'ros'
[0.137s] Level 1:colcon.colcon_core.package_identification:_identify(etc/test_ws/install/dongsoo_interfaces/include/dongsoo_interfaces/dongsoo_interfaces/srv/detail) by extensions ['cmake', 'python']
[0.137s] Level 1:colcon.colcon_core.package_identification:_identify(etc/test_ws/install/dongsoo_interfaces/include/dongsoo_interfaces/dongsoo_interfaces/srv/detail) by extension 'cmake'
[0.137s] Level 1:colcon.colcon_core.package_identification:_identify(etc/test_ws/install/dongsoo_interfaces/include/dongsoo_interfaces/dongsoo_interfaces/srv/detail) by extension 'python'
[0.137s] Level 1:colcon.colcon_core.package_identification:_identify(etc/test_ws/install/dongsoo_interfaces/include/dongsoo_interfaces/dongsoo_interfaces/srv/detail) by extensions ['python_setup_py']
[0.137s] Level 1:colcon.colcon_core.package_identification:_identify(etc/test_ws/install/dongsoo_interfaces/include/dongsoo_interfaces/dongsoo_interfaces/srv/detail) by extension 'python_setup_py'
[0.137s] Level 1:colcon.colcon_core.package_identification:_identify(etc/test_ws/install/dongsoo_interfaces/include/dongsoo_interfaces/dongsoo_interfaces/srv/detail/dds_fastrtps) by extensions ['ignore', 'ignore_ament_install']
[0.137s] Level 1:colcon.colcon_core.package_identification:_identify(etc/test_ws/install/dongsoo_interfaces/include/dongsoo_interfaces/dongsoo_interfaces/srv/detail/dds_fastrtps) by extension 'ignore'
[0.137s] Level 1:colcon.colcon_core.package_identification:_identify(etc/test_ws/install/dongsoo_interfaces/include/dongsoo_interfaces/dongsoo_interfaces/srv/detail/dds_fastrtps) by extension 'ignore_ament_install'
[0.137s] Level 1:colcon.colcon_core.package_identification:_identify(etc/test_ws/install/dongsoo_interfaces/include/dongsoo_interfaces/dongsoo_interfaces/srv/detail/dds_fastrtps) by extensions ['colcon_pkg']
[0.137s] Level 1:colcon.colcon_core.package_identification:_identify(etc/test_ws/install/dongsoo_interfaces/include/dongsoo_interfaces/dongsoo_interfaces/srv/detail/dds_fastrtps) by extension 'colcon_pkg'
[0.137s] Level 1:colcon.colcon_core.package_identification:_identify(etc/test_ws/install/dongsoo_interfaces/include/dongsoo_interfaces/dongsoo_interfaces/srv/detail/dds_fastrtps) by extensions ['colcon_meta']
[0.137s] Level 1:colcon.colcon_core.package_identification:_identify(etc/test_ws/install/dongsoo_interfaces/include/dongsoo_interfaces/dongsoo_interfaces/srv/detail/dds_fastrtps) by extension 'colcon_meta'
[0.137s] Level 1:colcon.colcon_core.package_identification:_identify(etc/test_ws/install/dongsoo_interfaces/include/dongsoo_interfaces/dongsoo_interfaces/srv/detail/dds_fastrtps) by extensions ['ros']
[0.137s] Level 1:colcon.colcon_core.package_identification:_identify(etc/test_ws/install/dongsoo_interfaces/include/dongsoo_interfaces/dongsoo_interfaces/srv/detail/dds_fastrtps) by extension 'ros'
[0.137s] Level 1:colcon.colcon_core.package_identification:_identify(etc/test_ws/install/dongsoo_interfaces/include/dongsoo_interfaces/dongsoo_interfaces/srv/detail/dds_fastrtps) by extensions ['cmake', 'python']
[0.137s] Level 1:colcon.colcon_core.package_identification:_identify(etc/test_ws/install/dongsoo_interfaces/include/dongsoo_interfaces/dongsoo_interfaces/srv/detail/dds_fastrtps) by extension 'cmake'
[0.137s] Level 1:colcon.colcon_core.package_identification:_identify(etc/test_ws/install/dongsoo_interfaces/include/dongsoo_interfaces/dongsoo_interfaces/srv/detail/dds_fastrtps) by extension 'python'
[0.137s] Level 1:colcon.colcon_core.package_identification:_identify(etc/test_ws/install/dongsoo_interfaces/include/dongsoo_interfaces/dongsoo_interfaces/srv/detail/dds_fastrtps) by extensions ['python_setup_py']
[0.137s] Level 1:colcon.colcon_core.package_identification:_identify(etc/test_ws/install/dongsoo_interfaces/include/dongsoo_interfaces/dongsoo_interfaces/srv/detail/dds_fastrtps) by extension 'python_setup_py'
[0.137s] Level 1:colcon.colcon_core.package_identification:_identify(install) by extensions ['ignore', 'ignore_ament_install']
[0.137s] Level 1:colcon.colcon_core.package_identification:_identify(install) by extension 'ignore'
[0.137s] Level 1:colcon.colcon_core.package_identification:_identify(install) ignored
[0.137s] Level 1:colcon.colcon_core.package_identification:_identify(log) by extensions ['ignore', 'ignore_ament_install']
[0.137s] Level 1:colcon.colcon_core.package_identification:_identify(log) by extension 'ignore'
[0.137s] Level 1:colcon.colcon_core.package_identification:_identify(log) ignored
[0.137s] Level 1:colcon.colcon_core.package_identification:_identify(src) by extensions ['ignore', 'ignore_ament_install']
[0.137s] Level 1:colcon.colcon_core.package_identification:_identify(src) by extension 'ignore'
[0.138s] Level 1:colcon.colcon_core.package_identification:_identify(src) by extension 'ignore_ament_install'
[0.138s] Level 1:colcon.colcon_core.package_identification:_identify(src) by extensions ['colcon_pkg']
[0.138s] Level 1:colcon.colcon_core.package_identification:_identify(src) by extension 'colcon_pkg'
[0.138s] Level 1:colcon.colcon_core.package_identification:_identify(src) by extensions ['colcon_meta']
[0.138s] Level 1:colcon.colcon_core.package_identification:_identify(src) by extension 'colcon_meta'
[0.138s] Level 1:colcon.colcon_core.package_identification:_identify(src) by extensions ['ros']
[0.138s] Level 1:colcon.colcon_core.package_identification:_identify(src) by extension 'ros'
[0.138s] Level 1:colcon.colcon_core.package_identification:_identify(src) by extensions ['cmake', 'python']
[0.138s] Level 1:colcon.colcon_core.package_identification:_identify(src) by extension 'cmake'
[0.138s] Level 1:colcon.colcon_core.package_identification:_identify(src) by extension 'python'
[0.138s] Level 1:colcon.colcon_core.package_identification:_identify(src) by extensions ['python_setup_py']
[0.138s] Level 1:colcon.colcon_core.package_identification:_identify(src) by extension 'python_setup_py'
[0.138s] Level 1:colcon.colcon_core.package_identification:_identify(src/zeus_controller) by extensions ['ignore', 'ignore_ament_install']
[0.138s] Level 1:colcon.colcon_core.package_identification:_identify(src/zeus_controller) by extension 'ignore'
[0.138s] Level 1:colcon.colcon_core.package_identification:_identify(src/zeus_controller) by extension 'ignore_ament_install'
[0.138s] Level 1:colcon.colcon_core.package_identification:_identify(src/zeus_controller) by extensions ['colcon_pkg']
[0.138s] Level 1:colcon.colcon_core.package_identification:_identify(src/zeus_controller) by extension 'colcon_pkg'
[0.138s] Level 1:colcon.colcon_core.package_identification:_identify(src/zeus_controller) by extensions ['colcon_meta']
[0.138s] Level 1:colcon.colcon_core.package_identification:_identify(src/zeus_controller) by extension 'colcon_meta'
[0.138s] Level 1:colcon.colcon_core.package_identification:_identify(src/zeus_controller) by extensions ['ros']
[0.138s] Level 1:colcon.colcon_core.package_identification:_identify(src/zeus_controller) by extension 'ros'
[0.139s] DEBUG:colcon.colcon_core.package_identification:Package 'src/zeus_controller' with type 'ros.ament_python' and name 'zeus_controller'
[0.139s] Level 1:colcon.colcon_core.package_identification:_identify(src/zeus_description) by extensions ['ignore', 'ignore_ament_install']
[0.139s] Level 1:colcon.colcon_core.package_identification:_identify(src/zeus_description) by extension 'ignore'
[0.139s] Level 1:colcon.colcon_core.package_identification:_identify(src/zeus_description) by extension 'ignore_ament_install'
[0.139s] Level 1:colcon.colcon_core.package_identification:_identify(src/zeus_description) by extensions ['colcon_pkg']
[0.139s] Level 1:colcon.colcon_core.package_identification:_identify(src/zeus_description) by extension 'colcon_pkg'
[0.139s] Level 1:colcon.colcon_core.package_identification:_identify(src/zeus_description) by extensions ['colcon_meta']
[0.139s] Level 1:colcon.colcon_core.package_identification:_identify(src/zeus_description) by extension 'colcon_meta'
[0.139s] Level 1:colcon.colcon_core.package_identification:_identify(src/zeus_description) by extensions ['ros']
[0.139s] Level 1:colcon.colcon_core.package_identification:_identify(src/zeus_description) by extension 'ros'
[0.139s] DEBUG:colcon.colcon_core.package_identification:Package 'src/zeus_description' with type 'ros.ament_cmake' and name 'zeus_description'
[0.139s] Level 1:colcon.colcon_core.package_identification:_identify(src/zeus_interfaces) by extensions ['ignore', 'ignore_ament_install']
[0.139s] Level 1:colcon.colcon_core.package_identification:_identify(src/zeus_interfaces) by extension 'ignore'
[0.139s] Level 1:colcon.colcon_core.package_identification:_identify(src/zeus_interfaces) by extension 'ignore_ament_install'
[0.139s] Level 1:colcon.colcon_core.package_identification:_identify(src/zeus_interfaces) by extensions ['colcon_pkg']
[0.140s] Level 1:colcon.colcon_core.package_identification:_identify(src/zeus_interfaces) by extension 'colcon_pkg'
[0.140s] Level 1:colcon.colcon_core.package_identification:_identify(src/zeus_interfaces) by extensions ['colcon_meta']
[0.140s] Level 1:colcon.colcon_core.package_identification:_identify(src/zeus_interfaces) by extension 'colcon_meta'
[0.140s] Level 1:colcon.colcon_core.package_identification:_identify(src/zeus_interfaces) by extensions ['ros']
[0.140s] Level 1:colcon.colcon_core.package_identification:_identify(src/zeus_interfaces) by extension 'ros'
[0.140s] DEBUG:colcon.colcon_core.package_identification:Package 'src/zeus_interfaces' with type 'ros.ament_cmake' and name 'zeus_interfaces'
[0.140s] Level 1:colcon.colcon_core.package_identification:_identify(src/zeus_vision) by extensions ['ignore', 'ignore_ament_install']
[0.140s] Level 1:colcon.colcon_core.package_identification:_identify(src/zeus_vision) by extension 'ignore'
[0.140s] Level 1:colcon.colcon_core.package_identification:_identify(src/zeus_vision) by extension 'ignore_ament_install'
[0.140s] Level 1:colcon.colcon_core.package_identification:_identify(src/zeus_vision) by extensions ['colcon_pkg']
[0.140s] Level 1:colcon.colcon_core.package_identification:_identify(src/zeus_vision) by extension 'colcon_pkg'
[0.140s] Level 1:colcon.colcon_core.package_identification:_identify(src/zeus_vision) by extensions ['colcon_meta']
[0.140s] Level 1:colcon.colcon_core.package_identification:_identify(src/zeus_vision) by extension 'colcon_meta'
[0.140s] Level 1:colcon.colcon_core.package_identification:_identify(src/zeus_vision) by extensions ['ros']
[0.140s] Level 1:colcon.colcon_core.package_identification:_identify(src/zeus_vision) by extension 'ros'
[0.140s] DEBUG:colcon.colcon_core.package_identification:Package 'src/zeus_vision' with type 'ros.ament_python' and name 'zeus_vision'
[0.140s] Level 1:colcon.colcon_core.package_discovery:discover_packages(recursive) using defaults
[0.140s] Level 1:colcon.colcon_core.package_discovery:discover_packages(ignore) discover
[0.140s] Level 1:colcon.colcon_core.package_discovery:discover_packages(ignore) using defaults
[0.140s] Level 1:colcon.colcon_core.package_discovery:discover_packages(path) discover
[0.140s] Level 1:colcon.colcon_core.package_discovery:discover_packages(path) using defaults
[0.150s] INFO:colcon.colcon_core.package_selection:Skipping not selected package 'zeus_controller' in 'src/zeus_controller'
[0.150s] INFO:colcon.colcon_core.package_selection:Skipping not selected package 'zeus_description' in 'src/zeus_description'
[0.150s] INFO:colcon.colcon_core.package_selection:Skipping not selected package 'zeus_vision' in 'src/zeus_vision'
[0.150s] Level 1:colcon.colcon_core.package_discovery:discover_packages(prefix_path) check parameters
[0.150s] Level 1:colcon.colcon_core.package_discovery:discover_packages(prefix_path) discover
[0.151s] DEBUG:colcon.colcon_installed_package_information.package_discovery:Found 2 installed packages in /home/pc/zrobot_ws/install
[0.151s] DEBUG:colcon.colcon_installed_package_information.package_discovery:Found 0 installed packages in /home/pc/teensy_ws/install
[0.151s] DEBUG:colcon.colcon_installed_package_information.package_discovery:Found 4 installed packages in /home/pc/cont_ws/install
[0.151s] DEBUG:colcon.colcon_installed_package_information.package_discovery:Found 5 installed packages in /home/pc/mg_motor_ws/install
[0.151s] DEBUG:colcon.colcon_installed_package_information.package_discovery:Found 5 installed packages in /home/pc/soomac_ws/install
[0.152s] DEBUG:colcon.colcon_installed_package_information.package_discovery:Found 272 installed packages in /opt/ros/humble
[0.153s] Level 1:colcon.colcon_core.package_discovery:discover_packages(prefix_path) using defaults
[0.166s] Level 5:colcon.colcon_core.verb:set package 'zeus_interfaces' build argument 'cmake_args' from command line to 'None'
[0.166s] Level 5:colcon.colcon_core.verb:set package 'zeus_interfaces' build argument 'cmake_target' from command line to 'None'
[0.166s] Level 5:colcon.colcon_core.verb:set package 'zeus_interfaces' build argument 'cmake_target_skip_unavailable' from command line to 'False'
[0.166s] Level 5:colcon.colcon_core.verb:set package 'zeus_interfaces' build argument 'cmake_clean_cache' from command line to 'False'
[0.166s] Level 5:colcon.colcon_core.verb:set package 'zeus_interfaces' build argument 'cmake_clean_first' from command line to 'False'
[0.166s] Level 5:colcon.colcon_core.verb:set package 'zeus_interfaces' build argument 'cmake_force_configure' from command line to 'False'
[0.166s] Level 5:colcon.colcon_core.verb:set package 'zeus_interfaces' build argument 'ament_cmake_args' from command line to 'None'
[0.166s] Level 5:colcon.colcon_core.verb:set package 'zeus_interfaces' build argument 'catkin_cmake_args' from command line to 'None'
[0.166s] Level 5:colcon.colcon_core.verb:set package 'zeus_interfaces' build argument 'catkin_skip_building_tests' from command line to 'False'
[0.166s] DEBUG:colcon.colcon_core.verb:Building package 'zeus_interfaces' with the following arguments: {'ament_cmake_args': None, 'build_base': '/home/pc/soomac_ws/build/zeus_interfaces', 'catkin_cmake_args': None, 'catkin_skip_building_tests': False, 'cmake_args': None, 'cmake_clean_cache': False, 'cmake_clean_first': False, 'cmake_force_configure': False, 'cmake_target': None, 'cmake_target_skip_unavailable': False, 'install_base': '/home/pc/soomac_ws/install/zeus_interfaces', 'merge_install': False, 'path': '/home/pc/soomac_ws/src/zeus_interfaces', 'symlink_install': False, 'test_result_base': None}
[0.166s] INFO:colcon.colcon_core.executor:Executing jobs using 'parallel' executor
[0.167s] DEBUG:colcon.colcon_parallel_executor.executor.parallel:run_until_complete
[0.167s] INFO:colcon.colcon_ros.task.ament_cmake.build:Building ROS package in '/home/pc/soomac_ws/src/zeus_interfaces' with build type 'ament_cmake'
[0.167s] INFO:colcon.colcon_cmake.task.cmake.build:Building CMake package in '/home/pc/soomac_ws/src/zeus_interfaces'
[0.168s] INFO:colcon.colcon_core.plugin_system:Skipping extension 'colcon_core.shell.bat': Not used on non-Windows systems
[0.168s] INFO:colcon.colcon_core.shell:Skip shell extension 'powershell' for command environment: Not usable outside of PowerShell
[0.168s] DEBUG:colcon.colcon_core.shell:Skip shell extension 'dsv' for command environment
[0.175s] DEBUG:colcon.colcon_core.event_handler.log_command:Invoking command in '/home/pc/soomac_ws/build/zeus_interfaces': CMAKE_PREFIX_PATH=${CMAKE_PREFIX_PATH}:/home/pc/soomac_ws/install/zeus_vision:/home/pc/soomac_ws/install/zeus_dxl:/home/pc/soomac_ws/install/zeus_controller:/home/pc/zrobot_ws/install/arm_test_pkg:/home/pc/cont_ws/install/torque_test_pkg:/home/pc/cont_ws/install/finger_pkg:/home/pc/cont_ws/install/control_continuum:/home/pc/mg_motor_ws/install/mg_test_pkg:/home/pc/mg_motor_ws/install/mg_motor_test:/home/pc/mg_motor_ws/install/homework_pkg:/home/pc/mg_motor_ws/install/head_moving:/opt/ros/humble /usr/bin/cmake --build /home/pc/soomac_ws/build/zeus_interfaces -- -j32 -l32
[1.790s] DEBUG:colcon.colcon_core.event_handler.log_command:Invoked command in '/home/pc/soomac_ws/build/zeus_interfaces' returned '0': CMAKE_PREFIX_PATH=${CMAKE_PREFIX_PATH}:/home/pc/soomac_ws/install/zeus_vision:/home/pc/soomac_ws/install/zeus_dxl:/home/pc/soomac_ws/install/zeus_controller:/home/pc/zrobot_ws/install/arm_test_pkg:/home/pc/cont_ws/install/torque_test_pkg:/home/pc/cont_ws/install/finger_pkg:/home/pc/cont_ws/install/control_continuum:/home/pc/mg_motor_ws/install/mg_test_pkg:/home/pc/mg_motor_ws/install/mg_motor_test:/home/pc/mg_motor_ws/install/homework_pkg:/home/pc/mg_motor_ws/install/head_moving:/opt/ros/humble /usr/bin/cmake --build /home/pc/soomac_ws/build/zeus_interfaces -- -j32 -l32
[1.795s] DEBUG:colcon.colcon_core.event_handler.log_command:Invoking command in '/home/pc/soomac_ws/build/zeus_interfaces': CMAKE_PREFIX_PATH=${CMAKE_PREFIX_PATH}:/home/pc/soomac_ws/install/zeus_vision:/home/pc/soomac_ws/install/zeus_dxl:/home/pc/soomac_ws/install/zeus_controller:/home/pc/zrobot_ws/install/arm_test_pkg:/home/pc/cont_ws/install/torque_test_pkg:/home/pc/cont_ws/install/finger_pkg:/home/pc/cont_ws/install/control_continuum:/home/pc/mg_motor_ws/install/mg_test_pkg:/home/pc/mg_motor_ws/install/mg_motor_test:/home/pc/mg_motor_ws/install/homework_pkg:/home/pc/mg_motor_ws/install/head_moving:/opt/ros/humble /usr/bin/cmake --install /home/pc/soomac_ws/build/zeus_interfaces
[1.840s] Level 1:colcon.colcon_core.environment:create_environment_scripts_only(zeus_interfaces)
[1.840s] DEBUG:colcon.colcon_core.event_handler.log_command:Invoked command in '/home/pc/soomac_ws/build/zeus_interfaces' returned '0': CMAKE_PREFIX_PATH=${CMAKE_PREFIX_PATH}:/home/pc/soomac_ws/install/zeus_vision:/home/pc/soomac_ws/install/zeus_dxl:/home/pc/soomac_ws/install/zeus_controller:/home/pc/zrobot_ws/install/arm_test_pkg:/home/pc/cont_ws/install/torque_test_pkg:/home/pc/cont_ws/install/finger_pkg:/home/pc/cont_ws/install/control_continuum:/home/pc/mg_motor_ws/install/mg_test_pkg:/home/pc/mg_motor_ws/install/mg_motor_test:/home/pc/mg_motor_ws/install/homework_pkg:/home/pc/mg_motor_ws/install/head_moving:/opt/ros/humble /usr/bin/cmake --install /home/pc/soomac_ws/build/zeus_interfaces
[1.841s] Level 1:colcon.colcon_core.environment:checking '/home/pc/soomac_ws/install/zeus_interfaces' for CMake module files
[1.842s] Level 1:colcon.colcon_core.environment:checking '/home/pc/soomac_ws/install/zeus_interfaces' for CMake config files
[1.842s] Level 1:colcon.colcon_core.shell:create_environment_hook('zeus_interfaces', 'cmake_prefix_path')
[1.842s] INFO:colcon.colcon_core.shell:Creating environment hook '/home/pc/soomac_ws/install/zeus_interfaces/share/zeus_interfaces/hook/cmake_prefix_path.ps1'
[1.842s] INFO:colcon.colcon_core.shell:Creating environment descriptor '/home/pc/soomac_ws/install/zeus_interfaces/share/zeus_interfaces/hook/cmake_prefix_path.dsv'
[1.842s] INFO:colcon.colcon_core.shell:Creating environment hook '/home/pc/soomac_ws/install/zeus_interfaces/share/zeus_interfaces/hook/cmake_prefix_path.sh'
[1.843s] Level 1:colcon.colcon_core.environment:checking '/home/pc/soomac_ws/install/zeus_interfaces/lib'
[1.843s] Level 1:colcon.colcon_core.shell:create_environment_hook('zeus_interfaces', 'ld_library_path_lib')
[1.843s] INFO:colcon.colcon_core.shell:Creating environment hook '/home/pc/soomac_ws/install/zeus_interfaces/share/zeus_interfaces/hook/ld_library_path_lib.ps1'
[1.843s] INFO:colcon.colcon_core.shell:Creating environment descriptor '/home/pc/soomac_ws/install/zeus_interfaces/share/zeus_interfaces/hook/ld_library_path_lib.dsv'
[1.843s] INFO:colcon.colcon_core.shell:Creating environment hook '/home/pc/soomac_ws/install/zeus_interfaces/share/zeus_interfaces/hook/ld_library_path_lib.sh'
[1.843s] Level 1:colcon.colcon_core.environment:checking '/home/pc/soomac_ws/install/zeus_interfaces/bin'
[1.843s] Level 1:colcon.colcon_core.environment:checking '/home/pc/soomac_ws/install/zeus_interfaces/lib/pkgconfig/zeus_interfaces.pc'
[1.844s] Level 1:colcon.colcon_core.environment:checking '/home/pc/soomac_ws/install/zeus_interfaces/lib/python3.10/site-packages'
[1.844s] Level 1:colcon.colcon_core.environment:checking '/home/pc/soomac_ws/install/zeus_interfaces/bin'
[1.844s] INFO:colcon.colcon_core.shell:Creating package script '/home/pc/soomac_ws/install/zeus_interfaces/share/zeus_interfaces/package.ps1'
[1.844s] INFO:colcon.colcon_core.shell:Creating package descriptor '/home/pc/soomac_ws/install/zeus_interfaces/share/zeus_interfaces/package.dsv'
[1.844s] INFO:colcon.colcon_core.shell:Creating package script '/home/pc/soomac_ws/install/zeus_interfaces/share/zeus_interfaces/package.sh'
[1.845s] INFO:colcon.colcon_core.shell:Creating package script '/home/pc/soomac_ws/install/zeus_interfaces/share/zeus_interfaces/package.bash'
[1.845s] INFO:colcon.colcon_core.shell:Creating package script '/home/pc/soomac_ws/install/zeus_interfaces/share/zeus_interfaces/package.zsh'
[1.845s] Level 1:colcon.colcon_core.environment:create_file_with_runtime_dependencies(/home/pc/soomac_ws/install/zeus_interfaces/share/colcon-core/packages/zeus_interfaces)
[1.845s] Level 1:colcon.colcon_core.environment:create_environment_scripts_only(zeus_interfaces)
[1.845s] Level 1:colcon.colcon_core.environment:checking '/home/pc/soomac_ws/install/zeus_interfaces' for CMake module files
[1.846s] Level 1:colcon.colcon_core.environment:checking '/home/pc/soomac_ws/install/zeus_interfaces' for CMake config files
[1.846s] Level 1:colcon.colcon_core.shell:create_environment_hook('zeus_interfaces', 'cmake_prefix_path')
[1.846s] INFO:colcon.colcon_core.shell:Creating environment hook '/home/pc/soomac_ws/install/zeus_interfaces/share/zeus_interfaces/hook/cmake_prefix_path.ps1'
[1.846s] INFO:colcon.colcon_core.shell:Creating environment descriptor '/home/pc/soomac_ws/install/zeus_interfaces/share/zeus_interfaces/hook/cmake_prefix_path.dsv'
[1.846s] INFO:colcon.colcon_core.shell:Creating environment hook '/home/pc/soomac_ws/install/zeus_interfaces/share/zeus_interfaces/hook/cmake_prefix_path.sh'
[1.846s] Level 1:colcon.colcon_core.environment:checking '/home/pc/soomac_ws/install/zeus_interfaces/lib'
[1.846s] Level 1:colcon.colcon_core.shell:create_environment_hook('zeus_interfaces', 'ld_library_path_lib')
[1.846s] INFO:colcon.colcon_core.shell:Creating environment hook '/home/pc/soomac_ws/install/zeus_interfaces/share/zeus_interfaces/hook/ld_library_path_lib.ps1'
[1.846s] INFO:colcon.colcon_core.shell:Creating environment descriptor '/home/pc/soomac_ws/install/zeus_interfaces/share/zeus_interfaces/hook/ld_library_path_lib.dsv'
[1.847s] INFO:colcon.colcon_core.shell:Creating environment hook '/home/pc/soomac_ws/install/zeus_interfaces/share/zeus_interfaces/hook/ld_library_path_lib.sh'
[1.847s] Level 1:colcon.colcon_core.environment:checking '/home/pc/soomac_ws/install/zeus_interfaces/bin'
[1.847s] Level 1:colcon.colcon_core.environment:checking '/home/pc/soomac_ws/install/zeus_interfaces/lib/pkgconfig/zeus_interfaces.pc'
[1.847s] Level 1:colcon.colcon_core.environment:checking '/home/pc/soomac_ws/install/zeus_interfaces/lib/python3.10/site-packages'
[1.847s] Level 1:colcon.colcon_core.environment:checking '/home/pc/soomac_ws/install/zeus_interfaces/bin'
[1.847s] INFO:colcon.colcon_core.shell:Creating package script '/home/pc/soomac_ws/install/zeus_interfaces/share/zeus_interfaces/package.ps1'
[1.847s] INFO:colcon.colcon_core.shell:Creating package descriptor '/home/pc/soomac_ws/install/zeus_interfaces/share/zeus_interfaces/package.dsv'
[1.847s] INFO:colcon.colcon_core.shell:Creating package script '/home/pc/soomac_ws/install/zeus_interfaces/share/zeus_interfaces/package.sh'
[1.848s] INFO:colcon.colcon_core.shell:Creating package script '/home/pc/soomac_ws/install/zeus_interfaces/share/zeus_interfaces/package.bash'
[1.848s] INFO:colcon.colcon_core.shell:Creating package script '/home/pc/soomac_ws/install/zeus_interfaces/share/zeus_interfaces/package.zsh'
[1.848s] Level 1:colcon.colcon_core.environment:create_file_with_runtime_dependencies(/home/pc/soomac_ws/install/zeus_interfaces/share/colcon-core/packages/zeus_interfaces)
[1.848s] DEBUG:colcon.colcon_parallel_executor.executor.parallel:closing loop
[1.848s] DEBUG:colcon.colcon_parallel_executor.executor.parallel:loop closed
[1.848s] DEBUG:colcon.colcon_parallel_executor.executor.parallel:run_until_complete finished with '0'
[1.848s] DEBUG:colcon.colcon_core.event_reactor:joining thread
[1.851s] INFO:colcon.colcon_core.plugin_system:Skipping extension 'colcon_notification.desktop_notification.terminal_notifier': Not used on non-Darwin systems
[1.851s] INFO:colcon.colcon_core.plugin_system:Skipping extension 'colcon_notification.desktop_notification.win32': Not used on non-Windows systems
[1.851s] INFO:colcon.colcon_notification.desktop_notification:Sending desktop notification using 'notify2'
[1.856s] DEBUG:colcon.colcon_core.event_reactor:joined thread
[1.856s] INFO:colcon.colcon_core.shell:Creating prefix script '/home/pc/soomac_ws/install/local_setup.ps1'
[1.857s] INFO:colcon.colcon_core.shell:Creating prefix util module '/home/pc/soomac_ws/install/_local_setup_util_ps1.py'
[1.857s] INFO:colcon.colcon_core.shell:Creating prefix chain script '/home/pc/soomac_ws/install/setup.ps1'
[1.858s] INFO:colcon.colcon_core.shell:Creating prefix script '/home/pc/soomac_ws/install/local_setup.sh'
[1.858s] INFO:colcon.colcon_core.shell:Creating prefix util module '/home/pc/soomac_ws/install/_local_setup_util_sh.py'
[1.858s] INFO:colcon.colcon_core.shell:Creating prefix chain script '/home/pc/soomac_ws/install/setup.sh'
[1.859s] INFO:colcon.colcon_core.shell:Creating prefix script '/home/pc/soomac_ws/install/local_setup.bash'
[1.859s] INFO:colcon.colcon_core.shell:Creating prefix chain script '/home/pc/soomac_ws/install/setup.bash'
[1.860s] INFO:colcon.colcon_core.shell:Creating prefix script '/home/pc/soomac_ws/install/local_setup.zsh'
[1.860s] INFO:colcon.colcon_core.shell:Creating prefix chain script '/home/pc/soomac_ws/install/setup.zsh'
