[0.277s] Invoking command in '/home/pc/soomac_ws/build/dongsoo_py_pkg': PYTHONPATH=/home/pc/soomac_ws/build/dongsoo_py_pkg/prefix_override:/usr/lib/python3/dist-packages/colcon_core/task/python/colcon_distutils_commands:/home/pc/soomac_ws/install/dongsoo_py_pkg/lib/python3.10/site-packages:${PYTHONPATH} /usr/bin/python3 -W ignore:setup.py install is deprecated -W ignore:easy_install command is deprecated setup.py develop --uninstall --editable --build-directory /home/pc/soomac_ws/build/dongsoo_py_pkg/build
[0.390s] running develop
[0.454s] Removing /home/pc/soomac_ws/install/dongsoo_py_pkg/lib/python3.10/site-packages/dongsoo-py-pkg.egg-link (link to .)
[0.465s] Invoked command in '/home/pc/soomac_ws/build/dongsoo_py_pkg' returned '0': PYTHONPATH=/home/pc/soomac_ws/build/dongsoo_py_pkg/prefix_override:/usr/lib/python3/dist-packages/colcon_core/task/python/colcon_distutils_commands:/home/pc/soomac_ws/install/dongsoo_py_pkg/lib/python3.10/site-packages:${PYTHONPATH} /usr/bin/python3 -W ignore:setup.py install is deprecated -W ignore:easy_install command is deprecated setup.py develop --uninstall --editable --build-directory /home/pc/soomac_ws/build/dongsoo_py_pkg/build
[0.465s] Invoking command in '/home/pc/soomac_ws/src/dongsoo_py_pkg': PYTHONPATH=/home/pc/soomac_ws/build/dongsoo_py_pkg/prefix_override:/usr/lib/python3/dist-packages/colcon_core/task/python/colcon_distutils_commands:/home/pc/soomac_ws/install/dongsoo_py_pkg/lib/python3.10/site-packages:${PYTHONPATH} /usr/bin/python3 -W ignore:setup.py install is deprecated -W ignore:easy_install command is deprecated setup.py egg_info --egg-base ../../build/dongsoo_py_pkg build --build-base /home/pc/soomac_ws/build/dongsoo_py_pkg/build install --record /home/pc/soomac_ws/build/dongsoo_py_pkg/install.log --single-version-externally-managed install_data --force
[0.570s] running egg_info
[0.571s] writing ../../build/dongsoo_py_pkg/dongsoo_py_pkg.egg-info/PKG-INFO
[0.571s] writing dependency_links to ../../build/dongsoo_py_pkg/dongsoo_py_pkg.egg-info/dependency_links.txt
[0.571s] writing entry points to ../../build/dongsoo_py_pkg/dongsoo_py_pkg.egg-info/entry_points.txt
[0.571s] writing requirements to ../../build/dongsoo_py_pkg/dongsoo_py_pkg.egg-info/requires.txt
[0.571s] writing top-level names to ../../build/dongsoo_py_pkg/dongsoo_py_pkg.egg-info/top_level.txt
[0.572s] reading manifest file '../../build/dongsoo_py_pkg/dongsoo_py_pkg.egg-info/SOURCES.txt'
[0.572s] writing manifest file '../../build/dongsoo_py_pkg/dongsoo_py_pkg.egg-info/SOURCES.txt'
[0.572s] running build
[0.572s] running build_py
[0.573s] copying dongsoo_py_pkg/monitoring_hub.py -> /home/pc/soomac_ws/build/dongsoo_py_pkg/build/lib/dongsoo_py_pkg
[0.573s] copying dongsoo_py_pkg/motor_dummy.py -> /home/pc/soomac_ws/build/dongsoo_py_pkg/build/lib/dongsoo_py_pkg
[0.573s] copying dongsoo_py_pkg/read_json.py -> /home/pc/soomac_ws/build/dongsoo_py_pkg/build/lib/dongsoo_py_pkg
[0.573s] copying dongsoo_py_pkg/data_hub.py -> /home/pc/soomac_ws/build/dongsoo_py_pkg/build/lib/dongsoo_py_pkg
[0.573s] running install
[0.573s] running install_lib
[0.573s] creating /home/pc/soomac_ws/install/dongsoo_py_pkg/lib/python3.10/site-packages/dongsoo_py_pkg
[0.573s] copying /home/pc/soomac_ws/build/dongsoo_py_pkg/build/lib/dongsoo_py_pkg/monitoring_hub.py -> /home/pc/soomac_ws/install/dongsoo_py_pkg/lib/python3.10/site-packages/dongsoo_py_pkg
[0.573s] copying /home/pc/soomac_ws/build/dongsoo_py_pkg/build/lib/dongsoo_py_pkg/motor_dummy.py -> /home/pc/soomac_ws/install/dongsoo_py_pkg/lib/python3.10/site-packages/dongsoo_py_pkg
[0.573s] copying /home/pc/soomac_ws/build/dongsoo_py_pkg/build/lib/dongsoo_py_pkg/trajectory_test.py -> /home/pc/soomac_ws/install/dongsoo_py_pkg/lib/python3.10/site-packages/dongsoo_py_pkg
[0.573s] copying /home/pc/soomac_ws/build/dongsoo_py_pkg/build/lib/dongsoo_py_pkg/__init__.py -> /home/pc/soomac_ws/install/dongsoo_py_pkg/lib/python3.10/site-packages/dongsoo_py_pkg
[0.574s] copying /home/pc/soomac_ws/build/dongsoo_py_pkg/build/lib/dongsoo_py_pkg/read_json.py -> /home/pc/soomac_ws/install/dongsoo_py_pkg/lib/python3.10/site-packages/dongsoo_py_pkg
[0.574s] copying /home/pc/soomac_ws/build/dongsoo_py_pkg/build/lib/dongsoo_py_pkg/one_way_trajectory.py -> /home/pc/soomac_ws/install/dongsoo_py_pkg/lib/python3.10/site-packages/dongsoo_py_pkg
[0.574s] copying /home/pc/soomac_ws/build/dongsoo_py_pkg/build/lib/dongsoo_py_pkg/data_hub.py -> /home/pc/soomac_ws/install/dongsoo_py_pkg/lib/python3.10/site-packages/dongsoo_py_pkg
[0.574s] byte-compiling /home/pc/soomac_ws/install/dongsoo_py_pkg/lib/python3.10/site-packages/dongsoo_py_pkg/monitoring_hub.py to monitoring_hub.cpython-310.pyc
[0.574s] byte-compiling /home/pc/soomac_ws/install/dongsoo_py_pkg/lib/python3.10/site-packages/dongsoo_py_pkg/motor_dummy.py to motor_dummy.cpython-310.pyc
[0.575s] byte-compiling /home/pc/soomac_ws/install/dongsoo_py_pkg/lib/python3.10/site-packages/dongsoo_py_pkg/trajectory_test.py to trajectory_test.cpython-310.pyc
[0.575s] byte-compiling /home/pc/soomac_ws/install/dongsoo_py_pkg/lib/python3.10/site-packages/dongsoo_py_pkg/__init__.py to __init__.cpython-310.pyc
[0.575s] byte-compiling /home/pc/soomac_ws/install/dongsoo_py_pkg/lib/python3.10/site-packages/dongsoo_py_pkg/read_json.py to read_json.cpython-310.pyc
[0.576s] byte-compiling /home/pc/soomac_ws/install/dongsoo_py_pkg/lib/python3.10/site-packages/dongsoo_py_pkg/one_way_trajectory.py to one_way_trajectory.cpython-310.pyc
[0.577s] byte-compiling /home/pc/soomac_ws/install/dongsoo_py_pkg/lib/python3.10/site-packages/dongsoo_py_pkg/data_hub.py to data_hub.cpython-310.pyc
[0.577s] running install_data
[0.577s] copying resource/dongsoo_py_pkg -> /home/pc/soomac_ws/install/dongsoo_py_pkg/share/ament_index/resource_index/packages
[0.577s] copying package.xml -> /home/pc/soomac_ws/install/dongsoo_py_pkg/share/dongsoo_py_pkg
[0.578s] running install_egg_info
[0.578s] Copying ../../build/dongsoo_py_pkg/dongsoo_py_pkg.egg-info to /home/pc/soomac_ws/install/dongsoo_py_pkg/lib/python3.10/site-packages/dongsoo_py_pkg-0.0.0-py3.10.egg-info
[0.579s] running install_scripts
[0.588s] Installing data_hub_py script to /home/pc/soomac_ws/install/dongsoo_py_pkg/lib/dongsoo_py_pkg
[0.588s] Installing monitoring_hub script to /home/pc/soomac_ws/install/dongsoo_py_pkg/lib/dongsoo_py_pkg
[0.588s] Installing motor_dummy script to /home/pc/soomac_ws/install/dongsoo_py_pkg/lib/dongsoo_py_pkg
[0.588s] Installing one_way_trajectory script to /home/pc/soomac_ws/install/dongsoo_py_pkg/lib/dongsoo_py_pkg
[0.588s] Installing trajectory_test script to /home/pc/soomac_ws/install/dongsoo_py_pkg/lib/dongsoo_py_pkg
[0.589s] writing list of installed files to '/home/pc/soomac_ws/build/dongsoo_py_pkg/install.log'
[0.598s] Invoked command in '/home/pc/soomac_ws/src/dongsoo_py_pkg' returned '0': PYTHONPATH=/home/pc/soomac_ws/build/dongsoo_py_pkg/prefix_override:/usr/lib/python3/dist-packages/colcon_core/task/python/colcon_distutils_commands:/home/pc/soomac_ws/install/dongsoo_py_pkg/lib/python3.10/site-packages:${PYTHONPATH} /usr/bin/python3 -W ignore:setup.py install is deprecated -W ignore:easy_install command is deprecated setup.py egg_info --egg-base ../../build/dongsoo_py_pkg build --build-base /home/pc/soomac_ws/build/dongsoo_py_pkg/build install --record /home/pc/soomac_ws/build/dongsoo_py_pkg/install.log --single-version-externally-managed install_data --force
