[0.407s] Invoking command in '/home/pc/soomac_ws/build/dx_motor_control': PYTHONPATH=/home/pc/soomac_ws/build/dx_motor_control/prefix_override:/usr/lib/python3/dist-packages/colcon_core/task/python/colcon_distutils_commands:/home/pc/soomac_ws/install/dx_motor_control/lib/python3.10/site-packages:${PYTHONPATH} /usr/bin/python3 -W ignore:setup.py install is deprecated -W ignore:easy_install command is deprecated setup.py develop --editable --build-directory /home/pc/soomac_ws/build/dx_motor_control/build --no-deps symlink_data
[0.583s] running develop
[0.689s] running egg_info
[0.689s] creating dx_motor_control.egg-info
[0.689s] writing dx_motor_control.egg-info/PKG-INFO
[0.689s] writing dependency_links to dx_motor_control.egg-info/dependency_links.txt
[0.689s] writing entry points to dx_motor_control.egg-info/entry_points.txt
[0.689s] writing requirements to dx_motor_control.egg-info/requires.txt
[0.689s] writing top-level names to dx_motor_control.egg-info/top_level.txt
[0.689s] writing manifest file 'dx_motor_control.egg-info/SOURCES.txt'
[0.690s] reading manifest file 'dx_motor_control.egg-info/SOURCES.txt'
[0.691s] writing manifest file 'dx_motor_control.egg-info/SOURCES.txt'
[0.692s] running build_ext
[0.692s] Creating /home/pc/soomac_ws/install/dx_motor_control/lib/python3.10/site-packages/dx-motor-control.egg-link (link to .)
[0.692s] Installing motor_connect script to /home/pc/soomac_ws/install/dx_motor_control/lib/dx_motor_control
[0.692s] 
[0.692s] Installed /home/pc/soomac_ws/build/dx_motor_control
[0.692s] running symlink_data
[0.692s] creating /home/pc/soomac_ws/install/dx_motor_control/share/ament_index
[0.692s] creating /home/pc/soomac_ws/install/dx_motor_control/share/ament_index/resource_index
[0.693s] creating /home/pc/soomac_ws/install/dx_motor_control/share/ament_index/resource_index/packages
[0.693s] symbolically linking /home/pc/soomac_ws/build/dx_motor_control/resource/dx_motor_control -> /home/pc/soomac_ws/install/dx_motor_control/share/ament_index/resource_index/packages
[0.693s] symbolically linking /home/pc/soomac_ws/build/dx_motor_control/package.xml -> /home/pc/soomac_ws/install/dx_motor_control/share/dx_motor_control
[0.709s] Invoked command in '/home/pc/soomac_ws/build/dx_motor_control' returned '0': PYTHONPATH=/home/pc/soomac_ws/build/dx_motor_control/prefix_override:/usr/lib/python3/dist-packages/colcon_core/task/python/colcon_distutils_commands:/home/pc/soomac_ws/install/dx_motor_control/lib/python3.10/site-packages:${PYTHONPATH} /usr/bin/python3 -W ignore:setup.py install is deprecated -W ignore:easy_install command is deprecated setup.py develop --editable --build-directory /home/pc/soomac_ws/build/dx_motor_control/build --no-deps symlink_data
