[0.403s] Invoking command in '/home/pc/soomac_ws/build/dongsoo_py_pkg': CMAKE_PREFIX_PATH=/home/pc/soomac_ws/install/dongsoo_interfaces:/home/pc/soomac_ws/install/dxl_cpp_pkg:/home/pc/soomac_ws/install/dongsoo_description:/home/pc/soomac_ws/install/dongsoo_cpp_pkg:/home/pc/cont_ws/install/dxl_cpp_pkg:/home/pc/mg_motor_ws/install/brobot_interfaces PYTHONPATH=/home/pc/soomac_ws/build/dongsoo_py_pkg/prefix_override:/usr/lib/python3/dist-packages/colcon_core/task/python/colcon_distutils_commands:/home/pc/soomac_ws/install/dongsoo_py_pkg/lib/python3.10/site-packages:${PYTHONPATH} /usr/bin/python3 -W ignore:setup.py install is deprecated -W ignore:easy_install command is deprecated setup.py develop --uninstall --editable --build-directory /home/pc/soomac_ws/build/dongsoo_py_pkg/build
[0.528s] running develop
[0.594s] Removing /home/pc/soomac_ws/install/dongsoo_py_pkg/lib/python3.10/site-packages/dongsoo-py-pkg.egg-link (link to .)
[0.606s] Invoked command in '/home/pc/soomac_ws/build/dongsoo_py_pkg' returned '0': CMAKE_PREFIX_PATH=/home/pc/soomac_ws/install/dongsoo_interfaces:/home/pc/soomac_ws/install/dxl_cpp_pkg:/home/pc/soomac_ws/install/dongsoo_description:/home/pc/soomac_ws/install/dongsoo_cpp_pkg:/home/pc/cont_ws/install/dxl_cpp_pkg:/home/pc/mg_motor_ws/install/brobot_interfaces PYTHONPATH=/home/pc/soomac_ws/build/dongsoo_py_pkg/prefix_override:/usr/lib/python3/dist-packages/colcon_core/task/python/colcon_distutils_commands:/home/pc/soomac_ws/install/dongsoo_py_pkg/lib/python3.10/site-packages:${PYTHONPATH} /usr/bin/python3 -W ignore:setup.py install is deprecated -W ignore:easy_install command is deprecated setup.py develop --uninstall --editable --build-directory /home/pc/soomac_ws/build/dongsoo_py_pkg/build
[0.607s] Invoking command in '/home/pc/soomac_ws/src/dongsoo_py_pkg': CMAKE_PREFIX_PATH=/home/pc/soomac_ws/install/dongsoo_interfaces:/home/pc/soomac_ws/install/dxl_cpp_pkg:/home/pc/soomac_ws/install/dongsoo_description:/home/pc/soomac_ws/install/dongsoo_cpp_pkg:/home/pc/cont_ws/install/dxl_cpp_pkg:/home/pc/mg_motor_ws/install/brobot_interfaces PYTHONPATH=/home/pc/soomac_ws/build/dongsoo_py_pkg/prefix_override:/usr/lib/python3/dist-packages/colcon_core/task/python/colcon_distutils_commands:/home/pc/soomac_ws/install/dongsoo_py_pkg/lib/python3.10/site-packages:${PYTHONPATH} /usr/bin/python3 -W ignore:setup.py install is deprecated -W ignore:easy_install command is deprecated setup.py egg_info --egg-base ../../build/dongsoo_py_pkg build --build-base /home/pc/soomac_ws/build/dongsoo_py_pkg/build install --record /home/pc/soomac_ws/build/dongsoo_py_pkg/install.log --single-version-externally-managed install_data --force
[0.717s] running egg_info
[0.717s] writing ../../build/dongsoo_py_pkg/dongsoo_py_pkg.egg-info/PKG-INFO
[0.717s] writing dependency_links to ../../build/dongsoo_py_pkg/dongsoo_py_pkg.egg-info/dependency_links.txt
[0.717s] writing entry points to ../../build/dongsoo_py_pkg/dongsoo_py_pkg.egg-info/entry_points.txt
[0.718s] writing requirements to ../../build/dongsoo_py_pkg/dongsoo_py_pkg.egg-info/requires.txt
[0.718s] writing top-level names to ../../build/dongsoo_py_pkg/dongsoo_py_pkg.egg-info/top_level.txt
[0.718s] reading manifest file '../../build/dongsoo_py_pkg/dongsoo_py_pkg.egg-info/SOURCES.txt'
[0.719s] writing manifest file '../../build/dongsoo_py_pkg/dongsoo_py_pkg.egg-info/SOURCES.txt'
[0.719s] running build
[0.719s] running build_py
[0.719s] copying dongsoo_py_pkg/trajectory_test.py -> /home/pc/soomac_ws/build/dongsoo_py_pkg/build/lib/dongsoo_py_pkg
[0.719s] copying dongsoo_py_pkg/dongsoo_command_centor.py -> /home/pc/soomac_ws/build/dongsoo_py_pkg/build/lib/dongsoo_py_pkg
[0.719s] copying dongsoo_py_pkg/Inverse_Kinematics.py -> /home/pc/soomac_ws/build/dongsoo_py_pkg/build/lib/dongsoo_py_pkg
[0.720s] copying dongsoo_py_pkg/one_way_trajectory.py -> /home/pc/soomac_ws/build/dongsoo_py_pkg/build/lib/dongsoo_py_pkg
[0.720s] copying dongsoo_py_pkg/dongsoo_server.py -> /home/pc/soomac_ws/build/dongsoo_py_pkg/build/lib/dongsoo_py_pkg
[0.720s] copying dongsoo_py_pkg/data_hub.py -> /home/pc/soomac_ws/build/dongsoo_py_pkg/build/lib/dongsoo_py_pkg
[0.720s] running install
[0.720s] running install_lib
[0.720s] copying /home/pc/soomac_ws/build/dongsoo_py_pkg/build/lib/dongsoo_py_pkg/monitoring_hub.py -> /home/pc/soomac_ws/install/dongsoo_py_pkg/lib/python3.10/site-packages/dongsoo_py_pkg
[0.720s] copying /home/pc/soomac_ws/build/dongsoo_py_pkg/build/lib/dongsoo_py_pkg/motor_dummy.py -> /home/pc/soomac_ws/install/dongsoo_py_pkg/lib/python3.10/site-packages/dongsoo_py_pkg
[0.720s] copying /home/pc/soomac_ws/build/dongsoo_py_pkg/build/lib/dongsoo_py_pkg/trajectory_test.py -> /home/pc/soomac_ws/install/dongsoo_py_pkg/lib/python3.10/site-packages/dongsoo_py_pkg
[0.720s] copying /home/pc/soomac_ws/build/dongsoo_py_pkg/build/lib/dongsoo_py_pkg/__init__.py -> /home/pc/soomac_ws/install/dongsoo_py_pkg/lib/python3.10/site-packages/dongsoo_py_pkg
[0.720s] copying /home/pc/soomac_ws/build/dongsoo_py_pkg/build/lib/dongsoo_py_pkg/read_json.py -> /home/pc/soomac_ws/install/dongsoo_py_pkg/lib/python3.10/site-packages/dongsoo_py_pkg
[0.720s] copying /home/pc/soomac_ws/build/dongsoo_py_pkg/build/lib/dongsoo_py_pkg/dongsoo_client.py -> /home/pc/soomac_ws/install/dongsoo_py_pkg/lib/python3.10/site-packages/dongsoo_py_pkg
[0.720s] copying /home/pc/soomac_ws/build/dongsoo_py_pkg/build/lib/dongsoo_py_pkg/dongsoo_command_centor.py -> /home/pc/soomac_ws/install/dongsoo_py_pkg/lib/python3.10/site-packages/dongsoo_py_pkg
[0.720s] copying /home/pc/soomac_ws/build/dongsoo_py_pkg/build/lib/dongsoo_py_pkg/Inverse_Kinematics.py -> /home/pc/soomac_ws/install/dongsoo_py_pkg/lib/python3.10/site-packages/dongsoo_py_pkg
[0.720s] copying /home/pc/soomac_ws/build/dongsoo_py_pkg/build/lib/dongsoo_py_pkg/one_way_trajectory.py -> /home/pc/soomac_ws/install/dongsoo_py_pkg/lib/python3.10/site-packages/dongsoo_py_pkg
[0.720s] copying /home/pc/soomac_ws/build/dongsoo_py_pkg/build/lib/dongsoo_py_pkg/dongsoo_server.py -> /home/pc/soomac_ws/install/dongsoo_py_pkg/lib/python3.10/site-packages/dongsoo_py_pkg
[0.720s] copying /home/pc/soomac_ws/build/dongsoo_py_pkg/build/lib/dongsoo_py_pkg/data_hub.py -> /home/pc/soomac_ws/install/dongsoo_py_pkg/lib/python3.10/site-packages/dongsoo_py_pkg
[0.720s] byte-compiling /home/pc/soomac_ws/install/dongsoo_py_pkg/lib/python3.10/site-packages/dongsoo_py_pkg/monitoring_hub.py to monitoring_hub.cpython-310.pyc
[0.721s] byte-compiling /home/pc/soomac_ws/install/dongsoo_py_pkg/lib/python3.10/site-packages/dongsoo_py_pkg/motor_dummy.py to motor_dummy.cpython-310.pyc
[0.722s] byte-compiling /home/pc/soomac_ws/install/dongsoo_py_pkg/lib/python3.10/site-packages/dongsoo_py_pkg/trajectory_test.py to trajectory_test.cpython-310.pyc
[0.722s] byte-compiling /home/pc/soomac_ws/install/dongsoo_py_pkg/lib/python3.10/site-packages/dongsoo_py_pkg/__init__.py to __init__.cpython-310.pyc
[0.722s] byte-compiling /home/pc/soomac_ws/install/dongsoo_py_pkg/lib/python3.10/site-packages/dongsoo_py_pkg/read_json.py to read_json.cpython-310.pyc
[0.723s] byte-compiling /home/pc/soomac_ws/install/dongsoo_py_pkg/lib/python3.10/site-packages/dongsoo_py_pkg/dongsoo_client.py to dongsoo_client.cpython-310.pyc
[0.723s]   File "/home/pc/soomac_ws/install/dongsoo_py_pkg/lib/python3.10/site-packages/dongsoo_py_pkg/dongsoo_client.py", line 33
[0.723s]     req.p_x = 
[0.723s]               ^
[0.723s] SyntaxError: invalid syntax
[0.723s] 
[0.723s] byte-compiling /home/pc/soomac_ws/install/dongsoo_py_pkg/lib/python3.10/site-packages/dongsoo_py_pkg/dongsoo_command_centor.py to dongsoo_command_centor.cpython-310.pyc
[0.724s] byte-compiling /home/pc/soomac_ws/install/dongsoo_py_pkg/lib/python3.10/site-packages/dongsoo_py_pkg/Inverse_Kinematics.py to Inverse_Kinematics.cpython-310.pyc
[0.724s] byte-compiling /home/pc/soomac_ws/install/dongsoo_py_pkg/lib/python3.10/site-packages/dongsoo_py_pkg/one_way_trajectory.py to one_way_trajectory.cpython-310.pyc
[0.725s] byte-compiling /home/pc/soomac_ws/install/dongsoo_py_pkg/lib/python3.10/site-packages/dongsoo_py_pkg/dongsoo_server.py to dongsoo_server.cpython-310.pyc
[0.726s] byte-compiling /home/pc/soomac_ws/install/dongsoo_py_pkg/lib/python3.10/site-packages/dongsoo_py_pkg/data_hub.py to data_hub.cpython-310.pyc
[0.726s] running install_data
[0.726s] copying resource/dongsoo_py_pkg -> /home/pc/soomac_ws/install/dongsoo_py_pkg/share/ament_index/resource_index/packages
[0.726s] copying package.xml -> /home/pc/soomac_ws/install/dongsoo_py_pkg/share/dongsoo_py_pkg
[0.726s] running install_egg_info
[0.727s] Copying ../../build/dongsoo_py_pkg/dongsoo_py_pkg.egg-info to /home/pc/soomac_ws/install/dongsoo_py_pkg/lib/python3.10/site-packages/dongsoo_py_pkg-0.0.0-py3.10.egg-info
[0.727s] running install_scripts
[0.737s] Installing client_dongsoo script to /home/pc/soomac_ws/install/dongsoo_py_pkg/lib/dongsoo_py_pkg
[0.737s] Installing command_centor script to /home/pc/soomac_ws/install/dongsoo_py_pkg/lib/dongsoo_py_pkg
[0.737s] Installing data_hub_py script to /home/pc/soomac_ws/install/dongsoo_py_pkg/lib/dongsoo_py_pkg
[0.737s] Installing monitoring_hub script to /home/pc/soomac_ws/install/dongsoo_py_pkg/lib/dongsoo_py_pkg
[0.737s] Installing motor_dummy script to /home/pc/soomac_ws/install/dongsoo_py_pkg/lib/dongsoo_py_pkg
[0.738s] Installing one_way_trajectory script to /home/pc/soomac_ws/install/dongsoo_py_pkg/lib/dongsoo_py_pkg
[0.738s] Installing server_dongsoo script to /home/pc/soomac_ws/install/dongsoo_py_pkg/lib/dongsoo_py_pkg
[0.738s] Installing trajectory_test script to /home/pc/soomac_ws/install/dongsoo_py_pkg/lib/dongsoo_py_pkg
[0.738s] writing list of installed files to '/home/pc/soomac_ws/build/dongsoo_py_pkg/install.log'
[0.749s] Invoked command in '/home/pc/soomac_ws/src/dongsoo_py_pkg' returned '0': CMAKE_PREFIX_PATH=/home/pc/soomac_ws/install/dongsoo_interfaces:/home/pc/soomac_ws/install/dxl_cpp_pkg:/home/pc/soomac_ws/install/dongsoo_description:/home/pc/soomac_ws/install/dongsoo_cpp_pkg:/home/pc/cont_ws/install/dxl_cpp_pkg:/home/pc/mg_motor_ws/install/brobot_interfaces PYTHONPATH=/home/pc/soomac_ws/build/dongsoo_py_pkg/prefix_override:/usr/lib/python3/dist-packages/colcon_core/task/python/colcon_distutils_commands:/home/pc/soomac_ws/install/dongsoo_py_pkg/lib/python3.10/site-packages:${PYTHONPATH} /usr/bin/python3 -W ignore:setup.py install is deprecated -W ignore:easy_install command is deprecated setup.py egg_info --egg-base ../../build/dongsoo_py_pkg build --build-base /home/pc/soomac_ws/build/dongsoo_py_pkg/build install --record /home/pc/soomac_ws/build/dongsoo_py_pkg/install.log --single-version-externally-managed install_data --force
