[0.006s] Invoking command in '/home/pc/soomac_ws/build/dongsoo_interfaces': CMAKE_PREFIX_PATH=${CMAKE_PREFIX_PATH}:/home/pc/soomac_ws/install/homework_pkg:/home/pc/soomac_ws/install/finger_test:/home/pc/soomac_ws/install/dx_motor_control:/home/pc/soomac_ws/install/dongsoo_py_pkg:/home/pc/cont_ws/install/torque_test_pkg:/home/pc/cont_ws/install/finger_pkg:/home/pc/cont_ws/install/control_continuum:/home/pc/mg_motor_ws/install/mg_test_pkg:/home/pc/mg_motor_ws/install/mg_motor_test:/home/pc/mg_motor_ws/install/homework_pkg:/home/pc/mg_motor_ws/install/head_moving:/opt/ros/humble /usr/bin/cmake --build /home/pc/soomac_ws/build/dongsoo_interfaces -- -j32 -l32
[0.021s] -- Found ament_cmake: 1.3.12 (/opt/ros/humble/share/ament_cmake/cmake)
[0.137s] -- Found rosidl_default_generators: 1.2.0 (/opt/ros/humble/share/rosidl_default_generators/cmake)
[0.138s] -- Using all available rosidl_typesupport_c: rosidl_typesupport_fastrtps_c;rosidl_typesupport_introspection_c
[0.140s] -- Found rosidl_adapter: 3.1.7 (/opt/ros/humble/share/rosidl_adapter/cmake)
[0.153s] -- Using all available rosidl_typesupport_cpp: rosidl_typesupport_fastrtps_cpp;rosidl_typesupport_introspection_cpp
[0.312s] -- Found ament_cmake_ros: 0.10.0 (/opt/ros/humble/share/ament_cmake_ros/cmake)
[0.447s] -- Using all available rosidl_typesupport_c: rosidl_typesupport_fastrtps_c;rosidl_typesupport_introspection_c
[0.617s] -- Using all available rosidl_typesupport_cpp: rosidl_typesupport_fastrtps_cpp;rosidl_typesupport_introspection_cpp
[0.637s] -- Found python_cmake_module: 0.10.0 (/opt/ros/humble/share/python_cmake_module/cmake)
[0.651s] -- Using PYTHON_EXECUTABLE: /usr/bin/python3
[0.651s] -- Using PYTHON_INCLUDE_DIRS: /usr/include/python3.10
[0.651s] -- Using PYTHON_LIBRARIES: /usr/lib/x86_64-linux-gnu/libpython3.10.so
[0.662s] -- Configuring done
[0.672s] -- Generating done
[0.676s] -- Build files have been written to: /home/pc/soomac_ws/build/dongsoo_interfaces
[0.689s] [  3%] [34m[1mGenerating C code for ROS interfaces[0m
[0.694s] [  6%] [34m[1mGenerating C++ code for ROS interfaces[0m
[0.700s] [  6%] Built target ament_cmake_python_copy_dongsoo_interfaces
[0.809s] running egg_info
[0.809s] writing dongsoo_interfaces.egg-info/PKG-INFO
[0.809s] writing dependency_links to dongsoo_interfaces.egg-info/dependency_links.txt
[0.809s] writing top-level names to dongsoo_interfaces.egg-info/top_level.txt
[0.810s] reading manifest file 'dongsoo_interfaces.egg-info/SOURCES.txt'
[0.811s] writing manifest file 'dongsoo_interfaces.egg-info/SOURCES.txt'
[0.818s] [35m[1mConsolidate compiler generated dependencies of target dongsoo_interfaces__rosidl_generator_c[0m
[0.821s] [  6%] Built target dongsoo_interfaces__cpp
[0.824s] [  6%] Built target ament_cmake_python_build_dongsoo_interfaces_egg
[0.824s] [  9%] [32mBuilding C object CMakeFiles/dongsoo_interfaces__rosidl_generator_c.dir/rosidl_generator_c/dongsoo_interfaces/srv/detail/dong_soo_executor__functions.c.o[0m
[0.827s] [ 12%] [34m[1mGenerating C++ type support for eProsima Fast-RTPS[0m
[0.827s] [ 16%] [34m[1mGenerating C++ type support dispatch for ROS interfaces[0m
[0.827s] [ 19%] [34m[1mGenerating C++ introspection for ROS interfaces[0m
[0.852s] [ 22%] [32m[1mLinking C shared library libdongsoo_interfaces__rosidl_generator_c.so[0m
[0.871s] [ 22%] Built target dongsoo_interfaces__rosidl_generator_c
[0.876s] [ 25%] [34m[1mGenerating C introspection for ROS interfaces[0m
[0.877s] [ 29%] [34m[1mGenerating C type support for eProsima Fast-RTPS[0m
[0.877s] [ 32%] [34m[1mGenerating C type support dispatch for ROS interfaces[0m
[0.935s] [35m[1mConsolidate compiler generated dependencies of target dongsoo_interfaces__rosidl_typesupport_cpp[0m
[0.942s] [ 35%] [32mBuilding CXX object CMakeFiles/dongsoo_interfaces__rosidl_typesupport_cpp.dir/rosidl_typesupport_cpp/dongsoo_interfaces/srv/dong_soo_executor__type_support.cpp.o[0m
[0.942s] [35m[1mConsolidate compiler generated dependencies of target dongsoo_interfaces__rosidl_typesupport_introspection_cpp[0m
[0.949s] [35m[1mConsolidate compiler generated dependencies of target dongsoo_interfaces__rosidl_typesupport_fastrtps_cpp[0m
[0.949s] [ 38%] [32mBuilding CXX object CMakeFiles/dongsoo_interfaces__rosidl_typesupport_introspection_cpp.dir/rosidl_typesupport_introspection_cpp/dongsoo_interfaces/srv/detail/dong_soo_executor__type_support.cpp.o[0m
[0.955s] [ 41%] [32mBuilding CXX object CMakeFiles/dongsoo_interfaces__rosidl_typesupport_fastrtps_cpp.dir/rosidl_typesupport_fastrtps_cpp/dongsoo_interfaces/srv/detail/dds_fastrtps/dong_soo_executor__type_support.cpp.o[0m
[0.992s] [35m[1mConsolidate compiler generated dependencies of target dongsoo_interfaces__rosidl_typesupport_c[0m
[0.998s] [35m[1mConsolidate compiler generated dependencies of target dongsoo_interfaces__rosidl_typesupport_fastrtps_c[0m
[0.998s] [35m[1mConsolidate compiler generated dependencies of target dongsoo_interfaces__rosidl_typesupport_introspection_c[0m
[0.998s] [ 45%] [32mBuilding CXX object CMakeFiles/dongsoo_interfaces__rosidl_typesupport_c.dir/rosidl_typesupport_c/dongsoo_interfaces/srv/dong_soo_executor__type_support.cpp.o[0m
[1.006s] [ 48%] [32mBuilding C object CMakeFiles/dongsoo_interfaces__rosidl_typesupport_introspection_c.dir/rosidl_typesupport_introspection_c/dongsoo_interfaces/srv/detail/dong_soo_executor__type_support.c.o[0m
[1.006s] [ 51%] [32mBuilding CXX object CMakeFiles/dongsoo_interfaces__rosidl_typesupport_fastrtps_c.dir/rosidl_typesupport_fastrtps_c/dongsoo_interfaces/srv/detail/dong_soo_executor__type_support_c.cpp.o[0m
[1.015s] [ 54%] [32m[1mLinking CXX shared library libdongsoo_interfaces__rosidl_typesupport_c.so[0m
[1.029s] [ 58%] [32m[1mLinking C shared library libdongsoo_interfaces__rosidl_typesupport_introspection_c.so[0m
[1.042s] [ 58%] Built target dongsoo_interfaces__rosidl_typesupport_c
[1.046s] [ 58%] Built target dongsoo_interfaces__rosidl_typesupport_introspection_c
[1.047s] [ 61%] [32m[1mLinking CXX shared library libdongsoo_interfaces__rosidl_typesupport_cpp.so[0m
[1.068s] [ 61%] Built target dongsoo_interfaces__rosidl_typesupport_cpp
[1.103s] [ 64%] [32m[1mLinking CXX shared library libdongsoo_interfaces__rosidl_typesupport_introspection_cpp.so[0m
[1.115s] [ 67%] [32m[1mLinking CXX shared library libdongsoo_interfaces__rosidl_typesupport_fastrtps_cpp.so[0m
[1.143s] [ 67%] Built target dongsoo_interfaces__rosidl_typesupport_introspection_cpp
[1.144s] [ 70%] [32m[1mLinking CXX shared library libdongsoo_interfaces__rosidl_typesupport_fastrtps_c.so[0m
[1.153s] [ 70%] Built target dongsoo_interfaces__rosidl_typesupport_fastrtps_cpp
[1.183s] [ 70%] Built target dongsoo_interfaces__rosidl_typesupport_fastrtps_c
[1.194s] [ 70%] Built target dongsoo_interfaces
[1.205s] [ 74%] [34m[1mGenerating Python code for ROS interfaces[0m
[1.369s] [ 74%] Built target dongsoo_interfaces__py
[1.375s] [35m[1mConsolidate compiler generated dependencies of target dongsoo_interfaces__rosidl_generator_py[0m
[1.382s] [ 77%] [32mBuilding C object CMakeFiles/dongsoo_interfaces__rosidl_generator_py.dir/rosidl_generator_py/dongsoo_interfaces/srv/_dong_soo_executor_s.c.o[0m
[1.431s] [ 80%] [32m[1mLinking C shared library rosidl_generator_py/dongsoo_interfaces/libdongsoo_interfaces__rosidl_generator_py.so[0m
[1.455s] [ 80%] Built target dongsoo_interfaces__rosidl_generator_py
[1.461s] [35m[1mConsolidate compiler generated dependencies of target dongsoo_interfaces__rosidl_typesupport_c__pyext[0m
[1.462s] [35m[1mConsolidate compiler generated dependencies of target dongsoo_interfaces__rosidl_typesupport_fastrtps_c__pyext[0m
[1.462s] [35m[1mConsolidate compiler generated dependencies of target dongsoo_interfaces__rosidl_typesupport_introspection_c__pyext[0m
[1.468s] [ 83%] [32mBuilding C object CMakeFiles/dongsoo_interfaces__rosidl_typesupport_c__pyext.dir/rosidl_generator_py/dongsoo_interfaces/_dongsoo_interfaces_s.ep.rosidl_typesupport_c.c.o[0m
[1.468s] [ 87%] [32mBuilding C object CMakeFiles/dongsoo_interfaces__rosidl_typesupport_introspection_c__pyext.dir/rosidl_generator_py/dongsoo_interfaces/_dongsoo_interfaces_s.ep.rosidl_typesupport_introspection_c.c.o[0m
[1.469s] [ 90%] [32mBuilding C object CMakeFiles/dongsoo_interfaces__rosidl_typesupport_fastrtps_c__pyext.dir/rosidl_generator_py/dongsoo_interfaces/_dongsoo_interfaces_s.ep.rosidl_typesupport_fastrtps_c.c.o[0m
[1.511s] [ 93%] [32m[1mLinking C shared library rosidl_generator_py/dongsoo_interfaces/dongsoo_interfaces_s__rosidl_typesupport_introspection_c.cpython-310-x86_64-linux-gnu.so[0m
[1.516s] [ 96%] [32m[1mLinking C shared library rosidl_generator_py/dongsoo_interfaces/dongsoo_interfaces_s__rosidl_typesupport_c.cpython-310-x86_64-linux-gnu.so[0m
[1.521s] [100%] [32m[1mLinking C shared library rosidl_generator_py/dongsoo_interfaces/dongsoo_interfaces_s__rosidl_typesupport_fastrtps_c.cpython-310-x86_64-linux-gnu.so[0m
[1.531s] [100%] Built target dongsoo_interfaces__rosidl_typesupport_introspection_c__pyext
[1.537s] [100%] Built target dongsoo_interfaces__rosidl_typesupport_c__pyext
[1.543s] [100%] Built target dongsoo_interfaces__rosidl_typesupport_fastrtps_c__pyext
[1.550s] Invoked command in '/home/pc/soomac_ws/build/dongsoo_interfaces' returned '0': CMAKE_PREFIX_PATH=${CMAKE_PREFIX_PATH}:/home/pc/soomac_ws/install/homework_pkg:/home/pc/soomac_ws/install/finger_test:/home/pc/soomac_ws/install/dx_motor_control:/home/pc/soomac_ws/install/dongsoo_py_pkg:/home/pc/cont_ws/install/torque_test_pkg:/home/pc/cont_ws/install/finger_pkg:/home/pc/cont_ws/install/control_continuum:/home/pc/mg_motor_ws/install/mg_test_pkg:/home/pc/mg_motor_ws/install/mg_motor_test:/home/pc/mg_motor_ws/install/homework_pkg:/home/pc/mg_motor_ws/install/head_moving:/opt/ros/humble /usr/bin/cmake --build /home/pc/soomac_ws/build/dongsoo_interfaces -- -j32 -l32
[1.554s] Invoking command in '/home/pc/soomac_ws/build/dongsoo_interfaces': CMAKE_PREFIX_PATH=${CMAKE_PREFIX_PATH}:/home/pc/soomac_ws/install/homework_pkg:/home/pc/soomac_ws/install/finger_test:/home/pc/soomac_ws/install/dx_motor_control:/home/pc/soomac_ws/install/dongsoo_py_pkg:/home/pc/cont_ws/install/torque_test_pkg:/home/pc/cont_ws/install/finger_pkg:/home/pc/cont_ws/install/control_continuum:/home/pc/mg_motor_ws/install/mg_test_pkg:/home/pc/mg_motor_ws/install/mg_motor_test:/home/pc/mg_motor_ws/install/homework_pkg:/home/pc/mg_motor_ws/install/head_moving:/opt/ros/humble /usr/bin/cmake --install /home/pc/soomac_ws/build/dongsoo_interfaces
[1.557s] -- Install configuration: ""
[1.557s] -- Up-to-date: /home/pc/soomac_ws/install/dongsoo_interfaces/share/ament_index/resource_index/rosidl_interfaces/dongsoo_interfaces
[1.557s] -- Up-to-date: /home/pc/soomac_ws/install/dongsoo_interfaces/include/dongsoo_interfaces/dongsoo_interfaces
[1.557s] -- Up-to-date: /home/pc/soomac_ws/install/dongsoo_interfaces/include/dongsoo_interfaces/dongsoo_interfaces/msg
[1.558s] -- Up-to-date: /home/pc/soomac_ws/install/dongsoo_interfaces/include/dongsoo_interfaces/dongsoo_interfaces/msg/rosidl_generator_c__visibility_control.h
[1.558s] -- Up-to-date: /home/pc/soomac_ws/install/dongsoo_interfaces/include/dongsoo_interfaces/dongsoo_interfaces/srv
[1.558s] -- Installing: /home/pc/soomac_ws/install/dongsoo_interfaces/include/dongsoo_interfaces/dongsoo_interfaces/srv/dong_soo_executor.h
[1.558s] -- Up-to-date: /home/pc/soomac_ws/install/dongsoo_interfaces/include/dongsoo_interfaces/dongsoo_interfaces/srv/detail
[1.558s] -- Installing: /home/pc/soomac_ws/install/dongsoo_interfaces/include/dongsoo_interfaces/dongsoo_interfaces/srv/detail/dong_soo_executor__functions.h
[1.558s] -- Installing: /home/pc/soomac_ws/install/dongsoo_interfaces/include/dongsoo_interfaces/dongsoo_interfaces/srv/detail/dong_soo_executor__type_support.h
[1.558s] -- Installing: /home/pc/soomac_ws/install/dongsoo_interfaces/include/dongsoo_interfaces/dongsoo_interfaces/srv/detail/dong_soo_executor__functions.c
[1.558s] -- Installing: /home/pc/soomac_ws/install/dongsoo_interfaces/include/dongsoo_interfaces/dongsoo_interfaces/srv/detail/dong_soo_executor__struct.h
[1.558s] -- Up-to-date: /home/pc/soomac_ws/install/dongsoo_interfaces/share/dongsoo_interfaces/environment/library_path.sh
[1.558s] -- Installing: /home/pc/soomac_ws/install/dongsoo_interfaces/share/dongsoo_interfaces/environment/library_path.dsv
[1.558s] -- Installing: /home/pc/soomac_ws/install/dongsoo_interfaces/lib/libdongsoo_interfaces__rosidl_generator_c.so
[1.558s] -- Set runtime path of "/home/pc/soomac_ws/install/dongsoo_interfaces/lib/libdongsoo_interfaces__rosidl_generator_c.so" to ""
[1.558s] -- Up-to-date: /home/pc/soomac_ws/install/dongsoo_interfaces/include/dongsoo_interfaces/dongsoo_interfaces
[1.558s] -- Up-to-date: /home/pc/soomac_ws/install/dongsoo_interfaces/include/dongsoo_interfaces/dongsoo_interfaces/msg
[1.558s] -- Up-to-date: /home/pc/soomac_ws/install/dongsoo_interfaces/include/dongsoo_interfaces/dongsoo_interfaces/msg/rosidl_typesupport_fastrtps_c__visibility_control.h
[1.558s] -- Up-to-date: /home/pc/soomac_ws/install/dongsoo_interfaces/include/dongsoo_interfaces/dongsoo_interfaces/srv
[1.558s] -- Up-to-date: /home/pc/soomac_ws/install/dongsoo_interfaces/include/dongsoo_interfaces/dongsoo_interfaces/srv/detail
[1.558s] -- Installing: /home/pc/soomac_ws/install/dongsoo_interfaces/include/dongsoo_interfaces/dongsoo_interfaces/srv/detail/dong_soo_executor__rosidl_typesupport_fastrtps_c.h
[1.558s] -- Installing: /home/pc/soomac_ws/install/dongsoo_interfaces/lib/libdongsoo_interfaces__rosidl_typesupport_fastrtps_c.so
[1.558s] -- Set runtime path of "/home/pc/soomac_ws/install/dongsoo_interfaces/lib/libdongsoo_interfaces__rosidl_typesupport_fastrtps_c.so" to ""
[1.559s] -- Up-to-date: /home/pc/soomac_ws/install/dongsoo_interfaces/include/dongsoo_interfaces/dongsoo_interfaces
[1.559s] -- Up-to-date: /home/pc/soomac_ws/install/dongsoo_interfaces/include/dongsoo_interfaces/dongsoo_interfaces/msg
[1.559s] -- Up-to-date: /home/pc/soomac_ws/install/dongsoo_interfaces/include/dongsoo_interfaces/dongsoo_interfaces/msg/rosidl_typesupport_introspection_c__visibility_control.h
[1.559s] -- Up-to-date: /home/pc/soomac_ws/install/dongsoo_interfaces/include/dongsoo_interfaces/dongsoo_interfaces/srv
[1.559s] -- Up-to-date: /home/pc/soomac_ws/install/dongsoo_interfaces/include/dongsoo_interfaces/dongsoo_interfaces/srv/detail
[1.559s] -- Installing: /home/pc/soomac_ws/install/dongsoo_interfaces/include/dongsoo_interfaces/dongsoo_interfaces/srv/detail/dong_soo_executor__type_support.c
[1.559s] -- Installing: /home/pc/soomac_ws/install/dongsoo_interfaces/include/dongsoo_interfaces/dongsoo_interfaces/srv/detail/dong_soo_executor__rosidl_typesupport_introspection_c.h
[1.559s] -- Installing: /home/pc/soomac_ws/install/dongsoo_interfaces/lib/libdongsoo_interfaces__rosidl_typesupport_introspection_c.so
[1.559s] -- Set runtime path of "/home/pc/soomac_ws/install/dongsoo_interfaces/lib/libdongsoo_interfaces__rosidl_typesupport_introspection_c.so" to ""
[1.559s] -- Installing: /home/pc/soomac_ws/install/dongsoo_interfaces/lib/libdongsoo_interfaces__rosidl_typesupport_c.so
[1.559s] -- Set runtime path of "/home/pc/soomac_ws/install/dongsoo_interfaces/lib/libdongsoo_interfaces__rosidl_typesupport_c.so" to ""
[1.559s] -- Up-to-date: /home/pc/soomac_ws/install/dongsoo_interfaces/include/dongsoo_interfaces/dongsoo_interfaces
[1.559s] -- Up-to-date: /home/pc/soomac_ws/install/dongsoo_interfaces/include/dongsoo_interfaces/dongsoo_interfaces/msg
[1.559s] -- Up-to-date: /home/pc/soomac_ws/install/dongsoo_interfaces/include/dongsoo_interfaces/dongsoo_interfaces/msg/rosidl_generator_cpp__visibility_control.hpp
[1.559s] -- Up-to-date: /home/pc/soomac_ws/install/dongsoo_interfaces/include/dongsoo_interfaces/dongsoo_interfaces/srv
[1.559s] -- Up-to-date: /home/pc/soomac_ws/install/dongsoo_interfaces/include/dongsoo_interfaces/dongsoo_interfaces/srv/detail
[1.559s] -- Installing: /home/pc/soomac_ws/install/dongsoo_interfaces/include/dongsoo_interfaces/dongsoo_interfaces/srv/detail/dong_soo_executor__struct.hpp
[1.559s] -- Installing: /home/pc/soomac_ws/install/dongsoo_interfaces/include/dongsoo_interfaces/dongsoo_interfaces/srv/detail/dong_soo_executor__type_support.hpp
[1.559s] -- Installing: /home/pc/soomac_ws/install/dongsoo_interfaces/include/dongsoo_interfaces/dongsoo_interfaces/srv/detail/dong_soo_executor__builder.hpp
[1.559s] -- Installing: /home/pc/soomac_ws/install/dongsoo_interfaces/include/dongsoo_interfaces/dongsoo_interfaces/srv/detail/dong_soo_executor__traits.hpp
[1.559s] -- Installing: /home/pc/soomac_ws/install/dongsoo_interfaces/include/dongsoo_interfaces/dongsoo_interfaces/srv/dong_soo_executor.hpp
[1.559s] -- Up-to-date: /home/pc/soomac_ws/install/dongsoo_interfaces/include/dongsoo_interfaces/dongsoo_interfaces
[1.559s] -- Up-to-date: /home/pc/soomac_ws/install/dongsoo_interfaces/include/dongsoo_interfaces/dongsoo_interfaces/msg
[1.559s] -- Up-to-date: /home/pc/soomac_ws/install/dongsoo_interfaces/include/dongsoo_interfaces/dongsoo_interfaces/msg/rosidl_typesupport_fastrtps_cpp__visibility_control.h
[1.559s] -- Up-to-date: /home/pc/soomac_ws/install/dongsoo_interfaces/include/dongsoo_interfaces/dongsoo_interfaces/srv
[1.559s] -- Up-to-date: /home/pc/soomac_ws/install/dongsoo_interfaces/include/dongsoo_interfaces/dongsoo_interfaces/srv/detail
[1.559s] -- Up-to-date: /home/pc/soomac_ws/install/dongsoo_interfaces/include/dongsoo_interfaces/dongsoo_interfaces/srv/detail/dds_fastrtps
[1.559s] -- Installing: /home/pc/soomac_ws/install/dongsoo_interfaces/include/dongsoo_interfaces/dongsoo_interfaces/srv/detail/dong_soo_executor__rosidl_typesupport_fastrtps_cpp.hpp
[1.559s] -- Installing: /home/pc/soomac_ws/install/dongsoo_interfaces/lib/libdongsoo_interfaces__rosidl_typesupport_fastrtps_cpp.so
[1.559s] -- Set runtime path of "/home/pc/soomac_ws/install/dongsoo_interfaces/lib/libdongsoo_interfaces__rosidl_typesupport_fastrtps_cpp.so" to ""
[1.559s] -- Up-to-date: /home/pc/soomac_ws/install/dongsoo_interfaces/include/dongsoo_interfaces/dongsoo_interfaces
[1.559s] -- Up-to-date: /home/pc/soomac_ws/install/dongsoo_interfaces/include/dongsoo_interfaces/dongsoo_interfaces/srv
[1.559s] -- Up-to-date: /home/pc/soomac_ws/install/dongsoo_interfaces/include/dongsoo_interfaces/dongsoo_interfaces/srv/detail
[1.559s] -- Installing: /home/pc/soomac_ws/install/dongsoo_interfaces/include/dongsoo_interfaces/dongsoo_interfaces/srv/detail/dong_soo_executor__type_support.cpp
[1.559s] -- Installing: /home/pc/soomac_ws/install/dongsoo_interfaces/include/dongsoo_interfaces/dongsoo_interfaces/srv/detail/dong_soo_executor__rosidl_typesupport_introspection_cpp.hpp
[1.559s] -- Installing: /home/pc/soomac_ws/install/dongsoo_interfaces/lib/libdongsoo_interfaces__rosidl_typesupport_introspection_cpp.so
[1.559s] -- Set runtime path of "/home/pc/soomac_ws/install/dongsoo_interfaces/lib/libdongsoo_interfaces__rosidl_typesupport_introspection_cpp.so" to ""
[1.559s] -- Installing: /home/pc/soomac_ws/install/dongsoo_interfaces/lib/libdongsoo_interfaces__rosidl_typesupport_cpp.so
[1.559s] -- Set runtime path of "/home/pc/soomac_ws/install/dongsoo_interfaces/lib/libdongsoo_interfaces__rosidl_typesupport_cpp.so" to ""
[1.559s] -- Up-to-date: /home/pc/soomac_ws/install/dongsoo_interfaces/share/dongsoo_interfaces/environment/pythonpath.sh
[1.559s] -- Installing: /home/pc/soomac_ws/install/dongsoo_interfaces/share/dongsoo_interfaces/environment/pythonpath.dsv
[1.560s] -- Up-to-date: /home/pc/soomac_ws/install/dongsoo_interfaces/local/lib/python3.10/dist-packages/dongsoo_interfaces-0.0.0-py3.10.egg-info
[1.560s] -- Installing: /home/pc/soomac_ws/install/dongsoo_interfaces/local/lib/python3.10/dist-packages/dongsoo_interfaces-0.0.0-py3.10.egg-info/top_level.txt
[1.560s] -- Installing: /home/pc/soomac_ws/install/dongsoo_interfaces/local/lib/python3.10/dist-packages/dongsoo_interfaces-0.0.0-py3.10.egg-info/dependency_links.txt
[1.560s] -- Installing: /home/pc/soomac_ws/install/dongsoo_interfaces/local/lib/python3.10/dist-packages/dongsoo_interfaces-0.0.0-py3.10.egg-info/SOURCES.txt
[1.560s] -- Installing: /home/pc/soomac_ws/install/dongsoo_interfaces/local/lib/python3.10/dist-packages/dongsoo_interfaces-0.0.0-py3.10.egg-info/PKG-INFO
[1.560s] -- Up-to-date: /home/pc/soomac_ws/install/dongsoo_interfaces/local/lib/python3.10/dist-packages/dongsoo_interfaces
[1.560s] -- Installing: /home/pc/soomac_ws/install/dongsoo_interfaces/local/lib/python3.10/dist-packages/dongsoo_interfaces/libdongsoo_interfaces__rosidl_generator_py.so
[1.560s] -- Installing: /home/pc/soomac_ws/install/dongsoo_interfaces/local/lib/python3.10/dist-packages/dongsoo_interfaces/_dongsoo_interfaces_s.ep.rosidl_typesupport_introspection_c.c
[1.560s] -- Installing: /home/pc/soomac_ws/install/dongsoo_interfaces/local/lib/python3.10/dist-packages/dongsoo_interfaces/_dongsoo_interfaces_s.ep.rosidl_typesupport_c.c
[1.560s] -- Installing: /home/pc/soomac_ws/install/dongsoo_interfaces/local/lib/python3.10/dist-packages/dongsoo_interfaces/__init__.py
[1.560s] -- Installing: /home/pc/soomac_ws/install/dongsoo_interfaces/local/lib/python3.10/dist-packages/dongsoo_interfaces/_dongsoo_interfaces_s.ep.rosidl_typesupport_fastrtps_c.c
[1.560s] -- Up-to-date: /home/pc/soomac_ws/install/dongsoo_interfaces/local/lib/python3.10/dist-packages/dongsoo_interfaces/srv
[1.560s] -- Installing: /home/pc/soomac_ws/install/dongsoo_interfaces/local/lib/python3.10/dist-packages/dongsoo_interfaces/srv/_dong_soo_executor_s.c
[1.560s] -- Installing: /home/pc/soomac_ws/install/dongsoo_interfaces/local/lib/python3.10/dist-packages/dongsoo_interfaces/srv/__init__.py
[1.560s] -- Installing: /home/pc/soomac_ws/install/dongsoo_interfaces/local/lib/python3.10/dist-packages/dongsoo_interfaces/srv/_dong_soo_executor.py
[1.560s] -- Installing: /home/pc/soomac_ws/install/dongsoo_interfaces/local/lib/python3.10/dist-packages/dongsoo_interfaces/dongsoo_interfaces_s__rosidl_typesupport_fastrtps_c.cpython-310-x86_64-linux-gnu.so
[1.560s] -- Installing: /home/pc/soomac_ws/install/dongsoo_interfaces/local/lib/python3.10/dist-packages/dongsoo_interfaces/dongsoo_interfaces_s__rosidl_typesupport_introspection_c.cpython-310-x86_64-linux-gnu.so
[1.560s] -- Installing: /home/pc/soomac_ws/install/dongsoo_interfaces/local/lib/python3.10/dist-packages/dongsoo_interfaces/dongsoo_interfaces_s__rosidl_typesupport_c.cpython-310-x86_64-linux-gnu.so
[1.581s] Listing '/home/pc/soomac_ws/install/dongsoo_interfaces/local/lib/python3.10/dist-packages/dongsoo_interfaces'...
[1.581s] Compiling '/home/pc/soomac_ws/install/dongsoo_interfaces/local/lib/python3.10/dist-packages/dongsoo_interfaces/__init__.py'...
[1.581s] Listing '/home/pc/soomac_ws/install/dongsoo_interfaces/local/lib/python3.10/dist-packages/dongsoo_interfaces/srv'...
[1.581s] Compiling '/home/pc/soomac_ws/install/dongsoo_interfaces/local/lib/python3.10/dist-packages/dongsoo_interfaces/srv/__init__.py'...
[1.581s] Compiling '/home/pc/soomac_ws/install/dongsoo_interfaces/local/lib/python3.10/dist-packages/dongsoo_interfaces/srv/_dong_soo_executor.py'...
[1.583s] -- Installing: /home/pc/soomac_ws/install/dongsoo_interfaces/local/lib/python3.10/dist-packages/dongsoo_interfaces/dongsoo_interfaces_s__rosidl_typesupport_fastrtps_c.cpython-310-x86_64-linux-gnu.so
[1.583s] -- Set runtime path of "/home/pc/soomac_ws/install/dongsoo_interfaces/local/lib/python3.10/dist-packages/dongsoo_interfaces/dongsoo_interfaces_s__rosidl_typesupport_fastrtps_c.cpython-310-x86_64-linux-gnu.so" to ""
[1.583s] -- Installing: /home/pc/soomac_ws/install/dongsoo_interfaces/local/lib/python3.10/dist-packages/dongsoo_interfaces/dongsoo_interfaces_s__rosidl_typesupport_introspection_c.cpython-310-x86_64-linux-gnu.so
[1.583s] -- Set runtime path of "/home/pc/soomac_ws/install/dongsoo_interfaces/local/lib/python3.10/dist-packages/dongsoo_interfaces/dongsoo_interfaces_s__rosidl_typesupport_introspection_c.cpython-310-x86_64-linux-gnu.so" to ""
[1.583s] -- Installing: /home/pc/soomac_ws/install/dongsoo_interfaces/local/lib/python3.10/dist-packages/dongsoo_interfaces/dongsoo_interfaces_s__rosidl_typesupport_c.cpython-310-x86_64-linux-gnu.so
[1.583s] -- Set runtime path of "/home/pc/soomac_ws/install/dongsoo_interfaces/local/lib/python3.10/dist-packages/dongsoo_interfaces/dongsoo_interfaces_s__rosidl_typesupport_c.cpython-310-x86_64-linux-gnu.so" to ""
[1.583s] -- Installing: /home/pc/soomac_ws/install/dongsoo_interfaces/lib/libdongsoo_interfaces__rosidl_generator_py.so
[1.583s] -- Set runtime path of "/home/pc/soomac_ws/install/dongsoo_interfaces/lib/libdongsoo_interfaces__rosidl_generator_py.so" to ""
[1.583s] -- Installing: /home/pc/soomac_ws/install/dongsoo_interfaces/share/dongsoo_interfaces/srv/DongSooExecutor.idl
[1.583s] -- Installing: /home/pc/soomac_ws/install/dongsoo_interfaces/share/dongsoo_interfaces/srv/DongSooExecutor.srv
[1.584s] -- Installing: /home/pc/soomac_ws/install/dongsoo_interfaces/share/dongsoo_interfaces/srv/DongSooExecutor_Request.msg
[1.584s] -- Up-to-date: /home/pc/soomac_ws/install/dongsoo_interfaces/share/dongsoo_interfaces/srv/DongSooExecutor_Response.msg
[1.584s] -- Up-to-date: /home/pc/soomac_ws/install/dongsoo_interfaces/share/ament_index/resource_index/package_run_dependencies/dongsoo_interfaces
[1.584s] -- Installing: /home/pc/soomac_ws/install/dongsoo_interfaces/share/ament_index/resource_index/parent_prefix_path/dongsoo_interfaces
[1.584s] -- Up-to-date: /home/pc/soomac_ws/install/dongsoo_interfaces/share/dongsoo_interfaces/environment/ament_prefix_path.sh
[1.584s] -- Installing: /home/pc/soomac_ws/install/dongsoo_interfaces/share/dongsoo_interfaces/environment/ament_prefix_path.dsv
[1.584s] -- Up-to-date: /home/pc/soomac_ws/install/dongsoo_interfaces/share/dongsoo_interfaces/environment/path.sh
[1.584s] -- Installing: /home/pc/soomac_ws/install/dongsoo_interfaces/share/dongsoo_interfaces/environment/path.dsv
[1.584s] -- Up-to-date: /home/pc/soomac_ws/install/dongsoo_interfaces/share/dongsoo_interfaces/local_setup.bash
[1.584s] -- Up-to-date: /home/pc/soomac_ws/install/dongsoo_interfaces/share/dongsoo_interfaces/local_setup.sh
[1.584s] -- Up-to-date: /home/pc/soomac_ws/install/dongsoo_interfaces/share/dongsoo_interfaces/local_setup.zsh
[1.584s] -- Installing: /home/pc/soomac_ws/install/dongsoo_interfaces/share/dongsoo_interfaces/local_setup.dsv
[1.584s] -- Installing: /home/pc/soomac_ws/install/dongsoo_interfaces/share/dongsoo_interfaces/package.dsv
[1.584s] -- Up-to-date: /home/pc/soomac_ws/install/dongsoo_interfaces/share/ament_index/resource_index/packages/dongsoo_interfaces
[1.584s] -- Up-to-date: /home/pc/soomac_ws/install/dongsoo_interfaces/share/dongsoo_interfaces/cmake/export_dongsoo_interfaces__rosidl_generator_cExport.cmake
[1.584s] -- Up-to-date: /home/pc/soomac_ws/install/dongsoo_interfaces/share/dongsoo_interfaces/cmake/export_dongsoo_interfaces__rosidl_generator_cExport-noconfig.cmake
[1.584s] -- Up-to-date: /home/pc/soomac_ws/install/dongsoo_interfaces/share/dongsoo_interfaces/cmake/export_dongsoo_interfaces__rosidl_typesupport_fastrtps_cExport.cmake
[1.584s] -- Up-to-date: /home/pc/soomac_ws/install/dongsoo_interfaces/share/dongsoo_interfaces/cmake/export_dongsoo_interfaces__rosidl_typesupport_fastrtps_cExport-noconfig.cmake
[1.584s] -- Up-to-date: /home/pc/soomac_ws/install/dongsoo_interfaces/share/dongsoo_interfaces/cmake/dongsoo_interfaces__rosidl_typesupport_introspection_cExport.cmake
[1.584s] -- Up-to-date: /home/pc/soomac_ws/install/dongsoo_interfaces/share/dongsoo_interfaces/cmake/dongsoo_interfaces__rosidl_typesupport_introspection_cExport-noconfig.cmake
[1.584s] -- Up-to-date: /home/pc/soomac_ws/install/dongsoo_interfaces/share/dongsoo_interfaces/cmake/dongsoo_interfaces__rosidl_typesupport_cExport.cmake
[1.584s] -- Up-to-date: /home/pc/soomac_ws/install/dongsoo_interfaces/share/dongsoo_interfaces/cmake/dongsoo_interfaces__rosidl_typesupport_cExport-noconfig.cmake
[1.584s] -- Up-to-date: /home/pc/soomac_ws/install/dongsoo_interfaces/share/dongsoo_interfaces/cmake/export_dongsoo_interfaces__rosidl_generator_cppExport.cmake
[1.584s] -- Up-to-date: /home/pc/soomac_ws/install/dongsoo_interfaces/share/dongsoo_interfaces/cmake/export_dongsoo_interfaces__rosidl_typesupport_fastrtps_cppExport.cmake
[1.584s] -- Up-to-date: /home/pc/soomac_ws/install/dongsoo_interfaces/share/dongsoo_interfaces/cmake/export_dongsoo_interfaces__rosidl_typesupport_fastrtps_cppExport-noconfig.cmake
[1.584s] -- Up-to-date: /home/pc/soomac_ws/install/dongsoo_interfaces/share/dongsoo_interfaces/cmake/dongsoo_interfaces__rosidl_typesupport_introspection_cppExport.cmake
[1.584s] -- Up-to-date: /home/pc/soomac_ws/install/dongsoo_interfaces/share/dongsoo_interfaces/cmake/dongsoo_interfaces__rosidl_typesupport_introspection_cppExport-noconfig.cmake
[1.584s] -- Up-to-date: /home/pc/soomac_ws/install/dongsoo_interfaces/share/dongsoo_interfaces/cmake/dongsoo_interfaces__rosidl_typesupport_cppExport.cmake
[1.584s] -- Up-to-date: /home/pc/soomac_ws/install/dongsoo_interfaces/share/dongsoo_interfaces/cmake/dongsoo_interfaces__rosidl_typesupport_cppExport-noconfig.cmake
[1.584s] -- Up-to-date: /home/pc/soomac_ws/install/dongsoo_interfaces/share/dongsoo_interfaces/cmake/export_dongsoo_interfaces__rosidl_generator_pyExport.cmake
[1.584s] -- Up-to-date: /home/pc/soomac_ws/install/dongsoo_interfaces/share/dongsoo_interfaces/cmake/export_dongsoo_interfaces__rosidl_generator_pyExport-noconfig.cmake
[1.584s] -- Up-to-date: /home/pc/soomac_ws/install/dongsoo_interfaces/share/dongsoo_interfaces/cmake/rosidl_cmake-extras.cmake
[1.584s] -- Up-to-date: /home/pc/soomac_ws/install/dongsoo_interfaces/share/dongsoo_interfaces/cmake/ament_cmake_export_include_directories-extras.cmake
[1.584s] -- Up-to-date: /home/pc/soomac_ws/install/dongsoo_interfaces/share/dongsoo_interfaces/cmake/ament_cmake_export_libraries-extras.cmake
[1.584s] -- Up-to-date: /home/pc/soomac_ws/install/dongsoo_interfaces/share/dongsoo_interfaces/cmake/ament_cmake_export_targets-extras.cmake
[1.584s] -- Up-to-date: /home/pc/soomac_ws/install/dongsoo_interfaces/share/dongsoo_interfaces/cmake/rosidl_cmake_export_typesupport_targets-extras.cmake
[1.585s] -- Up-to-date: /home/pc/soomac_ws/install/dongsoo_interfaces/share/dongsoo_interfaces/cmake/ament_cmake_export_dependencies-extras.cmake
[1.585s] -- Up-to-date: /home/pc/soomac_ws/install/dongsoo_interfaces/share/dongsoo_interfaces/cmake/rosidl_cmake_export_typesupport_libraries-extras.cmake
[1.585s] -- Up-to-date: /home/pc/soomac_ws/install/dongsoo_interfaces/share/dongsoo_interfaces/cmake/dongsoo_interfacesConfig.cmake
[1.585s] -- Up-to-date: /home/pc/soomac_ws/install/dongsoo_interfaces/share/dongsoo_interfaces/cmake/dongsoo_interfacesConfig-version.cmake
[1.585s] -- Up-to-date: /home/pc/soomac_ws/install/dongsoo_interfaces/share/dongsoo_interfaces/package.xml
[1.586s] Invoked command in '/home/pc/soomac_ws/build/dongsoo_interfaces' returned '0': CMAKE_PREFIX_PATH=${CMAKE_PREFIX_PATH}:/home/pc/soomac_ws/install/homework_pkg:/home/pc/soomac_ws/install/finger_test:/home/pc/soomac_ws/install/dx_motor_control:/home/pc/soomac_ws/install/dongsoo_py_pkg:/home/pc/cont_ws/install/torque_test_pkg:/home/pc/cont_ws/install/finger_pkg:/home/pc/cont_ws/install/control_continuum:/home/pc/mg_motor_ws/install/mg_test_pkg:/home/pc/mg_motor_ws/install/mg_motor_test:/home/pc/mg_motor_ws/install/homework_pkg:/home/pc/mg_motor_ws/install/head_moving:/opt/ros/humble /usr/bin/cmake --install /home/pc/soomac_ws/build/dongsoo_interfaces
