[0.005s] Invoking command in '/home/pc/soomac_ws/build/dongsoo_cpp_pkg': CMAKE_PREFIX_PATH=${CMAKE_PREFIX_PATH}:/home/pc/soomac_ws/install/homework_pkg:/home/pc/soomac_ws/install/finger_test:/home/pc/soomac_ws/install/dx_motor_control:/home/pc/soomac_ws/install/dongsoo_py_pkg:/home/pc/cont_ws/install/torque_test_pkg:/home/pc/cont_ws/install/finger_pkg:/home/pc/cont_ws/install/control_continuum:/home/pc/mg_motor_ws/install/mg_test_pkg:/home/pc/mg_motor_ws/install/mg_motor_test:/home/pc/mg_motor_ws/install/homework_pkg:/home/pc/mg_motor_ws/install/head_moving:/opt/ros/humble /usr/bin/cmake --build /home/pc/soomac_ws/build/dongsoo_cpp_pkg -- -j32 -l32
[0.022s] -- Found ament_cmake: 1.3.12 (/opt/ros/humble/share/ament_cmake/cmake)
[0.116s] -- Found rclcpp: 16.0.14 (/opt/ros/humble/share/rclcpp/cmake)
[0.128s] -- Found rosidl_generator_c: 3.1.7 (/opt/ros/humble/share/rosidl_generator_c/cmake)
[0.130s] -- Found rosidl_adapter: 3.1.7 (/opt/ros/humble/share/rosidl_adapter/cmake)
[0.133s] -- Found rosidl_generator_cpp: 3.1.7 (/opt/ros/humble/share/rosidl_generator_cpp/cmake)
[0.137s] -- Using all available rosidl_typesupport_c: rosidl_typesupport_fastrtps_c;rosidl_typesupport_introspection_c
[0.143s] -- Using all available rosidl_typesupport_cpp: rosidl_typesupport_fastrtps_cpp;rosidl_typesupport_introspection_cpp
[0.158s] -- Found rmw_implementation_cmake: 6.1.2 (/opt/ros/humble/share/rmw_implementation_cmake/cmake)
[0.159s] -- Found rmw_fastrtps_cpp: 6.2.8 (/opt/ros/humble/share/rmw_fastrtps_cpp/cmake)
[0.228s] -- Using RMW implementation 'rmw_fastrtps_cpp' as default
[0.257s] -- Found dynamixel_sdk: 3.8.4 (/opt/ros/humble/share/dynamixel_sdk/cmake)
[0.296s] -- Configuring done
[0.301s] -- Generating done
[0.303s] -- Build files have been written to: /home/pc/soomac_ws/build/dongsoo_cpp_pkg
[0.318s] [35m[1mConsolidate compiler generated dependencies of target motor_connect[0m
[0.325s] [ 25%] [32mBuilding CXX object CMakeFiles/data_hub.dir/src/data_hub.cpp.o[0m
[0.332s] [ 75%] Built target motor_connect
[0.414s] [01m[K/home/pc/soomac_ws/src/dongsoo_cpp_pkg/src/data_hub.cpp:14:22:[m[K [01;35m[Kwarning: [m[Kcharacter constant too long for its type
[0.414s]    14 |     DataHub() : Node([01;35m[K'data_hub'[m[K), t_(0.0f) {
[0.414s]       |                      [01;35m[K^~~~~~~~~~[m[K
[1.255s] [01m[K/home/pc/soomac_ws/src/dongsoo_cpp_pkg/src/data_hub.cpp:[m[K In constructor ‘[01m[KDataHub::DataHub()[m[K’:
[1.255s] [01m[K/home/pc/soomac_ws/src/dongsoo_cpp_pkg/src/data_hub.cpp:14:42:[m[K [01;31m[Kerror: [m[Kno matching function for call to ‘[01m[Krclcpp::Node::Node(int)[m[K’
[1.255s]    14 |     DataHub() : Node('data_hub'), t_(0.0f[01;31m[K)[m[K {
[1.255s]       |                                          [01;31m[K^[m[K
[1.255s] In file included from [01m[K/opt/ros/humble/include/rclcpp/rclcpp/executors/single_threaded_executor.hpp:28[m[K,
[1.255s]                  from [01m[K/opt/ros/humble/include/rclcpp/rclcpp/executors.hpp:22[m[K,
[1.255s]                  from [01m[K/opt/ros/humble/include/rclcpp/rclcpp/rclcpp.hpp:155[m[K,
[1.255s]                  from [01m[K/home/pc/soomac_ws/src/dongsoo_cpp_pkg/src/data_hub.cpp:5[m[K:
[1.255s] [01m[K/opt/ros/humble/include/rclcpp/rclcpp/node.hpp:1294:3:[m[K [01;36m[Knote: [m[Kcandidate: ‘[01m[Krclcpp::Node::Node(const rclcpp::Node&, const string&)[m[K’
[1.255s]  1294 |   [01;36m[KNode[m[K(
[1.255s]       |   [01;36m[K^~~~[m[K
[1.255s] [01m[K/opt/ros/humble/include/rclcpp/rclcpp/node.hpp:1294:3:[m[K [01;36m[Knote: [m[K  candidate expects 2 arguments, 1 provided
[1.255s] [01m[K/opt/ros/humble/include/rclcpp/rclcpp/node.hpp:101:12:[m[K [01;36m[Knote: [m[Kcandidate: ‘[01m[Krclcpp::Node::Node(const string&, const string&, const rclcpp::NodeOptions&)[m[K’
[1.255s]   101 |   explicit [01;36m[KNode[m[K(
[1.255s]       |            [01;36m[K^~~~[m[K
[1.255s] [01m[K/opt/ros/humble/include/rclcpp/rclcpp/node.hpp:101:12:[m[K [01;36m[Knote: [m[K  candidate expects 3 arguments, 1 provided
[1.255s] [01m[K/opt/ros/humble/include/rclcpp/rclcpp/node.hpp:89:12:[m[K [01;36m[Knote: [m[Kcandidate: ‘[01m[Krclcpp::Node::Node(const string&, const rclcpp::NodeOptions&)[m[K’
[1.255s]    89 |   explicit [01;36m[KNode[m[K(
[1.255s]       |            [01;36m[K^~~~[m[K
[1.255s] [01m[K/opt/ros/humble/include/rclcpp/rclcpp/node.hpp:90:25:[m[K [01;36m[Knote: [m[K  no known conversion for argument 1 from ‘[01m[Kint[m[K’ to ‘[01m[Kconst string&[m[K’ {aka ‘[01m[Kconst std::__cxx11::basic_string<char>&[m[K’}
[1.255s]    90 |     [01;36m[Kconst std::string & node_name[m[K,
[1.255s]       |     [01;36m[K~~~~~~~~~~~~~~~~~~~~^~~~~~~~~[m[K
[1.258s] [01m[K/home/pc/soomac_ws/src/dongsoo_cpp_pkg/src/data_hub.cpp:16:9:[m[K [01;31m[Kerror: [m[K‘[01m[Kpub_float_[m[K’ was not declared in this scope; did you mean ‘[01m[Kpub_floats_[m[K’?
[1.258s]    16 |         [01;31m[Kpub_float_[m[K = this->create_publisher<std_msgs::msg:Float32MulityArray>("/floats", rclcpp::QoS(10));
[1.258s]       |         [01;31m[K^~~~~~~~~~[m[K
[1.258s]       |         [32m[Kpub_floats_[m[K
[1.258s] [01m[K/home/pc/soomac_ws/src/dongsoo_cpp_pkg/src/data_hub.cpp:16:58:[m[K [01;31m[Kerror: [m[Kfound ‘[01m[K:[m[K’ in nested-name-specifier, expected ‘[01m[K::[m[K’
[1.258s]    16 |         pub_float_ = this->create_publisher<std_msgs::msg[01;31m[K:[m[KFloat32MulityArray>("/floats", rclcpp::QoS(10));
[1.258s]       |                                                          [01;31m[K^[m[K
[1.258s]       |                                                          [32m[K::[m[K
[1.258s] [01m[K/home/pc/soomac_ws/src/dongsoo_cpp_pkg/src/data_hub.cpp:16:59:[m[K [01;31m[Kerror: [m[K‘[01m[KFloat32MulityArray[m[K’ is not a member of ‘[01m[Kstd_msgs::msg[m[K’; did you mean ‘[01m[KFloat32MultiArray[m[K’?
[1.258s]    16 |         pub_float_ = this->create_publisher<std_msgs::msg:[01;31m[KFloat32MulityArray[m[K>("/floats", rclcpp::QoS(10));
[1.258s]       |                                                           [01;31m[K^~~~~~~~~~~~~~~~~~[m[K
[1.258s]       |                                                           [32m[KFloat32MultiArray[m[K
[1.258s] [01m[K/home/pc/soomac_ws/src/dongsoo_cpp_pkg/src/data_hub.cpp:16:78:[m[K [01;31m[Kerror: [m[Kno matching function for call to ‘[01m[KDataHub::create_publisher<<expression error> >(const char [8], rclcpp::QoS)[m[K’
[1.258s]    16 |         pub_float_ = [01;31m[Kthis->create_publisher<std_msgs::msg:Float32MulityArray>("/floats", rclcpp::QoS(10))[m[K;
[1.258s]       |                      [01;31m[K~~~~~~~~~~~~~~~~~~~~~~~~~~~~~~~~~~~~~~~~~~~~~~~~~~~~~~~~^~~~~~~~~~~~~~~~~~~~~~~~~~~~[m[K
[1.258s] In file included from [01m[K/opt/ros/humble/include/rclcpp/rclcpp/node.hpp:1321[m[K,
[1.259s]                  from [01m[K/opt/ros/humble/include/rclcpp/rclcpp/executors/single_threaded_executor.hpp:28[m[K,
[1.259s]                  from [01m[K/opt/ros/humble/include/rclcpp/rclcpp/executors.hpp:22[m[K,
[1.259s]                  from [01m[K/opt/ros/humble/include/rclcpp/rclcpp/rclcpp.hpp:155[m[K,
[1.259s]                  from [01m[K/home/pc/soomac_ws/src/dongsoo_cpp_pkg/src/data_hub.cpp:5[m[K:
[1.259s] [01m[K/opt/ros/humble/include/rclcpp/rclcpp/node_impl.hpp:73:1:[m[K [01;36m[Knote: [m[Kcandidate: ‘[01m[Ktemplate<class MessageT, class AllocatorT, class PublisherT> std::shared_ptr<PublisherT> rclcpp::Node::create_publisher(const string&, const rclcpp::QoS&, const rclcpp::PublisherOptionsWithAllocator<AllocatorT>&)[m[K’
[1.259s]    73 | [01;36m[KNode[m[K::create_publisher(
[1.259s]       | [01;36m[K^~~~[m[K
[1.259s] [01m[K/opt/ros/humble/include/rclcpp/rclcpp/node_impl.hpp:73:1:[m[K [01;36m[Knote: [m[K  template argument deduction/substitution failed:
[1.259s] [01m[K/home/pc/soomac_ws/src/dongsoo_cpp_pkg/src/data_hub.cpp:16:78:[m[K [01;31m[Kerror: [m[Ktemplate argument 1 is invalid
[1.259s]    16 |         pub_float_ = [01;31m[Kthis->create_publisher<std_msgs::msg:Float32MulityArray>("/floats", rclcpp::QoS(10))[m[K;
[1.259s]       |                      [01;31m[K~~~~~~~~~~~~~~~~~~~~~~~~~~~~~~~~~~~~~~~~~~~~~~~~~~~~~~~~^~~~~~~~~~~~~~~~~~~~~~~~~~~~[m[K
[1.259s] [01m[K/home/pc/soomac_ws/src/dongsoo_cpp_pkg/src/data_hub.cpp:17:64:[m[K [01;31m[Kerror: [m[K‘[01m[KArrayPublisher[m[K’ has not been declared
[1.259s]    17 |         timer_     = this->create_wall_timer(100ms, std::bind(&[01;31m[KArrayPublisher[m[K::onTimer, this))
[1.259s]       |                                                                [01;31m[K^~~~~~~~~~~~~~[m[K
[1.261s] [01m[K/home/pc/soomac_ws/src/dongsoo_cpp_pkg/src/data_hub.cpp:[m[K In function ‘[01m[Kint main(int, char**)[m[K’:
[1.261s] [01m[K/home/pc/soomac_ws/src/dongsoo_cpp_pkg/src/data_hub.cpp:57:35:[m[K [01;31m[Kerror: [m[K‘[01m[KArrayPublisher[m[K’ was not declared in this scope
[1.261s]    57 |     rclcpp::spin(std::make_shared<[01;31m[KArrayPublisher[m[K>());
[1.261s]       |                                   [01;31m[K^~~~~~~~~~~~~~[m[K
[1.261s] [01m[K/home/pc/soomac_ws/src/dongsoo_cpp_pkg/src/data_hub.cpp:57:50:[m[K [01;31m[Kerror: [m[Kno matching function for call to ‘[01m[Kmake_shared<<expression error> >()[m[K’
[1.261s]    57 |     rclcpp::spin([01;31m[Kstd::make_shared<ArrayPublisher>()[m[K);
[1.261s]       |                  [01;31m[K~~~~~~~~~~~~~~~~~~~~~~~~~~~~~~~~^~[m[K
[1.261s] In file included from [01m[K/usr/include/c++/11/memory:77[m[K,
[1.261s]                  from [01m[K/opt/ros/humble/include/rclcpp/rclcpp/rclcpp.hpp:153[m[K,
[1.261s]                  from [01m[K/home/pc/soomac_ws/src/dongsoo_cpp_pkg/src/data_hub.cpp:5[m[K:
[1.261s] [01m[K/usr/include/c++/11/bits/shared_ptr.h:875:5:[m[K [01;36m[Knote: [m[Kcandidate: ‘[01m[Ktemplate<class _Tp, class ... _Args> std::shared_ptr<_Tp> std::make_shared(_Args&& ...)[m[K’
[1.261s]   875 |     [01;36m[Kmake_shared[m[K(_Args&&... __args)
[1.261s]       |     [01;36m[K^~~~~~~~~~~[m[K
[1.261s] [01m[K/usr/include/c++/11/bits/shared_ptr.h:875:5:[m[K [01;36m[Knote: [m[K  template argument deduction/substitution failed:
[1.261s] [01m[K/home/pc/soomac_ws/src/dongsoo_cpp_pkg/src/data_hub.cpp:57:50:[m[K [01;31m[Kerror: [m[Ktemplate argument 1 is invalid
[1.262s]    57 |     rclcpp::spin([01;31m[Kstd::make_shared<ArrayPublisher>()[m[K);
[1.262s]       |                  [01;31m[K~~~~~~~~~~~~~~~~~~~~~~~~~~~~~~~~^~[m[K
[1.591s] gmake[2]: *** [CMakeFiles/data_hub.dir/build.make:76: CMakeFiles/data_hub.dir/src/data_hub.cpp.o] Error 1
[1.591s] gmake[1]: *** [CMakeFiles/Makefile2:165: CMakeFiles/data_hub.dir/all] Error 2
[1.591s] gmake: *** [Makefile:146: all] Error 2
[1.593s] Invoked command in '/home/pc/soomac_ws/build/dongsoo_cpp_pkg' returned '2': CMAKE_PREFIX_PATH=${CMAKE_PREFIX_PATH}:/home/pc/soomac_ws/install/homework_pkg:/home/pc/soomac_ws/install/finger_test:/home/pc/soomac_ws/install/dx_motor_control:/home/pc/soomac_ws/install/dongsoo_py_pkg:/home/pc/cont_ws/install/torque_test_pkg:/home/pc/cont_ws/install/finger_pkg:/home/pc/cont_ws/install/control_continuum:/home/pc/mg_motor_ws/install/mg_test_pkg:/home/pc/mg_motor_ws/install/mg_motor_test:/home/pc/mg_motor_ws/install/homework_pkg:/home/pc/mg_motor_ws/install/head_moving:/opt/ros/humble /usr/bin/cmake --build /home/pc/soomac_ws/build/dongsoo_cpp_pkg -- -j32 -l32
