[0.282s] Invoking command in '/home/pc/soomac_ws/build/dongsoo_control_pkg': PYTHONPATH=/home/pc/soomac_ws/build/dongsoo_control_pkg/prefix_override:/usr/lib/python3/dist-packages/colcon_core/task/python/colcon_distutils_commands:/home/pc/soomac_ws/install/dongsoo_control_pkg/lib/python3.10/site-packages:${PYTHONPATH} /usr/bin/python3 -W ignore:setup.py install is deprecated -W ignore:easy_install command is deprecated setup.py develop --editable --build-directory /home/pc/soomac_ws/build/dongsoo_control_pkg/build --no-deps symlink_data
[0.403s] running develop
[0.478s] running egg_info
[0.478s] writing dongsoo_control_pkg.egg-info/PKG-INFO
[0.478s] writing dependency_links to dongsoo_control_pkg.egg-info/dependency_links.txt
[0.478s] writing entry points to dongsoo_control_pkg.egg-info/entry_points.txt
[0.478s] writing requirements to dongsoo_control_pkg.egg-info/requires.txt
[0.478s] writing top-level names to dongsoo_control_pkg.egg-info/top_level.txt
[0.479s] reading manifest file 'dongsoo_control_pkg.egg-info/SOURCES.txt'
[0.479s] writing manifest file 'dongsoo_control_pkg.egg-info/SOURCES.txt'
[0.480s] running build_ext
[0.480s] Creating /home/pc/soomac_ws/install/dongsoo_control_pkg/lib/python3.10/site-packages/dongsoo-control-pkg.egg-link (link to .)
[0.480s] Installing client_node script to /home/pc/soomac_ws/install/dongsoo_control_pkg/lib/dongsoo_control_pkg
[0.480s] Installing command_centor_node script to /home/pc/soomac_ws/install/dongsoo_control_pkg/lib/dongsoo_control_pkg
[0.480s] Installing data_hub script to /home/pc/soomac_ws/install/dongsoo_control_pkg/lib/dongsoo_control_pkg
[0.480s] Installing gripper_node script to /home/pc/soomac_ws/install/dongsoo_control_pkg/lib/dongsoo_control_pkg
[0.480s] Installing led script to /home/pc/soomac_ws/install/dongsoo_control_pkg/lib/dongsoo_control_pkg
[0.480s] Installing monitoring_node script to /home/pc/soomac_ws/install/dongsoo_control_pkg/lib/dongsoo_control_pkg
[0.480s] Installing motor_connect script to /home/pc/soomac_ws/install/dongsoo_control_pkg/lib/dongsoo_control_pkg
[0.480s] Installing server_node script to /home/pc/soomac_ws/install/dongsoo_control_pkg/lib/dongsoo_control_pkg
[0.481s] 
[0.481s] Installed /home/pc/soomac_ws/build/dongsoo_control_pkg
[0.481s] running symlink_data
[0.493s] Invoked command in '/home/pc/soomac_ws/build/dongsoo_control_pkg' returned '0': PYTHONPATH=/home/pc/soomac_ws/build/dongsoo_control_pkg/prefix_override:/usr/lib/python3/dist-packages/colcon_core/task/python/colcon_distutils_commands:/home/pc/soomac_ws/install/dongsoo_control_pkg/lib/python3.10/site-packages:${PYTHONPATH} /usr/bin/python3 -W ignore:setup.py install is deprecated -W ignore:easy_install command is deprecated setup.py develop --editable --build-directory /home/pc/soomac_ws/build/dongsoo_control_pkg/build --no-deps symlink_data
